[3.183s] Invoking command in '/home/takuto/scout_ws/src/cost_cul': PYTHONPATH=/home/takuto/scout_ws/build/cost_cul/prefix_override:/usr/lib/python3/dist-packages/colcon_core/task/python/colcon_distutils_commands:/home/takuto/scout_ws/install/cost_cul/lib/python3.10/site-packages:${PYTHONPATH} /usr/bin/python3 -W ignore:setup.py install is deprecated -W ignore:easy_install command is deprecated setup.py egg_info --egg-base ../../build/cost_cul build --build-base /home/takuto/scout_ws/build/cost_cul/build install --record /home/takuto/scout_ws/build/cost_cul/install.log --single-version-externally-managed install_data
[3.731s] running egg_info
[3.732s] writing ../../build/cost_cul/cost_cul.egg-info/PKG-INFO
[3.732s] writing dependency_links to ../../build/cost_cul/cost_cul.egg-info/dependency_links.txt
[3.732s] writing entry points to ../../build/cost_cul/cost_cul.egg-info/entry_points.txt
[3.733s] writing requirements to ../../build/cost_cul/cost_cul.egg-info/requires.txt
[3.733s] writing top-level names to ../../build/cost_cul/cost_cul.egg-info/top_level.txt
[3.737s] reading manifest file '../../build/cost_cul/cost_cul.egg-info/SOURCES.txt'
[3.739s] writing manifest file '../../build/cost_cul/cost_cul.egg-info/SOURCES.txt'
[3.740s] running build
[3.740s] running build_py
[3.741s] running install
[3.742s] running install_lib
[3.746s] running install_data
[3.747s] running install_egg_info
[3.751s] removing '/home/takuto/scout_ws/install/cost_cul/lib/python3.10/site-packages/cost_cul-0.0.0-py3.10.egg-info' (and everything under it)
[3.751s] Copying ../../build/cost_cul/cost_cul.egg-info to /home/takuto/scout_ws/install/cost_cul/lib/python3.10/site-packages/cost_cul-0.0.0-py3.10.egg-info
[3.754s] running install_scripts
[3.796s] Installing cost_cul_node script to /home/takuto/scout_ws/install/cost_cul/lib/cost_cul
[3.797s] writing list of installed files to '/home/takuto/scout_ws/build/cost_cul/install.log'
[3.890s] Invoked command in '/home/takuto/scout_ws/src/cost_cul' returned '0': PYTHONPATH=/home/takuto/scout_ws/build/cost_cul/prefix_override:/usr/lib/python3/dist-packages/colcon_core/task/python/colcon_distutils_commands:/home/takuto/scout_ws/install/cost_cul/lib/python3.10/site-packages:${PYTHONPATH} /usr/bin/python3 -W ignore:setup.py install is deprecated -W ignore:easy_install command is deprecated setup.py egg_info --egg-base ../../build/cost_cul build --build-base /home/takuto/scout_ws/build/cost_cul/build install --record /home/takuto/scout_ws/build/cost_cul/install.log --single-version-externally-managed install_data
