[  3%] Built target hesai_ros_driver__cpp
[  3%] Built target log_lib
[ 10%] Built target hesai_ros_driver__rosidl_generator_c
[ 10%] Built target ament_cmake_python_symlink_hesai_ros_driver
[ 13%] Built target platutils_lib
[ 21%] Built target hesai_ros_driver__rosidl_typesupport_cpp
[ 36%] Built target hesai_ros_driver__rosidl_typesupport_fastrtps_cpp
[ 36%] Built target hesai_ros_driver__rosidl_typesupport_introspection_cpp
[ 44%] Built target hesai_ros_driver__rosidl_typesupport_c
[ 59%] Built target hesai_ros_driver__rosidl_typesupport_introspection_c
[ 59%] Built target hesai_ros_driver__rosidl_typesupport_fastrtps_c
[ 61%] Built target udpParser_lib
[ 67%] Built target source_lib
[ 76%] Built target ptcClient_lib
[ 76%] Built target hesai_ros_driver
[ 78%] Built target serialClient_lib
[ 79%] Built target hesai_ros_driver__py
[ 81%] Built target lidar_lib
[ 88%] Built target hesai_ros_driver__rosidl_generator_py
[ 90%] Built target hesai_sdk_lib
[ 96%] Built target hesai_ros_driver__rosidl_typesupport_c__pyext
[ 96%] Built target hesai_ros_driver__rosidl_typesupport_introspection_c__pyext
[ 96%] Built target hesai_ros_driver__rosidl_typesupport_fastrtps_c__pyext
[100%] Built target hesai_ros_driver_node
running egg_info
writing hesai_ros_driver.egg-info/PKG-INFO
writing dependency_links to hesai_ros_driver.egg-info/dependency_links.txt
writing top-level names to hesai_ros_driver.egg-info/top_level.txt
reading manifest file 'hesai_ros_driver.egg-info/SOURCES.txt'
writing manifest file 'hesai_ros_driver.egg-info/SOURCES.txt'
[100%] Built target ament_cmake_python_build_hesai_ros_driver_egg
