[1.880s] Invoking command in '/home/takuto/scout_ws/src/roughness_cul': PYTHONPATH=/home/takuto/scout_ws/build/roughness_cul/prefix_override:/usr/lib/python3/dist-packages/colcon_core/task/python/colcon_distutils_commands:/home/takuto/scout_ws/install/roughness_cul/lib/python3.10/site-packages:${PYTHONPATH} /usr/bin/python3 -W ignore:setup.py install is deprecated -W ignore:easy_install command is deprecated setup.py egg_info --egg-base ../../build/roughness_cul build --build-base /home/takuto/scout_ws/build/roughness_cul/build install --record /home/takuto/scout_ws/build/roughness_cul/install.log --single-version-externally-managed install_data
[2.234s] running egg_info
[2.236s] writing ../../build/roughness_cul/roughness_cul.egg-info/PKG-INFO
[2.236s] writing dependency_links to ../../build/roughness_cul/roughness_cul.egg-info/dependency_links.txt
[2.236s] writing entry points to ../../build/roughness_cul/roughness_cul.egg-info/entry_points.txt
[2.236s] writing requirements to ../../build/roughness_cul/roughness_cul.egg-info/requires.txt
[2.236s] writing top-level names to ../../build/roughness_cul/roughness_cul.egg-info/top_level.txt
[2.239s] reading manifest file '../../build/roughness_cul/roughness_cul.egg-info/SOURCES.txt'
[2.241s] writing manifest file '../../build/roughness_cul/roughness_cul.egg-info/SOURCES.txt'
[2.241s] running build
[2.241s] running build_py
[2.241s] copying roughness_cul/roughness_cul.py -> /home/takuto/scout_ws/build/roughness_cul/build/lib/roughness_cul
[2.242s] running install
[2.242s] running install_lib
[2.244s] copying /home/takuto/scout_ws/build/roughness_cul/build/lib/roughness_cul/roughness_cul.py -> /home/takuto/scout_ws/install/roughness_cul/lib/python3.10/site-packages/roughness_cul
[2.245s] byte-compiling /home/takuto/scout_ws/install/roughness_cul/lib/python3.10/site-packages/roughness_cul/roughness_cul.py to roughness_cul.cpython-310.pyc
[2.246s] running install_data
[2.246s] running install_egg_info
[2.249s] removing '/home/takuto/scout_ws/install/roughness_cul/lib/python3.10/site-packages/roughness_cul-0.0.0-py3.10.egg-info' (and everything under it)
[2.249s] Copying ../../build/roughness_cul/roughness_cul.egg-info to /home/takuto/scout_ws/install/roughness_cul/lib/python3.10/site-packages/roughness_cul-0.0.0-py3.10.egg-info
[2.251s] running install_scripts
[2.281s] Installing roughness_cul script to /home/takuto/scout_ws/install/roughness_cul/lib/roughness_cul
[2.282s] writing list of installed files to '/home/takuto/scout_ws/build/roughness_cul/install.log'
[2.326s] Invoked command in '/home/takuto/scout_ws/src/roughness_cul' returned '0': PYTHONPATH=/home/takuto/scout_ws/build/roughness_cul/prefix_override:/usr/lib/python3/dist-packages/colcon_core/task/python/colcon_distutils_commands:/home/takuto/scout_ws/install/roughness_cul/lib/python3.10/site-packages:${PYTHONPATH} /usr/bin/python3 -W ignore:setup.py install is deprecated -W ignore:easy_install command is deprecated setup.py egg_info --egg-base ../../build/roughness_cul build --build-base /home/takuto/scout_ws/build/roughness_cul/build install --record /home/takuto/scout_ws/build/roughness_cul/install.log --single-version-externally-managed install_data
