[0.242s] Invoking command in '/home/takuto/scout_ws/src/build/scout_gazebo': CMAKE_PREFIX_PATH=/home/takuto/mecanumrover_ws/install/vs_rover_options_description:/home/takuto/mecanumrover_ws/install/mecanumrover_gazebo:/home/takuto/mecanumrover_ws/install/mecanumrover3:/home/takuto/mecanumrover_ws/install/mecanumrover_description:/home/takuto/mecanumrover_ws/install/mecanumrover3_bringup:/home/takuto/uros_ws/install/micro_ros_setup:/home/takuto/uros_ws/install/micro_ros_agent:/home/takuto/uros_ws/install/micro_ros_msgs:/home/takuto/scout_ws/install/scout_gazebo:/home/takuto/turtlebot3_ws/install/turtlebot3:/home/takuto/turtlebot3_ws/install/turtlebot3_simulations:/home/takuto/turtlebot3_ws/install/turtlebot3_bringup:/home/takuto/turtlebot3_ws/install/turtlebot3_node:/home/takuto/turtlebot3_ws/install/turtlebot3_navigation2:/home/takuto/turtlebot3_ws/install/turtlebot3_gazebo:/home/takuto/turtlebot3_ws/install/turtlebot3_fake_node:/home/takuto/turtlebot3_ws/install/turtlebot3_description:/home/takuto/turtlebot3_ws/install/turtlebot3_cartographer:/home/takuto/scout_ws/install/cmd_vel_joy:/home/takuto/turtlebot3_ws/install/turtlebot3_teleop:/home/takuto/turtlebot3_ws/install/turtlebot3_example:/opt/ros/humble:/home/takuto/turtlebot3_ws/install/realsense_gazebo_plugin:/home/takuto/turtlebot3_ws/install/realsense2_description:/home/takuto/turtlebot3_ws/install/realsense2_camera:/home/takuto/turtlebot3_ws/install/realsense2_camera_msgs:/home/takuto/turtlebot3_ws/install/dynamixel_sdk_examples:/home/takuto/turtlebot3_ws/install/dynamixel_sdk_custom_interfaces:/home/takuto/turtlebot3_ws/install/dynamixel_sdk /usr/bin/cmake /home/takuto/scout_ws/src/scout_gazebo -DAMENT_CMAKE_SYMLINK_INSTALL=1 -DCMAKE_INSTALL_PREFIX=/home/takuto/scout_ws/src/install/scout_gazebo
[0.770s] -- The C compiler identification is GNU 11.4.0
[1.051s] -- The CXX compiler identification is GNU 11.4.0
[1.069s] -- Detecting C compiler ABI info
[1.166s] -- Detecting C compiler ABI info - done
[1.171s] -- Check for working C compiler: /usr/bin/cc - skipped
[1.172s] -- Detecting C compile features
[1.173s] -- Detecting C compile features - done
[1.177s] -- Detecting CXX compiler ABI info
[1.271s] -- Detecting CXX compiler ABI info - done
[1.277s] -- Check for working CXX compiler: /usr/bin/c++ - skipped
[1.278s] -- Detecting CXX compile features
[1.278s] -- Detecting CXX compile features - done
[1.296s] -- Found ament_cmake: 1.3.11 (/opt/ros/humble/share/ament_cmake/cmake)
[1.458s] -- Found Python3: /usr/bin/python3 (found version "3.10.12") found components: Interpreter 
[1.540s] -- Override CMake install command with custom implementation using symlinks instead of copying resources
[1.637s] -- Found ament_lint_auto: 0.12.12 (/opt/ros/humble/share/ament_lint_auto/cmake)
[1.797s] -- Added test 'flake8' to check Python code syntax and style conventions
[1.800s] -- Added test 'lint_cmake' to check CMake code style
[1.805s] -- Added test 'pep257' to check Python code against some of the docstring style conventions in PEP 257
[1.812s] -- Added test 'xmllint' to check XML markup files
[1.816s] -- Configuring done
[1.819s] -- Generating done
[1.820s] -- Build files have been written to: /home/takuto/scout_ws/src/build/scout_gazebo
[1.825s] Invoked command in '/home/takuto/scout_ws/src/build/scout_gazebo' returned '0': CMAKE_PREFIX_PATH=/home/takuto/mecanumrover_ws/install/vs_rover_options_description:/home/takuto/mecanumrover_ws/install/mecanumrover_gazebo:/home/takuto/mecanumrover_ws/install/mecanumrover3:/home/takuto/mecanumrover_ws/install/mecanumrover_description:/home/takuto/mecanumrover_ws/install/mecanumrover3_bringup:/home/takuto/uros_ws/install/micro_ros_setup:/home/takuto/uros_ws/install/micro_ros_agent:/home/takuto/uros_ws/install/micro_ros_msgs:/home/takuto/scout_ws/install/scout_gazebo:/home/takuto/turtlebot3_ws/install/turtlebot3:/home/takuto/turtlebot3_ws/install/turtlebot3_simulations:/home/takuto/turtlebot3_ws/install/turtlebot3_bringup:/home/takuto/turtlebot3_ws/install/turtlebot3_node:/home/takuto/turtlebot3_ws/install/turtlebot3_navigation2:/home/takuto/turtlebot3_ws/install/turtlebot3_gazebo:/home/takuto/turtlebot3_ws/install/turtlebot3_fake_node:/home/takuto/turtlebot3_ws/install/turtlebot3_description:/home/takuto/turtlebot3_ws/install/turtlebot3_cartographer:/home/takuto/scout_ws/install/cmd_vel_joy:/home/takuto/turtlebot3_ws/install/turtlebot3_teleop:/home/takuto/turtlebot3_ws/install/turtlebot3_example:/opt/ros/humble:/home/takuto/turtlebot3_ws/install/realsense_gazebo_plugin:/home/takuto/turtlebot3_ws/install/realsense2_description:/home/takuto/turtlebot3_ws/install/realsense2_camera:/home/takuto/turtlebot3_ws/install/realsense2_camera_msgs:/home/takuto/turtlebot3_ws/install/dynamixel_sdk_examples:/home/takuto/turtlebot3_ws/install/dynamixel_sdk_custom_interfaces:/home/takuto/turtlebot3_ws/install/dynamixel_sdk /usr/bin/cmake /home/takuto/scout_ws/src/scout_gazebo -DAMENT_CMAKE_SYMLINK_INSTALL=1 -DCMAKE_INSTALL_PREFIX=/home/takuto/scout_ws/src/install/scout_gazebo
[1.827s] Invoking command in '/home/takuto/scout_ws/src/build/scout_gazebo': CMAKE_PREFIX_PATH=/home/takuto/mecanumrover_ws/install/vs_rover_options_description:/home/takuto/mecanumrover_ws/install/mecanumrover_gazebo:/home/takuto/mecanumrover_ws/install/mecanumrover3:/home/takuto/mecanumrover_ws/install/mecanumrover_description:/home/takuto/mecanumrover_ws/install/mecanumrover3_bringup:/home/takuto/uros_ws/install/micro_ros_setup:/home/takuto/uros_ws/install/micro_ros_agent:/home/takuto/uros_ws/install/micro_ros_msgs:/home/takuto/scout_ws/install/scout_gazebo:/home/takuto/turtlebot3_ws/install/turtlebot3:/home/takuto/turtlebot3_ws/install/turtlebot3_simulations:/home/takuto/turtlebot3_ws/install/turtlebot3_bringup:/home/takuto/turtlebot3_ws/install/turtlebot3_node:/home/takuto/turtlebot3_ws/install/turtlebot3_navigation2:/home/takuto/turtlebot3_ws/install/turtlebot3_gazebo:/home/takuto/turtlebot3_ws/install/turtlebot3_fake_node:/home/takuto/turtlebot3_ws/install/turtlebot3_description:/home/takuto/turtlebot3_ws/install/turtlebot3_cartographer:/home/takuto/scout_ws/install/cmd_vel_joy:/home/takuto/turtlebot3_ws/install/turtlebot3_teleop:/home/takuto/turtlebot3_ws/install/turtlebot3_example:/opt/ros/humble:/home/takuto/turtlebot3_ws/install/realsense_gazebo_plugin:/home/takuto/turtlebot3_ws/install/realsense2_description:/home/takuto/turtlebot3_ws/install/realsense2_camera:/home/takuto/turtlebot3_ws/install/realsense2_camera_msgs:/home/takuto/turtlebot3_ws/install/dynamixel_sdk_examples:/home/takuto/turtlebot3_ws/install/dynamixel_sdk_custom_interfaces:/home/takuto/turtlebot3_ws/install/dynamixel_sdk /usr/bin/cmake --build /home/takuto/scout_ws/src/build/scout_gazebo -- -j16 -l16
[1.873s] Invoked command in '/home/takuto/scout_ws/src/build/scout_gazebo' returned '0': CMAKE_PREFIX_PATH=/home/takuto/mecanumrover_ws/install/vs_rover_options_description:/home/takuto/mecanumrover_ws/install/mecanumrover_gazebo:/home/takuto/mecanumrover_ws/install/mecanumrover3:/home/takuto/mecanumrover_ws/install/mecanumrover_description:/home/takuto/mecanumrover_ws/install/mecanumrover3_bringup:/home/takuto/uros_ws/install/micro_ros_setup:/home/takuto/uros_ws/install/micro_ros_agent:/home/takuto/uros_ws/install/micro_ros_msgs:/home/takuto/scout_ws/install/scout_gazebo:/home/takuto/turtlebot3_ws/install/turtlebot3:/home/takuto/turtlebot3_ws/install/turtlebot3_simulations:/home/takuto/turtlebot3_ws/install/turtlebot3_bringup:/home/takuto/turtlebot3_ws/install/turtlebot3_node:/home/takuto/turtlebot3_ws/install/turtlebot3_navigation2:/home/takuto/turtlebot3_ws/install/turtlebot3_gazebo:/home/takuto/turtlebot3_ws/install/turtlebot3_fake_node:/home/takuto/turtlebot3_ws/install/turtlebot3_description:/home/takuto/turtlebot3_ws/install/turtlebot3_cartographer:/home/takuto/scout_ws/install/cmd_vel_joy:/home/takuto/turtlebot3_ws/install/turtlebot3_teleop:/home/takuto/turtlebot3_ws/install/turtlebot3_example:/opt/ros/humble:/home/takuto/turtlebot3_ws/install/realsense_gazebo_plugin:/home/takuto/turtlebot3_ws/install/realsense2_description:/home/takuto/turtlebot3_ws/install/realsense2_camera:/home/takuto/turtlebot3_ws/install/realsense2_camera_msgs:/home/takuto/turtlebot3_ws/install/dynamixel_sdk_examples:/home/takuto/turtlebot3_ws/install/dynamixel_sdk_custom_interfaces:/home/takuto/turtlebot3_ws/install/dynamixel_sdk /usr/bin/cmake --build /home/takuto/scout_ws/src/build/scout_gazebo -- -j16 -l16
[1.884s] Invoking command in '/home/takuto/scout_ws/src/build/scout_gazebo': CMAKE_PREFIX_PATH=/home/takuto/mecanumrover_ws/install/vs_rover_options_description:/home/takuto/mecanumrover_ws/install/mecanumrover_gazebo:/home/takuto/mecanumrover_ws/install/mecanumrover3:/home/takuto/mecanumrover_ws/install/mecanumrover_description:/home/takuto/mecanumrover_ws/install/mecanumrover3_bringup:/home/takuto/uros_ws/install/micro_ros_setup:/home/takuto/uros_ws/install/micro_ros_agent:/home/takuto/uros_ws/install/micro_ros_msgs:/home/takuto/scout_ws/install/scout_gazebo:/home/takuto/turtlebot3_ws/install/turtlebot3:/home/takuto/turtlebot3_ws/install/turtlebot3_simulations:/home/takuto/turtlebot3_ws/install/turtlebot3_bringup:/home/takuto/turtlebot3_ws/install/turtlebot3_node:/home/takuto/turtlebot3_ws/install/turtlebot3_navigation2:/home/takuto/turtlebot3_ws/install/turtlebot3_gazebo:/home/takuto/turtlebot3_ws/install/turtlebot3_fake_node:/home/takuto/turtlebot3_ws/install/turtlebot3_description:/home/takuto/turtlebot3_ws/install/turtlebot3_cartographer:/home/takuto/scout_ws/install/cmd_vel_joy:/home/takuto/turtlebot3_ws/install/turtlebot3_teleop:/home/takuto/turtlebot3_ws/install/turtlebot3_example:/opt/ros/humble:/home/takuto/turtlebot3_ws/install/realsense_gazebo_plugin:/home/takuto/turtlebot3_ws/install/realsense2_description:/home/takuto/turtlebot3_ws/install/realsense2_camera:/home/takuto/turtlebot3_ws/install/realsense2_camera_msgs:/home/takuto/turtlebot3_ws/install/dynamixel_sdk_examples:/home/takuto/turtlebot3_ws/install/dynamixel_sdk_custom_interfaces:/home/takuto/turtlebot3_ws/install/dynamixel_sdk /usr/bin/cmake --install /home/takuto/scout_ws/src/build/scout_gazebo
[1.892s] -- Install configuration: ""
[1.892s] -- Execute custom install script
[1.893s] -- Symlinking: /home/takuto/scout_ws/src/install/scout_gazebo/share/scout_gazebo/meshes/1_Link.STL
[1.903s] -- Symlinking: /home/takuto/scout_ws/src/install/scout_gazebo/share/scout_gazebo/meshes/2_Link.STL
[1.912s] -- Symlinking: /home/takuto/scout_ws/src/install/scout_gazebo/share/scout_gazebo/meshes/3_Link.STL
[1.922s] -- Symlinking: /home/takuto/scout_ws/src/install/scout_gazebo/share/scout_gazebo/meshes/4_Link.STL
[1.931s] -- Symlinking: /home/takuto/scout_ws/src/install/scout_gazebo/share/scout_gazebo/meshes/base_link.dae
[1.939s] -- Symlinking: /home/takuto/scout_ws/src/install/scout_gazebo/share/scout_gazebo/meshes/base_link_full.dae
[1.948s] -- Symlinking: /home/takuto/scout_ws/src/install/scout_gazebo/share/scout_gazebo/meshes/box_link.STL
[1.957s] -- Symlinking: /home/takuto/scout_ws/src/install/scout_gazebo/share/scout_gazebo/meshes/scout_mini_base_link.STL
[1.966s] -- Symlinking: /home/takuto/scout_ws/src/install/scout_gazebo/share/scout_gazebo/meshes/scout_mini_base_link.dae
[1.975s] -- Symlinking: /home/takuto/scout_ws/src/install/scout_gazebo/share/scout_gazebo/meshes/scout_mini_base_link2.dae
[1.984s] -- Symlinking: /home/takuto/scout_ws/src/install/scout_gazebo/share/scout_gazebo/meshes/scout_mini_base_link2.stl
[1.994s] -- Symlinking: /home/takuto/scout_ws/src/install/scout_gazebo/share/scout_gazebo/meshes/wheel.dae
[2.004s] -- Symlinking: /home/takuto/scout_ws/src/install/scout_gazebo/share/scout_gazebo/meshes/wheel_type1.dae
[2.013s] -- Symlinking: /home/takuto/scout_ws/src/install/scout_gazebo/share/scout_gazebo/meshes/wheel_type2.dae
[2.022s] -- Symlinking: /home/takuto/scout_ws/src/install/scout_gazebo/share/scout_gazebo/urdf/scout.urdf
[2.032s] -- Symlinking: /home/takuto/scout_ws/src/install/scout_gazebo/share/scout_gazebo/launch/launch.py
[2.042s] -- Symlinking: /home/takuto/scout_ws/src/install/scout_gazebo/share/ament_index/resource_index/package_run_dependencies/scout_gazebo
[2.051s] -- Symlinking: /home/takuto/scout_ws/src/install/scout_gazebo/share/ament_index/resource_index/parent_prefix_path/scout_gazebo
[2.060s] -- Symlinking: /home/takuto/scout_ws/src/install/scout_gazebo/share/scout_gazebo/environment/ament_prefix_path.sh
[2.069s] -- Symlinking: /home/takuto/scout_ws/src/install/scout_gazebo/share/scout_gazebo/environment/ament_prefix_path.dsv
[2.078s] -- Symlinking: /home/takuto/scout_ws/src/install/scout_gazebo/share/scout_gazebo/environment/path.sh
[2.088s] -- Symlinking: /home/takuto/scout_ws/src/install/scout_gazebo/share/scout_gazebo/environment/path.dsv
[2.097s] -- Symlinking: /home/takuto/scout_ws/src/install/scout_gazebo/share/scout_gazebo/local_setup.bash
[2.108s] -- Symlinking: /home/takuto/scout_ws/src/install/scout_gazebo/share/scout_gazebo/local_setup.sh
[2.117s] -- Symlinking: /home/takuto/scout_ws/src/install/scout_gazebo/share/scout_gazebo/local_setup.zsh
[2.127s] -- Symlinking: /home/takuto/scout_ws/src/install/scout_gazebo/share/scout_gazebo/local_setup.dsv
[2.137s] -- Symlinking: /home/takuto/scout_ws/src/install/scout_gazebo/share/scout_gazebo/package.dsv
[2.146s] -- Symlinking: /home/takuto/scout_ws/src/install/scout_gazebo/share/ament_index/resource_index/packages/scout_gazebo
[2.156s] -- Symlinking: /home/takuto/scout_ws/src/install/scout_gazebo/share/scout_gazebo/cmake/scout_gazeboConfig.cmake
[2.165s] -- Symlinking: /home/takuto/scout_ws/src/install/scout_gazebo/share/scout_gazebo/cmake/scout_gazeboConfig-version.cmake
[2.174s] -- Symlinking: /home/takuto/scout_ws/src/install/scout_gazebo/share/scout_gazebo/package.xml
[2.186s] Invoked command in '/home/takuto/scout_ws/src/build/scout_gazebo' returned '0': CMAKE_PREFIX_PATH=/home/takuto/mecanumrover_ws/install/vs_rover_options_description:/home/takuto/mecanumrover_ws/install/mecanumrover_gazebo:/home/takuto/mecanumrover_ws/install/mecanumrover3:/home/takuto/mecanumrover_ws/install/mecanumrover_description:/home/takuto/mecanumrover_ws/install/mecanumrover3_bringup:/home/takuto/uros_ws/install/micro_ros_setup:/home/takuto/uros_ws/install/micro_ros_agent:/home/takuto/uros_ws/install/micro_ros_msgs:/home/takuto/scout_ws/install/scout_gazebo:/home/takuto/turtlebot3_ws/install/turtlebot3:/home/takuto/turtlebot3_ws/install/turtlebot3_simulations:/home/takuto/turtlebot3_ws/install/turtlebot3_bringup:/home/takuto/turtlebot3_ws/install/turtlebot3_node:/home/takuto/turtlebot3_ws/install/turtlebot3_navigation2:/home/takuto/turtlebot3_ws/install/turtlebot3_gazebo:/home/takuto/turtlebot3_ws/install/turtlebot3_fake_node:/home/takuto/turtlebot3_ws/install/turtlebot3_description:/home/takuto/turtlebot3_ws/install/turtlebot3_cartographer:/home/takuto/scout_ws/install/cmd_vel_joy:/home/takuto/turtlebot3_ws/install/turtlebot3_teleop:/home/takuto/turtlebot3_ws/install/turtlebot3_example:/opt/ros/humble:/home/takuto/turtlebot3_ws/install/realsense_gazebo_plugin:/home/takuto/turtlebot3_ws/install/realsense2_description:/home/takuto/turtlebot3_ws/install/realsense2_camera:/home/takuto/turtlebot3_ws/install/realsense2_camera_msgs:/home/takuto/turtlebot3_ws/install/dynamixel_sdk_examples:/home/takuto/turtlebot3_ws/install/dynamixel_sdk_custom_interfaces:/home/takuto/turtlebot3_ws/install/dynamixel_sdk /usr/bin/cmake --install /home/takuto/scout_ws/src/build/scout_gazebo
