[0.072s] DEBUG:colcon:Command line arguments: ['/usr/bin/colcon', 'build']
[0.072s] DEBUG:colcon:Parsed command line arguments: Namespace(log_base=None, log_level=None, verb_name='build', build_base='build', install_base='install', merge_install=False, symlink_install=False, test_result_base=None, continue_on_error=False, executor='parallel', parallel_workers=16, event_handlers=None, ignore_user_meta=False, metas=['./colcon.meta'], base_paths=['.'], packages_ignore=None, packages_ignore_regex=None, paths=None, packages_up_to=None, packages_up_to_regex=None, packages_above=None, packages_above_and_dependencies=None, packages_above_depth=None, packages_select_by_dep=None, packages_skip_by_dep=None, packages_skip_up_to=None, packages_select_build_failed=False, packages_skip_build_finished=False, packages_select_test_failures=False, packages_skip_test_passed=False, packages_select=None, packages_skip=None, packages_select_regex=None, packages_skip_regex=None, packages_start=None, packages_end=None, allow_overriding=[], ament_gradle_args=None, ament_gradle_task=None, cmake_args=None, cmake_target=None, cmake_target_skip_unavailable=False, cmake_clean_cache=False, cmake_clean_first=False, cmake_force_configure=False, gradle_args=None, gradle_task=None, ament_cmake_args=None, catkin_cmake_args=None, catkin_skip_building_tests=False, verb_parser=<colcon_defaults.argument_parser.defaults.DefaultArgumentsDecorator object at 0x7fe3e3aded10>, verb_extension=<colcon_core.verb.build.BuildVerb object at 0x7fe3e3ade3e0>, main=<bound method BuildVerb.main of <colcon_core.verb.build.BuildVerb object at 0x7fe3e3ade3e0>>)
[0.186s] Level 1:colcon.colcon_core.package_discovery:discover_packages(colcon_meta) check parameters
[0.186s] Level 1:colcon.colcon_core.package_discovery:discover_packages(recursive) check parameters
[0.186s] Level 1:colcon.colcon_core.package_discovery:discover_packages(ignore) check parameters
[0.186s] Level 1:colcon.colcon_core.package_discovery:discover_packages(path) check parameters
[0.186s] Level 1:colcon.colcon_core.package_discovery:discover_packages(colcon_meta) discover
[0.186s] Level 1:colcon.colcon_core.package_discovery:discover_packages(recursive) discover
[0.186s] INFO:colcon.colcon_core.package_discovery:Crawling recursively for packages in '/home/takuto/turtlebot3_ws/src/cmd_vel_joy'
[0.186s] Level 1:colcon.colcon_core.package_identification:_identify(.) by extensions ['ignore', 'ignore_ament_install']
[0.187s] Level 1:colcon.colcon_core.package_identification:_identify(.) by extension 'ignore'
[0.187s] Level 1:colcon.colcon_core.package_identification:_identify(.) by extension 'ignore_ament_install'
[0.187s] Level 1:colcon.colcon_core.package_identification:_identify(.) by extensions ['colcon_pkg']
[0.187s] Level 1:colcon.colcon_core.package_identification:_identify(.) by extension 'colcon_pkg'
[0.187s] Level 1:colcon.colcon_core.package_identification:_identify(.) by extensions ['colcon_meta']
[0.187s] Level 1:colcon.colcon_core.package_identification:_identify(.) by extension 'colcon_meta'
[0.187s] Level 1:colcon.colcon_core.package_identification:_identify(.) by extensions ['ament_gradle']
[0.187s] Level 1:colcon.colcon_core.package_identification:_identify(.) by extension 'ament_gradle'
[0.187s] Level 1:colcon.colcon_core.package_identification:_identify(.) by extensions ['ros']
[0.187s] Level 1:colcon.colcon_core.package_identification:_identify(.) by extension 'ros'
[0.195s] DEBUG:colcon.colcon_core.package_identification:Package '.' with type 'ros.ament_python' and name 'cmd_vel_joy'
[0.196s] Level 1:colcon.colcon_core.package_discovery:discover_packages(recursive) using defaults
[0.196s] Level 1:colcon.colcon_core.package_discovery:discover_packages(ignore) discover
[0.196s] Level 1:colcon.colcon_core.package_discovery:discover_packages(ignore) using defaults
[0.196s] Level 1:colcon.colcon_core.package_discovery:discover_packages(path) discover
[0.196s] Level 1:colcon.colcon_core.package_discovery:discover_packages(path) using defaults
[0.217s] Level 1:colcon.colcon_core.package_discovery:discover_packages(prefix_path) check parameters
[0.218s] Level 1:colcon.colcon_core.package_discovery:discover_packages(prefix_path) discover
[0.219s] DEBUG:colcon.colcon_installed_package_information.package_discovery:Found 1 installed packages in /home/takuto/turtlebot3_ws/src/cmd_vel_joy/install
[0.220s] DEBUG:colcon.colcon_installed_package_information.package_discovery:Found 18 installed packages in /home/takuto/turtlebot3_ws/install
[0.221s] DEBUG:colcon.colcon_installed_package_information.package_discovery:Found 404 installed packages in /opt/ros/humble
[0.222s] Level 1:colcon.colcon_core.package_discovery:discover_packages(prefix_path) using defaults
[0.256s] Level 5:colcon.colcon_core.verb:set package 'cmd_vel_joy' build argument 'ament_gradle_args' from command line to 'None'
[0.256s] Level 5:colcon.colcon_core.verb:set package 'cmd_vel_joy' build argument 'ament_gradle_task' from command line to 'None'
[0.256s] Level 5:colcon.colcon_core.verb:set package 'cmd_vel_joy' build argument 'cmake_args' from command line to 'None'
[0.256s] Level 5:colcon.colcon_core.verb:set package 'cmd_vel_joy' build argument 'cmake_target' from command line to 'None'
[0.256s] Level 5:colcon.colcon_core.verb:set package 'cmd_vel_joy' build argument 'cmake_target_skip_unavailable' from command line to 'False'
[0.256s] Level 5:colcon.colcon_core.verb:set package 'cmd_vel_joy' build argument 'cmake_clean_cache' from command line to 'False'
[0.256s] Level 5:colcon.colcon_core.verb:set package 'cmd_vel_joy' build argument 'cmake_clean_first' from command line to 'False'
[0.256s] Level 5:colcon.colcon_core.verb:set package 'cmd_vel_joy' build argument 'cmake_force_configure' from command line to 'False'
[0.256s] Level 5:colcon.colcon_core.verb:set package 'cmd_vel_joy' build argument 'gradle_args' from command line to 'None'
[0.256s] Level 5:colcon.colcon_core.verb:set package 'cmd_vel_joy' build argument 'gradle_task' from command line to 'None'
[0.257s] Level 5:colcon.colcon_core.verb:set package 'cmd_vel_joy' build argument 'ament_cmake_args' from command line to 'None'
[0.257s] Level 5:colcon.colcon_core.verb:set package 'cmd_vel_joy' build argument 'catkin_cmake_args' from command line to 'None'
[0.257s] Level 5:colcon.colcon_core.verb:set package 'cmd_vel_joy' build argument 'catkin_skip_building_tests' from command line to 'False'
[0.257s] DEBUG:colcon.colcon_core.verb:Building package 'cmd_vel_joy' with the following arguments: {'ament_cmake_args': None, 'ament_gradle_args': None, 'ament_gradle_task': None, 'build_base': '/home/takuto/turtlebot3_ws/src/cmd_vel_joy/build/cmd_vel_joy', 'catkin_cmake_args': None, 'catkin_skip_building_tests': False, 'cmake_args': None, 'cmake_clean_cache': False, 'cmake_clean_first': False, 'cmake_force_configure': False, 'cmake_target': None, 'cmake_target_skip_unavailable': False, 'gradle_args': None, 'gradle_task': None, 'install_base': '/home/takuto/turtlebot3_ws/src/cmd_vel_joy/install/cmd_vel_joy', 'merge_install': False, 'path': '/home/takuto/turtlebot3_ws/src/cmd_vel_joy', 'symlink_install': False, 'test_result_base': None}
[0.257s] INFO:colcon.colcon_core.executor:Executing jobs using 'parallel' executor
[0.257s] DEBUG:colcon.colcon_parallel_executor.executor.parallel:run_until_complete
[0.258s] INFO:colcon.colcon_ros.task.ament_python.build:Building ROS package in '/home/takuto/turtlebot3_ws/src/cmd_vel_joy' with build type 'ament_python'
[0.258s] Level 1:colcon.colcon_core.shell:create_environment_hook('cmd_vel_joy', 'ament_prefix_path')
[0.259s] INFO:colcon.colcon_core.plugin_system:Skipping extension 'colcon_core.shell.bat': Not used on non-Windows systems
[0.259s] INFO:colcon.colcon_core.shell:Creating environment hook '/home/takuto/turtlebot3_ws/src/cmd_vel_joy/install/cmd_vel_joy/share/cmd_vel_joy/hook/ament_prefix_path.ps1'
[0.260s] INFO:colcon.colcon_core.shell:Creating environment descriptor '/home/takuto/turtlebot3_ws/src/cmd_vel_joy/install/cmd_vel_joy/share/cmd_vel_joy/hook/ament_prefix_path.dsv'
[0.260s] INFO:colcon.colcon_core.shell:Creating environment hook '/home/takuto/turtlebot3_ws/src/cmd_vel_joy/install/cmd_vel_joy/share/cmd_vel_joy/hook/ament_prefix_path.sh'
[0.261s] INFO:colcon.colcon_core.shell:Skip shell extension 'powershell' for command environment: Not usable outside of PowerShell
[0.261s] DEBUG:colcon.colcon_core.shell:Skip shell extension 'dsv' for command environment
[0.438s] INFO:colcon.colcon_core.task.python.build:Building Python package in '/home/takuto/turtlebot3_ws/src/cmd_vel_joy'
[0.438s] INFO:colcon.colcon_core.shell:Skip shell extension 'powershell' for command environment: Not usable outside of PowerShell
[0.438s] DEBUG:colcon.colcon_core.shell:Skip shell extension 'dsv' for command environment
[1.121s] DEBUG:colcon.colcon_core.event_handler.log_command:Invoking command in '/home/takuto/turtlebot3_ws/src/cmd_vel_joy': PYTHONPATH=/home/takuto/turtlebot3_ws/src/cmd_vel_joy/build/cmd_vel_joy/prefix_override:/usr/lib/python3/dist-packages/colcon_core/task/python/colcon_distutils_commands:/home/takuto/turtlebot3_ws/src/cmd_vel_joy/install/cmd_vel_joy/lib/python3.10/site-packages:${PYTHONPATH} /usr/bin/python3 -W ignore:setup.py install is deprecated -W ignore:easy_install command is deprecated setup.py egg_info --egg-base build/cmd_vel_joy build --build-base /home/takuto/turtlebot3_ws/src/cmd_vel_joy/build/cmd_vel_joy/build install --record /home/takuto/turtlebot3_ws/src/cmd_vel_joy/build/cmd_vel_joy/install.log --single-version-externally-managed install_data
[1.335s] DEBUG:colcon.colcon_core.event_handler.log_command:Invoked command in '/home/takuto/turtlebot3_ws/src/cmd_vel_joy' returned '0': PYTHONPATH=/home/takuto/turtlebot3_ws/src/cmd_vel_joy/build/cmd_vel_joy/prefix_override:/usr/lib/python3/dist-packages/colcon_core/task/python/colcon_distutils_commands:/home/takuto/turtlebot3_ws/src/cmd_vel_joy/install/cmd_vel_joy/lib/python3.10/site-packages:${PYTHONPATH} /usr/bin/python3 -W ignore:setup.py install is deprecated -W ignore:easy_install command is deprecated setup.py egg_info --egg-base build/cmd_vel_joy build --build-base /home/takuto/turtlebot3_ws/src/cmd_vel_joy/build/cmd_vel_joy/build install --record /home/takuto/turtlebot3_ws/src/cmd_vel_joy/build/cmd_vel_joy/install.log --single-version-externally-managed install_data
[1.337s] Level 1:colcon.colcon_core.environment:checking '/home/takuto/turtlebot3_ws/src/cmd_vel_joy/install/cmd_vel_joy' for CMake module files
[1.337s] Level 1:colcon.colcon_core.environment:checking '/home/takuto/turtlebot3_ws/src/cmd_vel_joy/install/cmd_vel_joy' for CMake config files
[1.338s] Level 1:colcon.colcon_core.environment:checking '/home/takuto/turtlebot3_ws/src/cmd_vel_joy/install/cmd_vel_joy/lib'
[1.339s] Level 1:colcon.colcon_core.environment:checking '/home/takuto/turtlebot3_ws/src/cmd_vel_joy/install/cmd_vel_joy/bin'
[1.339s] Level 1:colcon.colcon_core.environment:checking '/home/takuto/turtlebot3_ws/src/cmd_vel_joy/install/cmd_vel_joy/lib/pkgconfig/cmd_vel_joy.pc'
[1.339s] Level 1:colcon.colcon_core.environment:checking '/home/takuto/turtlebot3_ws/src/cmd_vel_joy/install/cmd_vel_joy/lib/python3.10/site-packages'
[1.339s] Level 1:colcon.colcon_core.shell:create_environment_hook('cmd_vel_joy', 'pythonpath')
[1.339s] INFO:colcon.colcon_core.shell:Creating environment hook '/home/takuto/turtlebot3_ws/src/cmd_vel_joy/install/cmd_vel_joy/share/cmd_vel_joy/hook/pythonpath.ps1'
[1.340s] INFO:colcon.colcon_core.shell:Creating environment descriptor '/home/takuto/turtlebot3_ws/src/cmd_vel_joy/install/cmd_vel_joy/share/cmd_vel_joy/hook/pythonpath.dsv'
[1.341s] INFO:colcon.colcon_core.shell:Creating environment hook '/home/takuto/turtlebot3_ws/src/cmd_vel_joy/install/cmd_vel_joy/share/cmd_vel_joy/hook/pythonpath.sh'
[1.341s] Level 1:colcon.colcon_core.environment:checking '/home/takuto/turtlebot3_ws/src/cmd_vel_joy/install/cmd_vel_joy/bin'
[1.341s] Level 1:colcon.colcon_core.environment:create_environment_scripts_only(cmd_vel_joy)
[1.341s] INFO:colcon.colcon_core.shell:Creating package script '/home/takuto/turtlebot3_ws/src/cmd_vel_joy/install/cmd_vel_joy/share/cmd_vel_joy/package.ps1'
[1.342s] INFO:colcon.colcon_core.shell:Creating package descriptor '/home/takuto/turtlebot3_ws/src/cmd_vel_joy/install/cmd_vel_joy/share/cmd_vel_joy/package.dsv'
[1.342s] INFO:colcon.colcon_core.shell:Creating package script '/home/takuto/turtlebot3_ws/src/cmd_vel_joy/install/cmd_vel_joy/share/cmd_vel_joy/package.sh'
[1.344s] INFO:colcon.colcon_core.shell:Creating package script '/home/takuto/turtlebot3_ws/src/cmd_vel_joy/install/cmd_vel_joy/share/cmd_vel_joy/package.bash'
[1.344s] INFO:colcon.colcon_core.shell:Creating package script '/home/takuto/turtlebot3_ws/src/cmd_vel_joy/install/cmd_vel_joy/share/cmd_vel_joy/package.zsh'
[1.345s] Level 1:colcon.colcon_core.environment:create_file_with_runtime_dependencies(/home/takuto/turtlebot3_ws/src/cmd_vel_joy/install/cmd_vel_joy/share/colcon-core/packages/cmd_vel_joy)
[1.345s] DEBUG:colcon.colcon_parallel_executor.executor.parallel:closing loop
[1.345s] DEBUG:colcon.colcon_parallel_executor.executor.parallel:loop closed
[1.345s] DEBUG:colcon.colcon_parallel_executor.executor.parallel:run_until_complete finished with '0'
[1.345s] DEBUG:colcon.colcon_core.event_reactor:joining thread
[1.350s] INFO:colcon.colcon_core.plugin_system:Skipping extension 'colcon_notification.desktop_notification.terminal_notifier': Not used on non-Darwin systems
[1.350s] INFO:colcon.colcon_core.plugin_system:Skipping extension 'colcon_notification.desktop_notification.win32': Not used on non-Windows systems
[1.350s] INFO:colcon.colcon_notification.desktop_notification:Sending desktop notification using 'notify2'
[1.362s] DEBUG:colcon.colcon_core.event_reactor:joined thread
[1.363s] INFO:colcon.colcon_core.shell:Creating prefix script '/home/takuto/turtlebot3_ws/src/cmd_vel_joy/install/local_setup.ps1'
[1.364s] INFO:colcon.colcon_core.shell:Creating prefix util module '/home/takuto/turtlebot3_ws/src/cmd_vel_joy/install/_local_setup_util_ps1.py'
[1.365s] INFO:colcon.colcon_core.shell:Creating prefix chain script '/home/takuto/turtlebot3_ws/src/cmd_vel_joy/install/setup.ps1'
[1.367s] INFO:colcon.colcon_core.shell:Creating prefix script '/home/takuto/turtlebot3_ws/src/cmd_vel_joy/install/local_setup.sh'
[1.368s] INFO:colcon.colcon_core.shell:Creating prefix util module '/home/takuto/turtlebot3_ws/src/cmd_vel_joy/install/_local_setup_util_sh.py'
[1.369s] INFO:colcon.colcon_core.shell:Creating prefix chain script '/home/takuto/turtlebot3_ws/src/cmd_vel_joy/install/setup.sh'
[1.371s] INFO:colcon.colcon_core.shell:Creating prefix script '/home/takuto/turtlebot3_ws/src/cmd_vel_joy/install/local_setup.bash'
[1.372s] INFO:colcon.colcon_core.shell:Creating prefix chain script '/home/takuto/turtlebot3_ws/src/cmd_vel_joy/install/setup.bash'
[1.373s] INFO:colcon.colcon_core.shell:Creating prefix script '/home/takuto/turtlebot3_ws/src/cmd_vel_joy/install/local_setup.zsh'
[1.373s] INFO:colcon.colcon_core.shell:Creating prefix chain script '/home/takuto/turtlebot3_ws/src/cmd_vel_joy/install/setup.zsh'
