-- Found ament_cmake_auto: 1.3.11 (/opt/ros/humble/share/ament_cmake_auto/cmake)
-- Found rosidl_generator_c: 3.1.6 (/opt/ros/humble/share/rosidl_generator_c/cmake)
-- Found rosidl_adapter: 3.1.6 (/opt/ros/humble/share/rosidl_adapter/cmake)
-- Found rosidl_generator_cpp: 3.1.6 (/opt/ros/humble/share/rosidl_generator_cpp/cmake)
-- Using all available rosidl_typesupport_c: rosidl_typesupport_fastrtps_c;rosidl_typesupport_introspection_c
-- Using all available rosidl_typesupport_cpp: rosidl_typesupport_fastrtps_cpp;rosidl_typesupport_introspection_cpp
-- Found rmw_implementation_cmake: 6.1.2 (/opt/ros/humble/share/rmw_implementation_cmake/cmake)
-- Found rmw_fastrtps_cpp: 6.2.7 (/opt/ros/humble/share/rmw_fastrtps_cpp/cmake)
-- Using RMW implementation 'rmw_fastrtps_cpp' as default
-- Configuring done
-- Generating done
-- Build files have been written to: /home/takuto/scout_ws/src/roughness_cul/build/roughness_cul
[ 60%] [32mBuilding CXX object CMakeFiles/roughness_cul.dir/include/robot_node/robot.cpp.o[0m
[ 60%] [32mBuilding CXX object CMakeFiles/roughness_cul_subscriber.dir/rclcpp_components/node_main_roughness_cul_subscriber.cpp.o[0m
[ 60%] [32mBuilding CXX object CMakeFiles/roughness_cul.dir/src/roughness_cul_Node/roughness_cul.cpp.o[0m
[01m[K/home/takuto/scout_ws/src/roughness_cul/src/roughness_cul_Node/roughness_cul.cpp:1:10:[m[K [01;31m[Kfatal error: [m[Kroughness_cul.h: そのようなファイルやディレクトリはありません
    1 | #include [01;31m[K"roughness_cul.h"[m[K
      |          [01;31m[K^~~~~~~~~~~~~~~~~[m[K
compilation terminated.
[01m[K/home/takuto/scout_ws/src/roughness_cul/include/robot_node/robot.cpp:1:10:[m[K [01;31m[Kfatal error: [m[Krobot.h: そのようなファイルやディレクトリはありません
    1 | #include [01;31m[K"robot.h"[m[K
      |          [01;31m[K^~~~~~~~~[m[K
compilation terminated.
gmake[2]: *** [CMakeFiles/roughness_cul.dir/build.make:90: CMakeFiles/roughness_cul.dir/include/robot_node/robot.cpp.o] エラー 1
gmake[2]: *** 未完了のジョブを待っています....
gmake[2]: *** [CMakeFiles/roughness_cul.dir/build.make:76: CMakeFiles/roughness_cul.dir/src/roughness_cul_Node/roughness_cul.cpp.o] エラー 1
gmake[1]: *** [CMakeFiles/Makefile2:139: CMakeFiles/roughness_cul.dir/all] エラー 2
gmake[1]: *** 未完了のジョブを待っています....
[ 80%] [32m[1mLinking CXX executable roughness_cul_subscriber[0m
[ 80%] Built target roughness_cul_subscriber
gmake: *** [Makefile:146: all] エラー 2
