[0.665s] Invoking command in '/home/takuto/scout_ws/build/hesai_ros_driver': CMAKE_PREFIX_PATH=${CMAKE_PREFIX_PATH}:/home/takuto/scout_ws/install/cost_cul:/home/takuto/scout_ws/install/cmd_vel_joy:/opt/ros/humble /usr/bin/cmake --build /home/takuto/scout_ws/build/hesai_ros_driver -- -j16 -l16
[0.768s] [  3%] Built target hesai_ros_driver__cpp
[0.768s] [  8%] Built target hesai_ros_driver__rosidl_generator_c
[0.769s] [ 10%] Built target log_lib
[0.787s] [ 10%] Built target ament_cmake_python_symlink_hesai_ros_driver
[0.825s] [ 37%] Built target hesai_ros_driver__rosidl_typesupport_introspection_c
[0.826s] [ 40%] Built target hesai_ros_driver__rosidl_typesupport_c
[0.826s] [ 40%] Built target hesai_ros_driver__rosidl_typesupport_cpp
[0.826s] [ 40%] Built target hesai_ros_driver__rosidl_typesupport_fastrtps_cpp
[0.829s] [ 48%] Built target hesai_ros_driver__rosidl_typesupport_introspection_cpp
[0.830s] [ 51%] Built target platutils_lib
[0.831s] [ 59%] Built target hesai_ros_driver__rosidl_typesupport_fastrtps_c
[0.875s] [ 65%] Built target source_lib
[0.875s] [ 67%] Built target udpParser_lib
[0.878s] [ 76%] Built target ptcClient_lib
[0.912s] [ 76%] Built target hesai_ros_driver
[0.919s] [ 78%] Built target serialClient_lib
[0.956s] [ 79%] Built target hesai_ros_driver__py
[0.963s] [ 81%] Built target lidar_lib
[0.998s] [ 88%] Built target hesai_ros_driver__rosidl_generator_py
[1.004s] [ 90%] Built target hesai_sdk_lib
[1.038s] [ 92%] Built target hesai_ros_driver__rosidl_typesupport_c__pyext
[1.039s] [ 96%] Built target hesai_ros_driver__rosidl_typesupport_introspection_c__pyext
[1.039s] [ 96%] Built target hesai_ros_driver__rosidl_typesupport_fastrtps_c__pyext
[1.075s] [100%] Built target hesai_ros_driver_node
[1.244s] running egg_info
[1.245s] writing hesai_ros_driver.egg-info/PKG-INFO
[1.246s] writing dependency_links to hesai_ros_driver.egg-info/dependency_links.txt
[1.246s] writing top-level names to hesai_ros_driver.egg-info/top_level.txt
[1.251s] reading manifest file 'hesai_ros_driver.egg-info/SOURCES.txt'
[1.252s] writing manifest file 'hesai_ros_driver.egg-info/SOURCES.txt'
[1.312s] [100%] Built target ament_cmake_python_build_hesai_ros_driver_egg
[1.334s] Invoked command in '/home/takuto/scout_ws/build/hesai_ros_driver' returned '0': CMAKE_PREFIX_PATH=${CMAKE_PREFIX_PATH}:/home/takuto/scout_ws/install/cost_cul:/home/takuto/scout_ws/install/cmd_vel_joy:/opt/ros/humble /usr/bin/cmake --build /home/takuto/scout_ws/build/hesai_ros_driver -- -j16 -l16
[1.337s] Invoking command in '/home/takuto/scout_ws/build/hesai_ros_driver': CMAKE_PREFIX_PATH=${CMAKE_PREFIX_PATH}:/home/takuto/scout_ws/install/cost_cul:/home/takuto/scout_ws/install/cmd_vel_joy:/opt/ros/humble /usr/bin/cmake --install /home/takuto/scout_ws/build/hesai_ros_driver
[1.349s] -- Install configuration: "Release"
[1.350s] -- Execute custom install script
[1.350s] -- Up-to-date symlink: /home/takuto/scout_ws/install/hesai_ros_driver/share/ament_index/resource_index/rosidl_interfaces/hesai_ros_driver
[1.351s] -- Up-to-date symlink: /home/takuto/scout_ws/install/hesai_ros_driver/include/hesai_ros_driver/hesai_ros_driver/msg/detail/firetime__functions.h
[1.351s] -- Up-to-date symlink: /home/takuto/scout_ws/install/hesai_ros_driver/include/hesai_ros_driver/hesai_ros_driver/msg/detail/firetime__struct.h
[1.352s] -- Up-to-date symlink: /home/takuto/scout_ws/install/hesai_ros_driver/include/hesai_ros_driver/hesai_ros_driver/msg/detail/firetime__type_support.h
[1.352s] -- Up-to-date symlink: /home/takuto/scout_ws/install/hesai_ros_driver/include/hesai_ros_driver/hesai_ros_driver/msg/detail/loss_packet__functions.h
[1.352s] -- Up-to-date symlink: /home/takuto/scout_ws/install/hesai_ros_driver/include/hesai_ros_driver/hesai_ros_driver/msg/detail/loss_packet__struct.h
[1.352s] -- Up-to-date symlink: /home/takuto/scout_ws/install/hesai_ros_driver/include/hesai_ros_driver/hesai_ros_driver/msg/detail/loss_packet__type_support.h
[1.353s] -- Up-to-date symlink: /home/takuto/scout_ws/install/hesai_ros_driver/include/hesai_ros_driver/hesai_ros_driver/msg/detail/ptp__functions.h
[1.353s] -- Up-to-date symlink: /home/takuto/scout_ws/install/hesai_ros_driver/include/hesai_ros_driver/hesai_ros_driver/msg/detail/ptp__struct.h
[1.353s] -- Up-to-date symlink: /home/takuto/scout_ws/install/hesai_ros_driver/include/hesai_ros_driver/hesai_ros_driver/msg/detail/ptp__type_support.h
[1.354s] -- Up-to-date symlink: /home/takuto/scout_ws/install/hesai_ros_driver/include/hesai_ros_driver/hesai_ros_driver/msg/detail/udp_frame__functions.h
[1.354s] -- Up-to-date symlink: /home/takuto/scout_ws/install/hesai_ros_driver/include/hesai_ros_driver/hesai_ros_driver/msg/detail/udp_frame__struct.h
[1.354s] -- Up-to-date symlink: /home/takuto/scout_ws/install/hesai_ros_driver/include/hesai_ros_driver/hesai_ros_driver/msg/detail/udp_frame__type_support.h
[1.354s] -- Up-to-date symlink: /home/takuto/scout_ws/install/hesai_ros_driver/include/hesai_ros_driver/hesai_ros_driver/msg/detail/udp_packet__functions.h
[1.355s] -- Up-to-date symlink: /home/takuto/scout_ws/install/hesai_ros_driver/include/hesai_ros_driver/hesai_ros_driver/msg/detail/udp_packet__struct.h
[1.355s] -- Up-to-date symlink: /home/takuto/scout_ws/install/hesai_ros_driver/include/hesai_ros_driver/hesai_ros_driver/msg/detail/udp_packet__type_support.h
[1.355s] -- Up-to-date symlink: /home/takuto/scout_ws/install/hesai_ros_driver/include/hesai_ros_driver/hesai_ros_driver/msg/firetime.h
[1.355s] -- Up-to-date symlink: /home/takuto/scout_ws/install/hesai_ros_driver/include/hesai_ros_driver/hesai_ros_driver/msg/loss_packet.h
[1.355s] -- Up-to-date symlink: /home/takuto/scout_ws/install/hesai_ros_driver/include/hesai_ros_driver/hesai_ros_driver/msg/ptp.h
[1.355s] -- Up-to-date symlink: /home/takuto/scout_ws/install/hesai_ros_driver/include/hesai_ros_driver/hesai_ros_driver/msg/rosidl_generator_c__visibility_control.h
[1.355s] -- Up-to-date symlink: /home/takuto/scout_ws/install/hesai_ros_driver/include/hesai_ros_driver/hesai_ros_driver/msg/udp_frame.h
[1.356s] -- Up-to-date symlink: /home/takuto/scout_ws/install/hesai_ros_driver/include/hesai_ros_driver/hesai_ros_driver/msg/udp_packet.h
[1.356s] -- Up-to-date symlink: /home/takuto/scout_ws/install/hesai_ros_driver/share/hesai_ros_driver/environment/library_path.sh
[1.356s] -- Up-to-date symlink: /home/takuto/scout_ws/install/hesai_ros_driver/share/hesai_ros_driver/environment/library_path.dsv
[1.356s] -- Up-to-date symlink: /home/takuto/scout_ws/install/hesai_ros_driver/include/hesai_ros_driver/hesai_ros_driver/msg/detail/firetime__rosidl_typesupport_fastrtps_c.h
[1.356s] -- Up-to-date symlink: /home/takuto/scout_ws/install/hesai_ros_driver/include/hesai_ros_driver/hesai_ros_driver/msg/detail/loss_packet__rosidl_typesupport_fastrtps_c.h
[1.357s] -- Up-to-date symlink: /home/takuto/scout_ws/install/hesai_ros_driver/include/hesai_ros_driver/hesai_ros_driver/msg/detail/ptp__rosidl_typesupport_fastrtps_c.h
[1.357s] -- Up-to-date symlink: /home/takuto/scout_ws/install/hesai_ros_driver/include/hesai_ros_driver/hesai_ros_driver/msg/detail/udp_frame__rosidl_typesupport_fastrtps_c.h
[1.357s] -- Up-to-date symlink: /home/takuto/scout_ws/install/hesai_ros_driver/include/hesai_ros_driver/hesai_ros_driver/msg/detail/udp_packet__rosidl_typesupport_fastrtps_c.h
[1.357s] -- Up-to-date symlink: /home/takuto/scout_ws/install/hesai_ros_driver/include/hesai_ros_driver/hesai_ros_driver/msg/rosidl_typesupport_fastrtps_c__visibility_control.h
[1.358s] -- Up-to-date symlink: /home/takuto/scout_ws/install/hesai_ros_driver/include/hesai_ros_driver/hesai_ros_driver/msg/detail/firetime__builder.hpp
[1.358s] -- Up-to-date symlink: /home/takuto/scout_ws/install/hesai_ros_driver/include/hesai_ros_driver/hesai_ros_driver/msg/detail/firetime__struct.hpp
[1.358s] -- Up-to-date symlink: /home/takuto/scout_ws/install/hesai_ros_driver/include/hesai_ros_driver/hesai_ros_driver/msg/detail/firetime__traits.hpp
[1.359s] -- Up-to-date symlink: /home/takuto/scout_ws/install/hesai_ros_driver/include/hesai_ros_driver/hesai_ros_driver/msg/detail/firetime__type_support.hpp
[1.359s] -- Up-to-date symlink: /home/takuto/scout_ws/install/hesai_ros_driver/include/hesai_ros_driver/hesai_ros_driver/msg/detail/loss_packet__builder.hpp
[1.359s] -- Up-to-date symlink: /home/takuto/scout_ws/install/hesai_ros_driver/include/hesai_ros_driver/hesai_ros_driver/msg/detail/loss_packet__struct.hpp
[1.359s] -- Up-to-date symlink: /home/takuto/scout_ws/install/hesai_ros_driver/include/hesai_ros_driver/hesai_ros_driver/msg/detail/loss_packet__traits.hpp
[1.359s] -- Up-to-date symlink: /home/takuto/scout_ws/install/hesai_ros_driver/include/hesai_ros_driver/hesai_ros_driver/msg/detail/loss_packet__type_support.hpp
[1.359s] -- Up-to-date symlink: /home/takuto/scout_ws/install/hesai_ros_driver/include/hesai_ros_driver/hesai_ros_driver/msg/detail/ptp__builder.hpp
[1.360s] -- Up-to-date symlink: /home/takuto/scout_ws/install/hesai_ros_driver/include/hesai_ros_driver/hesai_ros_driver/msg/detail/ptp__struct.hpp
[1.360s] -- Up-to-date symlink: /home/takuto/scout_ws/install/hesai_ros_driver/include/hesai_ros_driver/hesai_ros_driver/msg/detail/ptp__traits.hpp
[1.360s] -- Up-to-date symlink: /home/takuto/scout_ws/install/hesai_ros_driver/include/hesai_ros_driver/hesai_ros_driver/msg/detail/ptp__type_support.hpp
[1.360s] -- Up-to-date symlink: /home/takuto/scout_ws/install/hesai_ros_driver/include/hesai_ros_driver/hesai_ros_driver/msg/detail/udp_frame__builder.hpp
[1.361s] -- Up-to-date symlink: /home/takuto/scout_ws/install/hesai_ros_driver/include/hesai_ros_driver/hesai_ros_driver/msg/detail/udp_frame__struct.hpp
[1.361s] -- Up-to-date symlink: /home/takuto/scout_ws/install/hesai_ros_driver/include/hesai_ros_driver/hesai_ros_driver/msg/detail/udp_frame__traits.hpp
[1.361s] -- Up-to-date symlink: /home/takuto/scout_ws/install/hesai_ros_driver/include/hesai_ros_driver/hesai_ros_driver/msg/detail/udp_frame__type_support.hpp
[1.362s] -- Up-to-date symlink: /home/takuto/scout_ws/install/hesai_ros_driver/include/hesai_ros_driver/hesai_ros_driver/msg/detail/udp_packet__builder.hpp
[1.362s] -- Up-to-date symlink: /home/takuto/scout_ws/install/hesai_ros_driver/include/hesai_ros_driver/hesai_ros_driver/msg/detail/udp_packet__struct.hpp
[1.362s] -- Up-to-date symlink: /home/takuto/scout_ws/install/hesai_ros_driver/include/hesai_ros_driver/hesai_ros_driver/msg/detail/udp_packet__traits.hpp
[1.363s] -- Up-to-date symlink: /home/takuto/scout_ws/install/hesai_ros_driver/include/hesai_ros_driver/hesai_ros_driver/msg/detail/udp_packet__type_support.hpp
[1.363s] -- Up-to-date symlink: /home/takuto/scout_ws/install/hesai_ros_driver/include/hesai_ros_driver/hesai_ros_driver/msg/firetime.hpp
[1.363s] -- Up-to-date symlink: /home/takuto/scout_ws/install/hesai_ros_driver/include/hesai_ros_driver/hesai_ros_driver/msg/loss_packet.hpp
[1.363s] -- Up-to-date symlink: /home/takuto/scout_ws/install/hesai_ros_driver/include/hesai_ros_driver/hesai_ros_driver/msg/ptp.hpp
[1.364s] -- Up-to-date symlink: /home/takuto/scout_ws/install/hesai_ros_driver/include/hesai_ros_driver/hesai_ros_driver/msg/rosidl_generator_cpp__visibility_control.hpp
[1.364s] -- Up-to-date symlink: /home/takuto/scout_ws/install/hesai_ros_driver/include/hesai_ros_driver/hesai_ros_driver/msg/udp_frame.hpp
[1.364s] -- Up-to-date symlink: /home/takuto/scout_ws/install/hesai_ros_driver/include/hesai_ros_driver/hesai_ros_driver/msg/udp_packet.hpp
[1.365s] -- Up-to-date symlink: /home/takuto/scout_ws/install/hesai_ros_driver/include/hesai_ros_driver/hesai_ros_driver/msg/detail/firetime__rosidl_typesupport_fastrtps_cpp.hpp
[1.365s] -- Up-to-date symlink: /home/takuto/scout_ws/install/hesai_ros_driver/include/hesai_ros_driver/hesai_ros_driver/msg/detail/loss_packet__rosidl_typesupport_fastrtps_cpp.hpp
[1.366s] -- Up-to-date symlink: /home/takuto/scout_ws/install/hesai_ros_driver/include/hesai_ros_driver/hesai_ros_driver/msg/detail/ptp__rosidl_typesupport_fastrtps_cpp.hpp
[1.366s] -- Up-to-date symlink: /home/takuto/scout_ws/install/hesai_ros_driver/include/hesai_ros_driver/hesai_ros_driver/msg/detail/udp_frame__rosidl_typesupport_fastrtps_cpp.hpp
[1.366s] -- Up-to-date symlink: /home/takuto/scout_ws/install/hesai_ros_driver/include/hesai_ros_driver/hesai_ros_driver/msg/detail/udp_packet__rosidl_typesupport_fastrtps_cpp.hpp
[1.366s] -- Up-to-date symlink: /home/takuto/scout_ws/install/hesai_ros_driver/include/hesai_ros_driver/hesai_ros_driver/msg/rosidl_typesupport_fastrtps_cpp__visibility_control.h
[1.367s] -- Up-to-date symlink: /home/takuto/scout_ws/install/hesai_ros_driver/include/hesai_ros_driver/hesai_ros_driver/msg/detail/firetime__rosidl_typesupport_introspection_c.h
[1.367s] -- Up-to-date symlink: /home/takuto/scout_ws/install/hesai_ros_driver/include/hesai_ros_driver/hesai_ros_driver/msg/detail/loss_packet__rosidl_typesupport_introspection_c.h
[1.367s] -- Up-to-date symlink: /home/takuto/scout_ws/install/hesai_ros_driver/include/hesai_ros_driver/hesai_ros_driver/msg/detail/ptp__rosidl_typesupport_introspection_c.h
[1.367s] -- Up-to-date symlink: /home/takuto/scout_ws/install/hesai_ros_driver/include/hesai_ros_driver/hesai_ros_driver/msg/detail/udp_frame__rosidl_typesupport_introspection_c.h
[1.368s] -- Up-to-date symlink: /home/takuto/scout_ws/install/hesai_ros_driver/include/hesai_ros_driver/hesai_ros_driver/msg/detail/udp_packet__rosidl_typesupport_introspection_c.h
[1.368s] -- Up-to-date symlink: /home/takuto/scout_ws/install/hesai_ros_driver/include/hesai_ros_driver/hesai_ros_driver/msg/rosidl_typesupport_introspection_c__visibility_control.h
[1.368s] -- Up-to-date symlink: /home/takuto/scout_ws/install/hesai_ros_driver/include/hesai_ros_driver/hesai_ros_driver/msg/detail/firetime__rosidl_typesupport_introspection_cpp.hpp
[1.368s] -- Up-to-date symlink: /home/takuto/scout_ws/install/hesai_ros_driver/include/hesai_ros_driver/hesai_ros_driver/msg/detail/loss_packet__rosidl_typesupport_introspection_cpp.hpp
[1.369s] -- Up-to-date symlink: /home/takuto/scout_ws/install/hesai_ros_driver/include/hesai_ros_driver/hesai_ros_driver/msg/detail/ptp__rosidl_typesupport_introspection_cpp.hpp
[1.369s] -- Up-to-date symlink: /home/takuto/scout_ws/install/hesai_ros_driver/include/hesai_ros_driver/hesai_ros_driver/msg/detail/udp_frame__rosidl_typesupport_introspection_cpp.hpp
[1.369s] -- Up-to-date symlink: /home/takuto/scout_ws/install/hesai_ros_driver/include/hesai_ros_driver/hesai_ros_driver/msg/detail/udp_packet__rosidl_typesupport_introspection_cpp.hpp
[1.369s] -- Up-to-date symlink: /home/takuto/scout_ws/install/hesai_ros_driver/share/hesai_ros_driver/environment/pythonpath.sh
[1.369s] -- Up-to-date symlink: /home/takuto/scout_ws/install/hesai_ros_driver/share/hesai_ros_driver/environment/pythonpath.dsv
[1.370s] -- Up-to-date symlink: /home/takuto/scout_ws/install/hesai_ros_driver/local/lib/python3.10/dist-packages/hesai_ros_driver-1.5.0-py3.10.egg-info/PKG-INFO
[1.370s] -- Up-to-date symlink: /home/takuto/scout_ws/install/hesai_ros_driver/local/lib/python3.10/dist-packages/hesai_ros_driver-1.5.0-py3.10.egg-info/SOURCES.txt
[1.370s] -- Up-to-date symlink: /home/takuto/scout_ws/install/hesai_ros_driver/local/lib/python3.10/dist-packages/hesai_ros_driver-1.5.0-py3.10.egg-info/dependency_links.txt
[1.371s] -- Up-to-date symlink: /home/takuto/scout_ws/install/hesai_ros_driver/local/lib/python3.10/dist-packages/hesai_ros_driver-1.5.0-py3.10.egg-info/top_level.txt
[1.372s] -- Up-to-date symlink: /home/takuto/scout_ws/install/hesai_ros_driver/local/lib/python3.10/dist-packages/hesai_ros_driver/__init__.py
[1.372s] -- Up-to-date symlink: /home/takuto/scout_ws/install/hesai_ros_driver/local/lib/python3.10/dist-packages/hesai_ros_driver/_hesai_ros_driver_s.ep.rosidl_typesupport_c.c
[1.372s] -- Up-to-date symlink: /home/takuto/scout_ws/install/hesai_ros_driver/local/lib/python3.10/dist-packages/hesai_ros_driver/_hesai_ros_driver_s.ep.rosidl_typesupport_fastrtps_c.c
[1.372s] -- Up-to-date symlink: /home/takuto/scout_ws/install/hesai_ros_driver/local/lib/python3.10/dist-packages/hesai_ros_driver/_hesai_ros_driver_s.ep.rosidl_typesupport_introspection_c.c
[1.372s] -- Up-to-date symlink: /home/takuto/scout_ws/install/hesai_ros_driver/local/lib/python3.10/dist-packages/hesai_ros_driver/hesai_ros_driver_s__rosidl_typesupport_c.cpython-310-x86_64-linux-gnu.so
[1.373s] -- Up-to-date symlink: /home/takuto/scout_ws/install/hesai_ros_driver/local/lib/python3.10/dist-packages/hesai_ros_driver/hesai_ros_driver_s__rosidl_typesupport_fastrtps_c.cpython-310-x86_64-linux-gnu.so
[1.373s] -- Up-to-date symlink: /home/takuto/scout_ws/install/hesai_ros_driver/local/lib/python3.10/dist-packages/hesai_ros_driver/hesai_ros_driver_s__rosidl_typesupport_introspection_c.cpython-310-x86_64-linux-gnu.so
[1.373s] -- Up-to-date symlink: /home/takuto/scout_ws/install/hesai_ros_driver/local/lib/python3.10/dist-packages/hesai_ros_driver/libhesai_ros_driver__rosidl_generator_py.so
[1.373s] -- Up-to-date symlink: /home/takuto/scout_ws/install/hesai_ros_driver/local/lib/python3.10/dist-packages/hesai_ros_driver/msg/__init__.py
[1.373s] -- Up-to-date symlink: /home/takuto/scout_ws/install/hesai_ros_driver/local/lib/python3.10/dist-packages/hesai_ros_driver/msg/_firetime.py
[1.374s] -- Up-to-date symlink: /home/takuto/scout_ws/install/hesai_ros_driver/local/lib/python3.10/dist-packages/hesai_ros_driver/msg/_firetime_s.c
[1.374s] -- Up-to-date symlink: /home/takuto/scout_ws/install/hesai_ros_driver/local/lib/python3.10/dist-packages/hesai_ros_driver/msg/_loss_packet.py
[1.374s] -- Up-to-date symlink: /home/takuto/scout_ws/install/hesai_ros_driver/local/lib/python3.10/dist-packages/hesai_ros_driver/msg/_loss_packet_s.c
[1.374s] -- Up-to-date symlink: /home/takuto/scout_ws/install/hesai_ros_driver/local/lib/python3.10/dist-packages/hesai_ros_driver/msg/_ptp.py
[1.375s] -- Up-to-date symlink: /home/takuto/scout_ws/install/hesai_ros_driver/local/lib/python3.10/dist-packages/hesai_ros_driver/msg/_ptp_s.c
[1.375s] -- Up-to-date symlink: /home/takuto/scout_ws/install/hesai_ros_driver/local/lib/python3.10/dist-packages/hesai_ros_driver/msg/_udp_frame.py
[1.375s] -- Up-to-date symlink: /home/takuto/scout_ws/install/hesai_ros_driver/local/lib/python3.10/dist-packages/hesai_ros_driver/msg/_udp_frame_s.c
[1.375s] -- Up-to-date symlink: /home/takuto/scout_ws/install/hesai_ros_driver/local/lib/python3.10/dist-packages/hesai_ros_driver/msg/_udp_packet.py
[1.375s] -- Up-to-date symlink: /home/takuto/scout_ws/install/hesai_ros_driver/local/lib/python3.10/dist-packages/hesai_ros_driver/msg/_udp_packet_s.c
[1.376s] -- Up-to-date symlink: /home/takuto/scout_ws/install/hesai_ros_driver/local/lib/python3.10/dist-packages/hesai_ros_driver/hesai_ros_driver_s__rosidl_typesupport_fastrtps_c.cpython-310-x86_64-linux-gnu.so
[1.376s] -- Up-to-date symlink: /home/takuto/scout_ws/install/hesai_ros_driver/local/lib/python3.10/dist-packages/hesai_ros_driver/hesai_ros_driver_s__rosidl_typesupport_introspection_c.cpython-310-x86_64-linux-gnu.so
[1.377s] -- Up-to-date symlink: /home/takuto/scout_ws/install/hesai_ros_driver/local/lib/python3.10/dist-packages/hesai_ros_driver/hesai_ros_driver_s__rosidl_typesupport_c.cpython-310-x86_64-linux-gnu.so
[1.377s] -- Up-to-date symlink: /home/takuto/scout_ws/install/hesai_ros_driver/share/hesai_ros_driver/msg/UdpPacket.idl
[1.377s] -- Up-to-date symlink: /home/takuto/scout_ws/install/hesai_ros_driver/share/hesai_ros_driver/msg/UdpFrame.idl
[1.378s] -- Up-to-date symlink: /home/takuto/scout_ws/install/hesai_ros_driver/share/hesai_ros_driver/msg/Firetime.idl
[1.378s] -- Up-to-date symlink: /home/takuto/scout_ws/install/hesai_ros_driver/share/hesai_ros_driver/msg/Ptp.idl
[1.378s] -- Up-to-date symlink: /home/takuto/scout_ws/install/hesai_ros_driver/share/hesai_ros_driver/msg/LossPacket.idl
[1.379s] -- Up-to-date symlink: /home/takuto/scout_ws/install/hesai_ros_driver/share/hesai_ros_driver/msg_ros2/UdpPacket.msg
[1.379s] -- Up-to-date symlink: /home/takuto/scout_ws/install/hesai_ros_driver/share/hesai_ros_driver/msg_ros2/UdpFrame.msg
[1.379s] -- Up-to-date symlink: /home/takuto/scout_ws/install/hesai_ros_driver/share/hesai_ros_driver/msg_ros2/Firetime.msg
[1.380s] -- Up-to-date symlink: /home/takuto/scout_ws/install/hesai_ros_driver/share/hesai_ros_driver/msg_ros2/Ptp.msg
[1.380s] -- Up-to-date symlink: /home/takuto/scout_ws/install/hesai_ros_driver/share/hesai_ros_driver/msg_ros2/LossPacket.msg
[1.381s] -- Up-to-date symlink: /home/takuto/scout_ws/install/hesai_ros_driver/lib/hesai_ros_driver/hesai_ros_driver_node
[1.381s] -- Up-to-date symlink: /home/takuto/scout_ws/install/hesai_ros_driver/lib/libhesai_sdk_lib.so
[1.382s] -- Up-to-date symlink: /home/takuto/scout_ws/install/hesai_ros_driver/lib/liblog_lib.so
[1.382s] -- Up-to-date symlink: /home/takuto/scout_ws/install/hesai_ros_driver/lib/liblidar_lib.so
[1.382s] -- Up-to-date symlink: /home/takuto/scout_ws/install/hesai_ros_driver/share/hesai_ros_driver/launch/dashing_start.py
[1.382s] -- Up-to-date symlink: /home/takuto/scout_ws/install/hesai_ros_driver/share/hesai_ros_driver/launch/start.launch
[1.383s] -- Up-to-date symlink: /home/takuto/scout_ws/install/hesai_ros_driver/share/hesai_ros_driver/launch/start.py
[1.383s] -- Up-to-date symlink: /home/takuto/scout_ws/install/hesai_ros_driver/share/hesai_ros_driver/rviz/rviz.rviz
[1.383s] -- Up-to-date symlink: /home/takuto/scout_ws/install/hesai_ros_driver/share/hesai_ros_driver/rviz/rviz2.rviz
[1.383s] -- Up-to-date symlink: /home/takuto/scout_ws/install/hesai_ros_driver/share/ament_index/resource_index/package_run_dependencies/hesai_ros_driver
[1.383s] -- Up-to-date symlink: /home/takuto/scout_ws/install/hesai_ros_driver/share/ament_index/resource_index/parent_prefix_path/hesai_ros_driver
[1.384s] -- Up-to-date symlink: /home/takuto/scout_ws/install/hesai_ros_driver/share/hesai_ros_driver/environment/ament_prefix_path.sh
[1.384s] -- Up-to-date symlink: /home/takuto/scout_ws/install/hesai_ros_driver/share/hesai_ros_driver/environment/ament_prefix_path.dsv
[1.384s] -- Up-to-date symlink: /home/takuto/scout_ws/install/hesai_ros_driver/share/hesai_ros_driver/environment/path.sh
[1.384s] -- Up-to-date symlink: /home/takuto/scout_ws/install/hesai_ros_driver/share/hesai_ros_driver/environment/path.dsv
[1.385s] -- Up-to-date symlink: /home/takuto/scout_ws/install/hesai_ros_driver/share/hesai_ros_driver/local_setup.bash
[1.385s] -- Up-to-date symlink: /home/takuto/scout_ws/install/hesai_ros_driver/share/hesai_ros_driver/local_setup.sh
[1.385s] -- Up-to-date symlink: /home/takuto/scout_ws/install/hesai_ros_driver/share/hesai_ros_driver/local_setup.zsh
[1.385s] -- Up-to-date symlink: /home/takuto/scout_ws/install/hesai_ros_driver/share/hesai_ros_driver/local_setup.dsv
[1.385s] -- Symlinking: /home/takuto/scout_ws/install/hesai_ros_driver/share/hesai_ros_driver/package.dsv
[1.401s] -- Up-to-date symlink: /home/takuto/scout_ws/install/hesai_ros_driver/share/ament_index/resource_index/packages/hesai_ros_driver
[1.401s] -- Up-to-date symlink: /home/takuto/scout_ws/install/hesai_ros_driver/share/hesai_ros_driver/cmake/rosidl_cmake-extras.cmake
[1.402s] -- Up-to-date symlink: /home/takuto/scout_ws/install/hesai_ros_driver/share/hesai_ros_driver/cmake/ament_cmake_export_dependencies-extras.cmake
[1.402s] -- Up-to-date symlink: /home/takuto/scout_ws/install/hesai_ros_driver/share/hesai_ros_driver/cmake/ament_cmake_export_include_directories-extras.cmake
[1.402s] -- Up-to-date symlink: /home/takuto/scout_ws/install/hesai_ros_driver/share/hesai_ros_driver/cmake/ament_cmake_export_libraries-extras.cmake
[1.402s] -- Up-to-date symlink: /home/takuto/scout_ws/install/hesai_ros_driver/share/hesai_ros_driver/cmake/ament_cmake_export_targets-extras.cmake
[1.402s] -- Up-to-date symlink: /home/takuto/scout_ws/install/hesai_ros_driver/share/hesai_ros_driver/cmake/rosidl_cmake_export_typesupport_targets-extras.cmake
[1.403s] -- Up-to-date symlink: /home/takuto/scout_ws/install/hesai_ros_driver/share/hesai_ros_driver/cmake/rosidl_cmake_export_typesupport_libraries-extras.cmake
[1.403s] -- Up-to-date symlink: /home/takuto/scout_ws/install/hesai_ros_driver/share/hesai_ros_driver/cmake/hesai_ros_driverConfig.cmake
[1.403s] -- Up-to-date symlink: /home/takuto/scout_ws/install/hesai_ros_driver/share/hesai_ros_driver/cmake/hesai_ros_driverConfig-version.cmake
[1.404s] -- Up-to-date symlink: /home/takuto/scout_ws/install/hesai_ros_driver/share/hesai_ros_driver/package.xml
[1.404s] -- Up-to-date: /home/takuto/scout_ws/install/hesai_ros_driver/lib/libhesai_ros_driver__rosidl_generator_c.so
[1.404s] -- Up-to-date: /home/takuto/scout_ws/install/hesai_ros_driver/lib/libhesai_ros_driver__rosidl_typesupport_fastrtps_c.so
[1.405s] -- Up-to-date: /home/takuto/scout_ws/install/hesai_ros_driver/lib/libhesai_ros_driver__rosidl_typesupport_fastrtps_cpp.so
[1.405s] -- Up-to-date: /home/takuto/scout_ws/install/hesai_ros_driver/lib/libhesai_ros_driver__rosidl_typesupport_introspection_c.so
[1.406s] -- Up-to-date: /home/takuto/scout_ws/install/hesai_ros_driver/lib/libhesai_ros_driver__rosidl_typesupport_c.so
[1.406s] -- Up-to-date: /home/takuto/scout_ws/install/hesai_ros_driver/lib/libhesai_ros_driver__rosidl_typesupport_introspection_cpp.so
[1.407s] -- Up-to-date: /home/takuto/scout_ws/install/hesai_ros_driver/lib/libhesai_ros_driver__rosidl_typesupport_cpp.so
[1.459s] Listing '/home/takuto/scout_ws/install/hesai_ros_driver/local/lib/python3.10/dist-packages/hesai_ros_driver'...
[1.459s] Listing '/home/takuto/scout_ws/install/hesai_ros_driver/local/lib/python3.10/dist-packages/hesai_ros_driver/msg'...
[1.469s] -- Up-to-date: /home/takuto/scout_ws/install/hesai_ros_driver/lib/libhesai_ros_driver__rosidl_generator_py.so
[1.469s] -- Up-to-date: /home/takuto/scout_ws/install/hesai_ros_driver/share/hesai_ros_driver/cmake/export_hesai_ros_driver__rosidl_generator_cExport.cmake
[1.469s] -- Up-to-date: /home/takuto/scout_ws/install/hesai_ros_driver/share/hesai_ros_driver/cmake/export_hesai_ros_driver__rosidl_generator_cExport-release.cmake
[1.469s] -- Up-to-date: /home/takuto/scout_ws/install/hesai_ros_driver/share/hesai_ros_driver/cmake/export_hesai_ros_driver__rosidl_typesupport_fastrtps_cExport.cmake
[1.470s] -- Up-to-date: /home/takuto/scout_ws/install/hesai_ros_driver/share/hesai_ros_driver/cmake/export_hesai_ros_driver__rosidl_typesupport_fastrtps_cExport-release.cmake
[1.470s] -- Up-to-date: /home/takuto/scout_ws/install/hesai_ros_driver/share/hesai_ros_driver/cmake/export_hesai_ros_driver__rosidl_generator_cppExport.cmake
[1.470s] -- Up-to-date: /home/takuto/scout_ws/install/hesai_ros_driver/share/hesai_ros_driver/cmake/export_hesai_ros_driver__rosidl_typesupport_fastrtps_cppExport.cmake
[1.470s] -- Up-to-date: /home/takuto/scout_ws/install/hesai_ros_driver/share/hesai_ros_driver/cmake/export_hesai_ros_driver__rosidl_typesupport_fastrtps_cppExport-release.cmake
[1.471s] -- Up-to-date: /home/takuto/scout_ws/install/hesai_ros_driver/share/hesai_ros_driver/cmake/hesai_ros_driver__rosidl_typesupport_introspection_cExport.cmake
[1.471s] -- Up-to-date: /home/takuto/scout_ws/install/hesai_ros_driver/share/hesai_ros_driver/cmake/hesai_ros_driver__rosidl_typesupport_introspection_cExport-release.cmake
[1.471s] -- Up-to-date: /home/takuto/scout_ws/install/hesai_ros_driver/share/hesai_ros_driver/cmake/hesai_ros_driver__rosidl_typesupport_cExport.cmake
[1.471s] -- Up-to-date: /home/takuto/scout_ws/install/hesai_ros_driver/share/hesai_ros_driver/cmake/hesai_ros_driver__rosidl_typesupport_cExport-release.cmake
[1.471s] -- Up-to-date: /home/takuto/scout_ws/install/hesai_ros_driver/share/hesai_ros_driver/cmake/hesai_ros_driver__rosidl_typesupport_introspection_cppExport.cmake
[1.471s] -- Up-to-date: /home/takuto/scout_ws/install/hesai_ros_driver/share/hesai_ros_driver/cmake/hesai_ros_driver__rosidl_typesupport_introspection_cppExport-release.cmake
[1.472s] -- Up-to-date: /home/takuto/scout_ws/install/hesai_ros_driver/share/hesai_ros_driver/cmake/hesai_ros_driver__rosidl_typesupport_cppExport.cmake
[1.472s] -- Up-to-date: /home/takuto/scout_ws/install/hesai_ros_driver/share/hesai_ros_driver/cmake/hesai_ros_driver__rosidl_typesupport_cppExport-release.cmake
[1.472s] -- Up-to-date: /home/takuto/scout_ws/install/hesai_ros_driver/share/hesai_ros_driver/cmake/export_hesai_ros_driver__rosidl_generator_pyExport.cmake
[1.472s] -- Up-to-date: /home/takuto/scout_ws/install/hesai_ros_driver/share/hesai_ros_driver/cmake/export_hesai_ros_driver__rosidl_generator_pyExport-release.cmake
[1.475s] Invoked command in '/home/takuto/scout_ws/build/hesai_ros_driver' returned '0': CMAKE_PREFIX_PATH=${CMAKE_PREFIX_PATH}:/home/takuto/scout_ws/install/cost_cul:/home/takuto/scout_ws/install/cmd_vel_joy:/opt/ros/humble /usr/bin/cmake --install /home/takuto/scout_ws/build/hesai_ros_driver
