-- Found ament_cmake: 1.3.11 (/opt/ros/humble/share/ament_cmake/cmake)
-- Found ament_lint_auto: 0.12.12 (/opt/ros/humble/share/ament_lint_auto/cmake)
WARNING: Package name "scout_mini_ROS2" does not follow the naming conventions. It should start with a lower case letter and only contain lower case letters, digits, underscores, and dashes.
-- Added test 'cppcheck' to perform static code analysis on C / C++ code
-- Configured cppcheck include dirs: 
-- Configured cppcheck exclude dirs and/or files: 
-- Added test 'flake8' to check Python code syntax and style conventions
-- Added test 'lint_cmake' to check CMake code style
-- Added test 'pep257' to check Python code against some of the docstring style conventions in PEP 257
-- Added test 'uncrustify' to check C / C++ code style
-- Configured uncrustify additional arguments: 
-- Added test 'xmllint' to check XML markup files
-- Configuring done
-- Generating done
-- Build files have been written to: /home/takuto/scout_ws/build/scout_mini_ROS2
-- Install configuration: ""
-- Up-to-date: /home/takuto/scout_ws/install/scout_mini_ROS2/share/scout_mini_ROS2/meshes
-- Up-to-date: /home/takuto/scout_ws/install/scout_mini_ROS2/share/scout_mini_ROS2/meshes/wheel_type1.dae
-- Up-to-date: /home/takuto/scout_ws/install/scout_mini_ROS2/share/scout_mini_ROS2/meshes/1_Link.STL
-- Up-to-date: /home/takuto/scout_ws/install/scout_mini_ROS2/share/scout_mini_ROS2/meshes/scout_mini_base_link2.dae
-- Up-to-date: /home/takuto/scout_ws/install/scout_mini_ROS2/share/scout_mini_ROS2/meshes/base_link_full.dae
-- Up-to-date: /home/takuto/scout_ws/install/scout_mini_ROS2/share/scout_mini_ROS2/meshes/scout_mini_base_link2.stl
-- Up-to-date: /home/takuto/scout_ws/install/scout_mini_ROS2/share/scout_mini_ROS2/meshes/2_Link.STL
-- Up-to-date: /home/takuto/scout_ws/install/scout_mini_ROS2/share/scout_mini_ROS2/meshes/3_Link.STL
-- Up-to-date: /home/takuto/scout_ws/install/scout_mini_ROS2/share/scout_mini_ROS2/meshes/scout_mini_base_link.STL
-- Up-to-date: /home/takuto/scout_ws/install/scout_mini_ROS2/share/scout_mini_ROS2/meshes/scout_mini_base_link.dae
-- Up-to-date: /home/takuto/scout_ws/install/scout_mini_ROS2/share/scout_mini_ROS2/meshes/wheel_type2.dae
-- Up-to-date: /home/takuto/scout_ws/install/scout_mini_ROS2/share/scout_mini_ROS2/meshes/box_link.STL
-- Up-to-date: /home/takuto/scout_ws/install/scout_mini_ROS2/share/scout_mini_ROS2/meshes/wheel.dae
-- Up-to-date: /home/takuto/scout_ws/install/scout_mini_ROS2/share/scout_mini_ROS2/meshes/4_Link.STL
-- Up-to-date: /home/takuto/scout_ws/install/scout_mini_ROS2/share/scout_mini_ROS2/meshes/base_link.dae
-- Up-to-date: /home/takuto/scout_ws/install/scout_mini_ROS2/share/scout_mini_ROS2/urdf
-- Up-to-date: /home/takuto/scout_ws/install/scout_mini_ROS2/share/scout_mini_ROS2/urdf/scout.urdf
-- Up-to-date: /home/takuto/scout_ws/install/scout_mini_ROS2/share/scout_mini_ROS2/launch
-- Installing: /home/takuto/scout_ws/install/scout_mini_ROS2/share/scout_mini_ROS2/launch/launch.py
-- Installing: /home/takuto/scout_ws/install/scout_mini_ROS2/share/scout_mini_ROS2/launch/launch2.py
-- Up-to-date: /home/takuto/scout_ws/install/scout_mini_ROS2/share/scout_mini_ROS2/worlds
-- Up-to-date: /home/takuto/scout_ws/install/scout_mini_ROS2/share/scout_mini_ROS2/worlds/yosemite.world
-- Up-to-date: /home/takuto/scout_ws/install/scout_mini_ROS2/share/scout_mini_ROS2/worlds/field.world
-- Up-to-date: /home/takuto/scout_ws/install/scout_mini_ROS2/share/scout_mini_ROS2/worlds/inspection.world
-- Up-to-date: /home/takuto/scout_ws/install/scout_mini_ROS2/share/scout_mini_ROS2/worlds/slope.world
-- Up-to-date: /home/takuto/scout_ws/install/scout_mini_ROS2/share/scout_mini_ROS2/rviz
-- Up-to-date: /home/takuto/scout_ws/install/scout_mini_ROS2/share/scout_mini_ROS2/rviz/scout_gazebo.rviz
-- Up-to-date: /home/takuto/scout_ws/install/scout_mini_ROS2/share/ament_index/resource_index/package_run_dependencies/scout_mini_ROS2
-- Up-to-date: /home/takuto/scout_ws/install/scout_mini_ROS2/share/ament_index/resource_index/parent_prefix_path/scout_mini_ROS2
-- Up-to-date: /home/takuto/scout_ws/install/scout_mini_ROS2/share/scout_mini_ROS2/environment/ament_prefix_path.sh
-- Installing: /home/takuto/scout_ws/install/scout_mini_ROS2/share/scout_mini_ROS2/environment/ament_prefix_path.dsv
-- Up-to-date: /home/takuto/scout_ws/install/scout_mini_ROS2/share/scout_mini_ROS2/environment/path.sh
-- Installing: /home/takuto/scout_ws/install/scout_mini_ROS2/share/scout_mini_ROS2/environment/path.dsv
-- Up-to-date: /home/takuto/scout_ws/install/scout_mini_ROS2/share/scout_mini_ROS2/local_setup.bash
-- Up-to-date: /home/takuto/scout_ws/install/scout_mini_ROS2/share/scout_mini_ROS2/local_setup.sh
-- Up-to-date: /home/takuto/scout_ws/install/scout_mini_ROS2/share/scout_mini_ROS2/local_setup.zsh
-- Installing: /home/takuto/scout_ws/install/scout_mini_ROS2/share/scout_mini_ROS2/local_setup.dsv
-- Installing: /home/takuto/scout_ws/install/scout_mini_ROS2/share/scout_mini_ROS2/package.dsv
-- Up-to-date: /home/takuto/scout_ws/install/scout_mini_ROS2/share/ament_index/resource_index/packages/scout_mini_ROS2
-- Up-to-date: /home/takuto/scout_ws/install/scout_mini_ROS2/share/scout_mini_ROS2/cmake/scout_mini_ROS2Config.cmake
-- Up-to-date: /home/takuto/scout_ws/install/scout_mini_ROS2/share/scout_mini_ROS2/cmake/scout_mini_ROS2Config-version.cmake
-- Installing: /home/takuto/scout_ws/install/scout_mini_ROS2/share/scout_mini_ROS2/package.xml
