[0.513s] Invoking command in '/home/takuto/scout_ws/build/scout_mini_ROS2': CMAKE_PREFIX_PATH=/home/takuto/scout_ws/install/scout_gazebo:/home/takuto/scout_ws/install/roughness_cul:/home/takuto/scout_ws/install/hesai_ros_driver:/home/takuto/scout_ws/install/hesai_description:/home/takuto/mecanumrover_ws/install/vs_rover_options_description:/home/takuto/mecanumrover_ws/install/mecanumrover_gazebo:/home/takuto/mecanumrover_ws/install/mecanumrover3:/home/takuto/mecanumrover_ws/install/mecanumrover_description:/home/takuto/mecanumrover_ws/install/mecanumrover3_bringup:/home/takuto/uros_ws/install/micro_ros_setup:/home/takuto/uros_ws/install/micro_ros_agent:/home/takuto/uros_ws/install/micro_ros_msgs:/home/takuto/scout_ws/src/install/scout_gazebo:/home/takuto/scout_ws/src/install/hesai_ros_driver:/home/takuto/turtlebot3_ws/install/turtlebot3:/home/takuto/turtlebot3_ws/install/turtlebot3_simulations:/home/takuto/turtlebot3_ws/install/turtlebot3_bringup:/home/takuto/turtlebot3_ws/install/turtlebot3_node:/home/takuto/turtlebot3_ws/install/turtlebot3_navigation2:/home/takuto/turtlebot3_ws/install/turtlebot3_gazebo:/home/takuto/turtlebot3_ws/install/turtlebot3_fake_node:/home/takuto/turtlebot3_ws/install/turtlebot3_description:/home/takuto/turtlebot3_ws/install/turtlebot3_cartographer:/home/takuto/scout_ws/install/cmd_vel_joy:/home/takuto/scout_ws/src/install/cmd_vel_joy:/home/takuto/turtlebot3_ws/install/turtlebot3_teleop:/home/takuto/turtlebot3_ws/install/turtlebot3_example:/home/takuto/turtlebot3_ws/install/cmd_vel_joy:/opt/ros/humble:/home/takuto/turtlebot3_ws/install/realsense_gazebo_plugin:/home/takuto/turtlebot3_ws/install/realsense2_description:/home/takuto/turtlebot3_ws/install/realsense2_camera:/home/takuto/turtlebot3_ws/install/realsense2_camera_msgs:/home/takuto/turtlebot3_ws/install/dynamixel_sdk_examples:/home/takuto/turtlebot3_ws/install/dynamixel_sdk_custom_interfaces:/home/takuto/turtlebot3_ws/install/dynamixel_sdk /usr/bin/cmake --build /home/takuto/scout_ws/build/scout_mini_ROS2 -- -j16 -l16
[0.539s] -- Found ament_cmake: 1.3.11 (/opt/ros/humble/share/ament_cmake/cmake)
[0.676s] -- Found ament_lint_auto: 0.12.12 (/opt/ros/humble/share/ament_lint_auto/cmake)
[0.736s] WARNING: Package name "scout_mini_ROS2" does not follow the naming conventions. It should start with a lower case letter and only contain lower case letters, digits, underscores, and dashes.
[0.771s] -- Added test 'cppcheck' to perform static code analysis on C / C++ code
[0.771s] -- Configured cppcheck include dirs: 
[0.771s] -- Configured cppcheck exclude dirs and/or files: 
[0.774s] -- Added test 'flake8' to check Python code syntax and style conventions
[0.779s] -- Added test 'lint_cmake' to check CMake code style
[0.781s] -- Added test 'pep257' to check Python code against some of the docstring style conventions in PEP 257
[0.800s] -- Added test 'uncrustify' to check C / C++ code style
[0.800s] -- Configured uncrustify additional arguments: 
[0.803s] -- Added test 'xmllint' to check XML markup files
[0.803s] -- Configuring done
[0.807s] -- Generating done
[0.809s] -- Build files have been written to: /home/takuto/scout_ws/build/scout_mini_ROS2
[0.835s] Invoked command in '/home/takuto/scout_ws/build/scout_mini_ROS2' returned '0': CMAKE_PREFIX_PATH=/home/takuto/scout_ws/install/scout_gazebo:/home/takuto/scout_ws/install/roughness_cul:/home/takuto/scout_ws/install/hesai_ros_driver:/home/takuto/scout_ws/install/hesai_description:/home/takuto/mecanumrover_ws/install/vs_rover_options_description:/home/takuto/mecanumrover_ws/install/mecanumrover_gazebo:/home/takuto/mecanumrover_ws/install/mecanumrover3:/home/takuto/mecanumrover_ws/install/mecanumrover_description:/home/takuto/mecanumrover_ws/install/mecanumrover3_bringup:/home/takuto/uros_ws/install/micro_ros_setup:/home/takuto/uros_ws/install/micro_ros_agent:/home/takuto/uros_ws/install/micro_ros_msgs:/home/takuto/scout_ws/src/install/scout_gazebo:/home/takuto/scout_ws/src/install/hesai_ros_driver:/home/takuto/turtlebot3_ws/install/turtlebot3:/home/takuto/turtlebot3_ws/install/turtlebot3_simulations:/home/takuto/turtlebot3_ws/install/turtlebot3_bringup:/home/takuto/turtlebot3_ws/install/turtlebot3_node:/home/takuto/turtlebot3_ws/install/turtlebot3_navigation2:/home/takuto/turtlebot3_ws/install/turtlebot3_gazebo:/home/takuto/turtlebot3_ws/install/turtlebot3_fake_node:/home/takuto/turtlebot3_ws/install/turtlebot3_description:/home/takuto/turtlebot3_ws/install/turtlebot3_cartographer:/home/takuto/scout_ws/install/cmd_vel_joy:/home/takuto/scout_ws/src/install/cmd_vel_joy:/home/takuto/turtlebot3_ws/install/turtlebot3_teleop:/home/takuto/turtlebot3_ws/install/turtlebot3_example:/home/takuto/turtlebot3_ws/install/cmd_vel_joy:/opt/ros/humble:/home/takuto/turtlebot3_ws/install/realsense_gazebo_plugin:/home/takuto/turtlebot3_ws/install/realsense2_description:/home/takuto/turtlebot3_ws/install/realsense2_camera:/home/takuto/turtlebot3_ws/install/realsense2_camera_msgs:/home/takuto/turtlebot3_ws/install/dynamixel_sdk_examples:/home/takuto/turtlebot3_ws/install/dynamixel_sdk_custom_interfaces:/home/takuto/turtlebot3_ws/install/dynamixel_sdk /usr/bin/cmake --build /home/takuto/scout_ws/build/scout_mini_ROS2 -- -j16 -l16
[0.836s] Invoking command in '/home/takuto/scout_ws/build/scout_mini_ROS2': CMAKE_PREFIX_PATH=/home/takuto/scout_ws/install/scout_gazebo:/home/takuto/scout_ws/install/roughness_cul:/home/takuto/scout_ws/install/hesai_ros_driver:/home/takuto/scout_ws/install/hesai_description:/home/takuto/mecanumrover_ws/install/vs_rover_options_description:/home/takuto/mecanumrover_ws/install/mecanumrover_gazebo:/home/takuto/mecanumrover_ws/install/mecanumrover3:/home/takuto/mecanumrover_ws/install/mecanumrover_description:/home/takuto/mecanumrover_ws/install/mecanumrover3_bringup:/home/takuto/uros_ws/install/micro_ros_setup:/home/takuto/uros_ws/install/micro_ros_agent:/home/takuto/uros_ws/install/micro_ros_msgs:/home/takuto/scout_ws/src/install/scout_gazebo:/home/takuto/scout_ws/src/install/hesai_ros_driver:/home/takuto/turtlebot3_ws/install/turtlebot3:/home/takuto/turtlebot3_ws/install/turtlebot3_simulations:/home/takuto/turtlebot3_ws/install/turtlebot3_bringup:/home/takuto/turtlebot3_ws/install/turtlebot3_node:/home/takuto/turtlebot3_ws/install/turtlebot3_navigation2:/home/takuto/turtlebot3_ws/install/turtlebot3_gazebo:/home/takuto/turtlebot3_ws/install/turtlebot3_fake_node:/home/takuto/turtlebot3_ws/install/turtlebot3_description:/home/takuto/turtlebot3_ws/install/turtlebot3_cartographer:/home/takuto/scout_ws/install/cmd_vel_joy:/home/takuto/scout_ws/src/install/cmd_vel_joy:/home/takuto/turtlebot3_ws/install/turtlebot3_teleop:/home/takuto/turtlebot3_ws/install/turtlebot3_example:/home/takuto/turtlebot3_ws/install/cmd_vel_joy:/opt/ros/humble:/home/takuto/turtlebot3_ws/install/realsense_gazebo_plugin:/home/takuto/turtlebot3_ws/install/realsense2_description:/home/takuto/turtlebot3_ws/install/realsense2_camera:/home/takuto/turtlebot3_ws/install/realsense2_camera_msgs:/home/takuto/turtlebot3_ws/install/dynamixel_sdk_examples:/home/takuto/turtlebot3_ws/install/dynamixel_sdk_custom_interfaces:/home/takuto/turtlebot3_ws/install/dynamixel_sdk /usr/bin/cmake --install /home/takuto/scout_ws/build/scout_mini_ROS2
[0.846s] -- Install configuration: ""
[0.846s] -- Up-to-date: /home/takuto/scout_ws/install/scout_mini_ROS2/share/scout_mini_ROS2/meshes
[0.846s] -- Up-to-date: /home/takuto/scout_ws/install/scout_mini_ROS2/share/scout_mini_ROS2/meshes/wheel_type1.dae
[0.846s] -- Up-to-date: /home/takuto/scout_ws/install/scout_mini_ROS2/share/scout_mini_ROS2/meshes/1_Link.STL
[0.846s] -- Up-to-date: /home/takuto/scout_ws/install/scout_mini_ROS2/share/scout_mini_ROS2/meshes/scout_mini_base_link2.dae
[0.846s] -- Up-to-date: /home/takuto/scout_ws/install/scout_mini_ROS2/share/scout_mini_ROS2/meshes/base_link_full.dae
[0.846s] -- Up-to-date: /home/takuto/scout_ws/install/scout_mini_ROS2/share/scout_mini_ROS2/meshes/scout_mini_base_link2.stl
[0.846s] -- Up-to-date: /home/takuto/scout_ws/install/scout_mini_ROS2/share/scout_mini_ROS2/meshes/2_Link.STL
[0.847s] -- Up-to-date: /home/takuto/scout_ws/install/scout_mini_ROS2/share/scout_mini_ROS2/meshes/3_Link.STL
[0.847s] -- Up-to-date: /home/takuto/scout_ws/install/scout_mini_ROS2/share/scout_mini_ROS2/meshes/scout_mini_base_link.STL
[0.847s] -- Up-to-date: /home/takuto/scout_ws/install/scout_mini_ROS2/share/scout_mini_ROS2/meshes/scout_mini_base_link.dae
[0.847s] -- Up-to-date: /home/takuto/scout_ws/install/scout_mini_ROS2/share/scout_mini_ROS2/meshes/wheel_type2.dae
[0.847s] -- Up-to-date: /home/takuto/scout_ws/install/scout_mini_ROS2/share/scout_mini_ROS2/meshes/box_link.STL
[0.847s] -- Up-to-date: /home/takuto/scout_ws/install/scout_mini_ROS2/share/scout_mini_ROS2/meshes/wheel.dae
[0.847s] -- Up-to-date: /home/takuto/scout_ws/install/scout_mini_ROS2/share/scout_mini_ROS2/meshes/4_Link.STL
[0.847s] -- Up-to-date: /home/takuto/scout_ws/install/scout_mini_ROS2/share/scout_mini_ROS2/meshes/base_link.dae
[0.847s] -- Up-to-date: /home/takuto/scout_ws/install/scout_mini_ROS2/share/scout_mini_ROS2/urdf
[0.847s] -- Up-to-date: /home/takuto/scout_ws/install/scout_mini_ROS2/share/scout_mini_ROS2/urdf/scout.urdf
[0.847s] -- Up-to-date: /home/takuto/scout_ws/install/scout_mini_ROS2/share/scout_mini_ROS2/launch
[0.847s] -- Installing: /home/takuto/scout_ws/install/scout_mini_ROS2/share/scout_mini_ROS2/launch/launch.py
[0.847s] -- Installing: /home/takuto/scout_ws/install/scout_mini_ROS2/share/scout_mini_ROS2/launch/launch2.py
[0.847s] -- Up-to-date: /home/takuto/scout_ws/install/scout_mini_ROS2/share/scout_mini_ROS2/worlds
[0.847s] -- Up-to-date: /home/takuto/scout_ws/install/scout_mini_ROS2/share/scout_mini_ROS2/worlds/yosemite.world
[0.847s] -- Up-to-date: /home/takuto/scout_ws/install/scout_mini_ROS2/share/scout_mini_ROS2/worlds/field.world
[0.848s] -- Up-to-date: /home/takuto/scout_ws/install/scout_mini_ROS2/share/scout_mini_ROS2/worlds/inspection.world
[0.848s] -- Up-to-date: /home/takuto/scout_ws/install/scout_mini_ROS2/share/scout_mini_ROS2/worlds/slope.world
[0.848s] -- Up-to-date: /home/takuto/scout_ws/install/scout_mini_ROS2/share/scout_mini_ROS2/rviz
[0.848s] -- Up-to-date: /home/takuto/scout_ws/install/scout_mini_ROS2/share/scout_mini_ROS2/rviz/scout_gazebo.rviz
[0.848s] -- Up-to-date: /home/takuto/scout_ws/install/scout_mini_ROS2/share/ament_index/resource_index/package_run_dependencies/scout_mini_ROS2
[0.848s] -- Up-to-date: /home/takuto/scout_ws/install/scout_mini_ROS2/share/ament_index/resource_index/parent_prefix_path/scout_mini_ROS2
[0.848s] -- Up-to-date: /home/takuto/scout_ws/install/scout_mini_ROS2/share/scout_mini_ROS2/environment/ament_prefix_path.sh
[0.848s] -- Installing: /home/takuto/scout_ws/install/scout_mini_ROS2/share/scout_mini_ROS2/environment/ament_prefix_path.dsv
[0.848s] -- Up-to-date: /home/takuto/scout_ws/install/scout_mini_ROS2/share/scout_mini_ROS2/environment/path.sh
[0.848s] -- Installing: /home/takuto/scout_ws/install/scout_mini_ROS2/share/scout_mini_ROS2/environment/path.dsv
[0.848s] -- Up-to-date: /home/takuto/scout_ws/install/scout_mini_ROS2/share/scout_mini_ROS2/local_setup.bash
[0.848s] -- Up-to-date: /home/takuto/scout_ws/install/scout_mini_ROS2/share/scout_mini_ROS2/local_setup.sh
[0.848s] -- Up-to-date: /home/takuto/scout_ws/install/scout_mini_ROS2/share/scout_mini_ROS2/local_setup.zsh
[0.848s] -- Installing: /home/takuto/scout_ws/install/scout_mini_ROS2/share/scout_mini_ROS2/local_setup.dsv
[0.848s] -- Installing: /home/takuto/scout_ws/install/scout_mini_ROS2/share/scout_mini_ROS2/package.dsv
[0.849s] -- Up-to-date: /home/takuto/scout_ws/install/scout_mini_ROS2/share/ament_index/resource_index/packages/scout_mini_ROS2
[0.849s] -- Up-to-date: /home/takuto/scout_ws/install/scout_mini_ROS2/share/scout_mini_ROS2/cmake/scout_mini_ROS2Config.cmake
[0.849s] -- Up-to-date: /home/takuto/scout_ws/install/scout_mini_ROS2/share/scout_mini_ROS2/cmake/scout_mini_ROS2Config-version.cmake
[0.849s] -- Installing: /home/takuto/scout_ws/install/scout_mini_ROS2/share/scout_mini_ROS2/package.xml
[0.851s] Invoked command in '/home/takuto/scout_ws/build/scout_mini_ROS2' returned '0': CMAKE_PREFIX_PATH=/home/takuto/scout_ws/install/scout_gazebo:/home/takuto/scout_ws/install/roughness_cul:/home/takuto/scout_ws/install/hesai_ros_driver:/home/takuto/scout_ws/install/hesai_description:/home/takuto/mecanumrover_ws/install/vs_rover_options_description:/home/takuto/mecanumrover_ws/install/mecanumrover_gazebo:/home/takuto/mecanumrover_ws/install/mecanumrover3:/home/takuto/mecanumrover_ws/install/mecanumrover_description:/home/takuto/mecanumrover_ws/install/mecanumrover3_bringup:/home/takuto/uros_ws/install/micro_ros_setup:/home/takuto/uros_ws/install/micro_ros_agent:/home/takuto/uros_ws/install/micro_ros_msgs:/home/takuto/scout_ws/src/install/scout_gazebo:/home/takuto/scout_ws/src/install/hesai_ros_driver:/home/takuto/turtlebot3_ws/install/turtlebot3:/home/takuto/turtlebot3_ws/install/turtlebot3_simulations:/home/takuto/turtlebot3_ws/install/turtlebot3_bringup:/home/takuto/turtlebot3_ws/install/turtlebot3_node:/home/takuto/turtlebot3_ws/install/turtlebot3_navigation2:/home/takuto/turtlebot3_ws/install/turtlebot3_gazebo:/home/takuto/turtlebot3_ws/install/turtlebot3_fake_node:/home/takuto/turtlebot3_ws/install/turtlebot3_description:/home/takuto/turtlebot3_ws/install/turtlebot3_cartographer:/home/takuto/scout_ws/install/cmd_vel_joy:/home/takuto/scout_ws/src/install/cmd_vel_joy:/home/takuto/turtlebot3_ws/install/turtlebot3_teleop:/home/takuto/turtlebot3_ws/install/turtlebot3_example:/home/takuto/turtlebot3_ws/install/cmd_vel_joy:/opt/ros/humble:/home/takuto/turtlebot3_ws/install/realsense_gazebo_plugin:/home/takuto/turtlebot3_ws/install/realsense2_description:/home/takuto/turtlebot3_ws/install/realsense2_camera:/home/takuto/turtlebot3_ws/install/realsense2_camera_msgs:/home/takuto/turtlebot3_ws/install/dynamixel_sdk_examples:/home/takuto/turtlebot3_ws/install/dynamixel_sdk_custom_interfaces:/home/takuto/turtlebot3_ws/install/dynamixel_sdk /usr/bin/cmake --install /home/takuto/scout_ws/build/scout_mini_ROS2
