[0.466s] Invoking command in '/home/takuto/scout_ws/build/hesai_description': CMAKE_PREFIX_PATH=/opt/ros/humble /usr/bin/cmake --build /home/takuto/scout_ws/build/hesai_description -- -j16 -l16
[0.511s] Invoked command in '/home/takuto/scout_ws/build/hesai_description' returned '0': CMAKE_PREFIX_PATH=/opt/ros/humble /usr/bin/cmake --build /home/takuto/scout_ws/build/hesai_description -- -j16 -l16
[0.527s] Invoking command in '/home/takuto/scout_ws/build/hesai_description': CMAKE_PREFIX_PATH=/opt/ros/humble /usr/bin/cmake --install /home/takuto/scout_ws/build/hesai_description
[0.538s] -- Install configuration: ""
[0.538s] -- Execute custom install script
[0.539s] -- Up-to-date symlink: /home/takuto/scout_ws/install/hesai_description/share/hesai_description//launch/description.launch.py
[0.539s] -- Up-to-date symlink: /home/takuto/scout_ws/install/hesai_description/share/hesai_description//launch/visualize.launch.py
[0.539s] -- Up-to-date symlink: /home/takuto/scout_ws/install/hesai_description/share/hesai_description//meshes/visual/qt64.dae
[0.540s] -- Up-to-date symlink: /home/takuto/scout_ws/install/hesai_description/share/hesai_description//meshes/visual/xt32.dae
[0.540s] -- Up-to-date symlink: /home/takuto/scout_ws/install/hesai_description/share/hesai_description//rviz/model.rviz
[0.540s] -- Up-to-date symlink: /home/takuto/scout_ws/install/hesai_description/share/hesai_description//urdf/gazebo.urdf.xacro
[0.540s] -- Up-to-date symlink: /home/takuto/scout_ws/install/hesai_description/share/hesai_description//urdf/hesai_qt64.urdf.xacro
[0.540s] -- Up-to-date symlink: /home/takuto/scout_ws/install/hesai_description/share/hesai_description//urdf/hesai_qt64_standalone.urdf.xacro
[0.541s] -- Up-to-date symlink: /home/takuto/scout_ws/install/hesai_description/share/hesai_description//urdf/hesai_xt32.urdf.xacro
[0.541s] -- Up-to-date symlink: /home/takuto/scout_ws/install/hesai_description/share/hesai_description//urdf/hesai_xt32_standalone.urdf.xacro
[0.541s] -- Up-to-date symlink: /home/takuto/scout_ws/install/hesai_description/share/ament_index/resource_index/package_run_dependencies/hesai_description
[0.541s] -- Up-to-date symlink: /home/takuto/scout_ws/install/hesai_description/share/ament_index/resource_index/parent_prefix_path/hesai_description
[0.541s] -- Up-to-date symlink: /home/takuto/scout_ws/install/hesai_description/share/hesai_description/environment/ament_prefix_path.sh
[0.542s] -- Up-to-date symlink: /home/takuto/scout_ws/install/hesai_description/share/hesai_description/environment/ament_prefix_path.dsv
[0.542s] -- Up-to-date symlink: /home/takuto/scout_ws/install/hesai_description/share/hesai_description/environment/path.sh
[0.542s] -- Up-to-date symlink: /home/takuto/scout_ws/install/hesai_description/share/hesai_description/environment/path.dsv
[0.542s] -- Up-to-date symlink: /home/takuto/scout_ws/install/hesai_description/share/hesai_description/local_setup.bash
[0.543s] -- Up-to-date symlink: /home/takuto/scout_ws/install/hesai_description/share/hesai_description/local_setup.sh
[0.543s] -- Up-to-date symlink: /home/takuto/scout_ws/install/hesai_description/share/hesai_description/local_setup.zsh
[0.543s] -- Up-to-date symlink: /home/takuto/scout_ws/install/hesai_description/share/hesai_description/local_setup.dsv
[0.543s] -- Symlinking: /home/takuto/scout_ws/install/hesai_description/share/hesai_description/package.dsv
[0.557s] -- Up-to-date symlink: /home/takuto/scout_ws/install/hesai_description/share/ament_index/resource_index/packages/hesai_description
[0.557s] -- Up-to-date symlink: /home/takuto/scout_ws/install/hesai_description/share/hesai_description/cmake/hesai_descriptionConfig.cmake
[0.557s] -- Up-to-date symlink: /home/takuto/scout_ws/install/hesai_description/share/hesai_description/cmake/hesai_descriptionConfig-version.cmake
[0.557s] -- Up-to-date symlink: /home/takuto/scout_ws/install/hesai_description/share/hesai_description/package.xml
[0.561s] Invoked command in '/home/takuto/scout_ws/build/hesai_description' returned '0': CMAKE_PREFIX_PATH=/opt/ros/humble /usr/bin/cmake --install /home/takuto/scout_ws/build/hesai_description
