[1.039s] Invoking command in '/home/takuto/scout_ws/src/roughness_cul': PYTHONPATH=/home/takuto/scout_ws/src/roughness_cul/build/roughness_cul/prefix_override:/usr/lib/python3/dist-packages/colcon_core/task/python/colcon_distutils_commands:/home/takuto/scout_ws/src/roughness_cul/install/roughness_cul/lib/python3.10/site-packages:${PYTHONPATH} /usr/bin/python3 -W ignore:setup.py install is deprecated -W ignore:easy_install command is deprecated setup.py egg_info --egg-base build/roughness_cul build --build-base /home/takuto/scout_ws/src/roughness_cul/build/roughness_cul/build install --record /home/takuto/scout_ws/src/roughness_cul/build/roughness_cul/install.log --single-version-externally-managed install_data
[1.360s] running egg_info
[1.361s] writing build/roughness_cul/roughness_cul.egg-info/PKG-INFO
[1.361s] writing dependency_links to build/roughness_cul/roughness_cul.egg-info/dependency_links.txt
[1.362s] writing entry points to build/roughness_cul/roughness_cul.egg-info/entry_points.txt
[1.362s] writing requirements to build/roughness_cul/roughness_cul.egg-info/requires.txt
[1.362s] writing top-level names to build/roughness_cul/roughness_cul.egg-info/top_level.txt
[1.364s] reading manifest file 'build/roughness_cul/roughness_cul.egg-info/SOURCES.txt'
[1.365s] writing manifest file 'build/roughness_cul/roughness_cul.egg-info/SOURCES.txt'
[1.365s] running build
[1.365s] running build_py
[1.366s] copying roughness_cul/roughness_cul.py -> /home/takuto/scout_ws/src/roughness_cul/build/roughness_cul/build/lib/roughness_cul
[1.366s] running install
[1.366s] running install_lib
[1.367s] copying /home/takuto/scout_ws/src/roughness_cul/build/roughness_cul/build/lib/roughness_cul/roughness_cul.py -> /home/takuto/scout_ws/src/roughness_cul/install/roughness_cul/lib/python3.10/site-packages/roughness_cul
[1.368s] byte-compiling /home/takuto/scout_ws/src/roughness_cul/install/roughness_cul/lib/python3.10/site-packages/roughness_cul/roughness_cul.py to roughness_cul.cpython-310.pyc
[1.370s] running install_data
[1.371s] running install_egg_info
[1.373s] removing '/home/takuto/scout_ws/src/roughness_cul/install/roughness_cul/lib/python3.10/site-packages/roughness_cul-0.0.0-py3.10.egg-info' (and everything under it)
[1.374s] Copying build/roughness_cul/roughness_cul.egg-info to /home/takuto/scout_ws/src/roughness_cul/install/roughness_cul/lib/python3.10/site-packages/roughness_cul-0.0.0-py3.10.egg-info
[1.375s] running install_scripts
[1.401s] Installing roughness_cul script to /home/takuto/scout_ws/src/roughness_cul/install/roughness_cul/lib/roughness_cul
[1.401s] writing list of installed files to '/home/takuto/scout_ws/src/roughness_cul/build/roughness_cul/install.log'
[1.430s] Invoked command in '/home/takuto/scout_ws/src/roughness_cul' returned '0': PYTHONPATH=/home/takuto/scout_ws/src/roughness_cul/build/roughness_cul/prefix_override:/usr/lib/python3/dist-packages/colcon_core/task/python/colcon_distutils_commands:/home/takuto/scout_ws/src/roughness_cul/install/roughness_cul/lib/python3.10/site-packages:${PYTHONPATH} /usr/bin/python3 -W ignore:setup.py install is deprecated -W ignore:easy_install command is deprecated setup.py egg_info --egg-base build/roughness_cul build --build-base /home/takuto/scout_ws/src/roughness_cul/build/roughness_cul/build install --record /home/takuto/scout_ws/src/roughness_cul/build/roughness_cul/install.log --single-version-externally-managed install_data
