[0.997s] Invoking command in '/home/takuto/scout_ws/build/hesai_ros_driver': CMAKE_PREFIX_PATH=${CMAKE_PREFIX_PATH}:/home/takuto/scout_ws/install/cost_cul:/home/takuto/scout_ws/install/cmd_vel_joy:/opt/ros/humble /usr/bin/cmake --build /home/takuto/scout_ws/build/hesai_ros_driver -- -j16 -l16
[1.164s] [  1%] Built target hesai_ros_driver__cpp
[1.196s] [  8%] Built target hesai_ros_driver__rosidl_generator_c
[1.227s] [ 10%] Built target log_lib
[1.255s] [ 10%] Built target ament_cmake_python_symlink_hesai_ros_driver
[1.287s] [ 18%] Built target hesai_ros_driver__rosidl_typesupport_introspection_cpp
[1.290s] [ 25%] Built target hesai_ros_driver__rosidl_typesupport_fastrtps_cpp
[1.292s] [ 35%] Built target hesai_ros_driver__rosidl_typesupport_c
[1.298s] [ 40%] Built target hesai_ros_driver__rosidl_typesupport_cpp
[1.303s] [ 48%] Built target hesai_ros_driver__rosidl_typesupport_introspection_c
[1.309s] [ 55%] Built target hesai_ros_driver__rosidl_typesupport_fastrtps_c
[1.311s] [ 59%] Built target platutils_lib
[1.373s] [ 59%] Built target hesai_ros_driver
[1.381s] [ 61%] Built target udpParser_lib
[1.392s] [ 67%] Built target source_lib
[1.394s] [ 76%] Built target ptcClient_lib
[1.440s] [ 77%] Built target hesai_ros_driver__py
[1.457s] [ 79%] Built target serialClient_lib
[1.504s] [ 86%] Built target hesai_ros_driver__rosidl_generator_py
[1.520s] [ 88%] Built target lidar_lib
[1.567s] [ 90%] Built target hesai_ros_driver__rosidl_typesupport_introspection_c__pyext
[1.568s] [ 92%] Built target hesai_ros_driver__rosidl_typesupport_fastrtps_c__pyext
[1.570s] [ 94%] Built target hesai_ros_driver__rosidl_typesupport_c__pyext
[1.590s] [ 96%] Built target hesai_sdk_lib
[1.676s] [100%] Built target hesai_ros_driver_node
[1.933s] running egg_info
[1.935s] writing hesai_ros_driver.egg-info/PKG-INFO
[1.935s] writing dependency_links to hesai_ros_driver.egg-info/dependency_links.txt
[1.936s] writing top-level names to hesai_ros_driver.egg-info/top_level.txt
[1.941s] reading manifest file 'hesai_ros_driver.egg-info/SOURCES.txt'
[1.943s] writing manifest file 'hesai_ros_driver.egg-info/SOURCES.txt'
[2.047s] [100%] Built target ament_cmake_python_build_hesai_ros_driver_egg
[2.084s] Invoked command in '/home/takuto/scout_ws/build/hesai_ros_driver' returned '0': CMAKE_PREFIX_PATH=${CMAKE_PREFIX_PATH}:/home/takuto/scout_ws/install/cost_cul:/home/takuto/scout_ws/install/cmd_vel_joy:/opt/ros/humble /usr/bin/cmake --build /home/takuto/scout_ws/build/hesai_ros_driver -- -j16 -l16
[2.088s] Invoking command in '/home/takuto/scout_ws/build/hesai_ros_driver': CMAKE_PREFIX_PATH=${CMAKE_PREFIX_PATH}:/home/takuto/scout_ws/install/cost_cul:/home/takuto/scout_ws/install/cmd_vel_joy:/opt/ros/humble /usr/bin/cmake --install /home/takuto/scout_ws/build/hesai_ros_driver
[2.108s] -- Install configuration: "Release"
[2.109s] -- Execute custom install script
[2.109s] -- Up-to-date symlink: /home/takuto/scout_ws/install/hesai_ros_driver/share/ament_index/resource_index/rosidl_interfaces/hesai_ros_driver
[2.111s] -- Up-to-date symlink: /home/takuto/scout_ws/install/hesai_ros_driver/include/hesai_ros_driver/hesai_ros_driver/msg/detail/firetime__functions.h
[2.112s] -- Up-to-date symlink: /home/takuto/scout_ws/install/hesai_ros_driver/include/hesai_ros_driver/hesai_ros_driver/msg/detail/firetime__struct.h
[2.117s] -- Up-to-date symlink: /home/takuto/scout_ws/install/hesai_ros_driver/include/hesai_ros_driver/hesai_ros_driver/msg/detail/firetime__type_support.h
[2.117s] -- Up-to-date symlink: /home/takuto/scout_ws/install/hesai_ros_driver/include/hesai_ros_driver/hesai_ros_driver/msg/detail/loss_packet__functions.h
[2.118s] -- Up-to-date symlink: /home/takuto/scout_ws/install/hesai_ros_driver/include/hesai_ros_driver/hesai_ros_driver/msg/detail/loss_packet__struct.h
[2.118s] -- Up-to-date symlink: /home/takuto/scout_ws/install/hesai_ros_driver/include/hesai_ros_driver/hesai_ros_driver/msg/detail/loss_packet__type_support.h
[2.118s] -- Up-to-date symlink: /home/takuto/scout_ws/install/hesai_ros_driver/include/hesai_ros_driver/hesai_ros_driver/msg/detail/ptp__functions.h
[2.119s] -- Up-to-date symlink: /home/takuto/scout_ws/install/hesai_ros_driver/include/hesai_ros_driver/hesai_ros_driver/msg/detail/ptp__struct.h
[2.119s] -- Up-to-date symlink: /home/takuto/scout_ws/install/hesai_ros_driver/include/hesai_ros_driver/hesai_ros_driver/msg/detail/ptp__type_support.h
[2.122s] -- Up-to-date symlink: /home/takuto/scout_ws/install/hesai_ros_driver/include/hesai_ros_driver/hesai_ros_driver/msg/detail/udp_frame__functions.h
[2.122s] -- Up-to-date symlink: /home/takuto/scout_ws/install/hesai_ros_driver/include/hesai_ros_driver/hesai_ros_driver/msg/detail/udp_frame__struct.h
[2.122s] -- Up-to-date symlink: /home/takuto/scout_ws/install/hesai_ros_driver/include/hesai_ros_driver/hesai_ros_driver/msg/detail/udp_frame__type_support.h
[2.123s] -- Up-to-date symlink: /home/takuto/scout_ws/install/hesai_ros_driver/include/hesai_ros_driver/hesai_ros_driver/msg/detail/udp_packet__functions.h
[2.123s] -- Up-to-date symlink: /home/takuto/scout_ws/install/hesai_ros_driver/include/hesai_ros_driver/hesai_ros_driver/msg/detail/udp_packet__struct.h
[2.123s] -- Up-to-date symlink: /home/takuto/scout_ws/install/hesai_ros_driver/include/hesai_ros_driver/hesai_ros_driver/msg/detail/udp_packet__type_support.h
[2.124s] -- Up-to-date symlink: /home/takuto/scout_ws/install/hesai_ros_driver/include/hesai_ros_driver/hesai_ros_driver/msg/firetime.h
[2.124s] -- Up-to-date symlink: /home/takuto/scout_ws/install/hesai_ros_driver/include/hesai_ros_driver/hesai_ros_driver/msg/loss_packet.h
[2.124s] -- Up-to-date symlink: /home/takuto/scout_ws/install/hesai_ros_driver/include/hesai_ros_driver/hesai_ros_driver/msg/ptp.h
[2.125s] -- Up-to-date symlink: /home/takuto/scout_ws/install/hesai_ros_driver/include/hesai_ros_driver/hesai_ros_driver/msg/rosidl_generator_c__visibility_control.h
[2.125s] -- Up-to-date symlink: /home/takuto/scout_ws/install/hesai_ros_driver/include/hesai_ros_driver/hesai_ros_driver/msg/udp_frame.h
[2.125s] -- Up-to-date symlink: /home/takuto/scout_ws/install/hesai_ros_driver/include/hesai_ros_driver/hesai_ros_driver/msg/udp_packet.h
[2.126s] -- Up-to-date symlink: /home/takuto/scout_ws/install/hesai_ros_driver/share/hesai_ros_driver/environment/library_path.sh
[2.126s] -- Up-to-date symlink: /home/takuto/scout_ws/install/hesai_ros_driver/share/hesai_ros_driver/environment/library_path.dsv
[2.126s] -- Up-to-date symlink: /home/takuto/scout_ws/install/hesai_ros_driver/include/hesai_ros_driver/hesai_ros_driver/msg/detail/firetime__rosidl_typesupport_fastrtps_c.h
[2.127s] -- Up-to-date symlink: /home/takuto/scout_ws/install/hesai_ros_driver/include/hesai_ros_driver/hesai_ros_driver/msg/detail/loss_packet__rosidl_typesupport_fastrtps_c.h
[2.127s] -- Up-to-date symlink: /home/takuto/scout_ws/install/hesai_ros_driver/include/hesai_ros_driver/hesai_ros_driver/msg/detail/ptp__rosidl_typesupport_fastrtps_c.h
[2.127s] -- Up-to-date symlink: /home/takuto/scout_ws/install/hesai_ros_driver/include/hesai_ros_driver/hesai_ros_driver/msg/detail/udp_frame__rosidl_typesupport_fastrtps_c.h
[2.128s] -- Up-to-date symlink: /home/takuto/scout_ws/install/hesai_ros_driver/include/hesai_ros_driver/hesai_ros_driver/msg/detail/udp_packet__rosidl_typesupport_fastrtps_c.h
[2.128s] -- Up-to-date symlink: /home/takuto/scout_ws/install/hesai_ros_driver/include/hesai_ros_driver/hesai_ros_driver/msg/rosidl_typesupport_fastrtps_c__visibility_control.h
[2.128s] -- Up-to-date symlink: /home/takuto/scout_ws/install/hesai_ros_driver/include/hesai_ros_driver/hesai_ros_driver/msg/detail/firetime__builder.hpp
[2.128s] -- Up-to-date symlink: /home/takuto/scout_ws/install/hesai_ros_driver/include/hesai_ros_driver/hesai_ros_driver/msg/detail/firetime__struct.hpp
[2.128s] -- Up-to-date symlink: /home/takuto/scout_ws/install/hesai_ros_driver/include/hesai_ros_driver/hesai_ros_driver/msg/detail/firetime__traits.hpp
[2.129s] -- Up-to-date symlink: /home/takuto/scout_ws/install/hesai_ros_driver/include/hesai_ros_driver/hesai_ros_driver/msg/detail/firetime__type_support.hpp
[2.129s] -- Up-to-date symlink: /home/takuto/scout_ws/install/hesai_ros_driver/include/hesai_ros_driver/hesai_ros_driver/msg/detail/loss_packet__builder.hpp
[2.129s] -- Up-to-date symlink: /home/takuto/scout_ws/install/hesai_ros_driver/include/hesai_ros_driver/hesai_ros_driver/msg/detail/loss_packet__struct.hpp
[2.129s] -- Up-to-date symlink: /home/takuto/scout_ws/install/hesai_ros_driver/include/hesai_ros_driver/hesai_ros_driver/msg/detail/loss_packet__traits.hpp
[2.129s] -- Up-to-date symlink: /home/takuto/scout_ws/install/hesai_ros_driver/include/hesai_ros_driver/hesai_ros_driver/msg/detail/loss_packet__type_support.hpp
[2.130s] -- Up-to-date symlink: /home/takuto/scout_ws/install/hesai_ros_driver/include/hesai_ros_driver/hesai_ros_driver/msg/detail/ptp__builder.hpp
[2.130s] -- Up-to-date symlink: /home/takuto/scout_ws/install/hesai_ros_driver/include/hesai_ros_driver/hesai_ros_driver/msg/detail/ptp__struct.hpp
[2.130s] -- Up-to-date symlink: /home/takuto/scout_ws/install/hesai_ros_driver/include/hesai_ros_driver/hesai_ros_driver/msg/detail/ptp__traits.hpp
[2.130s] -- Up-to-date symlink: /home/takuto/scout_ws/install/hesai_ros_driver/include/hesai_ros_driver/hesai_ros_driver/msg/detail/ptp__type_support.hpp
[2.131s] -- Up-to-date symlink: /home/takuto/scout_ws/install/hesai_ros_driver/include/hesai_ros_driver/hesai_ros_driver/msg/detail/udp_frame__builder.hpp
[2.131s] -- Up-to-date symlink: /home/takuto/scout_ws/install/hesai_ros_driver/include/hesai_ros_driver/hesai_ros_driver/msg/detail/udp_frame__struct.hpp
[2.131s] -- Up-to-date symlink: /home/takuto/scout_ws/install/hesai_ros_driver/include/hesai_ros_driver/hesai_ros_driver/msg/detail/udp_frame__traits.hpp
[2.131s] -- Up-to-date symlink: /home/takuto/scout_ws/install/hesai_ros_driver/include/hesai_ros_driver/hesai_ros_driver/msg/detail/udp_frame__type_support.hpp
[2.131s] -- Up-to-date symlink: /home/takuto/scout_ws/install/hesai_ros_driver/include/hesai_ros_driver/hesai_ros_driver/msg/detail/udp_packet__builder.hpp
[2.132s] -- Up-to-date symlink: /home/takuto/scout_ws/install/hesai_ros_driver/include/hesai_ros_driver/hesai_ros_driver/msg/detail/udp_packet__struct.hpp
[2.132s] -- Up-to-date symlink: /home/takuto/scout_ws/install/hesai_ros_driver/include/hesai_ros_driver/hesai_ros_driver/msg/detail/udp_packet__traits.hpp
[2.132s] -- Up-to-date symlink: /home/takuto/scout_ws/install/hesai_ros_driver/include/hesai_ros_driver/hesai_ros_driver/msg/detail/udp_packet__type_support.hpp
[2.132s] -- Up-to-date symlink: /home/takuto/scout_ws/install/hesai_ros_driver/include/hesai_ros_driver/hesai_ros_driver/msg/firetime.hpp
[2.132s] -- Up-to-date symlink: /home/takuto/scout_ws/install/hesai_ros_driver/include/hesai_ros_driver/hesai_ros_driver/msg/loss_packet.hpp
[2.132s] -- Up-to-date symlink: /home/takuto/scout_ws/install/hesai_ros_driver/include/hesai_ros_driver/hesai_ros_driver/msg/ptp.hpp
[2.132s] -- Up-to-date symlink: /home/takuto/scout_ws/install/hesai_ros_driver/include/hesai_ros_driver/hesai_ros_driver/msg/rosidl_generator_cpp__visibility_control.hpp
[2.132s] -- Up-to-date symlink: /home/takuto/scout_ws/install/hesai_ros_driver/include/hesai_ros_driver/hesai_ros_driver/msg/udp_frame.hpp
[2.133s] -- Up-to-date symlink: /home/takuto/scout_ws/install/hesai_ros_driver/include/hesai_ros_driver/hesai_ros_driver/msg/udp_packet.hpp
[2.133s] -- Up-to-date symlink: /home/takuto/scout_ws/install/hesai_ros_driver/include/hesai_ros_driver/hesai_ros_driver/msg/detail/firetime__rosidl_typesupport_fastrtps_cpp.hpp
[2.133s] -- Up-to-date symlink: /home/takuto/scout_ws/install/hesai_ros_driver/include/hesai_ros_driver/hesai_ros_driver/msg/detail/loss_packet__rosidl_typesupport_fastrtps_cpp.hpp
[2.134s] -- Up-to-date symlink: /home/takuto/scout_ws/install/hesai_ros_driver/include/hesai_ros_driver/hesai_ros_driver/msg/detail/ptp__rosidl_typesupport_fastrtps_cpp.hpp
[2.134s] -- Up-to-date symlink: /home/takuto/scout_ws/install/hesai_ros_driver/include/hesai_ros_driver/hesai_ros_driver/msg/detail/udp_frame__rosidl_typesupport_fastrtps_cpp.hpp
[2.134s] -- Up-to-date symlink: /home/takuto/scout_ws/install/hesai_ros_driver/include/hesai_ros_driver/hesai_ros_driver/msg/detail/udp_packet__rosidl_typesupport_fastrtps_cpp.hpp
[2.135s] -- Up-to-date symlink: /home/takuto/scout_ws/install/hesai_ros_driver/include/hesai_ros_driver/hesai_ros_driver/msg/rosidl_typesupport_fastrtps_cpp__visibility_control.h
[2.136s] -- Up-to-date symlink: /home/takuto/scout_ws/install/hesai_ros_driver/include/hesai_ros_driver/hesai_ros_driver/msg/detail/firetime__rosidl_typesupport_introspection_c.h
[2.136s] -- Up-to-date symlink: /home/takuto/scout_ws/install/hesai_ros_driver/include/hesai_ros_driver/hesai_ros_driver/msg/detail/loss_packet__rosidl_typesupport_introspection_c.h
[2.137s] -- Up-to-date symlink: /home/takuto/scout_ws/install/hesai_ros_driver/include/hesai_ros_driver/hesai_ros_driver/msg/detail/ptp__rosidl_typesupport_introspection_c.h
[2.137s] -- Up-to-date symlink: /home/takuto/scout_ws/install/hesai_ros_driver/include/hesai_ros_driver/hesai_ros_driver/msg/detail/udp_frame__rosidl_typesupport_introspection_c.h
[2.137s] -- Up-to-date symlink: /home/takuto/scout_ws/install/hesai_ros_driver/include/hesai_ros_driver/hesai_ros_driver/msg/detail/udp_packet__rosidl_typesupport_introspection_c.h
[2.138s] -- Up-to-date symlink: /home/takuto/scout_ws/install/hesai_ros_driver/include/hesai_ros_driver/hesai_ros_driver/msg/rosidl_typesupport_introspection_c__visibility_control.h
[2.139s] -- Up-to-date symlink: /home/takuto/scout_ws/install/hesai_ros_driver/include/hesai_ros_driver/hesai_ros_driver/msg/detail/firetime__rosidl_typesupport_introspection_cpp.hpp
[2.139s] -- Up-to-date symlink: /home/takuto/scout_ws/install/hesai_ros_driver/include/hesai_ros_driver/hesai_ros_driver/msg/detail/loss_packet__rosidl_typesupport_introspection_cpp.hpp
[2.140s] -- Up-to-date symlink: /home/takuto/scout_ws/install/hesai_ros_driver/include/hesai_ros_driver/hesai_ros_driver/msg/detail/ptp__rosidl_typesupport_introspection_cpp.hpp
[2.140s] -- Up-to-date symlink: /home/takuto/scout_ws/install/hesai_ros_driver/include/hesai_ros_driver/hesai_ros_driver/msg/detail/udp_frame__rosidl_typesupport_introspection_cpp.hpp
[2.140s] -- Up-to-date symlink: /home/takuto/scout_ws/install/hesai_ros_driver/include/hesai_ros_driver/hesai_ros_driver/msg/detail/udp_packet__rosidl_typesupport_introspection_cpp.hpp
[2.141s] -- Up-to-date symlink: /home/takuto/scout_ws/install/hesai_ros_driver/share/hesai_ros_driver/environment/pythonpath.sh
[2.141s] -- Up-to-date symlink: /home/takuto/scout_ws/install/hesai_ros_driver/share/hesai_ros_driver/environment/pythonpath.dsv
[2.142s] -- Up-to-date symlink: /home/takuto/scout_ws/install/hesai_ros_driver/local/lib/python3.10/dist-packages/hesai_ros_driver-1.5.0-py3.10.egg-info/PKG-INFO
[2.143s] -- Up-to-date symlink: /home/takuto/scout_ws/install/hesai_ros_driver/local/lib/python3.10/dist-packages/hesai_ros_driver-1.5.0-py3.10.egg-info/SOURCES.txt
[2.143s] -- Up-to-date symlink: /home/takuto/scout_ws/install/hesai_ros_driver/local/lib/python3.10/dist-packages/hesai_ros_driver-1.5.0-py3.10.egg-info/dependency_links.txt
[2.143s] -- Up-to-date symlink: /home/takuto/scout_ws/install/hesai_ros_driver/local/lib/python3.10/dist-packages/hesai_ros_driver-1.5.0-py3.10.egg-info/top_level.txt
[2.146s] -- Up-to-date symlink: /home/takuto/scout_ws/install/hesai_ros_driver/local/lib/python3.10/dist-packages/hesai_ros_driver/__init__.py
[2.146s] -- Up-to-date symlink: /home/takuto/scout_ws/install/hesai_ros_driver/local/lib/python3.10/dist-packages/hesai_ros_driver/_hesai_ros_driver_s.ep.rosidl_typesupport_c.c
[2.147s] -- Up-to-date symlink: /home/takuto/scout_ws/install/hesai_ros_driver/local/lib/python3.10/dist-packages/hesai_ros_driver/_hesai_ros_driver_s.ep.rosidl_typesupport_fastrtps_c.c
[2.147s] -- Up-to-date symlink: /home/takuto/scout_ws/install/hesai_ros_driver/local/lib/python3.10/dist-packages/hesai_ros_driver/_hesai_ros_driver_s.ep.rosidl_typesupport_introspection_c.c
[2.147s] -- Up-to-date symlink: /home/takuto/scout_ws/install/hesai_ros_driver/local/lib/python3.10/dist-packages/hesai_ros_driver/hesai_ros_driver_s__rosidl_typesupport_c.cpython-310-x86_64-linux-gnu.so
[2.148s] -- Up-to-date symlink: /home/takuto/scout_ws/install/hesai_ros_driver/local/lib/python3.10/dist-packages/hesai_ros_driver/hesai_ros_driver_s__rosidl_typesupport_fastrtps_c.cpython-310-x86_64-linux-gnu.so
[2.148s] -- Up-to-date symlink: /home/takuto/scout_ws/install/hesai_ros_driver/local/lib/python3.10/dist-packages/hesai_ros_driver/hesai_ros_driver_s__rosidl_typesupport_introspection_c.cpython-310-x86_64-linux-gnu.so
[2.149s] -- Up-to-date symlink: /home/takuto/scout_ws/install/hesai_ros_driver/local/lib/python3.10/dist-packages/hesai_ros_driver/libhesai_ros_driver__rosidl_generator_py.so
[2.149s] -- Up-to-date symlink: /home/takuto/scout_ws/install/hesai_ros_driver/local/lib/python3.10/dist-packages/hesai_ros_driver/msg/__init__.py
[2.149s] -- Up-to-date symlink: /home/takuto/scout_ws/install/hesai_ros_driver/local/lib/python3.10/dist-packages/hesai_ros_driver/msg/_firetime.py
[2.150s] -- Up-to-date symlink: /home/takuto/scout_ws/install/hesai_ros_driver/local/lib/python3.10/dist-packages/hesai_ros_driver/msg/_firetime_s.c
[2.150s] -- Up-to-date symlink: /home/takuto/scout_ws/install/hesai_ros_driver/local/lib/python3.10/dist-packages/hesai_ros_driver/msg/_loss_packet.py
[2.151s] -- Up-to-date symlink: /home/takuto/scout_ws/install/hesai_ros_driver/local/lib/python3.10/dist-packages/hesai_ros_driver/msg/_loss_packet_s.c
[2.151s] -- Up-to-date symlink: /home/takuto/scout_ws/install/hesai_ros_driver/local/lib/python3.10/dist-packages/hesai_ros_driver/msg/_ptp.py
[2.151s] -- Up-to-date symlink: /home/takuto/scout_ws/install/hesai_ros_driver/local/lib/python3.10/dist-packages/hesai_ros_driver/msg/_ptp_s.c
[2.152s] -- Up-to-date symlink: /home/takuto/scout_ws/install/hesai_ros_driver/local/lib/python3.10/dist-packages/hesai_ros_driver/msg/_udp_frame.py
[2.152s] -- Up-to-date symlink: /home/takuto/scout_ws/install/hesai_ros_driver/local/lib/python3.10/dist-packages/hesai_ros_driver/msg/_udp_frame_s.c
[2.153s] -- Up-to-date symlink: /home/takuto/scout_ws/install/hesai_ros_driver/local/lib/python3.10/dist-packages/hesai_ros_driver/msg/_udp_packet.py
[2.153s] -- Up-to-date symlink: /home/takuto/scout_ws/install/hesai_ros_driver/local/lib/python3.10/dist-packages/hesai_ros_driver/msg/_udp_packet_s.c
[2.153s] -- Up-to-date symlink: /home/takuto/scout_ws/install/hesai_ros_driver/local/lib/python3.10/dist-packages/hesai_ros_driver/hesai_ros_driver_s__rosidl_typesupport_fastrtps_c.cpython-310-x86_64-linux-gnu.so
[2.154s] -- Up-to-date symlink: /home/takuto/scout_ws/install/hesai_ros_driver/local/lib/python3.10/dist-packages/hesai_ros_driver/hesai_ros_driver_s__rosidl_typesupport_introspection_c.cpython-310-x86_64-linux-gnu.so
[2.155s] -- Up-to-date symlink: /home/takuto/scout_ws/install/hesai_ros_driver/local/lib/python3.10/dist-packages/hesai_ros_driver/hesai_ros_driver_s__rosidl_typesupport_c.cpython-310-x86_64-linux-gnu.so
[2.155s] -- Up-to-date symlink: /home/takuto/scout_ws/install/hesai_ros_driver/share/hesai_ros_driver/msg/UdpPacket.idl
[2.156s] -- Up-to-date symlink: /home/takuto/scout_ws/install/hesai_ros_driver/share/hesai_ros_driver/msg/UdpFrame.idl
[2.156s] -- Up-to-date symlink: /home/takuto/scout_ws/install/hesai_ros_driver/share/hesai_ros_driver/msg/Firetime.idl
[2.157s] -- Up-to-date symlink: /home/takuto/scout_ws/install/hesai_ros_driver/share/hesai_ros_driver/msg/Ptp.idl
[2.158s] -- Up-to-date symlink: /home/takuto/scout_ws/install/hesai_ros_driver/share/hesai_ros_driver/msg/LossPacket.idl
[2.158s] -- Up-to-date symlink: /home/takuto/scout_ws/install/hesai_ros_driver/share/hesai_ros_driver/msg_ros2/UdpPacket.msg
[2.159s] -- Up-to-date symlink: /home/takuto/scout_ws/install/hesai_ros_driver/share/hesai_ros_driver/msg_ros2/UdpFrame.msg
[2.159s] -- Up-to-date symlink: /home/takuto/scout_ws/install/hesai_ros_driver/share/hesai_ros_driver/msg_ros2/Firetime.msg
[2.159s] -- Up-to-date symlink: /home/takuto/scout_ws/install/hesai_ros_driver/share/hesai_ros_driver/msg_ros2/Ptp.msg
[2.160s] -- Up-to-date symlink: /home/takuto/scout_ws/install/hesai_ros_driver/share/hesai_ros_driver/msg_ros2/LossPacket.msg
[2.160s] -- Up-to-date symlink: /home/takuto/scout_ws/install/hesai_ros_driver/lib/hesai_ros_driver/hesai_ros_driver_node
[2.161s] -- Up-to-date symlink: /home/takuto/scout_ws/install/hesai_ros_driver/lib/libhesai_sdk_lib.so
[2.161s] -- Up-to-date symlink: /home/takuto/scout_ws/install/hesai_ros_driver/lib/liblog_lib.so
[2.162s] -- Up-to-date symlink: /home/takuto/scout_ws/install/hesai_ros_driver/lib/liblidar_lib.so
[2.163s] -- Up-to-date symlink: /home/takuto/scout_ws/install/hesai_ros_driver/share/hesai_ros_driver/launch/dashing_start.py
[2.163s] -- Up-to-date symlink: /home/takuto/scout_ws/install/hesai_ros_driver/share/hesai_ros_driver/launch/start.launch
[2.163s] -- Up-to-date symlink: /home/takuto/scout_ws/install/hesai_ros_driver/share/hesai_ros_driver/launch/start.py
[2.164s] -- Up-to-date symlink: /home/takuto/scout_ws/install/hesai_ros_driver/share/hesai_ros_driver/rviz/rviz.rviz
[2.164s] -- Up-to-date symlink: /home/takuto/scout_ws/install/hesai_ros_driver/share/hesai_ros_driver/rviz/rviz2.rviz
[2.164s] -- Up-to-date symlink: /home/takuto/scout_ws/install/hesai_ros_driver/share/ament_index/resource_index/package_run_dependencies/hesai_ros_driver
[2.165s] -- Up-to-date symlink: /home/takuto/scout_ws/install/hesai_ros_driver/share/ament_index/resource_index/parent_prefix_path/hesai_ros_driver
[2.165s] -- Up-to-date symlink: /home/takuto/scout_ws/install/hesai_ros_driver/share/hesai_ros_driver/environment/ament_prefix_path.sh
[2.166s] -- Up-to-date symlink: /home/takuto/scout_ws/install/hesai_ros_driver/share/hesai_ros_driver/environment/ament_prefix_path.dsv
[2.166s] -- Up-to-date symlink: /home/takuto/scout_ws/install/hesai_ros_driver/share/hesai_ros_driver/environment/path.sh
[2.167s] -- Up-to-date symlink: /home/takuto/scout_ws/install/hesai_ros_driver/share/hesai_ros_driver/environment/path.dsv
[2.167s] -- Up-to-date symlink: /home/takuto/scout_ws/install/hesai_ros_driver/share/hesai_ros_driver/local_setup.bash
[2.167s] -- Up-to-date symlink: /home/takuto/scout_ws/install/hesai_ros_driver/share/hesai_ros_driver/local_setup.sh
[2.168s] -- Up-to-date symlink: /home/takuto/scout_ws/install/hesai_ros_driver/share/hesai_ros_driver/local_setup.zsh
[2.168s] -- Up-to-date symlink: /home/takuto/scout_ws/install/hesai_ros_driver/share/hesai_ros_driver/local_setup.dsv
[2.169s] -- Symlinking: /home/takuto/scout_ws/install/hesai_ros_driver/share/hesai_ros_driver/package.dsv
[2.194s] -- Up-to-date symlink: /home/takuto/scout_ws/install/hesai_ros_driver/share/ament_index/resource_index/packages/hesai_ros_driver
[2.194s] -- Up-to-date symlink: /home/takuto/scout_ws/install/hesai_ros_driver/share/hesai_ros_driver/cmake/rosidl_cmake-extras.cmake
[2.194s] -- Up-to-date symlink: /home/takuto/scout_ws/install/hesai_ros_driver/share/hesai_ros_driver/cmake/ament_cmake_export_dependencies-extras.cmake
[2.195s] -- Up-to-date symlink: /home/takuto/scout_ws/install/hesai_ros_driver/share/hesai_ros_driver/cmake/ament_cmake_export_include_directories-extras.cmake
[2.195s] -- Up-to-date symlink: /home/takuto/scout_ws/install/hesai_ros_driver/share/hesai_ros_driver/cmake/ament_cmake_export_libraries-extras.cmake
[2.195s] -- Up-to-date symlink: /home/takuto/scout_ws/install/hesai_ros_driver/share/hesai_ros_driver/cmake/ament_cmake_export_targets-extras.cmake
[2.195s] -- Up-to-date symlink: /home/takuto/scout_ws/install/hesai_ros_driver/share/hesai_ros_driver/cmake/rosidl_cmake_export_typesupport_targets-extras.cmake
[2.196s] -- Up-to-date symlink: /home/takuto/scout_ws/install/hesai_ros_driver/share/hesai_ros_driver/cmake/rosidl_cmake_export_typesupport_libraries-extras.cmake
[2.196s] -- Up-to-date symlink: /home/takuto/scout_ws/install/hesai_ros_driver/share/hesai_ros_driver/cmake/hesai_ros_driverConfig.cmake
[2.196s] -- Up-to-date symlink: /home/takuto/scout_ws/install/hesai_ros_driver/share/hesai_ros_driver/cmake/hesai_ros_driverConfig-version.cmake
[2.197s] -- Up-to-date symlink: /home/takuto/scout_ws/install/hesai_ros_driver/share/hesai_ros_driver/package.xml
[2.198s] -- Up-to-date: /home/takuto/scout_ws/install/hesai_ros_driver/lib/libhesai_ros_driver__rosidl_generator_c.so
[2.198s] -- Up-to-date: /home/takuto/scout_ws/install/hesai_ros_driver/lib/libhesai_ros_driver__rosidl_typesupport_fastrtps_c.so
[2.199s] -- Up-to-date: /home/takuto/scout_ws/install/hesai_ros_driver/lib/libhesai_ros_driver__rosidl_typesupport_fastrtps_cpp.so
[2.200s] -- Up-to-date: /home/takuto/scout_ws/install/hesai_ros_driver/lib/libhesai_ros_driver__rosidl_typesupport_introspection_c.so
[2.201s] -- Up-to-date: /home/takuto/scout_ws/install/hesai_ros_driver/lib/libhesai_ros_driver__rosidl_typesupport_c.so
[2.202s] -- Up-to-date: /home/takuto/scout_ws/install/hesai_ros_driver/lib/libhesai_ros_driver__rosidl_typesupport_introspection_cpp.so
[2.202s] -- Up-to-date: /home/takuto/scout_ws/install/hesai_ros_driver/lib/libhesai_ros_driver__rosidl_typesupport_cpp.so
[2.285s] Listing '/home/takuto/scout_ws/install/hesai_ros_driver/local/lib/python3.10/dist-packages/hesai_ros_driver'...
[2.286s] Listing '/home/takuto/scout_ws/install/hesai_ros_driver/local/lib/python3.10/dist-packages/hesai_ros_driver/msg'...
[2.298s] -- Up-to-date: /home/takuto/scout_ws/install/hesai_ros_driver/lib/libhesai_ros_driver__rosidl_generator_py.so
[2.299s] -- Up-to-date: /home/takuto/scout_ws/install/hesai_ros_driver/share/hesai_ros_driver/cmake/export_hesai_ros_driver__rosidl_generator_cExport.cmake
[2.299s] -- Up-to-date: /home/takuto/scout_ws/install/hesai_ros_driver/share/hesai_ros_driver/cmake/export_hesai_ros_driver__rosidl_generator_cExport-release.cmake
[2.299s] -- Up-to-date: /home/takuto/scout_ws/install/hesai_ros_driver/share/hesai_ros_driver/cmake/export_hesai_ros_driver__rosidl_typesupport_fastrtps_cExport.cmake
[2.300s] -- Up-to-date: /home/takuto/scout_ws/install/hesai_ros_driver/share/hesai_ros_driver/cmake/export_hesai_ros_driver__rosidl_typesupport_fastrtps_cExport-release.cmake
[2.300s] -- Up-to-date: /home/takuto/scout_ws/install/hesai_ros_driver/share/hesai_ros_driver/cmake/export_hesai_ros_driver__rosidl_generator_cppExport.cmake
[2.300s] -- Up-to-date: /home/takuto/scout_ws/install/hesai_ros_driver/share/hesai_ros_driver/cmake/export_hesai_ros_driver__rosidl_typesupport_fastrtps_cppExport.cmake
[2.300s] -- Up-to-date: /home/takuto/scout_ws/install/hesai_ros_driver/share/hesai_ros_driver/cmake/export_hesai_ros_driver__rosidl_typesupport_fastrtps_cppExport-release.cmake
[2.301s] -- Up-to-date: /home/takuto/scout_ws/install/hesai_ros_driver/share/hesai_ros_driver/cmake/hesai_ros_driver__rosidl_typesupport_introspection_cExport.cmake
[2.301s] -- Up-to-date: /home/takuto/scout_ws/install/hesai_ros_driver/share/hesai_ros_driver/cmake/hesai_ros_driver__rosidl_typesupport_introspection_cExport-release.cmake
[2.301s] -- Up-to-date: /home/takuto/scout_ws/install/hesai_ros_driver/share/hesai_ros_driver/cmake/hesai_ros_driver__rosidl_typesupport_cExport.cmake
[2.301s] -- Up-to-date: /home/takuto/scout_ws/install/hesai_ros_driver/share/hesai_ros_driver/cmake/hesai_ros_driver__rosidl_typesupport_cExport-release.cmake
[2.302s] -- Up-to-date: /home/takuto/scout_ws/install/hesai_ros_driver/share/hesai_ros_driver/cmake/hesai_ros_driver__rosidl_typesupport_introspection_cppExport.cmake
[2.302s] -- Up-to-date: /home/takuto/scout_ws/install/hesai_ros_driver/share/hesai_ros_driver/cmake/hesai_ros_driver__rosidl_typesupport_introspection_cppExport-release.cmake
[2.302s] -- Up-to-date: /home/takuto/scout_ws/install/hesai_ros_driver/share/hesai_ros_driver/cmake/hesai_ros_driver__rosidl_typesupport_cppExport.cmake
[2.302s] -- Up-to-date: /home/takuto/scout_ws/install/hesai_ros_driver/share/hesai_ros_driver/cmake/hesai_ros_driver__rosidl_typesupport_cppExport-release.cmake
[2.302s] -- Up-to-date: /home/takuto/scout_ws/install/hesai_ros_driver/share/hesai_ros_driver/cmake/export_hesai_ros_driver__rosidl_generator_pyExport.cmake
[2.303s] -- Up-to-date: /home/takuto/scout_ws/install/hesai_ros_driver/share/hesai_ros_driver/cmake/export_hesai_ros_driver__rosidl_generator_pyExport-release.cmake
[2.311s] Invoked command in '/home/takuto/scout_ws/build/hesai_ros_driver' returned '0': CMAKE_PREFIX_PATH=${CMAKE_PREFIX_PATH}:/home/takuto/scout_ws/install/cost_cul:/home/takuto/scout_ws/install/cmd_vel_joy:/opt/ros/humble /usr/bin/cmake --install /home/takuto/scout_ws/build/hesai_ros_driver
