[35m[1mConsolidate compiler generated dependencies of target roughness_cul[0m
[ 40%] Built target roughness_cul_subscriber
[ 60%] [32mBuilding CXX object CMakeFiles/roughness_cul.dir/src/roughness_cul_Node/roughness_cul.cpp.o[0m
[01m[K/home/takuto/scout_ws/src/roughness_cul/src/roughness_cul_Node/roughness_cul.cpp:3:1:[m[K [01;31m[Kerror: [m[Kreturn type specification for constructor invalid
    3 | [01;31m[Kvoid[m[K roughness_cul::roughness_cul() : public Node("roughness_cul"){
      | [01;31m[K^~~~[m[K
[01m[K/home/takuto/scout_ws/src/roughness_cul/src/roughness_cul_Node/roughness_cul.cpp:[m[K In constructor ‘[01m[Kroughness_cul::roughness_cul()[m[K’:
[01m[K/home/takuto/scout_ws/src/roughness_cul/src/roughness_cul_Node/roughness_cul.cpp:3:39:[m[K [01;31m[Kerror: [m[Kexpected identifier before ‘[01m[Kpublic[m[K’
    3 | void roughness_cul::roughness_cul() : [01;31m[Kpublic[m[K Node("roughness_cul"){
      |                                       [01;31m[K^~~~~~[m[K
[01m[K/home/takuto/scout_ws/src/roughness_cul/src/roughness_cul_Node/roughness_cul.cpp:3:39:[m[K [01;31m[Kerror: [m[Kno matching function for call to ‘[01m[Krclcpp::Node::Node()[m[K’
In file included from [01m[K/opt/ros/humble/include/rclcpp/rclcpp/executors/single_threaded_executor.hpp:28[m[K,
                 from [01m[K/opt/ros/humble/include/rclcpp/rclcpp/executors.hpp:22[m[K,
                 from [01m[K/opt/ros/humble/include/rclcpp/rclcpp/rclcpp.hpp:155[m[K,
                 from [01m[K/home/takuto/scout_ws/src/roughness_cul/src/roughness_cul_Node/roughness_cul.hpp:1[m[K,
                 from [01m[K/home/takuto/scout_ws/src/roughness_cul/src/roughness_cul_Node/roughness_cul.cpp:1[m[K:
[01m[K/opt/ros/humble/include/rclcpp/rclcpp/node.hpp:1294:3:[m[K [01;36m[Knote: [m[Kcandidate: ‘[01m[Krclcpp::Node::Node(const rclcpp::Node&, const string&)[m[K’
 1294 |   [01;36m[KNode[m[K(
      |   [01;36m[K^~~~[m[K
[01m[K/opt/ros/humble/include/rclcpp/rclcpp/node.hpp:1294:3:[m[K [01;36m[Knote: [m[K  candidate expects 2 arguments, 0 provided
[01m[K/opt/ros/humble/include/rclcpp/rclcpp/node.hpp:101:12:[m[K [01;36m[Knote: [m[Kcandidate: ‘[01m[Krclcpp::Node::Node(const string&, const string&, const rclcpp::NodeOptions&)[m[K’
  101 |   explicit [01;36m[KNode[m[K(
      |            [01;36m[K^~~~[m[K
[01m[K/opt/ros/humble/include/rclcpp/rclcpp/node.hpp:101:12:[m[K [01;36m[Knote: [m[K  candidate expects 3 arguments, 0 provided
[01m[K/opt/ros/humble/include/rclcpp/rclcpp/node.hpp:89:12:[m[K [01;36m[Knote: [m[Kcandidate: ‘[01m[Krclcpp::Node::Node(const string&, const rclcpp::NodeOptions&)[m[K’
   89 |   explicit [01;36m[KNode[m[K(
      |            [01;36m[K^~~~[m[K
[01m[K/opt/ros/humble/include/rclcpp/rclcpp/node.hpp:89:12:[m[K [01;36m[Knote: [m[K  candidate expects 2 arguments, 0 provided
[01m[K/home/takuto/scout_ws/src/roughness_cul/src/roughness_cul_Node/roughness_cul.cpp:3:39:[m[K [01;31m[Kerror: [m[Kexpected ‘[01m[K{[m[K’ before ‘[01m[Kpublic[m[K’
    3 | void roughness_cul::roughness_cul() : [01;31m[Kpublic[m[K Node("roughness_cul"){
      |                                       [01;31m[K^~~~~~[m[K
[01m[K/home/takuto/scout_ws/src/roughness_cul/src/roughness_cul_Node/roughness_cul.cpp:[m[K At global scope:
[01m[K/home/takuto/scout_ws/src/roughness_cul/src/roughness_cul_Node/roughness_cul.cpp:3:39:[m[K [01;31m[Kerror: [m[Kexpected unqualified-id before ‘[01m[Kpublic[m[K’
[01m[K/home/takuto/scout_ws/src/roughness_cul/src/roughness_cul_Node/roughness_cul.cpp:[m[K In member function ‘[01m[Kvoid roughness_cul::pcl_sub_callback(sensor_msgs::msg::PointCloud2_<std::allocator<void> >::SharedPtr)[m[K’:
[01m[K/home/takuto/scout_ws/src/roughness_cul/src/roughness_cul_Node/roughness_cul.cpp:7:85:[m[K [01;35m[Kwarning: [m[Kunused parameter ‘[01m[Kmsg[m[K’ [[01;35m[K]8;;https://gcc.gnu.org/onlinedocs/gcc/Warning-Options.html#index-Wunused-parameter-Wunused-parameter]8;;[m[K]
    7 | ::pcl_sub_callback([01;35m[Kconst sensor_msgs::msg::PointCloud2::SharedPtr msg[m[K){
      |                    [01;35m[K~~~~~~~~~~~~~~~~~~~~~~~~~~~~~~~~~~~~~~~~~~~~~~~^~~[m[K

[01m[K/home/takuto/scout_ws/src/roughness_cul/src/roughness_cul_Node/roughness_cul.cpp:[m[K In member function ‘[01m[Kvoid roughness_cul::odom_sub_callback(nav_msgs::msg::Odometry_<std::allocator<void> >::SharedPtr)[m[K’:
[01m[K/home/takuto/scout_ws/src/roughness_cul/src/roughness_cul_Node/roughness_cul.cpp:12:24:[m[K [01;31m[Kerror: [m[K‘[01m[Kconst SharedPtr[m[K’ {aka ‘[01m[Kconst class std::shared_ptr<nav_msgs::msg::Odometry_<std::allocator<void> > >[m[K’} has no member named ‘[01m[KPose[m[K’
   12 |     robot.pose_set(msg.[01;31m[KPose[m[K.x, msg.Pose.y, msg.Pose.z);
      |                        [01;31m[K^~~~[m[K
[01m[K/home/takuto/scout_ws/src/roughness_cul/src/roughness_cul_Node/roughness_cul.cpp:12:36:[m[K [01;31m[Kerror: [m[K‘[01m[Kconst SharedPtr[m[K’ {aka ‘[01m[Kconst class std::shared_ptr<nav_msgs::msg::Odometry_<std::allocator<void> > >[m[K’} has no member named ‘[01m[KPose[m[K’
   12 |     robot.pose_set(msg.Pose.x, msg.[01;31m[KPose[m[K.y, msg.Pose.z);
      |                                    [01;31m[K^~~~[m[K
[01m[K/home/takuto/scout_ws/src/roughness_cul/src/roughness_cul_Node/roughness_cul.cpp:12:48:[m[K [01;31m[Kerror: [m[K‘[01m[Kconst SharedPtr[m[K’ {aka ‘[01m[Kconst class std::shared_ptr<nav_msgs::msg::Odometry_<std::allocator<void> > >[m[K’} has no member named ‘[01m[KPose[m[K’
   12 |     robot.pose_set(msg.Pose.x, msg.Pose.y, msg.[01;31m[KPose[m[K.z);
      |                                                [01;31m[K^~~~[m[K
gmake[2]: *** [CMakeFiles/roughness_cul.dir/build.make:76: CMakeFiles/roughness_cul.dir/src/roughness_cul_Node/roughness_cul.cpp.o] エラー 1
gmake[1]: *** [CMakeFiles/Makefile2:139: CMakeFiles/roughness_cul.dir/all] エラー 2
gmake: *** [Makefile:146: all] エラー 2
