[0.012s] Invoking command in '/home/takuto/scout_ws/build/scout_gazebo': CMAKE_PREFIX_PATH=/home/takuto/scout_ws/install/scout_gazebo:/home/takuto/scout_ws/install/hesai_ros_driver:/home/takuto/scout_ws/install/hesai_description:/home/takuto/mecanumrover_ws/install/vs_rover_options_description:/home/takuto/mecanumrover_ws/install/mecanumrover_gazebo:/home/takuto/mecanumrover_ws/install/mecanumrover3:/home/takuto/mecanumrover_ws/install/mecanumrover_description:/home/takuto/mecanumrover_ws/install/mecanumrover3_bringup:/home/takuto/uros_ws/install/micro_ros_setup:/home/takuto/uros_ws/install/micro_ros_agent:/home/takuto/uros_ws/install/micro_ros_msgs:/home/takuto/scout_ws/src/install/scout_gazebo:/home/takuto/scout_ws/src/install/hesai_ros_driver:/home/takuto/turtlebot3_ws/install/turtlebot3:/home/takuto/turtlebot3_ws/install/turtlebot3_simulations:/home/takuto/turtlebot3_ws/install/turtlebot3_bringup:/home/takuto/turtlebot3_ws/install/turtlebot3_node:/home/takuto/turtlebot3_ws/install/turtlebot3_navigation2:/home/takuto/turtlebot3_ws/install/turtlebot3_gazebo:/home/takuto/turtlebot3_ws/install/turtlebot3_fake_node:/home/takuto/turtlebot3_ws/install/turtlebot3_description:/home/takuto/turtlebot3_ws/install/turtlebot3_cartographer:/home/takuto/scout_ws/install/cost_cul:/home/takuto/scout_ws/install/cmd_vel_joy:/home/takuto/scout_ws/src/install/cmd_vel_joy:/home/takuto/turtlebot3_ws/install/turtlebot3_teleop:/home/takuto/turtlebot3_ws/install/turtlebot3_example:/home/takuto/turtlebot3_ws/install/cmd_vel_joy:/opt/ros/humble:/home/takuto/turtlebot3_ws/install/realsense_gazebo_plugin:/home/takuto/turtlebot3_ws/install/realsense2_description:/home/takuto/turtlebot3_ws/install/realsense2_camera:/home/takuto/turtlebot3_ws/install/realsense2_camera_msgs:/home/takuto/turtlebot3_ws/install/dynamixel_sdk_examples:/home/takuto/turtlebot3_ws/install/dynamixel_sdk_custom_interfaces:/home/takuto/turtlebot3_ws/install/dynamixel_sdk /usr/bin/cmake /home/takuto/scout_ws/src/scout_gazebo -DAMENT_CMAKE_SYMLINK_INSTALL=1 -DCMAKE_INSTALL_PREFIX=/home/takuto/scout_ws/install/scout_gazebo
[0.063s] -- The C compiler identification is GNU 11.4.0
[0.109s] -- The CXX compiler identification is GNU 11.4.0
[0.115s] -- Detecting C compiler ABI info
[0.182s] -- Detecting C compiler ABI info - done
[0.187s] -- Check for working C compiler: /usr/bin/cc - skipped
[0.188s] -- Detecting C compile features
[0.188s] -- Detecting C compile features - done
[0.190s] -- Detecting CXX compiler ABI info
[0.267s] -- Detecting CXX compiler ABI info - done
[0.272s] -- Check for working CXX compiler: /usr/bin/c++ - skipped
[0.272s] -- Detecting CXX compile features
[0.273s] -- Detecting CXX compile features - done
[0.278s] -- Found ament_cmake: 1.3.11 (/opt/ros/humble/share/ament_cmake/cmake)
[0.422s] -- Found Python3: /usr/bin/python3 (found version "3.10.12") found components: Interpreter 
[0.479s] -- Override CMake install command with custom implementation using symlinks instead of copying resources
[0.540s] -- Found ament_lint_auto: 0.12.12 (/opt/ros/humble/share/ament_lint_auto/cmake)
[0.641s] -- Added test 'cppcheck' to perform static code analysis on C / C++ code
[0.641s] -- Configured cppcheck include dirs: 
[0.641s] -- Configured cppcheck exclude dirs and/or files: 
[0.644s] -- Added test 'flake8' to check Python code syntax and style conventions
[0.648s] -- Added test 'lint_cmake' to check CMake code style
[0.651s] -- Added test 'pep257' to check Python code against some of the docstring style conventions in PEP 257
[0.668s] -- Added test 'uncrustify' to check C / C++ code style
[0.668s] -- Configured uncrustify additional arguments: 
[0.671s] -- Added test 'xmllint' to check XML markup files
[0.673s] -- Configuring done
[0.675s] -- Generating done
[0.676s] -- Build files have been written to: /home/takuto/scout_ws/build/scout_gazebo
[0.681s] Invoked command in '/home/takuto/scout_ws/build/scout_gazebo' returned '0': CMAKE_PREFIX_PATH=/home/takuto/scout_ws/install/scout_gazebo:/home/takuto/scout_ws/install/hesai_ros_driver:/home/takuto/scout_ws/install/hesai_description:/home/takuto/mecanumrover_ws/install/vs_rover_options_description:/home/takuto/mecanumrover_ws/install/mecanumrover_gazebo:/home/takuto/mecanumrover_ws/install/mecanumrover3:/home/takuto/mecanumrover_ws/install/mecanumrover_description:/home/takuto/mecanumrover_ws/install/mecanumrover3_bringup:/home/takuto/uros_ws/install/micro_ros_setup:/home/takuto/uros_ws/install/micro_ros_agent:/home/takuto/uros_ws/install/micro_ros_msgs:/home/takuto/scout_ws/src/install/scout_gazebo:/home/takuto/scout_ws/src/install/hesai_ros_driver:/home/takuto/turtlebot3_ws/install/turtlebot3:/home/takuto/turtlebot3_ws/install/turtlebot3_simulations:/home/takuto/turtlebot3_ws/install/turtlebot3_bringup:/home/takuto/turtlebot3_ws/install/turtlebot3_node:/home/takuto/turtlebot3_ws/install/turtlebot3_navigation2:/home/takuto/turtlebot3_ws/install/turtlebot3_gazebo:/home/takuto/turtlebot3_ws/install/turtlebot3_fake_node:/home/takuto/turtlebot3_ws/install/turtlebot3_description:/home/takuto/turtlebot3_ws/install/turtlebot3_cartographer:/home/takuto/scout_ws/install/cost_cul:/home/takuto/scout_ws/install/cmd_vel_joy:/home/takuto/scout_ws/src/install/cmd_vel_joy:/home/takuto/turtlebot3_ws/install/turtlebot3_teleop:/home/takuto/turtlebot3_ws/install/turtlebot3_example:/home/takuto/turtlebot3_ws/install/cmd_vel_joy:/opt/ros/humble:/home/takuto/turtlebot3_ws/install/realsense_gazebo_plugin:/home/takuto/turtlebot3_ws/install/realsense2_description:/home/takuto/turtlebot3_ws/install/realsense2_camera:/home/takuto/turtlebot3_ws/install/realsense2_camera_msgs:/home/takuto/turtlebot3_ws/install/dynamixel_sdk_examples:/home/takuto/turtlebot3_ws/install/dynamixel_sdk_custom_interfaces:/home/takuto/turtlebot3_ws/install/dynamixel_sdk /usr/bin/cmake /home/takuto/scout_ws/src/scout_gazebo -DAMENT_CMAKE_SYMLINK_INSTALL=1 -DCMAKE_INSTALL_PREFIX=/home/takuto/scout_ws/install/scout_gazebo
[0.682s] Invoking command in '/home/takuto/scout_ws/build/scout_gazebo': CMAKE_PREFIX_PATH=/home/takuto/scout_ws/install/scout_gazebo:/home/takuto/scout_ws/install/hesai_ros_driver:/home/takuto/scout_ws/install/hesai_description:/home/takuto/mecanumrover_ws/install/vs_rover_options_description:/home/takuto/mecanumrover_ws/install/mecanumrover_gazebo:/home/takuto/mecanumrover_ws/install/mecanumrover3:/home/takuto/mecanumrover_ws/install/mecanumrover_description:/home/takuto/mecanumrover_ws/install/mecanumrover3_bringup:/home/takuto/uros_ws/install/micro_ros_setup:/home/takuto/uros_ws/install/micro_ros_agent:/home/takuto/uros_ws/install/micro_ros_msgs:/home/takuto/scout_ws/src/install/scout_gazebo:/home/takuto/scout_ws/src/install/hesai_ros_driver:/home/takuto/turtlebot3_ws/install/turtlebot3:/home/takuto/turtlebot3_ws/install/turtlebot3_simulations:/home/takuto/turtlebot3_ws/install/turtlebot3_bringup:/home/takuto/turtlebot3_ws/install/turtlebot3_node:/home/takuto/turtlebot3_ws/install/turtlebot3_navigation2:/home/takuto/turtlebot3_ws/install/turtlebot3_gazebo:/home/takuto/turtlebot3_ws/install/turtlebot3_fake_node:/home/takuto/turtlebot3_ws/install/turtlebot3_description:/home/takuto/turtlebot3_ws/install/turtlebot3_cartographer:/home/takuto/scout_ws/install/cost_cul:/home/takuto/scout_ws/install/cmd_vel_joy:/home/takuto/scout_ws/src/install/cmd_vel_joy:/home/takuto/turtlebot3_ws/install/turtlebot3_teleop:/home/takuto/turtlebot3_ws/install/turtlebot3_example:/home/takuto/turtlebot3_ws/install/cmd_vel_joy:/opt/ros/humble:/home/takuto/turtlebot3_ws/install/realsense_gazebo_plugin:/home/takuto/turtlebot3_ws/install/realsense2_description:/home/takuto/turtlebot3_ws/install/realsense2_camera:/home/takuto/turtlebot3_ws/install/realsense2_camera_msgs:/home/takuto/turtlebot3_ws/install/dynamixel_sdk_examples:/home/takuto/turtlebot3_ws/install/dynamixel_sdk_custom_interfaces:/home/takuto/turtlebot3_ws/install/dynamixel_sdk /usr/bin/cmake --build /home/takuto/scout_ws/build/scout_gazebo -- -j16 -l16
[0.723s] Invoked command in '/home/takuto/scout_ws/build/scout_gazebo' returned '0': CMAKE_PREFIX_PATH=/home/takuto/scout_ws/install/scout_gazebo:/home/takuto/scout_ws/install/hesai_ros_driver:/home/takuto/scout_ws/install/hesai_description:/home/takuto/mecanumrover_ws/install/vs_rover_options_description:/home/takuto/mecanumrover_ws/install/mecanumrover_gazebo:/home/takuto/mecanumrover_ws/install/mecanumrover3:/home/takuto/mecanumrover_ws/install/mecanumrover_description:/home/takuto/mecanumrover_ws/install/mecanumrover3_bringup:/home/takuto/uros_ws/install/micro_ros_setup:/home/takuto/uros_ws/install/micro_ros_agent:/home/takuto/uros_ws/install/micro_ros_msgs:/home/takuto/scout_ws/src/install/scout_gazebo:/home/takuto/scout_ws/src/install/hesai_ros_driver:/home/takuto/turtlebot3_ws/install/turtlebot3:/home/takuto/turtlebot3_ws/install/turtlebot3_simulations:/home/takuto/turtlebot3_ws/install/turtlebot3_bringup:/home/takuto/turtlebot3_ws/install/turtlebot3_node:/home/takuto/turtlebot3_ws/install/turtlebot3_navigation2:/home/takuto/turtlebot3_ws/install/turtlebot3_gazebo:/home/takuto/turtlebot3_ws/install/turtlebot3_fake_node:/home/takuto/turtlebot3_ws/install/turtlebot3_description:/home/takuto/turtlebot3_ws/install/turtlebot3_cartographer:/home/takuto/scout_ws/install/cost_cul:/home/takuto/scout_ws/install/cmd_vel_joy:/home/takuto/scout_ws/src/install/cmd_vel_joy:/home/takuto/turtlebot3_ws/install/turtlebot3_teleop:/home/takuto/turtlebot3_ws/install/turtlebot3_example:/home/takuto/turtlebot3_ws/install/cmd_vel_joy:/opt/ros/humble:/home/takuto/turtlebot3_ws/install/realsense_gazebo_plugin:/home/takuto/turtlebot3_ws/install/realsense2_description:/home/takuto/turtlebot3_ws/install/realsense2_camera:/home/takuto/turtlebot3_ws/install/realsense2_camera_msgs:/home/takuto/turtlebot3_ws/install/dynamixel_sdk_examples:/home/takuto/turtlebot3_ws/install/dynamixel_sdk_custom_interfaces:/home/takuto/turtlebot3_ws/install/dynamixel_sdk /usr/bin/cmake --build /home/takuto/scout_ws/build/scout_gazebo -- -j16 -l16
[0.733s] Invoking command in '/home/takuto/scout_ws/build/scout_gazebo': CMAKE_PREFIX_PATH=/home/takuto/scout_ws/install/scout_gazebo:/home/takuto/scout_ws/install/hesai_ros_driver:/home/takuto/scout_ws/install/hesai_description:/home/takuto/mecanumrover_ws/install/vs_rover_options_description:/home/takuto/mecanumrover_ws/install/mecanumrover_gazebo:/home/takuto/mecanumrover_ws/install/mecanumrover3:/home/takuto/mecanumrover_ws/install/mecanumrover_description:/home/takuto/mecanumrover_ws/install/mecanumrover3_bringup:/home/takuto/uros_ws/install/micro_ros_setup:/home/takuto/uros_ws/install/micro_ros_agent:/home/takuto/uros_ws/install/micro_ros_msgs:/home/takuto/scout_ws/src/install/scout_gazebo:/home/takuto/scout_ws/src/install/hesai_ros_driver:/home/takuto/turtlebot3_ws/install/turtlebot3:/home/takuto/turtlebot3_ws/install/turtlebot3_simulations:/home/takuto/turtlebot3_ws/install/turtlebot3_bringup:/home/takuto/turtlebot3_ws/install/turtlebot3_node:/home/takuto/turtlebot3_ws/install/turtlebot3_navigation2:/home/takuto/turtlebot3_ws/install/turtlebot3_gazebo:/home/takuto/turtlebot3_ws/install/turtlebot3_fake_node:/home/takuto/turtlebot3_ws/install/turtlebot3_description:/home/takuto/turtlebot3_ws/install/turtlebot3_cartographer:/home/takuto/scout_ws/install/cost_cul:/home/takuto/scout_ws/install/cmd_vel_joy:/home/takuto/scout_ws/src/install/cmd_vel_joy:/home/takuto/turtlebot3_ws/install/turtlebot3_teleop:/home/takuto/turtlebot3_ws/install/turtlebot3_example:/home/takuto/turtlebot3_ws/install/cmd_vel_joy:/opt/ros/humble:/home/takuto/turtlebot3_ws/install/realsense_gazebo_plugin:/home/takuto/turtlebot3_ws/install/realsense2_description:/home/takuto/turtlebot3_ws/install/realsense2_camera:/home/takuto/turtlebot3_ws/install/realsense2_camera_msgs:/home/takuto/turtlebot3_ws/install/dynamixel_sdk_examples:/home/takuto/turtlebot3_ws/install/dynamixel_sdk_custom_interfaces:/home/takuto/turtlebot3_ws/install/dynamixel_sdk /usr/bin/cmake --install /home/takuto/scout_ws/build/scout_gazebo
[0.741s] -- Install configuration: ""
[0.741s] -- Execute custom install script
[0.742s] -- Symlinking: /home/takuto/scout_ws/install/scout_gazebo/share/scout_gazebo/environment/99_scout_gazebo_paths.dsv
[0.751s] -- Symlinking: /home/takuto/scout_ws/install/scout_gazebo/share/scout_gazebo/meshes/1_Link.STL
[0.760s] -- Symlinking: /home/takuto/scout_ws/install/scout_gazebo/share/scout_gazebo/meshes/2_Link.STL
[0.769s] -- Symlinking: /home/takuto/scout_ws/install/scout_gazebo/share/scout_gazebo/meshes/3_Link.STL
[0.777s] -- Symlinking: /home/takuto/scout_ws/install/scout_gazebo/share/scout_gazebo/meshes/4_Link.STL
[0.785s] -- Symlinking: /home/takuto/scout_ws/install/scout_gazebo/share/scout_gazebo/meshes/base_link.dae
[0.793s] -- Symlinking: /home/takuto/scout_ws/install/scout_gazebo/share/scout_gazebo/meshes/base_link_full.dae
[0.802s] -- Symlinking: /home/takuto/scout_ws/install/scout_gazebo/share/scout_gazebo/meshes/box_link.STL
[0.810s] -- Symlinking: /home/takuto/scout_ws/install/scout_gazebo/share/scout_gazebo/meshes/scout_mini_base_link.STL
[0.817s] -- Symlinking: /home/takuto/scout_ws/install/scout_gazebo/share/scout_gazebo/meshes/scout_mini_base_link.dae
[0.826s] -- Symlinking: /home/takuto/scout_ws/install/scout_gazebo/share/scout_gazebo/meshes/scout_mini_base_link2.dae
[0.835s] -- Symlinking: /home/takuto/scout_ws/install/scout_gazebo/share/scout_gazebo/meshes/scout_mini_base_link2.stl
[0.844s] -- Symlinking: /home/takuto/scout_ws/install/scout_gazebo/share/scout_gazebo/meshes/wheel.dae
[0.852s] -- Symlinking: /home/takuto/scout_ws/install/scout_gazebo/share/scout_gazebo/meshes/wheel_type1.dae
[0.861s] -- Symlinking: /home/takuto/scout_ws/install/scout_gazebo/share/scout_gazebo/meshes/wheel_type2.dae
[0.869s] -- Symlinking: /home/takuto/scout_ws/install/scout_gazebo/share/scout_gazebo/urdf/scout.urdf
[0.878s] -- Symlinking: /home/takuto/scout_ws/install/scout_gazebo/share/scout_gazebo/launch/launch.py
[0.886s] -- Symlinking: /home/takuto/scout_ws/install/scout_gazebo/share/scout_gazebo/launch/launch2.py
[0.895s] -- Symlinking: /home/takuto/scout_ws/install/scout_gazebo/share/scout_gazebo/models/testworld/meshes/world.dae
[0.903s] -- Symlinking: /home/takuto/scout_ws/install/scout_gazebo/share/scout_gazebo/models/testworld/meshes/world.stl
[0.911s] -- Symlinking: /home/takuto/scout_ws/install/scout_gazebo/share/scout_gazebo/models/testworld/model.config
[0.920s] -- Symlinking: /home/takuto/scout_ws/install/scout_gazebo/share/scout_gazebo/models/testworld/model.sdf
[0.930s] -- Symlinking: /home/takuto/scout_ws/install/scout_gazebo/share/scout_gazebo/worlds/field.world
[0.941s] -- Symlinking: /home/takuto/scout_ws/install/scout_gazebo/share/scout_gazebo/worlds/inspection.world
[0.950s] -- Symlinking: /home/takuto/scout_ws/install/scout_gazebo/share/scout_gazebo/worlds/slope.world
[0.959s] -- Symlinking: /home/takuto/scout_ws/install/scout_gazebo/share/scout_gazebo/worlds/testworld.world
[0.968s] -- Symlinking: /home/takuto/scout_ws/install/scout_gazebo/share/scout_gazebo/worlds/yosemite.world
[0.977s] -- Symlinking: /home/takuto/scout_ws/install/scout_gazebo/share/scout_gazebo/rviz/scout_gazebo.rviz
[0.986s] -- Symlinking: /home/takuto/scout_ws/install/scout_gazebo/share/ament_index/resource_index/package_run_dependencies/scout_gazebo
[0.994s] -- Symlinking: /home/takuto/scout_ws/install/scout_gazebo/share/ament_index/resource_index/parent_prefix_path/scout_gazebo
[1.003s] -- Symlinking: /home/takuto/scout_ws/install/scout_gazebo/share/scout_gazebo/environment/ament_prefix_path.sh
[1.011s] -- Symlinking: /home/takuto/scout_ws/install/scout_gazebo/share/scout_gazebo/environment/ament_prefix_path.dsv
[1.020s] -- Symlinking: /home/takuto/scout_ws/install/scout_gazebo/share/scout_gazebo/environment/path.sh
[1.029s] -- Symlinking: /home/takuto/scout_ws/install/scout_gazebo/share/scout_gazebo/environment/path.dsv
[1.038s] -- Symlinking: /home/takuto/scout_ws/install/scout_gazebo/share/scout_gazebo/local_setup.bash
[1.047s] -- Symlinking: /home/takuto/scout_ws/install/scout_gazebo/share/scout_gazebo/local_setup.sh
[1.056s] -- Symlinking: /home/takuto/scout_ws/install/scout_gazebo/share/scout_gazebo/local_setup.zsh
[1.064s] -- Symlinking: /home/takuto/scout_ws/install/scout_gazebo/share/scout_gazebo/local_setup.dsv
[1.072s] -- Symlinking: /home/takuto/scout_ws/install/scout_gazebo/share/scout_gazebo/package.dsv
[1.081s] -- Symlinking: /home/takuto/scout_ws/install/scout_gazebo/share/ament_index/resource_index/packages/scout_gazebo
[1.090s] -- Symlinking: /home/takuto/scout_ws/install/scout_gazebo/share/scout_gazebo/cmake/scout_gazeboConfig.cmake
[1.098s] -- Symlinking: /home/takuto/scout_ws/install/scout_gazebo/share/scout_gazebo/cmake/scout_gazeboConfig-version.cmake
[1.107s] -- Symlinking: /home/takuto/scout_ws/install/scout_gazebo/share/scout_gazebo/package.xml
[1.117s] Invoked command in '/home/takuto/scout_ws/build/scout_gazebo' returned '0': CMAKE_PREFIX_PATH=/home/takuto/scout_ws/install/scout_gazebo:/home/takuto/scout_ws/install/hesai_ros_driver:/home/takuto/scout_ws/install/hesai_description:/home/takuto/mecanumrover_ws/install/vs_rover_options_description:/home/takuto/mecanumrover_ws/install/mecanumrover_gazebo:/home/takuto/mecanumrover_ws/install/mecanumrover3:/home/takuto/mecanumrover_ws/install/mecanumrover_description:/home/takuto/mecanumrover_ws/install/mecanumrover3_bringup:/home/takuto/uros_ws/install/micro_ros_setup:/home/takuto/uros_ws/install/micro_ros_agent:/home/takuto/uros_ws/install/micro_ros_msgs:/home/takuto/scout_ws/src/install/scout_gazebo:/home/takuto/scout_ws/src/install/hesai_ros_driver:/home/takuto/turtlebot3_ws/install/turtlebot3:/home/takuto/turtlebot3_ws/install/turtlebot3_simulations:/home/takuto/turtlebot3_ws/install/turtlebot3_bringup:/home/takuto/turtlebot3_ws/install/turtlebot3_node:/home/takuto/turtlebot3_ws/install/turtlebot3_navigation2:/home/takuto/turtlebot3_ws/install/turtlebot3_gazebo:/home/takuto/turtlebot3_ws/install/turtlebot3_fake_node:/home/takuto/turtlebot3_ws/install/turtlebot3_description:/home/takuto/turtlebot3_ws/install/turtlebot3_cartographer:/home/takuto/scout_ws/install/cost_cul:/home/takuto/scout_ws/install/cmd_vel_joy:/home/takuto/scout_ws/src/install/cmd_vel_joy:/home/takuto/turtlebot3_ws/install/turtlebot3_teleop:/home/takuto/turtlebot3_ws/install/turtlebot3_example:/home/takuto/turtlebot3_ws/install/cmd_vel_joy:/opt/ros/humble:/home/takuto/turtlebot3_ws/install/realsense_gazebo_plugin:/home/takuto/turtlebot3_ws/install/realsense2_description:/home/takuto/turtlebot3_ws/install/realsense2_camera:/home/takuto/turtlebot3_ws/install/realsense2_camera_msgs:/home/takuto/turtlebot3_ws/install/dynamixel_sdk_examples:/home/takuto/turtlebot3_ws/install/dynamixel_sdk_custom_interfaces:/home/takuto/turtlebot3_ws/install/dynamixel_sdk /usr/bin/cmake --install /home/takuto/scout_ws/build/scout_gazebo
