[0.011s] Invoking command in '/home/takuto/scout_ws/build/scout_gazebo': CMAKE_PREFIX_PATH=/home/takuto/scout_ws/install/scout_gazebo:/home/takuto/turtlebot3_ws/install/turtlebot3:/home/takuto/turtlebot3_ws/install/turtlebot3_simulations:/home/takuto/turtlebot3_ws/install/turtlebot3_bringup:/home/takuto/turtlebot3_ws/install/turtlebot3_node:/home/takuto/turtlebot3_ws/install/turtlebot3_navigation2:/home/takuto/turtlebot3_ws/install/turtlebot3_gazebo:/home/takuto/turtlebot3_ws/install/turtlebot3_fake_node:/home/takuto/turtlebot3_ws/install/turtlebot3_description:/home/takuto/turtlebot3_ws/install/turtlebot3_cartographer:/home/takuto/turtlebot3_ws/install/turtlebot3_teleop:/home/takuto/turtlebot3_ws/install/turtlebot3_example:/opt/ros/humble:/home/takuto/turtlebot3_ws/install/realsense_gazebo_plugin:/home/takuto/turtlebot3_ws/install/realsense2_description:/home/takuto/turtlebot3_ws/install/realsense2_camera:/home/takuto/turtlebot3_ws/install/realsense2_camera_msgs:/home/takuto/turtlebot3_ws/install/dynamixel_sdk_examples:/home/takuto/turtlebot3_ws/install/dynamixel_sdk_custom_interfaces:/home/takuto/turtlebot3_ws/install/dynamixel_sdk /usr/bin/cmake --build /home/takuto/scout_ws/build/scout_gazebo -- -j16 -l16
[0.036s] -- Found ament_cmake: 1.3.11 (/opt/ros/humble/share/ament_cmake/cmake)
[0.138s] -- Found ament_lint_auto: 0.12.12 (/opt/ros/humble/share/ament_lint_auto/cmake)
[0.193s] -- Added test 'flake8' to check Python code syntax and style conventions
[0.193s] -- Added test 'lint_cmake' to check CMake code style
[0.193s] -- Added test 'pep257' to check Python code against some of the docstring style conventions in PEP 257
[0.194s] -- Added test 'xmllint' to check XML markup files
[0.194s] -- Configuring done
[0.197s] -- Generating done
[0.199s] -- Build files have been written to: /home/takuto/scout_ws/build/scout_gazebo
[0.224s] Invoked command in '/home/takuto/scout_ws/build/scout_gazebo' returned '0': CMAKE_PREFIX_PATH=/home/takuto/scout_ws/install/scout_gazebo:/home/takuto/turtlebot3_ws/install/turtlebot3:/home/takuto/turtlebot3_ws/install/turtlebot3_simulations:/home/takuto/turtlebot3_ws/install/turtlebot3_bringup:/home/takuto/turtlebot3_ws/install/turtlebot3_node:/home/takuto/turtlebot3_ws/install/turtlebot3_navigation2:/home/takuto/turtlebot3_ws/install/turtlebot3_gazebo:/home/takuto/turtlebot3_ws/install/turtlebot3_fake_node:/home/takuto/turtlebot3_ws/install/turtlebot3_description:/home/takuto/turtlebot3_ws/install/turtlebot3_cartographer:/home/takuto/turtlebot3_ws/install/turtlebot3_teleop:/home/takuto/turtlebot3_ws/install/turtlebot3_example:/opt/ros/humble:/home/takuto/turtlebot3_ws/install/realsense_gazebo_plugin:/home/takuto/turtlebot3_ws/install/realsense2_description:/home/takuto/turtlebot3_ws/install/realsense2_camera:/home/takuto/turtlebot3_ws/install/realsense2_camera_msgs:/home/takuto/turtlebot3_ws/install/dynamixel_sdk_examples:/home/takuto/turtlebot3_ws/install/dynamixel_sdk_custom_interfaces:/home/takuto/turtlebot3_ws/install/dynamixel_sdk /usr/bin/cmake --build /home/takuto/scout_ws/build/scout_gazebo -- -j16 -l16
[0.235s] Invoking command in '/home/takuto/scout_ws/build/scout_gazebo': CMAKE_PREFIX_PATH=/home/takuto/scout_ws/install/scout_gazebo:/home/takuto/turtlebot3_ws/install/turtlebot3:/home/takuto/turtlebot3_ws/install/turtlebot3_simulations:/home/takuto/turtlebot3_ws/install/turtlebot3_bringup:/home/takuto/turtlebot3_ws/install/turtlebot3_node:/home/takuto/turtlebot3_ws/install/turtlebot3_navigation2:/home/takuto/turtlebot3_ws/install/turtlebot3_gazebo:/home/takuto/turtlebot3_ws/install/turtlebot3_fake_node:/home/takuto/turtlebot3_ws/install/turtlebot3_description:/home/takuto/turtlebot3_ws/install/turtlebot3_cartographer:/home/takuto/turtlebot3_ws/install/turtlebot3_teleop:/home/takuto/turtlebot3_ws/install/turtlebot3_example:/opt/ros/humble:/home/takuto/turtlebot3_ws/install/realsense_gazebo_plugin:/home/takuto/turtlebot3_ws/install/realsense2_description:/home/takuto/turtlebot3_ws/install/realsense2_camera:/home/takuto/turtlebot3_ws/install/realsense2_camera_msgs:/home/takuto/turtlebot3_ws/install/dynamixel_sdk_examples:/home/takuto/turtlebot3_ws/install/dynamixel_sdk_custom_interfaces:/home/takuto/turtlebot3_ws/install/dynamixel_sdk /usr/bin/cmake --install /home/takuto/scout_ws/build/scout_gazebo
[0.241s] -- Install configuration: ""
[0.241s] -- Installing: /home/takuto/scout_ws/install/scout_gazebo/share/scout_gazebo/urdf
[0.241s] -- Installing: /home/takuto/scout_ws/install/scout_gazebo/share/scout_gazebo/urdf/base_link.STL
[0.342s] -- Installing: /home/takuto/scout_ws/install/scout_gazebo/share/scout_gazebo/urdf/pro.urdf
[0.343s] -- Installing: /home/takuto/scout_ws/install/scout_gazebo/share/scout_gazebo/launch
[0.343s] -- Installing: /home/takuto/scout_ws/install/scout_gazebo/share/scout_gazebo/launch/launch.py
[0.343s] -- Up-to-date: /home/takuto/scout_ws/install/scout_gazebo/share/ament_index/resource_index/package_run_dependencies/scout_gazebo
[0.343s] -- Installing: /home/takuto/scout_ws/install/scout_gazebo/share/ament_index/resource_index/parent_prefix_path/scout_gazebo
[0.343s] -- Up-to-date: /home/takuto/scout_ws/install/scout_gazebo/share/scout_gazebo/environment/ament_prefix_path.sh
[0.343s] -- Installing: /home/takuto/scout_ws/install/scout_gazebo/share/scout_gazebo/environment/ament_prefix_path.dsv
[0.344s] -- Up-to-date: /home/takuto/scout_ws/install/scout_gazebo/share/scout_gazebo/environment/path.sh
[0.344s] -- Installing: /home/takuto/scout_ws/install/scout_gazebo/share/scout_gazebo/environment/path.dsv
[0.344s] -- Up-to-date: /home/takuto/scout_ws/install/scout_gazebo/share/scout_gazebo/local_setup.bash
[0.344s] -- Up-to-date: /home/takuto/scout_ws/install/scout_gazebo/share/scout_gazebo/local_setup.sh
[0.344s] -- Up-to-date: /home/takuto/scout_ws/install/scout_gazebo/share/scout_gazebo/local_setup.zsh
[0.344s] -- Installing: /home/takuto/scout_ws/install/scout_gazebo/share/scout_gazebo/local_setup.dsv
[0.344s] -- Installing: /home/takuto/scout_ws/install/scout_gazebo/share/scout_gazebo/package.dsv
[0.344s] -- Up-to-date: /home/takuto/scout_ws/install/scout_gazebo/share/ament_index/resource_index/packages/scout_gazebo
[0.344s] -- Up-to-date: /home/takuto/scout_ws/install/scout_gazebo/share/scout_gazebo/cmake/scout_gazeboConfig.cmake
[0.344s] -- Up-to-date: /home/takuto/scout_ws/install/scout_gazebo/share/scout_gazebo/cmake/scout_gazeboConfig-version.cmake
[0.344s] -- Up-to-date: /home/takuto/scout_ws/install/scout_gazebo/share/scout_gazebo/package.xml
[0.347s] Invoked command in '/home/takuto/scout_ws/build/scout_gazebo' returned '0': CMAKE_PREFIX_PATH=/home/takuto/scout_ws/install/scout_gazebo:/home/takuto/turtlebot3_ws/install/turtlebot3:/home/takuto/turtlebot3_ws/install/turtlebot3_simulations:/home/takuto/turtlebot3_ws/install/turtlebot3_bringup:/home/takuto/turtlebot3_ws/install/turtlebot3_node:/home/takuto/turtlebot3_ws/install/turtlebot3_navigation2:/home/takuto/turtlebot3_ws/install/turtlebot3_gazebo:/home/takuto/turtlebot3_ws/install/turtlebot3_fake_node:/home/takuto/turtlebot3_ws/install/turtlebot3_description:/home/takuto/turtlebot3_ws/install/turtlebot3_cartographer:/home/takuto/turtlebot3_ws/install/turtlebot3_teleop:/home/takuto/turtlebot3_ws/install/turtlebot3_example:/opt/ros/humble:/home/takuto/turtlebot3_ws/install/realsense_gazebo_plugin:/home/takuto/turtlebot3_ws/install/realsense2_description:/home/takuto/turtlebot3_ws/install/realsense2_camera:/home/takuto/turtlebot3_ws/install/realsense2_camera_msgs:/home/takuto/turtlebot3_ws/install/dynamixel_sdk_examples:/home/takuto/turtlebot3_ws/install/dynamixel_sdk_custom_interfaces:/home/takuto/turtlebot3_ws/install/dynamixel_sdk /usr/bin/cmake --install /home/takuto/scout_ws/build/scout_gazebo
