-- Found ament_cmake: 1.3.11 (/opt/ros/humble/share/ament_cmake/cmake)
-- Override CMake install command with custom implementation using symlinks instead of copying resources
-- Configuring done
-- Generating done
-- Build files have been written to: /home/takuto/scout_ws/build/scout_mini_control
-- Install configuration: ""
-- Execute custom install script
-- Up-to-date symlink: /home/takuto/scout_ws/install/scout_mini_control/share/scout_mini_control/config/scout_mini_control.yaml
-- Up-to-date symlink: /home/takuto/scout_ws/install/scout_mini_control/share/ament_index/resource_index/package_run_dependencies/scout_mini_control
-- Up-to-date symlink: /home/takuto/scout_ws/install/scout_mini_control/share/ament_index/resource_index/parent_prefix_path/scout_mini_control
-- Up-to-date symlink: /home/takuto/scout_ws/install/scout_mini_control/share/scout_mini_control/environment/ament_prefix_path.sh
-- Up-to-date symlink: /home/takuto/scout_ws/install/scout_mini_control/share/scout_mini_control/environment/ament_prefix_path.dsv
-- Up-to-date symlink: /home/takuto/scout_ws/install/scout_mini_control/share/scout_mini_control/environment/path.sh
-- Up-to-date symlink: /home/takuto/scout_ws/install/scout_mini_control/share/scout_mini_control/environment/path.dsv
-- Up-to-date symlink: /home/takuto/scout_ws/install/scout_mini_control/share/scout_mini_control/local_setup.bash
-- Up-to-date symlink: /home/takuto/scout_ws/install/scout_mini_control/share/scout_mini_control/local_setup.sh
-- Up-to-date symlink: /home/takuto/scout_ws/install/scout_mini_control/share/scout_mini_control/local_setup.zsh
-- Up-to-date symlink: /home/takuto/scout_ws/install/scout_mini_control/share/scout_mini_control/local_setup.dsv
-- Symlinking: /home/takuto/scout_ws/install/scout_mini_control/share/scout_mini_control/package.dsv
-- Up-to-date symlink: /home/takuto/scout_ws/install/scout_mini_control/share/ament_index/resource_index/packages/scout_mini_control
-- Up-to-date symlink: /home/takuto/scout_ws/install/scout_mini_control/share/scout_mini_control/cmake/scout_mini_controlConfig.cmake
-- Up-to-date symlink: /home/takuto/scout_ws/install/scout_mini_control/share/scout_mini_control/cmake/scout_mini_controlConfig-version.cmake
-- Up-to-date symlink: /home/takuto/scout_ws/install/scout_mini_control/share/scout_mini_control/package.xml
