[31mCMake Error at /opt/ros/humble/share/rclcpp_components/cmake/rclcpp_components_register_node.cmake:70 (file):
  Error evaluating generator expression:

    $<TARGET_FILE_NAME:roughness_cul_lib>

  No target "roughness_cul_lib"
Call Stack (most recent call first):
  CMakeLists.txt:19 (rclcpp_components_register_node)

[0m
[31mCMake Error at /opt/ros/humble/share/rclcpp_components/cmake/rclcpp_components_register_node.cmake:70 (file):
  Error evaluating generator expression:

    $<TARGET_FILE_NAME:roughness_cul_lib>

  No target "roughness_cul_lib"
Call Stack (most recent call first):
  CMakeLists.txt:19 (rclcpp_components_register_node)

[0m
[31mCMake Error at /opt/ros/humble/share/ament_cmake_core/cmake/index/ament_index_register_resource.cmake:93 (file):
  Error evaluating generator expression:

    $<TARGET_FILE_NAME:roughness_cul_lib>

  No target "roughness_cul_lib"
Call Stack (most recent call first):
  /opt/ros/humble/share/rclcpp_components/cmake/rclcpp_components_package_hook.cmake:18 (ament_index_register_resource)
  /opt/ros/humble/share/ament_cmake_core/cmake/core/ament_execute_extensions.cmake:48 (include)
  /opt/ros/humble/share/ament_cmake_core/cmake/core/ament_package.cmake:66 (ament_execute_extensions)
  /opt/ros/humble/share/ament_cmake_auto/cmake/ament_auto_package.cmake:102 (ament_package)
  CMakeLists.txt:29 (ament_auto_package)

[0m
[31mCMake Error at /opt/ros/humble/share/ament_cmake_core/cmake/index/ament_index_register_resource.cmake:93 (file):
  Error evaluating generator expression:

    $<TARGET_FILE_NAME:roughness_cul_lib>

  No target "roughness_cul_lib"
Call Stack (most recent call first):
  /opt/ros/humble/share/rclcpp_components/cmake/rclcpp_components_package_hook.cmake:18 (ament_index_register_resource)
  /opt/ros/humble/share/ament_cmake_core/cmake/core/ament_execute_extensions.cmake:48 (include)
  /opt/ros/humble/share/ament_cmake_core/cmake/core/ament_package.cmake:66 (ament_execute_extensions)
  /opt/ros/humble/share/ament_cmake_auto/cmake/ament_auto_package.cmake:102 (ament_package)
  CMakeLists.txt:29 (ament_auto_package)

[0m
[0mCMake Generate step failed.  Build files cannot be regenerated correctly.[0m
