[0.886s] Invoking command in '/home/takuto/scout_ws/build/roughness_slope_astar': CMAKE_PREFIX_PATH=${CMAKE_PREFIX_PATH}:/home/takuto/scout_ws/install/cost_cul:/home/takuto/scout_ws/install/cmd_vel_joy:/opt/ros/humble /usr/bin/cmake --build /home/takuto/scout_ws/build/roughness_slope_astar -- -j16 -l16
[0.971s] [35m[1mConsolidate compiler generated dependencies of target roughness_slope_astar_node[0m
[1.039s] [ 20%] [32mBuilding CXX object CMakeFiles/roughness_slope_astar_node.dir/src/RoughnessSlopeAstar/RoughnessSlopeAstar.cpp.o[0m
[18.407s] [ 40%] [32m[1mLinking CXX executable roughness_slope_astar_node[0m
[19.284s] [100%] Built target roughness_slope_astar_node
[19.304s] Invoked command in '/home/takuto/scout_ws/build/roughness_slope_astar' returned '0': CMAKE_PREFIX_PATH=${CMAKE_PREFIX_PATH}:/home/takuto/scout_ws/install/cost_cul:/home/takuto/scout_ws/install/cmd_vel_joy:/opt/ros/humble /usr/bin/cmake --build /home/takuto/scout_ws/build/roughness_slope_astar -- -j16 -l16
[19.306s] Invoking command in '/home/takuto/scout_ws/build/roughness_slope_astar': CMAKE_PREFIX_PATH=${CMAKE_PREFIX_PATH}:/home/takuto/scout_ws/install/cost_cul:/home/takuto/scout_ws/install/cmd_vel_joy:/opt/ros/humble /usr/bin/cmake --install /home/takuto/scout_ws/build/roughness_slope_astar
[19.317s] -- Install configuration: ""
[19.318s] -- Installing: /home/takuto/scout_ws/install/roughness_slope_astar/lib/roughness_slope_astar/roughness_slope_astar_node
[19.332s] -- Set runtime path of "/home/takuto/scout_ws/install/roughness_slope_astar/lib/roughness_slope_astar/roughness_slope_astar_node" to ""
[19.332s] -- Up-to-date: /home/takuto/scout_ws/install/roughness_slope_astar/share/ament_index/resource_index/package_run_dependencies/roughness_slope_astar
[19.332s] -- Up-to-date: /home/takuto/scout_ws/install/roughness_slope_astar/share/ament_index/resource_index/parent_prefix_path/roughness_slope_astar
[19.333s] -- Up-to-date: /home/takuto/scout_ws/install/roughness_slope_astar/share/roughness_slope_astar/environment/ament_prefix_path.sh
[19.333s] -- Up-to-date: /home/takuto/scout_ws/install/roughness_slope_astar/share/roughness_slope_astar/environment/ament_prefix_path.dsv
[19.333s] -- Up-to-date: /home/takuto/scout_ws/install/roughness_slope_astar/share/roughness_slope_astar/environment/path.sh
[19.333s] -- Up-to-date: /home/takuto/scout_ws/install/roughness_slope_astar/share/roughness_slope_astar/environment/path.dsv
[19.333s] -- Up-to-date: /home/takuto/scout_ws/install/roughness_slope_astar/share/roughness_slope_astar/local_setup.bash
[19.333s] -- Up-to-date: /home/takuto/scout_ws/install/roughness_slope_astar/share/roughness_slope_astar/local_setup.sh
[19.333s] -- Up-to-date: /home/takuto/scout_ws/install/roughness_slope_astar/share/roughness_slope_astar/local_setup.zsh
[19.333s] -- Up-to-date: /home/takuto/scout_ws/install/roughness_slope_astar/share/roughness_slope_astar/local_setup.dsv
[19.333s] -- Installing: /home/takuto/scout_ws/install/roughness_slope_astar/share/roughness_slope_astar/package.dsv
[19.333s] -- Up-to-date: /home/takuto/scout_ws/install/roughness_slope_astar/share/ament_index/resource_index/packages/roughness_slope_astar
[19.334s] -- Up-to-date: /home/takuto/scout_ws/install/roughness_slope_astar/share/roughness_slope_astar/cmake/roughness_slope_astarConfig.cmake
[19.334s] -- Up-to-date: /home/takuto/scout_ws/install/roughness_slope_astar/share/roughness_slope_astar/cmake/roughness_slope_astarConfig-version.cmake
[19.334s] -- Up-to-date: /home/takuto/scout_ws/install/roughness_slope_astar/share/roughness_slope_astar/package.xml
[19.338s] Invoked command in '/home/takuto/scout_ws/build/roughness_slope_astar' returned '0': CMAKE_PREFIX_PATH=${CMAKE_PREFIX_PATH}:/home/takuto/scout_ws/install/cost_cul:/home/takuto/scout_ws/install/cmd_vel_joy:/opt/ros/humble /usr/bin/cmake --install /home/takuto/scout_ws/build/roughness_slope_astar
