[0.212s] DEBUG:colcon:Command line arguments: ['/usr/bin/colcon', 'build']
[0.212s] DEBUG:colcon:Parsed command line arguments: Namespace(log_base=None, log_level=None, verb_name='build', build_base='build', install_base='install', merge_install=False, symlink_install=False, test_result_base=None, continue_on_error=False, executor='parallel', parallel_workers=16, event_handlers=None, ignore_user_meta=False, metas=['./colcon.meta'], base_paths=['.'], packages_ignore=None, packages_ignore_regex=None, paths=None, packages_up_to=None, packages_up_to_regex=None, packages_above=None, packages_above_and_dependencies=None, packages_above_depth=None, packages_select_by_dep=None, packages_skip_by_dep=None, packages_skip_up_to=None, packages_select_build_failed=False, packages_skip_build_finished=False, packages_select_test_failures=False, packages_skip_test_passed=False, packages_select=None, packages_skip=None, packages_select_regex=None, packages_skip_regex=None, packages_start=None, packages_end=None, allow_overriding=[], ament_gradle_args=None, ament_gradle_task=None, cmake_args=None, cmake_target=None, cmake_target_skip_unavailable=False, cmake_clean_cache=False, cmake_clean_first=False, cmake_force_configure=False, gradle_args=None, gradle_task=None, ament_cmake_args=None, catkin_cmake_args=None, catkin_skip_building_tests=False, verb_parser=<colcon_defaults.argument_parser.defaults.DefaultArgumentsDecorator object at 0x7981a4368280>, verb_extension=<colcon_core.verb.build.BuildVerb object at 0x7981a432f910>, main=<bound method BuildVerb.main of <colcon_core.verb.build.BuildVerb object at 0x7981a432f910>>)
[0.411s] Level 1:colcon.colcon_core.package_discovery:discover_packages(colcon_meta) check parameters
[0.412s] Level 1:colcon.colcon_core.package_discovery:discover_packages(recursive) check parameters
[0.412s] Level 1:colcon.colcon_core.package_discovery:discover_packages(ignore) check parameters
[0.412s] Level 1:colcon.colcon_core.package_discovery:discover_packages(path) check parameters
[0.412s] Level 1:colcon.colcon_core.package_discovery:discover_packages(colcon_meta) discover
[0.412s] Level 1:colcon.colcon_core.package_discovery:discover_packages(recursive) discover
[0.412s] INFO:colcon.colcon_core.package_discovery:Crawling recursively for packages in '/home/takuto/scout_ws/src/roughness_cul'
[0.412s] Level 1:colcon.colcon_core.package_identification:_identify(.) by extensions ['ignore', 'ignore_ament_install']
[0.412s] Level 1:colcon.colcon_core.package_identification:_identify(.) by extension 'ignore'
[0.412s] Level 1:colcon.colcon_core.package_identification:_identify(.) by extension 'ignore_ament_install'
[0.412s] Level 1:colcon.colcon_core.package_identification:_identify(.) by extensions ['colcon_pkg']
[0.412s] Level 1:colcon.colcon_core.package_identification:_identify(.) by extension 'colcon_pkg'
[0.412s] Level 1:colcon.colcon_core.package_identification:_identify(.) by extensions ['colcon_meta']
[0.413s] Level 1:colcon.colcon_core.package_identification:_identify(.) by extension 'colcon_meta'
[0.413s] Level 1:colcon.colcon_core.package_identification:_identify(.) by extensions ['ament_gradle']
[0.413s] Level 1:colcon.colcon_core.package_identification:_identify(.) by extension 'ament_gradle'
[0.413s] Level 1:colcon.colcon_core.package_identification:_identify(.) by extensions ['ros']
[0.413s] Level 1:colcon.colcon_core.package_identification:_identify(.) by extension 'ros'
[0.428s] DEBUG:colcon.colcon_core.package_identification:Package '.' with type 'ros.ament_python' and name 'roughness_cul'
[0.428s] Level 1:colcon.colcon_core.package_discovery:discover_packages(recursive) using defaults
[0.428s] Level 1:colcon.colcon_core.package_discovery:discover_packages(ignore) discover
[0.428s] Level 1:colcon.colcon_core.package_discovery:discover_packages(ignore) using defaults
[0.428s] Level 1:colcon.colcon_core.package_discovery:discover_packages(path) discover
[0.428s] Level 1:colcon.colcon_core.package_discovery:discover_packages(path) using defaults
[0.465s] Level 1:colcon.colcon_core.package_discovery:discover_packages(prefix_path) check parameters
[0.465s] Level 1:colcon.colcon_core.package_discovery:discover_packages(prefix_path) discover
[0.541s] DEBUG:colcon.colcon_installed_package_information.package_discovery:Found 5 installed packages in /home/takuto/mecanumrover_ws/install
[0.542s] DEBUG:colcon.colcon_installed_package_information.package_discovery:Found 3 installed packages in /home/takuto/uros_ws/install
[0.542s] DEBUG:colcon.colcon_installed_package_information.package_discovery:Found 5 installed packages in /home/takuto/scout_ws/install
[0.543s] DEBUG:colcon.colcon_installed_package_information.package_discovery:Found 3 installed packages in /home/takuto/scout_ws/src/install
[0.544s] DEBUG:colcon.colcon_installed_package_information.package_discovery:Found 19 installed packages in /home/takuto/turtlebot3_ws/install
[0.546s] DEBUG:colcon.colcon_installed_package_information.package_discovery:Found 425 installed packages in /opt/ros/humble
[0.548s] Level 1:colcon.colcon_core.package_discovery:discover_packages(prefix_path) using defaults
[0.699s] Level 5:colcon.colcon_core.verb:set package 'roughness_cul' build argument 'ament_gradle_args' from command line to 'None'
[0.699s] Level 5:colcon.colcon_core.verb:set package 'roughness_cul' build argument 'ament_gradle_task' from command line to 'None'
[0.699s] Level 5:colcon.colcon_core.verb:set package 'roughness_cul' build argument 'cmake_args' from command line to 'None'
[0.699s] Level 5:colcon.colcon_core.verb:set package 'roughness_cul' build argument 'cmake_target' from command line to 'None'
[0.699s] Level 5:colcon.colcon_core.verb:set package 'roughness_cul' build argument 'cmake_target_skip_unavailable' from command line to 'False'
[0.699s] Level 5:colcon.colcon_core.verb:set package 'roughness_cul' build argument 'cmake_clean_cache' from command line to 'False'
[0.699s] Level 5:colcon.colcon_core.verb:set package 'roughness_cul' build argument 'cmake_clean_first' from command line to 'False'
[0.699s] Level 5:colcon.colcon_core.verb:set package 'roughness_cul' build argument 'cmake_force_configure' from command line to 'False'
[0.699s] Level 5:colcon.colcon_core.verb:set package 'roughness_cul' build argument 'gradle_args' from command line to 'None'
[0.699s] Level 5:colcon.colcon_core.verb:set package 'roughness_cul' build argument 'gradle_task' from command line to 'None'
[0.699s] Level 5:colcon.colcon_core.verb:set package 'roughness_cul' build argument 'ament_cmake_args' from command line to 'None'
[0.700s] Level 5:colcon.colcon_core.verb:set package 'roughness_cul' build argument 'catkin_cmake_args' from command line to 'None'
[0.700s] Level 5:colcon.colcon_core.verb:set package 'roughness_cul' build argument 'catkin_skip_building_tests' from command line to 'False'
[0.700s] DEBUG:colcon.colcon_core.verb:Building package 'roughness_cul' with the following arguments: {'ament_cmake_args': None, 'ament_gradle_args': None, 'ament_gradle_task': None, 'build_base': '/home/takuto/scout_ws/src/roughness_cul/build/roughness_cul', 'catkin_cmake_args': None, 'catkin_skip_building_tests': False, 'cmake_args': None, 'cmake_clean_cache': False, 'cmake_clean_first': False, 'cmake_force_configure': False, 'cmake_target': None, 'cmake_target_skip_unavailable': False, 'gradle_args': None, 'gradle_task': None, 'install_base': '/home/takuto/scout_ws/src/roughness_cul/install/roughness_cul', 'merge_install': False, 'path': '/home/takuto/scout_ws/src/roughness_cul', 'symlink_install': False, 'test_result_base': None}
[0.700s] INFO:colcon.colcon_core.executor:Executing jobs using 'parallel' executor
[0.701s] DEBUG:colcon.colcon_parallel_executor.executor.parallel:run_until_complete
[0.701s] INFO:colcon.colcon_ros.task.ament_python.build:Building ROS package in '/home/takuto/scout_ws/src/roughness_cul' with build type 'ament_python'
[0.701s] Level 1:colcon.colcon_core.shell:create_environment_hook('roughness_cul', 'ament_prefix_path')
[0.711s] INFO:colcon.colcon_core.plugin_system:Skipping extension 'colcon_core.shell.bat': Not used on non-Windows systems
[0.711s] INFO:colcon.colcon_core.shell:Creating environment hook '/home/takuto/scout_ws/src/roughness_cul/install/roughness_cul/share/roughness_cul/hook/ament_prefix_path.ps1'
[0.713s] INFO:colcon.colcon_core.shell:Creating environment descriptor '/home/takuto/scout_ws/src/roughness_cul/install/roughness_cul/share/roughness_cul/hook/ament_prefix_path.dsv'
[0.718s] INFO:colcon.colcon_core.shell:Creating environment hook '/home/takuto/scout_ws/src/roughness_cul/install/roughness_cul/share/roughness_cul/hook/ament_prefix_path.sh'
[0.722s] INFO:colcon.colcon_core.shell:Skip shell extension 'powershell' for command environment: Not usable outside of PowerShell
[0.722s] DEBUG:colcon.colcon_core.shell:Skip shell extension 'dsv' for command environment
[1.058s] INFO:colcon.colcon_core.task.python.build:Building Python package in '/home/takuto/scout_ws/src/roughness_cul'
[1.059s] INFO:colcon.colcon_core.shell:Skip shell extension 'powershell' for command environment: Not usable outside of PowerShell
[1.059s] DEBUG:colcon.colcon_core.shell:Skip shell extension 'dsv' for command environment
[1.633s] DEBUG:colcon.colcon_core.event_handler.log_command:Invoking command in '/home/takuto/scout_ws/src/roughness_cul': PYTHONPATH=/home/takuto/scout_ws/src/roughness_cul/build/roughness_cul/prefix_override:/usr/lib/python3/dist-packages/colcon_core/task/python/colcon_distutils_commands:/home/takuto/scout_ws/src/roughness_cul/install/roughness_cul/lib/python3.10/site-packages:${PYTHONPATH} /usr/bin/python3 -W ignore:setup.py install is deprecated -W ignore:easy_install command is deprecated setup.py egg_info --egg-base build/roughness_cul build --build-base /home/takuto/scout_ws/src/roughness_cul/build/roughness_cul/build install --record /home/takuto/scout_ws/src/roughness_cul/build/roughness_cul/install.log --single-version-externally-managed install_data
[1.992s] DEBUG:colcon.colcon_core.event_handler.log_command:Invoked command in '/home/takuto/scout_ws/src/roughness_cul' returned '0': PYTHONPATH=/home/takuto/scout_ws/src/roughness_cul/build/roughness_cul/prefix_override:/usr/lib/python3/dist-packages/colcon_core/task/python/colcon_distutils_commands:/home/takuto/scout_ws/src/roughness_cul/install/roughness_cul/lib/python3.10/site-packages:${PYTHONPATH} /usr/bin/python3 -W ignore:setup.py install is deprecated -W ignore:easy_install command is deprecated setup.py egg_info --egg-base build/roughness_cul build --build-base /home/takuto/scout_ws/src/roughness_cul/build/roughness_cul/build install --record /home/takuto/scout_ws/src/roughness_cul/build/roughness_cul/install.log --single-version-externally-managed install_data
[1.999s] Level 1:colcon.colcon_core.environment:checking '/home/takuto/scout_ws/src/roughness_cul/install/roughness_cul' for CMake module files
[2.000s] Level 1:colcon.colcon_core.environment:checking '/home/takuto/scout_ws/src/roughness_cul/install/roughness_cul' for CMake config files
[2.001s] Level 1:colcon.colcon_core.environment:checking '/home/takuto/scout_ws/src/roughness_cul/install/roughness_cul/lib'
[2.001s] Level 1:colcon.colcon_core.environment:checking '/home/takuto/scout_ws/src/roughness_cul/install/roughness_cul/bin'
[2.001s] Level 1:colcon.colcon_core.environment:checking '/home/takuto/scout_ws/src/roughness_cul/install/roughness_cul/lib/pkgconfig/roughness_cul.pc'
[2.001s] Level 1:colcon.colcon_core.environment:checking '/home/takuto/scout_ws/src/roughness_cul/install/roughness_cul/lib/python3.10/site-packages'
[2.001s] Level 1:colcon.colcon_core.shell:create_environment_hook('roughness_cul', 'pythonpath')
[2.001s] INFO:colcon.colcon_core.shell:Creating environment hook '/home/takuto/scout_ws/src/roughness_cul/install/roughness_cul/share/roughness_cul/hook/pythonpath.ps1'
[2.002s] INFO:colcon.colcon_core.shell:Creating environment descriptor '/home/takuto/scout_ws/src/roughness_cul/install/roughness_cul/share/roughness_cul/hook/pythonpath.dsv'
[2.002s] INFO:colcon.colcon_core.shell:Creating environment hook '/home/takuto/scout_ws/src/roughness_cul/install/roughness_cul/share/roughness_cul/hook/pythonpath.sh'
[2.003s] Level 1:colcon.colcon_core.environment:checking '/home/takuto/scout_ws/src/roughness_cul/install/roughness_cul/bin'
[2.003s] Level 1:colcon.colcon_core.environment:create_environment_scripts_only(roughness_cul)
[2.003s] INFO:colcon.colcon_core.shell:Creating package script '/home/takuto/scout_ws/src/roughness_cul/install/roughness_cul/share/roughness_cul/package.ps1'
[2.006s] INFO:colcon.colcon_core.shell:Creating package descriptor '/home/takuto/scout_ws/src/roughness_cul/install/roughness_cul/share/roughness_cul/package.dsv'
[2.007s] INFO:colcon.colcon_core.shell:Creating package script '/home/takuto/scout_ws/src/roughness_cul/install/roughness_cul/share/roughness_cul/package.sh'
[2.009s] INFO:colcon.colcon_core.shell:Creating package script '/home/takuto/scout_ws/src/roughness_cul/install/roughness_cul/share/roughness_cul/package.bash'
[2.011s] INFO:colcon.colcon_core.shell:Creating package script '/home/takuto/scout_ws/src/roughness_cul/install/roughness_cul/share/roughness_cul/package.zsh'
[2.014s] Level 1:colcon.colcon_core.environment:create_file_with_runtime_dependencies(/home/takuto/scout_ws/src/roughness_cul/install/roughness_cul/share/colcon-core/packages/roughness_cul)
[2.014s] DEBUG:colcon.colcon_parallel_executor.executor.parallel:closing loop
[2.015s] DEBUG:colcon.colcon_parallel_executor.executor.parallel:loop closed
[2.015s] DEBUG:colcon.colcon_parallel_executor.executor.parallel:run_until_complete finished with '0'
[2.015s] DEBUG:colcon.colcon_core.event_reactor:joining thread
[2.023s] INFO:colcon.colcon_core.plugin_system:Skipping extension 'colcon_notification.desktop_notification.terminal_notifier': Not used on non-Darwin systems
[2.023s] INFO:colcon.colcon_core.plugin_system:Skipping extension 'colcon_notification.desktop_notification.win32': Not used on non-Windows systems
[2.024s] INFO:colcon.colcon_notification.desktop_notification:Sending desktop notification using 'notify2'
[2.043s] DEBUG:colcon.colcon_core.event_reactor:joined thread
[2.044s] INFO:colcon.colcon_core.shell:Creating prefix script '/home/takuto/scout_ws/src/roughness_cul/install/local_setup.ps1'
[2.049s] INFO:colcon.colcon_core.shell:Creating prefix util module '/home/takuto/scout_ws/src/roughness_cul/install/_local_setup_util_ps1.py'
[2.051s] INFO:colcon.colcon_core.shell:Creating prefix chain script '/home/takuto/scout_ws/src/roughness_cul/install/setup.ps1'
[2.055s] INFO:colcon.colcon_core.shell:Creating prefix script '/home/takuto/scout_ws/src/roughness_cul/install/local_setup.sh'
[2.057s] INFO:colcon.colcon_core.shell:Creating prefix util module '/home/takuto/scout_ws/src/roughness_cul/install/_local_setup_util_sh.py'
[2.058s] INFO:colcon.colcon_core.shell:Creating prefix chain script '/home/takuto/scout_ws/src/roughness_cul/install/setup.sh'
[2.062s] INFO:colcon.colcon_core.shell:Creating prefix script '/home/takuto/scout_ws/src/roughness_cul/install/local_setup.bash'
[2.065s] INFO:colcon.colcon_core.shell:Creating prefix chain script '/home/takuto/scout_ws/src/roughness_cul/install/setup.bash'
[2.069s] INFO:colcon.colcon_core.shell:Creating prefix script '/home/takuto/scout_ws/src/roughness_cul/install/local_setup.zsh'
[2.071s] INFO:colcon.colcon_core.shell:Creating prefix chain script '/home/takuto/scout_ws/src/roughness_cul/install/setup.zsh'
