[5.674s] Invoking command in '/home/takuto/scout_ws/src/cost_cul': PYTHONPATH=/home/takuto/scout_ws/build/cost_cul/prefix_override:/usr/lib/python3/dist-packages/colcon_core/task/python/colcon_distutils_commands:/home/takuto/scout_ws/install/cost_cul/lib/python3.10/site-packages:${PYTHONPATH} /usr/bin/python3 -W ignore:setup.py install is deprecated -W ignore:easy_install command is deprecated setup.py egg_info --egg-base ../../build/cost_cul build --build-base /home/takuto/scout_ws/build/cost_cul/build install --record /home/takuto/scout_ws/build/cost_cul/install.log --single-version-externally-managed install_data
[5.913s] running egg_info
[5.913s] writing ../../build/cost_cul/cost_cul.egg-info/PKG-INFO
[5.918s] writing dependency_links to ../../build/cost_cul/cost_cul.egg-info/dependency_links.txt
[5.936s] writing entry points to ../../build/cost_cul/cost_cul.egg-info/entry_points.txt
[5.936s] writing requirements to ../../build/cost_cul/cost_cul.egg-info/requires.txt
[5.938s] writing top-level names to ../../build/cost_cul/cost_cul.egg-info/top_level.txt
[5.941s] reading manifest file '../../build/cost_cul/cost_cul.egg-info/SOURCES.txt'
[5.987s] writing manifest file '../../build/cost_cul/cost_cul.egg-info/SOURCES.txt'
[5.987s] running build
[5.987s] running build_py
[5.987s] copying cost_cul/parameter.py -> /home/takuto/scout_ws/build/cost_cul/build/lib/cost_cul
[6.042s] copying cost_cul/slope_cul.py -> /home/takuto/scout_ws/build/cost_cul/build/lib/cost_cul
[6.063s] copying cost_cul/cost_cul_main.py -> /home/takuto/scout_ws/build/cost_cul/build/lib/cost_cul
[6.081s] running install
[6.082s] running install_lib
[6.083s] copying /home/takuto/scout_ws/build/cost_cul/build/lib/cost_cul/parameter.py -> /home/takuto/scout_ws/install/cost_cul/lib/python3.10/site-packages/cost_cul
[6.083s] copying /home/takuto/scout_ws/build/cost_cul/build/lib/cost_cul/slope_cul.py -> /home/takuto/scout_ws/install/cost_cul/lib/python3.10/site-packages/cost_cul
[6.083s] copying /home/takuto/scout_ws/build/cost_cul/build/lib/cost_cul/cost_cul_main.py -> /home/takuto/scout_ws/install/cost_cul/lib/python3.10/site-packages/cost_cul
[6.083s] byte-compiling /home/takuto/scout_ws/install/cost_cul/lib/python3.10/site-packages/cost_cul/parameter.py to parameter.cpython-310.pyc
[6.084s] byte-compiling /home/takuto/scout_ws/install/cost_cul/lib/python3.10/site-packages/cost_cul/slope_cul.py to slope_cul.cpython-310.pyc
[6.084s] byte-compiling /home/takuto/scout_ws/install/cost_cul/lib/python3.10/site-packages/cost_cul/cost_cul_main.py to cost_cul_main.cpython-310.pyc
[6.086s] running install_data
[6.087s] copying launch/launch.py -> /home/takuto/scout_ws/install/cost_cul/share/cost_cul/launch
[6.101s] running install_egg_info
[6.103s] removing '/home/takuto/scout_ws/install/cost_cul/lib/python3.10/site-packages/cost_cul-0.0.0-py3.10.egg-info' (and everything under it)
[6.103s] Copying ../../build/cost_cul/cost_cul.egg-info to /home/takuto/scout_ws/install/cost_cul/lib/python3.10/site-packages/cost_cul-0.0.0-py3.10.egg-info
[6.145s] running install_scripts
[6.162s] Installing cost_cul_node script to /home/takuto/scout_ws/install/cost_cul/lib/cost_cul
[6.162s] writing list of installed files to '/home/takuto/scout_ws/build/cost_cul/install.log'
[6.181s] Invoked command in '/home/takuto/scout_ws/src/cost_cul' returned '0': PYTHONPATH=/home/takuto/scout_ws/build/cost_cul/prefix_override:/usr/lib/python3/dist-packages/colcon_core/task/python/colcon_distutils_commands:/home/takuto/scout_ws/install/cost_cul/lib/python3.10/site-packages:${PYTHONPATH} /usr/bin/python3 -W ignore:setup.py install is deprecated -W ignore:easy_install command is deprecated setup.py egg_info --egg-base ../../build/cost_cul build --build-base /home/takuto/scout_ws/build/cost_cul/build install --record /home/takuto/scout_ws/build/cost_cul/install.log --single-version-externally-managed install_data
