[0.009s] Invoking command in '/home/takuto/scout_ws/src/roughness_slope_astar/build/roughness_slope_astar': CMAKE_PREFIX_PATH=/opt/ros/humble /usr/bin/cmake /home/takuto/scout_ws/src/roughness_slope_astar -DCMAKE_INSTALL_PREFIX=/home/takuto/scout_ws/src/roughness_slope_astar/install/roughness_slope_astar
[0.019s] -- Found ament_cmake: 1.3.11 (/opt/ros/humble/share/ament_cmake/cmake)
[0.122s] -- Found rclcpp: 16.0.12 (/opt/ros/humble/share/rclcpp/cmake)
[0.145s] -- Found rosidl_generator_c: 3.1.6 (/opt/ros/humble/share/rosidl_generator_c/cmake)
[0.147s] -- Found rosidl_adapter: 3.1.6 (/opt/ros/humble/share/rosidl_adapter/cmake)
[0.153s] -- Found rosidl_generator_cpp: 3.1.6 (/opt/ros/humble/share/rosidl_generator_cpp/cmake)
[0.160s] -- Using all available rosidl_typesupport_c: rosidl_typesupport_fastrtps_c;rosidl_typesupport_introspection_c
[0.169s] -- Using all available rosidl_typesupport_cpp: rosidl_typesupport_fastrtps_cpp;rosidl_typesupport_introspection_cpp
[0.192s] -- Found rmw_implementation_cmake: 6.1.2 (/opt/ros/humble/share/rmw_implementation_cmake/cmake)
[0.193s] -- Found rmw_fastrtps_cpp: 6.2.7 (/opt/ros/humble/share/rmw_fastrtps_cpp/cmake)
[0.291s] -- Using RMW implementation 'rmw_fastrtps_cpp' as default
[0.328s] -- Found geometry_msgs: 4.8.0 (/opt/ros/humble/share/geometry_msgs/cmake)
[0.337s] -- Found nav_msgs: 4.8.0 (/opt/ros/humble/share/nav_msgs/cmake)
[0.349s] -- Found ament_lint_auto: 0.12.12 (/opt/ros/humble/share/ament_lint_auto/cmake)
[0.412s] -- Added test 'cppcheck' to perform static code analysis on C / C++ code
[0.412s] -- Configured cppcheck include dirs: /home/takuto/scout_ws/src/roughness_slope_astar/src
[0.412s] -- Configured cppcheck exclude dirs and/or files: 
[0.413s] -- Added test 'flake8' to check Python code syntax and style conventions
[0.415s] -- Added test 'lint_cmake' to check CMake code style
[0.416s] -- Added test 'pep257' to check Python code against some of the docstring style conventions in PEP 257
[0.423s] -- Added test 'uncrustify' to check C / C++ code style
[0.423s] -- Configured uncrustify additional arguments: 
[0.424s] -- Added test 'xmllint' to check XML markup files
[0.425s] -- Configuring done
[0.428s] [31mCMake Error at CMakeLists.txt:27 (add_executable):
[0.428s]   Cannot find source file:
[0.428s] 
[0.428s]     src/roughness_slope_astar/roughness_slope_astar.cpp
[0.428s] 
[0.428s]   Tried extensions .c .C .c++ .cc .cpp .cxx .cu .mpp .m .M .mm .ixx .cppm .h
[0.428s]   .hh .h++ .hm .hpp .hxx .in .txx .f .F .for .f77 .f90 .f95 .f03 .hip .ispc
[0.428s] 
[0.428s] [0m
[0.429s] [31mCMake Error at CMakeLists.txt:27 (add_executable):
[0.429s]   No SOURCES given to target: roughness_slope_astar_node
[0.429s] 
[0.429s] [0m
[0.429s] [0mCMake Generate step failed.  Build files cannot be regenerated correctly.[0m
[0.438s] Invoked command in '/home/takuto/scout_ws/src/roughness_slope_astar/build/roughness_slope_astar' returned '1': CMAKE_PREFIX_PATH=/opt/ros/humble /usr/bin/cmake /home/takuto/scout_ws/src/roughness_slope_astar -DCMAKE_INSTALL_PREFIX=/home/takuto/scout_ws/src/roughness_slope_astar/install/roughness_slope_astar
