[0.089s] DEBUG:colcon:Command line arguments: ['/usr/bin/colcon', 'build']
[0.089s] DEBUG:colcon:Parsed command line arguments: Namespace(log_base=None, log_level=None, verb_name='build', build_base='build', install_base='install', merge_install=False, symlink_install=False, test_result_base=None, continue_on_error=False, executor='parallel', parallel_workers=16, event_handlers=None, ignore_user_meta=False, metas=['./colcon.meta'], base_paths=['.'], packages_ignore=None, packages_ignore_regex=None, paths=None, packages_up_to=None, packages_up_to_regex=None, packages_above=None, packages_above_and_dependencies=None, packages_above_depth=None, packages_select_by_dep=None, packages_skip_by_dep=None, packages_skip_up_to=None, packages_select_build_failed=False, packages_skip_build_finished=False, packages_select_test_failures=False, packages_skip_test_passed=False, packages_select=None, packages_skip=None, packages_select_regex=None, packages_skip_regex=None, packages_start=None, packages_end=None, allow_overriding=[], ament_gradle_args=None, ament_gradle_task=None, cmake_args=None, cmake_target=None, cmake_target_skip_unavailable=False, cmake_clean_cache=False, cmake_clean_first=False, cmake_force_configure=False, gradle_args=None, gradle_task=None, ament_cmake_args=None, catkin_cmake_args=None, catkin_skip_building_tests=False, verb_parser=<colcon_defaults.argument_parser.defaults.DefaultArgumentsDecorator object at 0x77d4b9a25e10>, verb_extension=<colcon_core.verb.build.BuildVerb object at 0x77d4b9a254e0>, main=<bound method BuildVerb.main of <colcon_core.verb.build.BuildVerb object at 0x77d4b9a254e0>>)
[0.234s] Level 1:colcon.colcon_core.package_discovery:discover_packages(colcon_meta) check parameters
[0.234s] Level 1:colcon.colcon_core.package_discovery:discover_packages(recursive) check parameters
[0.234s] Level 1:colcon.colcon_core.package_discovery:discover_packages(ignore) check parameters
[0.234s] Level 1:colcon.colcon_core.package_discovery:discover_packages(path) check parameters
[0.234s] Level 1:colcon.colcon_core.package_discovery:discover_packages(colcon_meta) discover
[0.234s] Level 1:colcon.colcon_core.package_discovery:discover_packages(recursive) discover
[0.235s] INFO:colcon.colcon_core.package_discovery:Crawling recursively for packages in '/home/takuto/scout_ws/src/roughness_slope_astar'
[0.235s] Level 1:colcon.colcon_core.package_identification:_identify(.) by extensions ['ignore', 'ignore_ament_install']
[0.235s] Level 1:colcon.colcon_core.package_identification:_identify(.) by extension 'ignore'
[0.235s] Level 1:colcon.colcon_core.package_identification:_identify(.) by extension 'ignore_ament_install'
[0.235s] Level 1:colcon.colcon_core.package_identification:_identify(.) by extensions ['colcon_pkg']
[0.235s] Level 1:colcon.colcon_core.package_identification:_identify(.) by extension 'colcon_pkg'
[0.235s] Level 1:colcon.colcon_core.package_identification:_identify(.) by extensions ['colcon_meta']
[0.235s] Level 1:colcon.colcon_core.package_identification:_identify(.) by extension 'colcon_meta'
[0.235s] Level 1:colcon.colcon_core.package_identification:_identify(.) by extensions ['ament_gradle']
[0.235s] Level 1:colcon.colcon_core.package_identification:_identify(.) by extension 'ament_gradle'
[0.235s] Level 1:colcon.colcon_core.package_identification:_identify(.) by extensions ['ros']
[0.235s] Level 1:colcon.colcon_core.package_identification:_identify(.) by extension 'ros'
[0.245s] DEBUG:colcon.colcon_core.package_identification:Package '.' with type 'ros.ament_cmake' and name 'roughness_slope_astar'
[0.245s] Level 1:colcon.colcon_core.package_discovery:discover_packages(recursive) using defaults
[0.245s] Level 1:colcon.colcon_core.package_discovery:discover_packages(ignore) discover
[0.245s] Level 1:colcon.colcon_core.package_discovery:discover_packages(ignore) using defaults
[0.245s] Level 1:colcon.colcon_core.package_discovery:discover_packages(path) discover
[0.246s] Level 1:colcon.colcon_core.package_discovery:discover_packages(path) using defaults
[0.284s] Level 1:colcon.colcon_core.package_discovery:discover_packages(prefix_path) check parameters
[0.285s] Level 1:colcon.colcon_core.package_discovery:discover_packages(prefix_path) discover
[0.287s] DEBUG:colcon.colcon_installed_package_information.package_discovery:Found 428 installed packages in /opt/ros/humble
[0.289s] Level 1:colcon.colcon_core.package_discovery:discover_packages(prefix_path) using defaults
[0.333s] Level 5:colcon.colcon_core.verb:set package 'roughness_slope_astar' build argument 'ament_gradle_args' from command line to 'None'
[0.333s] Level 5:colcon.colcon_core.verb:set package 'roughness_slope_astar' build argument 'ament_gradle_task' from command line to 'None'
[0.333s] Level 5:colcon.colcon_core.verb:set package 'roughness_slope_astar' build argument 'cmake_args' from command line to 'None'
[0.334s] Level 5:colcon.colcon_core.verb:set package 'roughness_slope_astar' build argument 'cmake_target' from command line to 'None'
[0.334s] Level 5:colcon.colcon_core.verb:set package 'roughness_slope_astar' build argument 'cmake_target_skip_unavailable' from command line to 'False'
[0.334s] Level 5:colcon.colcon_core.verb:set package 'roughness_slope_astar' build argument 'cmake_clean_cache' from command line to 'False'
[0.334s] Level 5:colcon.colcon_core.verb:set package 'roughness_slope_astar' build argument 'cmake_clean_first' from command line to 'False'
[0.334s] Level 5:colcon.colcon_core.verb:set package 'roughness_slope_astar' build argument 'cmake_force_configure' from command line to 'False'
[0.334s] Level 5:colcon.colcon_core.verb:set package 'roughness_slope_astar' build argument 'gradle_args' from command line to 'None'
[0.334s] Level 5:colcon.colcon_core.verb:set package 'roughness_slope_astar' build argument 'gradle_task' from command line to 'None'
[0.334s] Level 5:colcon.colcon_core.verb:set package 'roughness_slope_astar' build argument 'ament_cmake_args' from command line to 'None'
[0.334s] Level 5:colcon.colcon_core.verb:set package 'roughness_slope_astar' build argument 'catkin_cmake_args' from command line to 'None'
[0.334s] Level 5:colcon.colcon_core.verb:set package 'roughness_slope_astar' build argument 'catkin_skip_building_tests' from command line to 'False'
[0.334s] DEBUG:colcon.colcon_core.verb:Building package 'roughness_slope_astar' with the following arguments: {'ament_cmake_args': None, 'ament_gradle_args': None, 'ament_gradle_task': None, 'build_base': '/home/takuto/scout_ws/src/roughness_slope_astar/build/roughness_slope_astar', 'catkin_cmake_args': None, 'catkin_skip_building_tests': False, 'cmake_args': None, 'cmake_clean_cache': False, 'cmake_clean_first': False, 'cmake_force_configure': False, 'cmake_target': None, 'cmake_target_skip_unavailable': False, 'gradle_args': None, 'gradle_task': None, 'install_base': '/home/takuto/scout_ws/src/roughness_slope_astar/install/roughness_slope_astar', 'merge_install': False, 'path': '/home/takuto/scout_ws/src/roughness_slope_astar', 'symlink_install': False, 'test_result_base': None}
[0.334s] INFO:colcon.colcon_core.executor:Executing jobs using 'parallel' executor
[0.335s] DEBUG:colcon.colcon_parallel_executor.executor.parallel:run_until_complete
[0.336s] INFO:colcon.colcon_ros.task.ament_cmake.build:Building ROS package in '/home/takuto/scout_ws/src/roughness_slope_astar' with build type 'ament_cmake'
[0.336s] INFO:colcon.colcon_cmake.task.cmake.build:Building CMake package in '/home/takuto/scout_ws/src/roughness_slope_astar'
[0.337s] INFO:colcon.colcon_core.plugin_system:Skipping extension 'colcon_core.shell.bat': Not used on non-Windows systems
[0.338s] INFO:colcon.colcon_core.shell:Skip shell extension 'powershell' for command environment: Not usable outside of PowerShell
[0.338s] DEBUG:colcon.colcon_core.shell:Skip shell extension 'dsv' for command environment
[0.348s] DEBUG:colcon.colcon_core.event_handler.log_command:Invoking command in '/home/takuto/scout_ws/src/roughness_slope_astar/build/roughness_slope_astar': CMAKE_PREFIX_PATH=/opt/ros/humble /usr/bin/cmake --build /home/takuto/scout_ws/src/roughness_slope_astar/build/roughness_slope_astar -- -j16 -l16
[5.467s] DEBUG:colcon.colcon_core.event_handler.log_command:Invoked command in '/home/takuto/scout_ws/src/roughness_slope_astar/build/roughness_slope_astar' returned '2': CMAKE_PREFIX_PATH=/opt/ros/humble /usr/bin/cmake --build /home/takuto/scout_ws/src/roughness_slope_astar/build/roughness_slope_astar -- -j16 -l16
[5.467s] Level 1:colcon.colcon_core.environment:create_environment_scripts_only(roughness_slope_astar)
[5.469s] Level 1:colcon.colcon_core.environment:checking '/home/takuto/scout_ws/src/roughness_slope_astar/install/roughness_slope_astar' for CMake module files
[5.469s] Level 1:colcon.colcon_core.environment:checking '/home/takuto/scout_ws/src/roughness_slope_astar/install/roughness_slope_astar' for CMake config files
[5.469s] Level 1:colcon.colcon_core.environment:checking '/home/takuto/scout_ws/src/roughness_slope_astar/install/roughness_slope_astar/bin'
[5.469s] Level 1:colcon.colcon_core.environment:checking '/home/takuto/scout_ws/src/roughness_slope_astar/install/roughness_slope_astar/lib/pkgconfig/roughness_slope_astar.pc'
[5.469s] Level 1:colcon.colcon_core.environment:checking '/home/takuto/scout_ws/src/roughness_slope_astar/install/roughness_slope_astar/lib/python3.10/site-packages'
[5.470s] Level 1:colcon.colcon_core.environment:checking '/home/takuto/scout_ws/src/roughness_slope_astar/install/roughness_slope_astar/bin'
[5.470s] INFO:colcon.colcon_core.shell:Creating package script '/home/takuto/scout_ws/src/roughness_slope_astar/install/roughness_slope_astar/share/roughness_slope_astar/package.ps1'
[5.470s] INFO:colcon.colcon_core.shell:Creating package descriptor '/home/takuto/scout_ws/src/roughness_slope_astar/install/roughness_slope_astar/share/roughness_slope_astar/package.dsv'
[5.471s] INFO:colcon.colcon_core.shell:Creating package script '/home/takuto/scout_ws/src/roughness_slope_astar/install/roughness_slope_astar/share/roughness_slope_astar/package.sh'
[5.471s] INFO:colcon.colcon_core.shell:Creating package script '/home/takuto/scout_ws/src/roughness_slope_astar/install/roughness_slope_astar/share/roughness_slope_astar/package.bash'
[5.472s] INFO:colcon.colcon_core.shell:Creating package script '/home/takuto/scout_ws/src/roughness_slope_astar/install/roughness_slope_astar/share/roughness_slope_astar/package.zsh'
[5.472s] Level 1:colcon.colcon_core.environment:create_file_with_runtime_dependencies(/home/takuto/scout_ws/src/roughness_slope_astar/install/roughness_slope_astar/share/colcon-core/packages/roughness_slope_astar)
[5.483s] DEBUG:colcon.colcon_parallel_executor.executor.parallel:closing loop
[5.483s] DEBUG:colcon.colcon_parallel_executor.executor.parallel:loop closed
[5.483s] DEBUG:colcon.colcon_parallel_executor.executor.parallel:run_until_complete finished with '2'
[5.483s] DEBUG:colcon.colcon_core.event_reactor:joining thread
[5.488s] INFO:colcon.colcon_core.plugin_system:Skipping extension 'colcon_notification.desktop_notification.terminal_notifier': Not used on non-Darwin systems
[5.488s] INFO:colcon.colcon_core.plugin_system:Skipping extension 'colcon_notification.desktop_notification.win32': Not used on non-Windows systems
[5.488s] INFO:colcon.colcon_notification.desktop_notification:Sending desktop notification using 'notify2'
[5.497s] DEBUG:colcon.colcon_core.event_reactor:joined thread
[5.497s] INFO:colcon.colcon_core.shell:Creating prefix script '/home/takuto/scout_ws/src/roughness_slope_astar/install/local_setup.ps1'
[5.498s] INFO:colcon.colcon_core.shell:Creating prefix util module '/home/takuto/scout_ws/src/roughness_slope_astar/install/_local_setup_util_ps1.py'
[5.499s] INFO:colcon.colcon_core.shell:Creating prefix chain script '/home/takuto/scout_ws/src/roughness_slope_astar/install/setup.ps1'
[5.500s] INFO:colcon.colcon_core.shell:Creating prefix script '/home/takuto/scout_ws/src/roughness_slope_astar/install/local_setup.sh'
[5.501s] INFO:colcon.colcon_core.shell:Creating prefix util module '/home/takuto/scout_ws/src/roughness_slope_astar/install/_local_setup_util_sh.py'
[5.501s] INFO:colcon.colcon_core.shell:Creating prefix chain script '/home/takuto/scout_ws/src/roughness_slope_astar/install/setup.sh'
[5.502s] INFO:colcon.colcon_core.shell:Creating prefix script '/home/takuto/scout_ws/src/roughness_slope_astar/install/local_setup.bash'
[5.502s] INFO:colcon.colcon_core.shell:Creating prefix chain script '/home/takuto/scout_ws/src/roughness_slope_astar/install/setup.bash'
[5.503s] INFO:colcon.colcon_core.shell:Creating prefix script '/home/takuto/scout_ws/src/roughness_slope_astar/install/local_setup.zsh'
[5.504s] INFO:colcon.colcon_core.shell:Creating prefix chain script '/home/takuto/scout_ws/src/roughness_slope_astar/install/setup.zsh'
