running egg_info
creating ../../build/cost_cul/cost_cul.egg-info
writing ../../build/cost_cul/cost_cul.egg-info/PKG-INFO
writing dependency_links to ../../build/cost_cul/cost_cul.egg-info/dependency_links.txt
writing entry points to ../../build/cost_cul/cost_cul.egg-info/entry_points.txt
writing requirements to ../../build/cost_cul/cost_cul.egg-info/requires.txt
writing top-level names to ../../build/cost_cul/cost_cul.egg-info/top_level.txt
writing manifest file '../../build/cost_cul/cost_cul.egg-info/SOURCES.txt'
reading manifest file '../../build/cost_cul/cost_cul.egg-info/SOURCES.txt'
writing manifest file '../../build/cost_cul/cost_cul.egg-info/SOURCES.txt'
running build
running build_py
creating /home/takuto/scout_ws/build/cost_cul/build
creating /home/takuto/scout_ws/build/cost_cul/build/lib
creating /home/takuto/scout_ws/build/cost_cul/build/lib/cost_cul
copying cost_cul/grid_manage.py -> /home/takuto/scout_ws/build/cost_cul/build/lib/cost_cul
copying cost_cul/slope_cul.py -> /home/takuto/scout_ws/build/cost_cul/build/lib/cost_cul
copying cost_cul/cost_cul_main.py -> /home/takuto/scout_ws/build/cost_cul/build/lib/cost_cul
copying cost_cul/__init__.py -> /home/takuto/scout_ws/build/cost_cul/build/lib/cost_cul
copying cost_cul/roughness_cost.py -> /home/takuto/scout_ws/build/cost_cul/build/lib/cost_cul
copying cost_cul/test.py -> /home/takuto/scout_ws/build/cost_cul/build/lib/cost_cul
running install
running install_lib
creating /home/takuto/scout_ws/install/cost_cul/lib/python3.10/site-packages/cost_cul
copying /home/takuto/scout_ws/build/cost_cul/build/lib/cost_cul/grid_manage.py -> /home/takuto/scout_ws/install/cost_cul/lib/python3.10/site-packages/cost_cul
copying /home/takuto/scout_ws/build/cost_cul/build/lib/cost_cul/slope_cul.py -> /home/takuto/scout_ws/install/cost_cul/lib/python3.10/site-packages/cost_cul
copying /home/takuto/scout_ws/build/cost_cul/build/lib/cost_cul/cost_cul_main.py -> /home/takuto/scout_ws/install/cost_cul/lib/python3.10/site-packages/cost_cul
copying /home/takuto/scout_ws/build/cost_cul/build/lib/cost_cul/__init__.py -> /home/takuto/scout_ws/install/cost_cul/lib/python3.10/site-packages/cost_cul
copying /home/takuto/scout_ws/build/cost_cul/build/lib/cost_cul/roughness_cost.py -> /home/takuto/scout_ws/install/cost_cul/lib/python3.10/site-packages/cost_cul
copying /home/takuto/scout_ws/build/cost_cul/build/lib/cost_cul/test.py -> /home/takuto/scout_ws/install/cost_cul/lib/python3.10/site-packages/cost_cul
byte-compiling /home/takuto/scout_ws/install/cost_cul/lib/python3.10/site-packages/cost_cul/grid_manage.py to grid_manage.cpython-310.pyc
byte-compiling /home/takuto/scout_ws/install/cost_cul/lib/python3.10/site-packages/cost_cul/slope_cul.py to slope_cul.cpython-310.pyc
byte-compiling /home/takuto/scout_ws/install/cost_cul/lib/python3.10/site-packages/cost_cul/cost_cul_main.py to cost_cul_main.cpython-310.pyc
byte-compiling /home/takuto/scout_ws/install/cost_cul/lib/python3.10/site-packages/cost_cul/__init__.py to __init__.cpython-310.pyc
byte-compiling /home/takuto/scout_ws/install/cost_cul/lib/python3.10/site-packages/cost_cul/roughness_cost.py to roughness_cost.cpython-310.pyc
byte-compiling /home/takuto/scout_ws/install/cost_cul/lib/python3.10/site-packages/cost_cul/test.py to test.cpython-310.pyc
running install_data
creating /home/takuto/scout_ws/install/cost_cul/share/ament_index
creating /home/takuto/scout_ws/install/cost_cul/share/ament_index/resource_index
creating /home/takuto/scout_ws/install/cost_cul/share/ament_index/resource_index/packages
copying resource/cost_cul -> /home/takuto/scout_ws/install/cost_cul/share/ament_index/resource_index/packages
copying package.xml -> /home/takuto/scout_ws/install/cost_cul/share/cost_cul
creating /home/takuto/scout_ws/install/cost_cul/share/cost_cul/launch
copying launch/launch.py -> /home/takuto/scout_ws/install/cost_cul/share/cost_cul/launch
running install_egg_info
Copying ../../build/cost_cul/cost_cul.egg-info to /home/takuto/scout_ws/install/cost_cul/lib/python3.10/site-packages/cost_cul-0.0.0-py3.10.egg-info
running install_scripts
Installing cost_cul_node script to /home/takuto/scout_ws/install/cost_cul/lib/cost_cul
writing list of installed files to '/home/takuto/scout_ws/build/cost_cul/install.log'
