[0.690s] Invoking command in '/home/takuto/scout_ws/src/cmd_vel_joy': PYTHONPATH=/home/takuto/scout_ws/build/cmd_vel_joy/prefix_override:/usr/lib/python3/dist-packages/colcon_core/task/python/colcon_distutils_commands:/home/takuto/scout_ws/install/cmd_vel_joy/lib/python3.10/site-packages:${PYTHONPATH} /usr/bin/python3 -W ignore:setup.py install is deprecated -W ignore:easy_install command is deprecated setup.py egg_info --egg-base ../../build/cmd_vel_joy build --build-base /home/takuto/scout_ws/build/cmd_vel_joy/build install --record /home/takuto/scout_ws/build/cmd_vel_joy/install.log --single-version-externally-managed install_data
[0.892s] running egg_info
[0.892s] writing ../../build/cmd_vel_joy/cmd_vel_joy.egg-info/PKG-INFO
[0.893s] writing dependency_links to ../../build/cmd_vel_joy/cmd_vel_joy.egg-info/dependency_links.txt
[0.893s] writing entry points to ../../build/cmd_vel_joy/cmd_vel_joy.egg-info/entry_points.txt
[0.893s] writing requirements to ../../build/cmd_vel_joy/cmd_vel_joy.egg-info/requires.txt
[0.893s] writing top-level names to ../../build/cmd_vel_joy/cmd_vel_joy.egg-info/top_level.txt
[0.894s] reading manifest file '../../build/cmd_vel_joy/cmd_vel_joy.egg-info/SOURCES.txt'
[0.895s] writing manifest file '../../build/cmd_vel_joy/cmd_vel_joy.egg-info/SOURCES.txt'
[0.895s] running build
[0.895s] running build_py
[0.895s] running install
[0.896s] running install_lib
[0.896s] running install_data
[0.896s] running install_egg_info
[0.898s] removing '/home/takuto/scout_ws/install/cmd_vel_joy/lib/python3.10/site-packages/cmd_vel_joy-0.0.0-py3.10.egg-info' (and everything under it)
[0.898s] Copying ../../build/cmd_vel_joy/cmd_vel_joy.egg-info to /home/takuto/scout_ws/install/cmd_vel_joy/lib/python3.10/site-packages/cmd_vel_joy-0.0.0-py3.10.egg-info
[0.899s] running install_scripts
[0.915s] Installing joy_cmd script to /home/takuto/scout_ws/install/cmd_vel_joy/lib/cmd_vel_joy
[0.916s] writing list of installed files to '/home/takuto/scout_ws/build/cmd_vel_joy/install.log'
[0.952s] Invoked command in '/home/takuto/scout_ws/src/cmd_vel_joy' returned '0': PYTHONPATH=/home/takuto/scout_ws/build/cmd_vel_joy/prefix_override:/usr/lib/python3/dist-packages/colcon_core/task/python/colcon_distutils_commands:/home/takuto/scout_ws/install/cmd_vel_joy/lib/python3.10/site-packages:${PYTHONPATH} /usr/bin/python3 -W ignore:setup.py install is deprecated -W ignore:easy_install command is deprecated setup.py egg_info --egg-base ../../build/cmd_vel_joy build --build-base /home/takuto/scout_ws/build/cmd_vel_joy/build install --record /home/takuto/scout_ws/build/cmd_vel_joy/install.log --single-version-externally-managed install_data
