[0.914s] Invoking command in '/home/takuto/scout_ws/build/roughness_slope_astar': CMAKE_PREFIX_PATH=${CMAKE_PREFIX_PATH}:/home/takuto/scout_ws/install/cost_cul:/home/takuto/scout_ws/install/cmd_vel_joy:/opt/ros/humble /usr/bin/cmake --build /home/takuto/scout_ws/build/roughness_slope_astar -- -j16 -l16
[1.007s] [35m[1mConsolidate compiler generated dependencies of target roughness_slope_astar_node[0m
[1.093s] [ 20%] [32mBuilding CXX object CMakeFiles/roughness_slope_astar_node.dir/src/RoughnessSlopeAstar/RoughnessSlopeAstar.cpp.o[0m
[1.094s] [ 60%] [32mBuilding CXX object CMakeFiles/roughness_slope_astar_node.dir/src/main.cpp.o[0m
[1.094s] [ 60%] [32mBuilding CXX object CMakeFiles/roughness_slope_astar_node.dir/src/RobotController/RobotController.cpp.o[0m
[18.322s] [ 80%] [32m[1mLinking CXX executable roughness_slope_astar_node[0m
[19.119s] [100%] Built target roughness_slope_astar_node
[19.138s] Invoked command in '/home/takuto/scout_ws/build/roughness_slope_astar' returned '0': CMAKE_PREFIX_PATH=${CMAKE_PREFIX_PATH}:/home/takuto/scout_ws/install/cost_cul:/home/takuto/scout_ws/install/cmd_vel_joy:/opt/ros/humble /usr/bin/cmake --build /home/takuto/scout_ws/build/roughness_slope_astar -- -j16 -l16
[19.140s] Invoking command in '/home/takuto/scout_ws/build/roughness_slope_astar': CMAKE_PREFIX_PATH=${CMAKE_PREFIX_PATH}:/home/takuto/scout_ws/install/cost_cul:/home/takuto/scout_ws/install/cmd_vel_joy:/opt/ros/humble /usr/bin/cmake --install /home/takuto/scout_ws/build/roughness_slope_astar
[19.152s] -- Install configuration: ""
[19.152s] -- Installing: /home/takuto/scout_ws/install/roughness_slope_astar/lib/roughness_slope_astar/roughness_slope_astar_node
[19.168s] -- Set runtime path of "/home/takuto/scout_ws/install/roughness_slope_astar/lib/roughness_slope_astar/roughness_slope_astar_node" to ""
[19.168s] -- Up-to-date: /home/takuto/scout_ws/install/roughness_slope_astar/share/ament_index/resource_index/package_run_dependencies/roughness_slope_astar
[19.169s] -- Up-to-date: /home/takuto/scout_ws/install/roughness_slope_astar/share/ament_index/resource_index/parent_prefix_path/roughness_slope_astar
[19.169s] -- Up-to-date: /home/takuto/scout_ws/install/roughness_slope_astar/share/roughness_slope_astar/environment/ament_prefix_path.sh
[19.169s] -- Up-to-date: /home/takuto/scout_ws/install/roughness_slope_astar/share/roughness_slope_astar/environment/ament_prefix_path.dsv
[19.169s] -- Up-to-date: /home/takuto/scout_ws/install/roughness_slope_astar/share/roughness_slope_astar/environment/path.sh
[19.169s] -- Up-to-date: /home/takuto/scout_ws/install/roughness_slope_astar/share/roughness_slope_astar/environment/path.dsv
[19.169s] -- Up-to-date: /home/takuto/scout_ws/install/roughness_slope_astar/share/roughness_slope_astar/local_setup.bash
[19.169s] -- Up-to-date: /home/takuto/scout_ws/install/roughness_slope_astar/share/roughness_slope_astar/local_setup.sh
[19.169s] -- Up-to-date: /home/takuto/scout_ws/install/roughness_slope_astar/share/roughness_slope_astar/local_setup.zsh
[19.169s] -- Up-to-date: /home/takuto/scout_ws/install/roughness_slope_astar/share/roughness_slope_astar/local_setup.dsv
[19.170s] -- Installing: /home/takuto/scout_ws/install/roughness_slope_astar/share/roughness_slope_astar/package.dsv
[19.170s] -- Up-to-date: /home/takuto/scout_ws/install/roughness_slope_astar/share/ament_index/resource_index/packages/roughness_slope_astar
[19.170s] -- Up-to-date: /home/takuto/scout_ws/install/roughness_slope_astar/share/roughness_slope_astar/cmake/roughness_slope_astarConfig.cmake
[19.170s] -- Up-to-date: /home/takuto/scout_ws/install/roughness_slope_astar/share/roughness_slope_astar/cmake/roughness_slope_astarConfig-version.cmake
[19.170s] -- Up-to-date: /home/takuto/scout_ws/install/roughness_slope_astar/share/roughness_slope_astar/package.xml
[19.173s] Invoked command in '/home/takuto/scout_ws/build/roughness_slope_astar' returned '0': CMAKE_PREFIX_PATH=${CMAKE_PREFIX_PATH}:/home/takuto/scout_ws/install/cost_cul:/home/takuto/scout_ws/install/cmd_vel_joy:/opt/ros/humble /usr/bin/cmake --install /home/takuto/scout_ws/build/roughness_slope_astar
