[0.682s] Invoking command in '/home/takuto/scout_ws/src/roughness_cul': PYTHONPATH=/home/takuto/scout_ws/src/roughness_cul/build/roughness_cul/prefix_override:/usr/lib/python3/dist-packages/colcon_core/task/python/colcon_distutils_commands:/home/takuto/scout_ws/src/roughness_cul/install/roughness_cul/lib/python3.10/site-packages:${PYTHONPATH} /usr/bin/python3 -W ignore:setup.py install is deprecated -W ignore:easy_install command is deprecated setup.py egg_info --egg-base build/roughness_cul build --build-base /home/takuto/scout_ws/src/roughness_cul/build/roughness_cul/build install --record /home/takuto/scout_ws/src/roughness_cul/build/roughness_cul/install.log --single-version-externally-managed install_data
[0.943s] running egg_info
[0.944s] writing build/roughness_cul/roughness_cul.egg-info/PKG-INFO
[0.944s] writing dependency_links to build/roughness_cul/roughness_cul.egg-info/dependency_links.txt
[0.944s] writing entry points to build/roughness_cul/roughness_cul.egg-info/entry_points.txt
[0.945s] writing requirements to build/roughness_cul/roughness_cul.egg-info/requires.txt
[0.945s] writing top-level names to build/roughness_cul/roughness_cul.egg-info/top_level.txt
[0.947s] reading manifest file 'build/roughness_cul/roughness_cul.egg-info/SOURCES.txt'
[0.948s] writing manifest file 'build/roughness_cul/roughness_cul.egg-info/SOURCES.txt'
[0.948s] running build
[0.948s] running build_py
[0.948s] copying roughness_cul/roughness_cul.py -> /home/takuto/scout_ws/src/roughness_cul/build/roughness_cul/build/lib/roughness_cul
[0.948s] running install
[0.949s] running install_lib
[0.949s] copying /home/takuto/scout_ws/src/roughness_cul/build/roughness_cul/build/lib/roughness_cul/roughness_cul.py -> /home/takuto/scout_ws/src/roughness_cul/install/roughness_cul/lib/python3.10/site-packages/roughness_cul
[0.950s] byte-compiling /home/takuto/scout_ws/src/roughness_cul/install/roughness_cul/lib/python3.10/site-packages/roughness_cul/roughness_cul.py to roughness_cul.cpython-310.pyc
[0.952s] running install_data
[0.952s] running install_egg_info
[0.954s] removing '/home/takuto/scout_ws/src/roughness_cul/install/roughness_cul/lib/python3.10/site-packages/roughness_cul-0.0.0-py3.10.egg-info' (and everything under it)
[0.954s] Copying build/roughness_cul/roughness_cul.egg-info to /home/takuto/scout_ws/src/roughness_cul/install/roughness_cul/lib/python3.10/site-packages/roughness_cul-0.0.0-py3.10.egg-info
[0.955s] running install_scripts
[0.977s] Installing roughness_cul script to /home/takuto/scout_ws/src/roughness_cul/install/roughness_cul/lib/roughness_cul
[0.977s] writing list of installed files to '/home/takuto/scout_ws/src/roughness_cul/build/roughness_cul/install.log'
[1.000s] Invoked command in '/home/takuto/scout_ws/src/roughness_cul' returned '0': PYTHONPATH=/home/takuto/scout_ws/src/roughness_cul/build/roughness_cul/prefix_override:/usr/lib/python3/dist-packages/colcon_core/task/python/colcon_distutils_commands:/home/takuto/scout_ws/src/roughness_cul/install/roughness_cul/lib/python3.10/site-packages:${PYTHONPATH} /usr/bin/python3 -W ignore:setup.py install is deprecated -W ignore:easy_install command is deprecated setup.py egg_info --egg-base build/roughness_cul build --build-base /home/takuto/scout_ws/src/roughness_cul/build/roughness_cul/build install --record /home/takuto/scout_ws/src/roughness_cul/build/roughness_cul/install.log --single-version-externally-managed install_data
