[0.535s] Invoking command in '/home/takuto/scout_ws/build/roughness_slope_astar': CMAKE_PREFIX_PATH=/opt/ros/humble /usr/bin/cmake /home/takuto/scout_ws/src/roughness_slope_astar -DCMAKE_INSTALL_PREFIX=/home/takuto/scout_ws/install/roughness_slope_astar
[0.547s] -- Found ament_cmake: 1.3.11 (/opt/ros/humble/share/ament_cmake/cmake)
[0.721s] -- Found rclcpp: 16.0.12 (/opt/ros/humble/share/rclcpp/cmake)
[0.755s] -- Found rosidl_generator_c: 3.1.6 (/opt/ros/humble/share/rosidl_generator_c/cmake)
[0.758s] -- Found rosidl_adapter: 3.1.6 (/opt/ros/humble/share/rosidl_adapter/cmake)
[0.765s] -- Found rosidl_generator_cpp: 3.1.6 (/opt/ros/humble/share/rosidl_generator_cpp/cmake)
[0.775s] -- Using all available rosidl_typesupport_c: rosidl_typesupport_fastrtps_c;rosidl_typesupport_introspection_c
[0.787s] -- Using all available rosidl_typesupport_cpp: rosidl_typesupport_fastrtps_cpp;rosidl_typesupport_introspection_cpp
[0.817s] -- Found rmw_implementation_cmake: 6.1.2 (/opt/ros/humble/share/rmw_implementation_cmake/cmake)
[0.818s] -- Found rmw_fastrtps_cpp: 6.2.7 (/opt/ros/humble/share/rmw_fastrtps_cpp/cmake)
[0.940s] -- Using RMW implementation 'rmw_fastrtps_cpp' as default
[0.989s] -- Found geometry_msgs: 4.8.0 (/opt/ros/humble/share/geometry_msgs/cmake)
[1.004s] -- Found nav_msgs: 4.8.0 (/opt/ros/humble/share/nav_msgs/cmake)
[1.021s] -- Found ament_lint_auto: 0.12.12 (/opt/ros/humble/share/ament_lint_auto/cmake)
[1.110s] -- Added test 'cppcheck' to perform static code analysis on C / C++ code
[1.110s] -- Configured cppcheck include dirs: /home/takuto/scout_ws/src/roughness_slope_astar/src
[1.110s] -- Configured cppcheck exclude dirs and/or files: 
[1.113s] -- Added test 'flake8' to check Python code syntax and style conventions
[1.118s] -- Added test 'lint_cmake' to check CMake code style
[1.120s] -- Added test 'pep257' to check Python code against some of the docstring style conventions in PEP 257
[1.139s] -- Added test 'uncrustify' to check C / C++ code style
[1.139s] -- Configured uncrustify additional arguments: 
[1.142s] -- Added test 'xmllint' to check XML markup files
[1.142s] -- Configuring done
[1.153s] -- Generating done
[1.157s] -- Build files have been written to: /home/takuto/scout_ws/build/roughness_slope_astar
[1.169s] Invoked command in '/home/takuto/scout_ws/build/roughness_slope_astar' returned '0': CMAKE_PREFIX_PATH=/opt/ros/humble /usr/bin/cmake /home/takuto/scout_ws/src/roughness_slope_astar -DCMAKE_INSTALL_PREFIX=/home/takuto/scout_ws/install/roughness_slope_astar
[1.171s] Invoking command in '/home/takuto/scout_ws/build/roughness_slope_astar': CMAKE_PREFIX_PATH=/opt/ros/humble /usr/bin/cmake --build /home/takuto/scout_ws/build/roughness_slope_astar -- -j16 -l16
[1.229s] [ 80%] [32mBuilding CXX object CMakeFiles/roughness_slope_astar_node.dir/src/main.cpp.o[0m
[1.229s] [ 80%] [32mBuilding CXX object CMakeFiles/roughness_slope_astar_node.dir/src/AstarPlanner/AstarPlanner.cpp.o[0m
[1.229s] [ 80%] [32mBuilding CXX object CMakeFiles/roughness_slope_astar_node.dir/src/RoughnessSlopeAstar/RoughnessSlopeAstar.cpp.o[0m
[1.230s] [ 80%] [32mBuilding CXX object CMakeFiles/roughness_slope_astar_node.dir/src/RobotController/RobotController.cpp.o[0m
[10.563s] [100%] [32m[1mLinking CXX executable roughness_slope_astar_node[0m
[10.993s] [100%] Built target roughness_slope_astar_node
[11.006s] Invoked command in '/home/takuto/scout_ws/build/roughness_slope_astar' returned '0': CMAKE_PREFIX_PATH=/opt/ros/humble /usr/bin/cmake --build /home/takuto/scout_ws/build/roughness_slope_astar -- -j16 -l16
[11.007s] Invoking command in '/home/takuto/scout_ws/build/roughness_slope_astar': CMAKE_PREFIX_PATH=/opt/ros/humble /usr/bin/cmake --install /home/takuto/scout_ws/build/roughness_slope_astar
[11.014s] -- Install configuration: ""
[11.014s] -- Installing: /home/takuto/scout_ws/install/roughness_slope_astar/share/ament_index/resource_index/package_run_dependencies/roughness_slope_astar
[11.015s] -- Installing: /home/takuto/scout_ws/install/roughness_slope_astar/share/ament_index/resource_index/parent_prefix_path/roughness_slope_astar
[11.015s] -- Installing: /home/takuto/scout_ws/install/roughness_slope_astar/share/roughness_slope_astar/environment/ament_prefix_path.sh
[11.015s] -- Installing: /home/takuto/scout_ws/install/roughness_slope_astar/share/roughness_slope_astar/environment/ament_prefix_path.dsv
[11.015s] -- Installing: /home/takuto/scout_ws/install/roughness_slope_astar/share/roughness_slope_astar/environment/path.sh
[11.015s] -- Installing: /home/takuto/scout_ws/install/roughness_slope_astar/share/roughness_slope_astar/environment/path.dsv
[11.015s] -- Installing: /home/takuto/scout_ws/install/roughness_slope_astar/share/roughness_slope_astar/local_setup.bash
[11.016s] -- Installing: /home/takuto/scout_ws/install/roughness_slope_astar/share/roughness_slope_astar/local_setup.sh
[11.016s] -- Installing: /home/takuto/scout_ws/install/roughness_slope_astar/share/roughness_slope_astar/local_setup.zsh
[11.016s] -- Installing: /home/takuto/scout_ws/install/roughness_slope_astar/share/roughness_slope_astar/local_setup.dsv
[11.016s] -- Installing: /home/takuto/scout_ws/install/roughness_slope_astar/share/roughness_slope_astar/package.dsv
[11.016s] -- Installing: /home/takuto/scout_ws/install/roughness_slope_astar/share/ament_index/resource_index/packages/roughness_slope_astar
[11.016s] -- Installing: /home/takuto/scout_ws/install/roughness_slope_astar/share/roughness_slope_astar/cmake/roughness_slope_astarConfig.cmake
[11.017s] -- Installing: /home/takuto/scout_ws/install/roughness_slope_astar/share/roughness_slope_astar/cmake/roughness_slope_astarConfig-version.cmake
[11.017s] -- Installing: /home/takuto/scout_ws/install/roughness_slope_astar/share/roughness_slope_astar/package.xml
[11.019s] Invoked command in '/home/takuto/scout_ws/build/roughness_slope_astar' returned '0': CMAKE_PREFIX_PATH=/opt/ros/humble /usr/bin/cmake --install /home/takuto/scout_ws/build/roughness_slope_astar
