[0.013s] Invoking command in '/home/takuto/scout_ws/src/roughness_cul/build/roughness_cul': CMAKE_PREFIX_PATH=/home/takuto/scout_ws/src/roughness_cul/install/roughness_cul:/home/takuto/turtlebot3_ws/install/turtlebot3:/home/takuto/turtlebot3_ws/install/turtlebot3_simulations:/home/takuto/turtlebot3_ws/install/turtlebot3_bringup:/home/takuto/turtlebot3_ws/install/turtlebot3_node:/home/takuto/turtlebot3_ws/install/turtlebot3_navigation2:/home/takuto/turtlebot3_ws/install/turtlebot3_gazebo:/home/takuto/turtlebot3_ws/install/turtlebot3_fake_node:/home/takuto/turtlebot3_ws/install/turtlebot3_description:/home/takuto/turtlebot3_ws/install/turtlebot3_cartographer:/home/takuto/turtlebot3_ws/install/turtlebot3_teleop:/home/takuto/turtlebot3_ws/install/turtlebot3_example:/home/takuto/turtlebot3_ws/install/cmd_vel_joy:/home/takuto/scout_ws/install/cmd_vel_joy:/home/takuto/scout_ws/src/install/cmd_vel_joy:/opt/ros/humble:/home/takuto/turtlebot3_ws/install/realsense_gazebo_plugin:/home/takuto/turtlebot3_ws/install/realsense2_description:/home/takuto/turtlebot3_ws/install/realsense2_camera:/home/takuto/turtlebot3_ws/install/realsense2_camera_msgs:/home/takuto/turtlebot3_ws/install/dynamixel_sdk_examples:/home/takuto/turtlebot3_ws/install/dynamixel_sdk_custom_interfaces:/home/takuto/turtlebot3_ws/install/dynamixel_sdk:/home/takuto/mecanumrover_ws/install/vs_rover_options_description:/home/takuto/mecanumrover_ws/install/mecanumrover_gazebo:/home/takuto/mecanumrover_ws/install/mecanumrover3:/home/takuto/mecanumrover_ws/install/mecanumrover_description:/home/takuto/mecanumrover_ws/install/mecanumrover3_bringup:/home/takuto/uros_ws/install/micro_ros_setup:/home/takuto/uros_ws/install/micro_ros_agent:/home/takuto/uros_ws/install/micro_ros_msgs:/home/takuto/scout_ws/install/scout_gazebo:/home/takuto/scout_ws/install/hesai_ros_driver:/home/takuto/scout_ws/install/hesai_description:/home/takuto/scout_ws/src/install/scout_gazebo:/home/takuto/scout_ws/src/install/hesai_ros_driver /usr/bin/cmake --build /home/takuto/scout_ws/src/roughness_cul/build/roughness_cul -- -j16 -l16
[0.059s] [35m[1mConsolidate compiler generated dependencies of target roughness_cul[0m
[0.073s] [ 40%] Built target roughness_cul_subscriber
[0.080s] [ 60%] [32mBuilding CXX object CMakeFiles/roughness_cul.dir/src/roughness_cul_Node/roughness_cul.cpp.o[0m
[2.022s] [01m[K/home/takuto/scout_ws/src/roughness_cul/src/roughness_cul_Node/roughness_cul.cpp:3:1:[m[K [01;31m[Kerror: [m[Kreturn type specification for constructor invalid
[2.023s]     3 | [01;31m[Kvoid[m[K roughness_cul::roughness_cul() : public Node("roughness_cul"){
[2.023s]       | [01;31m[K^~~~[m[K
[2.023s] [01m[K/home/takuto/scout_ws/src/roughness_cul/src/roughness_cul_Node/roughness_cul.cpp:[m[K In constructor ‘[01m[Kroughness_cul::roughness_cul()[m[K’:
[2.023s] [01m[K/home/takuto/scout_ws/src/roughness_cul/src/roughness_cul_Node/roughness_cul.cpp:3:39:[m[K [01;31m[Kerror: [m[Kexpected identifier before ‘[01m[Kpublic[m[K’
[2.023s]     3 | void roughness_cul::roughness_cul() : [01;31m[Kpublic[m[K Node("roughness_cul"){
[2.023s]       |                                       [01;31m[K^~~~~~[m[K
[2.023s] [01m[K/home/takuto/scout_ws/src/roughness_cul/src/roughness_cul_Node/roughness_cul.cpp:3:39:[m[K [01;31m[Kerror: [m[Kno matching function for call to ‘[01m[Krclcpp::Node::Node()[m[K’
[2.023s] In file included from [01m[K/opt/ros/humble/include/rclcpp/rclcpp/executors/single_threaded_executor.hpp:28[m[K,
[2.023s]                  from [01m[K/opt/ros/humble/include/rclcpp/rclcpp/executors.hpp:22[m[K,
[2.023s]                  from [01m[K/opt/ros/humble/include/rclcpp/rclcpp/rclcpp.hpp:155[m[K,
[2.023s]                  from [01m[K/home/takuto/scout_ws/src/roughness_cul/src/roughness_cul_Node/roughness_cul.hpp:1[m[K,
[2.023s]                  from [01m[K/home/takuto/scout_ws/src/roughness_cul/src/roughness_cul_Node/roughness_cul.cpp:1[m[K:
[2.023s] [01m[K/opt/ros/humble/include/rclcpp/rclcpp/node.hpp:1294:3:[m[K [01;36m[Knote: [m[Kcandidate: ‘[01m[Krclcpp::Node::Node(const rclcpp::Node&, const string&)[m[K’
[2.023s]  1294 |   [01;36m[KNode[m[K(
[2.023s]       |   [01;36m[K^~~~[m[K
[2.023s] [01m[K/opt/ros/humble/include/rclcpp/rclcpp/node.hpp:1294:3:[m[K [01;36m[Knote: [m[K  candidate expects 2 arguments, 0 provided
[2.023s] [01m[K/opt/ros/humble/include/rclcpp/rclcpp/node.hpp:101:12:[m[K [01;36m[Knote: [m[Kcandidate: ‘[01m[Krclcpp::Node::Node(const string&, const string&, const rclcpp::NodeOptions&)[m[K’
[2.023s]   101 |   explicit [01;36m[KNode[m[K(
[2.023s]       |            [01;36m[K^~~~[m[K
[2.023s] [01m[K/opt/ros/humble/include/rclcpp/rclcpp/node.hpp:101:12:[m[K [01;36m[Knote: [m[K  candidate expects 3 arguments, 0 provided
[2.024s] [01m[K/opt/ros/humble/include/rclcpp/rclcpp/node.hpp:89:12:[m[K [01;36m[Knote: [m[Kcandidate: ‘[01m[Krclcpp::Node::Node(const string&, const rclcpp::NodeOptions&)[m[K’
[2.024s]    89 |   explicit [01;36m[KNode[m[K(
[2.024s]       |            [01;36m[K^~~~[m[K
[2.024s] [01m[K/opt/ros/humble/include/rclcpp/rclcpp/node.hpp:89:12:[m[K [01;36m[Knote: [m[K  candidate expects 2 arguments, 0 provided
[2.024s] [01m[K/home/takuto/scout_ws/src/roughness_cul/src/roughness_cul_Node/roughness_cul.cpp:3:39:[m[K [01;31m[Kerror: [m[Kexpected ‘[01m[K{[m[K’ before ‘[01m[Kpublic[m[K’
[2.024s]     3 | void roughness_cul::roughness_cul() : [01;31m[Kpublic[m[K Node("roughness_cul"){
[2.024s]       |                                       [01;31m[K^~~~~~[m[K
[2.024s] [01m[K/home/takuto/scout_ws/src/roughness_cul/src/roughness_cul_Node/roughness_cul.cpp:[m[K At global scope:
[2.024s] [01m[K/home/takuto/scout_ws/src/roughness_cul/src/roughness_cul_Node/roughness_cul.cpp:3:39:[m[K [01;31m[Kerror: [m[Kexpected unqualified-id before ‘[01m[Kpublic[m[K’
[2.372s] gmake[2]: *** [CMakeFiles/roughness_cul.dir/build.make:76: CMakeFiles/roughness_cul.dir/src/roughness_cul_Node/roughness_cul.cpp.o] エラー 1
[2.373s] gmake[1]: *** [CMakeFiles/Makefile2:139: CMakeFiles/roughness_cul.dir/all] エラー 2
[2.373s] gmake: *** [Makefile:146: all] エラー 2
[2.375s] Invoked command in '/home/takuto/scout_ws/src/roughness_cul/build/roughness_cul' returned '2': CMAKE_PREFIX_PATH=/home/takuto/scout_ws/src/roughness_cul/install/roughness_cul:/home/takuto/turtlebot3_ws/install/turtlebot3:/home/takuto/turtlebot3_ws/install/turtlebot3_simulations:/home/takuto/turtlebot3_ws/install/turtlebot3_bringup:/home/takuto/turtlebot3_ws/install/turtlebot3_node:/home/takuto/turtlebot3_ws/install/turtlebot3_navigation2:/home/takuto/turtlebot3_ws/install/turtlebot3_gazebo:/home/takuto/turtlebot3_ws/install/turtlebot3_fake_node:/home/takuto/turtlebot3_ws/install/turtlebot3_description:/home/takuto/turtlebot3_ws/install/turtlebot3_cartographer:/home/takuto/turtlebot3_ws/install/turtlebot3_teleop:/home/takuto/turtlebot3_ws/install/turtlebot3_example:/home/takuto/turtlebot3_ws/install/cmd_vel_joy:/home/takuto/scout_ws/install/cmd_vel_joy:/home/takuto/scout_ws/src/install/cmd_vel_joy:/opt/ros/humble:/home/takuto/turtlebot3_ws/install/realsense_gazebo_plugin:/home/takuto/turtlebot3_ws/install/realsense2_description:/home/takuto/turtlebot3_ws/install/realsense2_camera:/home/takuto/turtlebot3_ws/install/realsense2_camera_msgs:/home/takuto/turtlebot3_ws/install/dynamixel_sdk_examples:/home/takuto/turtlebot3_ws/install/dynamixel_sdk_custom_interfaces:/home/takuto/turtlebot3_ws/install/dynamixel_sdk:/home/takuto/mecanumrover_ws/install/vs_rover_options_description:/home/takuto/mecanumrover_ws/install/mecanumrover_gazebo:/home/takuto/mecanumrover_ws/install/mecanumrover3:/home/takuto/mecanumrover_ws/install/mecanumrover_description:/home/takuto/mecanumrover_ws/install/mecanumrover3_bringup:/home/takuto/uros_ws/install/micro_ros_setup:/home/takuto/uros_ws/install/micro_ros_agent:/home/takuto/uros_ws/install/micro_ros_msgs:/home/takuto/scout_ws/install/scout_gazebo:/home/takuto/scout_ws/install/hesai_ros_driver:/home/takuto/scout_ws/install/hesai_description:/home/takuto/scout_ws/src/install/scout_gazebo:/home/takuto/scout_ws/src/install/hesai_ros_driver /usr/bin/cmake --build /home/takuto/scout_ws/src/roughness_cul/build/roughness_cul -- -j16 -l16
