[35m[1mConsolidate compiler generated dependencies of target roughness_slope_astar_node[0m
[ 20%] [32mBuilding CXX object CMakeFiles/roughness_slope_astar_node.dir/src/RoughnessSlopeAstar/RoughnessSlopeAstar.cpp.o[0m
[01m[K/home/takuto/scout_ws/src/roughness_slope_astar/src/RoughnessSlopeAstar/RoughnessSlopeAstar.cpp:[m[K In member function ‘[01m[Kvoid RoughnessSlopeAstarNode::plan_tick()[m[K’:
[01m[K/home/takuto/scout_ws/src/roughness_slope_astar/src/RoughnessSlopeAstar/RoughnessSlopeAstar.cpp:38:11:[m[K [01;35m[Kwarning: [m[Kenumeration value ‘[01m[KDIST_ONLY[m[K’ not handled in switch [[01;35m[K]8;;https://gcc.gnu.org/onlinedocs/gcc/Warning-Options.html#index-Wswitch-Wswitch]8;;[m[K]
   38 |     switch[01;35m[K([m[Kcost_mode){
      |           [01;35m[K^[m[K
[ 40%] [32m[1mLinking CXX executable roughness_slope_astar_node[0m
[100%] Built target roughness_slope_astar_node
-- Install configuration: ""
-- Installing: /home/takuto/scout_ws/install/roughness_slope_astar/lib/roughness_slope_astar/roughness_slope_astar_node
-- Set runtime path of "/home/takuto/scout_ws/install/roughness_slope_astar/lib/roughness_slope_astar/roughness_slope_astar_node" to ""
-- Up-to-date: /home/takuto/scout_ws/install/roughness_slope_astar/share/ament_index/resource_index/package_run_dependencies/roughness_slope_astar
-- Up-to-date: /home/takuto/scout_ws/install/roughness_slope_astar/share/ament_index/resource_index/parent_prefix_path/roughness_slope_astar
-- Up-to-date: /home/takuto/scout_ws/install/roughness_slope_astar/share/roughness_slope_astar/environment/ament_prefix_path.sh
-- Up-to-date: /home/takuto/scout_ws/install/roughness_slope_astar/share/roughness_slope_astar/environment/ament_prefix_path.dsv
-- Up-to-date: /home/takuto/scout_ws/install/roughness_slope_astar/share/roughness_slope_astar/environment/path.sh
-- Up-to-date: /home/takuto/scout_ws/install/roughness_slope_astar/share/roughness_slope_astar/environment/path.dsv
-- Up-to-date: /home/takuto/scout_ws/install/roughness_slope_astar/share/roughness_slope_astar/local_setup.bash
-- Up-to-date: /home/takuto/scout_ws/install/roughness_slope_astar/share/roughness_slope_astar/local_setup.sh
-- Up-to-date: /home/takuto/scout_ws/install/roughness_slope_astar/share/roughness_slope_astar/local_setup.zsh
-- Up-to-date: /home/takuto/scout_ws/install/roughness_slope_astar/share/roughness_slope_astar/local_setup.dsv
-- Installing: /home/takuto/scout_ws/install/roughness_slope_astar/share/roughness_slope_astar/package.dsv
-- Up-to-date: /home/takuto/scout_ws/install/roughness_slope_astar/share/ament_index/resource_index/packages/roughness_slope_astar
-- Up-to-date: /home/takuto/scout_ws/install/roughness_slope_astar/share/roughness_slope_astar/cmake/roughness_slope_astarConfig.cmake
-- Up-to-date: /home/takuto/scout_ws/install/roughness_slope_astar/share/roughness_slope_astar/cmake/roughness_slope_astarConfig-version.cmake
-- Up-to-date: /home/takuto/scout_ws/install/roughness_slope_astar/share/roughness_slope_astar/package.xml
