[0.664s] Invoking command in '/home/takuto/scout_ws/build/roughness_slope_astar': CMAKE_PREFIX_PATH=/opt/ros/humble /usr/bin/cmake --build /home/takuto/scout_ws/build/roughness_slope_astar -- -j16 -l16
[0.795s] [35m[1mConsolidate compiler generated dependencies of target roughness_slope_astar_node[0m
[0.841s] [ 20%] [32mBuilding CXX object CMakeFiles/roughness_slope_astar_node.dir/src/RoughnessSlopeAstar/RoughnessSlopeAstar.cpp.o[0m
[14.362s] [ 40%] [32m[1mLinking CXX executable roughness_slope_astar_node[0m
[15.048s] [100%] Built target roughness_slope_astar_node
[15.064s] Invoked command in '/home/takuto/scout_ws/build/roughness_slope_astar' returned '0': CMAKE_PREFIX_PATH=/opt/ros/humble /usr/bin/cmake --build /home/takuto/scout_ws/build/roughness_slope_astar -- -j16 -l16
[15.068s] Invoking command in '/home/takuto/scout_ws/build/roughness_slope_astar': CMAKE_PREFIX_PATH=/opt/ros/humble /usr/bin/cmake --install /home/takuto/scout_ws/build/roughness_slope_astar
[15.079s] -- Install configuration: ""
[15.083s] -- Installing: /home/takuto/scout_ws/install/roughness_slope_astar/lib/roughness_slope_astar/roughness_slope_astar_node
[15.096s] -- Set runtime path of "/home/takuto/scout_ws/install/roughness_slope_astar/lib/roughness_slope_astar/roughness_slope_astar_node" to ""
[15.096s] -- Up-to-date: /home/takuto/scout_ws/install/roughness_slope_astar/share/ament_index/resource_index/package_run_dependencies/roughness_slope_astar
[15.096s] -- Up-to-date: /home/takuto/scout_ws/install/roughness_slope_astar/share/ament_index/resource_index/parent_prefix_path/roughness_slope_astar
[15.097s] -- Up-to-date: /home/takuto/scout_ws/install/roughness_slope_astar/share/roughness_slope_astar/environment/ament_prefix_path.sh
[15.097s] -- Up-to-date: /home/takuto/scout_ws/install/roughness_slope_astar/share/roughness_slope_astar/environment/ament_prefix_path.dsv
[15.097s] -- Up-to-date: /home/takuto/scout_ws/install/roughness_slope_astar/share/roughness_slope_astar/environment/path.sh
[15.097s] -- Up-to-date: /home/takuto/scout_ws/install/roughness_slope_astar/share/roughness_slope_astar/environment/path.dsv
[15.097s] -- Up-to-date: /home/takuto/scout_ws/install/roughness_slope_astar/share/roughness_slope_astar/local_setup.bash
[15.097s] -- Up-to-date: /home/takuto/scout_ws/install/roughness_slope_astar/share/roughness_slope_astar/local_setup.sh
[15.097s] -- Up-to-date: /home/takuto/scout_ws/install/roughness_slope_astar/share/roughness_slope_astar/local_setup.zsh
[15.097s] -- Up-to-date: /home/takuto/scout_ws/install/roughness_slope_astar/share/roughness_slope_astar/local_setup.dsv
[15.097s] -- Installing: /home/takuto/scout_ws/install/roughness_slope_astar/share/roughness_slope_astar/package.dsv
[15.098s] -- Up-to-date: /home/takuto/scout_ws/install/roughness_slope_astar/share/ament_index/resource_index/packages/roughness_slope_astar
[15.098s] -- Up-to-date: /home/takuto/scout_ws/install/roughness_slope_astar/share/roughness_slope_astar/cmake/roughness_slope_astarConfig.cmake
[15.098s] -- Up-to-date: /home/takuto/scout_ws/install/roughness_slope_astar/share/roughness_slope_astar/cmake/roughness_slope_astarConfig-version.cmake
[15.098s] -- Up-to-date: /home/takuto/scout_ws/install/roughness_slope_astar/share/roughness_slope_astar/package.xml
[15.101s] Invoked command in '/home/takuto/scout_ws/build/roughness_slope_astar' returned '0': CMAKE_PREFIX_PATH=/opt/ros/humble /usr/bin/cmake --install /home/takuto/scout_ws/build/roughness_slope_astar
