-- Found ament_cmake_auto: 1.3.11 (/opt/ros/humble/share/ament_cmake_auto/cmake)
-- Found rosidl_generator_c: 3.1.6 (/opt/ros/humble/share/rosidl_generator_c/cmake)
-- Found rosidl_adapter: 3.1.6 (/opt/ros/humble/share/rosidl_adapter/cmake)
-- Found rosidl_generator_cpp: 3.1.6 (/opt/ros/humble/share/rosidl_generator_cpp/cmake)
-- Using all available rosidl_typesupport_c: rosidl_typesupport_fastrtps_c;rosidl_typesupport_introspection_c
-- Using all available rosidl_typesupport_cpp: rosidl_typesupport_fastrtps_cpp;rosidl_typesupport_introspection_cpp
-- Found rmw_implementation_cmake: 6.1.2 (/opt/ros/humble/share/rmw_implementation_cmake/cmake)
-- Found rmw_fastrtps_cpp: 6.2.7 (/opt/ros/humble/share/rmw_fastrtps_cpp/cmake)
-- Using RMW implementation 'rmw_fastrtps_cpp' as default
-- Configuring done
-- Generating done
-- Build files have been written to: /home/takuto/scout_ws/build/roughness_cul
[ 60%] [32mBuilding CXX object CMakeFiles/roughness_cul.dir/src/roughness_cul_Node/roughness_cul.cpp.o[0m
[ 60%] [32mBuilding CXX object CMakeFiles/roughness_cul.dir/include/robot_node/robot.cpp.o[0m
[ 60%] [32mBuilding CXX object CMakeFiles/roughness_cul_Node.dir/rclcpp_components/node_main_roughness_cul_Node.cpp.o[0m
[ 80%] [32m[1mLinking CXX executable roughness_cul_Node[0m
[ 80%] Built target roughness_cul_Node
[100%] [32m[1mLinking CXX shared library libroughness_cul.so[0m
[100%] Built target roughness_cul
-- Install configuration: ""
-- Installing: /home/takuto/scout_ws/install/roughness_cul/lib/roughness_cul/roughness_cul_Node
-- Set runtime path of "/home/takuto/scout_ws/install/roughness_cul/lib/roughness_cul/roughness_cul_Node" to ""
-- Installing: /home/takuto/scout_ws/install/roughness_cul/share/roughness_cul/launch
-- Installing: /home/takuto/scout_ws/install/roughness_cul/include
-- Installing: /home/takuto/scout_ws/install/roughness_cul/include/robot_node
-- Installing: /home/takuto/scout_ws/install/roughness_cul/include/robot_node/robot.hpp
-- Installing: /home/takuto/scout_ws/install/roughness_cul/include/robot_node/robot.cpp
-- Installing: /home/takuto/scout_ws/install/roughness_cul/include/roughness_cul
-- Installing: /home/takuto/scout_ws/install/roughness_cul/share/roughness_cul/environment/library_path.sh
-- Installing: /home/takuto/scout_ws/install/roughness_cul/share/roughness_cul/environment/library_path.dsv
-- Installing: /home/takuto/scout_ws/install/roughness_cul/lib/libroughness_cul.so
-- Set runtime path of "/home/takuto/scout_ws/install/roughness_cul/lib/libroughness_cul.so" to ""
-- Installing: /home/takuto/scout_ws/install/roughness_cul/share/ament_index/resource_index/package_run_dependencies/roughness_cul
-- Installing: /home/takuto/scout_ws/install/roughness_cul/share/ament_index/resource_index/parent_prefix_path/roughness_cul
-- Installing: /home/takuto/scout_ws/install/roughness_cul/share/roughness_cul/environment/ament_prefix_path.sh
-- Installing: /home/takuto/scout_ws/install/roughness_cul/share/roughness_cul/environment/ament_prefix_path.dsv
-- Installing: /home/takuto/scout_ws/install/roughness_cul/share/roughness_cul/environment/path.sh
-- Installing: /home/takuto/scout_ws/install/roughness_cul/share/roughness_cul/environment/path.dsv
-- Installing: /home/takuto/scout_ws/install/roughness_cul/share/roughness_cul/local_setup.bash
-- Installing: /home/takuto/scout_ws/install/roughness_cul/share/roughness_cul/local_setup.sh
-- Installing: /home/takuto/scout_ws/install/roughness_cul/share/roughness_cul/local_setup.zsh
-- Installing: /home/takuto/scout_ws/install/roughness_cul/share/roughness_cul/local_setup.dsv
-- Installing: /home/takuto/scout_ws/install/roughness_cul/share/roughness_cul/package.dsv
-- Installing: /home/takuto/scout_ws/install/roughness_cul/share/ament_index/resource_index/packages/roughness_cul
-- Installing: /home/takuto/scout_ws/install/roughness_cul/share/ament_index/resource_index/rclcpp_components/roughness_cul
-- Installing: /home/takuto/scout_ws/install/roughness_cul/share/roughness_cul/cmake/ament_cmake_export_dependencies-extras.cmake
-- Installing: /home/takuto/scout_ws/install/roughness_cul/share/roughness_cul/cmake/ament_cmake_export_include_directories-extras.cmake
-- Installing: /home/takuto/scout_ws/install/roughness_cul/share/roughness_cul/cmake/ament_cmake_export_libraries-extras.cmake
-- Installing: /home/takuto/scout_ws/install/roughness_cul/share/roughness_cul/cmake/roughness_culConfig.cmake
-- Installing: /home/takuto/scout_ws/install/roughness_cul/share/roughness_cul/cmake/roughness_culConfig-version.cmake
-- Installing: /home/takuto/scout_ws/install/roughness_cul/share/roughness_cul/package.xml
