[0.474s] Invoking command in '/home/takuto/turtlebot3_ws/src/cmd_vel_joy': PYTHONPATH=/home/takuto/turtlebot3_ws/src/cmd_vel_joy/build/cmd_vel_joy/prefix_override:/usr/lib/python3/dist-packages/colcon_core/task/python/colcon_distutils_commands:/home/takuto/turtlebot3_ws/src/cmd_vel_joy/install/cmd_vel_joy/lib/python3.10/site-packages:${PYTHONPATH} /usr/bin/python3 -W ignore:setup.py install is deprecated -W ignore:easy_install command is deprecated setup.py egg_info --egg-base build/cmd_vel_joy build --build-base /home/takuto/turtlebot3_ws/src/cmd_vel_joy/build/cmd_vel_joy/build install --record /home/takuto/turtlebot3_ws/src/cmd_vel_joy/build/cmd_vel_joy/install.log --single-version-externally-managed install_data
[0.649s] running egg_info
[0.649s] writing build/cmd_vel_joy/cmd_vel_joy.egg-info/PKG-INFO
[0.650s] writing dependency_links to build/cmd_vel_joy/cmd_vel_joy.egg-info/dependency_links.txt
[0.650s] writing entry points to build/cmd_vel_joy/cmd_vel_joy.egg-info/entry_points.txt
[0.650s] writing requirements to build/cmd_vel_joy/cmd_vel_joy.egg-info/requires.txt
[0.650s] writing top-level names to build/cmd_vel_joy/cmd_vel_joy.egg-info/top_level.txt
[0.651s] reading manifest file 'build/cmd_vel_joy/cmd_vel_joy.egg-info/SOURCES.txt'
[0.652s] writing manifest file 'build/cmd_vel_joy/cmd_vel_joy.egg-info/SOURCES.txt'
[0.652s] running build
[0.652s] running build_py
[0.652s] copying cmd_vel_joy/joy_cmd.py -> /home/takuto/turtlebot3_ws/src/cmd_vel_joy/build/cmd_vel_joy/build/lib/cmd_vel_joy
[0.652s] running install
[0.653s] running install_lib
[0.653s] copying /home/takuto/turtlebot3_ws/src/cmd_vel_joy/build/cmd_vel_joy/build/lib/cmd_vel_joy/joy_cmd.py -> /home/takuto/turtlebot3_ws/src/cmd_vel_joy/install/cmd_vel_joy/lib/python3.10/site-packages/cmd_vel_joy
[0.654s] byte-compiling /home/takuto/turtlebot3_ws/src/cmd_vel_joy/install/cmd_vel_joy/lib/python3.10/site-packages/cmd_vel_joy/joy_cmd.py to joy_cmd.cpython-310.pyc
[0.654s] running install_data
[0.654s] running install_egg_info
[0.655s] removing '/home/takuto/turtlebot3_ws/src/cmd_vel_joy/install/cmd_vel_joy/lib/python3.10/site-packages/cmd_vel_joy-0.0.0-py3.10.egg-info' (and everything under it)
[0.656s] Copying build/cmd_vel_joy/cmd_vel_joy.egg-info to /home/takuto/turtlebot3_ws/src/cmd_vel_joy/install/cmd_vel_joy/lib/python3.10/site-packages/cmd_vel_joy-0.0.0-py3.10.egg-info
[0.656s] running install_scripts
[0.671s] Installing joy_cmd script to /home/takuto/turtlebot3_ws/src/cmd_vel_joy/install/cmd_vel_joy/lib/cmd_vel_joy
[0.671s] writing list of installed files to '/home/takuto/turtlebot3_ws/src/cmd_vel_joy/build/cmd_vel_joy/install.log'
[0.702s] Invoked command in '/home/takuto/turtlebot3_ws/src/cmd_vel_joy' returned '0': PYTHONPATH=/home/takuto/turtlebot3_ws/src/cmd_vel_joy/build/cmd_vel_joy/prefix_override:/usr/lib/python3/dist-packages/colcon_core/task/python/colcon_distutils_commands:/home/takuto/turtlebot3_ws/src/cmd_vel_joy/install/cmd_vel_joy/lib/python3.10/site-packages:${PYTHONPATH} /usr/bin/python3 -W ignore:setup.py install is deprecated -W ignore:easy_install command is deprecated setup.py egg_info --egg-base build/cmd_vel_joy build --build-base /home/takuto/turtlebot3_ws/src/cmd_vel_joy/build/cmd_vel_joy/build install --record /home/takuto/turtlebot3_ws/src/cmd_vel_joy/build/cmd_vel_joy/install.log --single-version-externally-managed install_data
