[0.287s] Invoking command in '/home/takuto/scout_ws/build/hesai_ros_driver': CMAKE_PREFIX_PATH=/home/takuto/scout_ws/install/scout_gazebo:/home/takuto/scout_ws/install/roughness_cul:/home/takuto/scout_ws/install/hesai_ros_driver:/home/takuto/scout_ws/install/hesai_description:/home/takuto/mecanumrover_ws/install/vs_rover_options_description:/home/takuto/mecanumrover_ws/install/mecanumrover_gazebo:/home/takuto/mecanumrover_ws/install/mecanumrover3:/home/takuto/mecanumrover_ws/install/mecanumrover_description:/home/takuto/mecanumrover_ws/install/mecanumrover3_bringup:/home/takuto/uros_ws/install/micro_ros_setup:/home/takuto/uros_ws/install/micro_ros_agent:/home/takuto/uros_ws/install/micro_ros_msgs:/home/takuto/scout_ws/src/install/scout_gazebo:/home/takuto/scout_ws/src/install/hesai_ros_driver:/home/takuto/turtlebot3_ws/install/turtlebot3:/home/takuto/turtlebot3_ws/install/turtlebot3_simulations:/home/takuto/turtlebot3_ws/install/turtlebot3_bringup:/home/takuto/turtlebot3_ws/install/turtlebot3_node:/home/takuto/turtlebot3_ws/install/turtlebot3_navigation2:/home/takuto/turtlebot3_ws/install/turtlebot3_gazebo:/home/takuto/turtlebot3_ws/install/turtlebot3_fake_node:/home/takuto/turtlebot3_ws/install/turtlebot3_description:/home/takuto/turtlebot3_ws/install/turtlebot3_cartographer:/home/takuto/scout_ws/install/cmd_vel_joy:/home/takuto/scout_ws/src/install/cmd_vel_joy:/home/takuto/turtlebot3_ws/install/turtlebot3_teleop:/home/takuto/turtlebot3_ws/install/turtlebot3_example:/home/takuto/turtlebot3_ws/install/cmd_vel_joy:/opt/ros/humble:/home/takuto/turtlebot3_ws/install/realsense_gazebo_plugin:/home/takuto/turtlebot3_ws/install/realsense2_description:/home/takuto/turtlebot3_ws/install/realsense2_camera:/home/takuto/turtlebot3_ws/install/realsense2_camera_msgs:/home/takuto/turtlebot3_ws/install/dynamixel_sdk_examples:/home/takuto/turtlebot3_ws/install/dynamixel_sdk_custom_interfaces:/home/takuto/turtlebot3_ws/install/dynamixel_sdk /usr/bin/cmake --build /home/takuto/scout_ws/build/hesai_ros_driver -- -j16 -l16
[0.627s] [  1%] Built target hesai_ros_driver__cpp
[0.628s] [  2%] [32mBuilding CXX object src/driver/HesaiLidar_SDK_2.0/libhesai/CMakeFiles/log_lib.dir/Logger/src/logger.cc.o[0m
[0.629s] [  9%] Built target hesai_ros_driver__rosidl_generator_c
[0.630s] [  9%] Built target ament_cmake_python_symlink_hesai_ros_driver
[0.630s] [ 17%] [32mBuilding CXX object CMakeFiles/hesai_ros_driver__rosidl_typesupport_fastrtps_cpp.dir/rosidl_typesupport_fastrtps_cpp/hesai_ros_driver/msg/detail/dds_fastrtps/udp_frame__type_support.cpp.o[0m
[0.637s] [ 17%] [32mBuilding CXX object CMakeFiles/hesai_ros_driver__rosidl_typesupport_introspection_cpp.dir/rosidl_typesupport_introspection_cpp/hesai_ros_driver/msg/detail/udp_packet__type_support.cpp.o[0m
[0.637s] [ 17%] [32mBuilding CXX object CMakeFiles/hesai_ros_driver__rosidl_typesupport_fastrtps_cpp.dir/rosidl_typesupport_fastrtps_cpp/hesai_ros_driver/msg/detail/dds_fastrtps/ptp__type_support.cpp.o[0m
[0.638s] [ 17%] [32mBuilding CXX object CMakeFiles/hesai_ros_driver__rosidl_typesupport_fastrtps_cpp.dir/rosidl_typesupport_fastrtps_cpp/hesai_ros_driver/msg/detail/dds_fastrtps/loss_packet__type_support.cpp.o[0m
[0.640s] [ 17%] [32mBuilding CXX object CMakeFiles/hesai_ros_driver__rosidl_typesupport_fastrtps_cpp.dir/rosidl_typesupport_fastrtps_cpp/hesai_ros_driver/msg/detail/dds_fastrtps/firetime__type_support.cpp.o[0m
[0.641s] [ 17%] [32mBuilding CXX object CMakeFiles/hesai_ros_driver__rosidl_typesupport_cpp.dir/rosidl_typesupport_cpp/hesai_ros_driver/msg/udp_packet__type_support.cpp.o[0m
[0.642s] [ 18%] [32mBuilding CXX object CMakeFiles/hesai_ros_driver__rosidl_typesupport_introspection_cpp.dir/rosidl_typesupport_introspection_cpp/hesai_ros_driver/msg/detail/udp_frame__type_support.cpp.o[0m
[0.643s] [ 19%] [32mBuilding CXX object CMakeFiles/hesai_ros_driver__rosidl_typesupport_introspection_cpp.dir/rosidl_typesupport_introspection_cpp/hesai_ros_driver/msg/detail/firetime__type_support.cpp.o[0m
[0.645s] [ 20%] [32mBuilding CXX object CMakeFiles/hesai_ros_driver__rosidl_typesupport_fastrtps_cpp.dir/rosidl_typesupport_fastrtps_cpp/hesai_ros_driver/msg/detail/dds_fastrtps/udp_packet__type_support.cpp.o[0m
[0.649s] [ 20%] [32mBuilding CXX object CMakeFiles/hesai_ros_driver__rosidl_typesupport_introspection_cpp.dir/rosidl_typesupport_introspection_cpp/hesai_ros_driver/msg/detail/loss_packet__type_support.cpp.o[0m
[0.650s] [ 21%] [32mBuilding CXX object CMakeFiles/hesai_ros_driver__rosidl_typesupport_introspection_cpp.dir/rosidl_typesupport_introspection_cpp/hesai_ros_driver/msg/detail/ptp__type_support.cpp.o[0m
[0.650s] [ 30%] Built target hesai_ros_driver__rosidl_typesupport_c
[0.650s] [ 37%] Built target hesai_ros_driver__rosidl_typesupport_introspection_c
[0.651s] [ 37%] [32mBuilding CXX object CMakeFiles/hesai_ros_driver__rosidl_typesupport_fastrtps_c.dir/rosidl_typesupport_fastrtps_c/hesai_ros_driver/msg/detail/udp_packet__type_support_c.cpp.o[0m
[0.651s] [ 38%] [32mBuilding CXX object CMakeFiles/hesai_ros_driver__rosidl_typesupport_cpp.dir/rosidl_typesupport_cpp/hesai_ros_driver/msg/udp_frame__type_support.cpp.o[0m
[0.651s] [ 39%] [32mBuilding CXX object CMakeFiles/hesai_ros_driver__rosidl_typesupport_cpp.dir/rosidl_typesupport_cpp/hesai_ros_driver/msg/firetime__type_support.cpp.o[0m
[1.105s] running egg_info
[1.105s] writing hesai_ros_driver.egg-info/PKG-INFO
[1.106s] writing dependency_links to hesai_ros_driver.egg-info/dependency_links.txt
[1.107s] writing top-level names to hesai_ros_driver.egg-info/top_level.txt
[1.122s] reading manifest file 'hesai_ros_driver.egg-info/SOURCES.txt'
[1.128s] writing manifest file 'hesai_ros_driver.egg-info/SOURCES.txt'
[1.324s] [ 39%] Built target ament_cmake_python_build_hesai_ros_driver_egg
[1.355s] [ 40%] [32mBuilding CXX object CMakeFiles/hesai_ros_driver__rosidl_typesupport_fastrtps_c.dir/rosidl_typesupport_fastrtps_c/hesai_ros_driver/msg/detail/udp_frame__type_support_c.cpp.o[0m
[1.384s] [ 43%] [32mBuilding CXX object CMakeFiles/hesai_ros_driver__rosidl_typesupport_cpp.dir/rosidl_typesupport_cpp/hesai_ros_driver/msg/ptp__type_support.cpp.o[0m
[1.385s] [ 43%] [32mBuilding CXX object CMakeFiles/hesai_ros_driver__rosidl_typesupport_fastrtps_c.dir/rosidl_typesupport_fastrtps_c/hesai_ros_driver/msg/detail/firetime__type_support_c.cpp.o[0m
[1.448s] [ 44%] [32mBuilding CXX object CMakeFiles/hesai_ros_driver__rosidl_typesupport_fastrtps_c.dir/rosidl_typesupport_fastrtps_c/hesai_ros_driver/msg/detail/ptp__type_support_c.cpp.o[0m
[1.590s] [ 45%] [32mBuilding CXX object CMakeFiles/hesai_ros_driver__rosidl_typesupport_cpp.dir/rosidl_typesupport_cpp/hesai_ros_driver/msg/loss_packet__type_support.cpp.o[0m
[1.597s] [ 46%] [32mBuilding CXX object CMakeFiles/hesai_ros_driver__rosidl_typesupport_fastrtps_c.dir/rosidl_typesupport_fastrtps_c/hesai_ros_driver/msg/detail/loss_packet__type_support_c.cpp.o[0m
[1.804s] [ 47%] [32m[1mLinking CXX shared library libhesai_ros_driver__rosidl_typesupport_introspection_cpp.so[0m
[1.805s] [ 48%] [32m[1mLinking CXX shared library libhesai_ros_driver__rosidl_typesupport_fastrtps_cpp.so[0m
[2.003s] [ 49%] Built target hesai_ros_driver__rosidl_typesupport_fastrtps_cpp
[2.012s] [ 50%] Built target hesai_ros_driver__rosidl_typesupport_introspection_cpp
[2.085s] [ 51%] [32m[1mLinking CXX shared library libhesai_ros_driver__rosidl_typesupport_cpp.so[0m
[2.091s] [ 52%] [32m[1mLinking CXX shared library liblog_lib.so[0m
[2.150s] [ 53%] Built target hesai_ros_driver__rosidl_typesupport_cpp
[2.196s] [ 53%] Built target log_lib
[2.211s] [ 54%] [32m[1mLinking CXX shared library libhesai_ros_driver__rosidl_typesupport_fastrtps_c.so[0m
[2.238s] [ 56%] [32mBuilding CXX object src/driver/HesaiLidar_SDK_2.0/libhesai/CMakeFiles/platutils_lib.dir/Common/src/plat_utils.cc.o[0m
[2.238s] [ 56%] [32mBuilding CXX object src/driver/HesaiLidar_SDK_2.0/libhesai/CMakeFiles/platutils_lib.dir/Common/src/auto_tick_count.cc.o[0m
[2.337s] [ 58%] Built target hesai_ros_driver__rosidl_typesupport_fastrtps_c
[2.374s] [ 58%] Built target hesai_ros_driver
[2.413s] [ 59%] Built target hesai_ros_driver__py
[2.463s] [ 61%] [32mBuilding C object CMakeFiles/hesai_ros_driver__rosidl_generator_py.dir/rosidl_generator_py/hesai_ros_driver/msg/_ptp_s.c.o[0m
[2.463s] [ 61%] [32mBuilding C object CMakeFiles/hesai_ros_driver__rosidl_generator_py.dir/rosidl_generator_py/hesai_ros_driver/msg/_udp_frame_s.c.o[0m
[2.463s] [ 64%] [32mBuilding C object CMakeFiles/hesai_ros_driver__rosidl_generator_py.dir/rosidl_generator_py/hesai_ros_driver/msg/_loss_packet_s.c.o[0m
[2.463s] [ 64%] [32mBuilding C object CMakeFiles/hesai_ros_driver__rosidl_generator_py.dir/rosidl_generator_py/hesai_ros_driver/msg/_firetime_s.c.o[0m
[2.463s] [ 64%] [32mBuilding C object CMakeFiles/hesai_ros_driver__rosidl_generator_py.dir/rosidl_generator_py/hesai_ros_driver/msg/_udp_packet_s.c.o[0m
[2.712s] [ 65%] [32m[1mLinking C shared library rosidl_generator_py/hesai_ros_driver/libhesai_ros_driver__rosidl_generator_py.so[0m
[2.772s] [ 65%] Built target hesai_ros_driver__rosidl_generator_py
[2.820s] [ 66%] [32mBuilding C object CMakeFiles/hesai_ros_driver__rosidl_typesupport_introspection_c__pyext.dir/rosidl_generator_py/hesai_ros_driver/_hesai_ros_driver_s.ep.rosidl_typesupport_introspection_c.c.o[0m
[2.820s] [ 67%] [32mBuilding C object CMakeFiles/hesai_ros_driver__rosidl_typesupport_fastrtps_c__pyext.dir/rosidl_generator_py/hesai_ros_driver/_hesai_ros_driver_s.ep.rosidl_typesupport_fastrtps_c.c.o[0m
[2.824s] [ 68%] [32mBuilding C object CMakeFiles/hesai_ros_driver__rosidl_typesupport_c__pyext.dir/rosidl_generator_py/hesai_ros_driver/_hesai_ros_driver_s.ep.rosidl_typesupport_c.c.o[0m
[2.984s] [ 70%] [32m[1mLinking C shared library rosidl_generator_py/hesai_ros_driver/hesai_ros_driver_s__rosidl_typesupport_fastrtps_c.cpython-310-x86_64-linux-gnu.so[0m
[2.984s] [ 70%] [32m[1mLinking C shared library rosidl_generator_py/hesai_ros_driver/hesai_ros_driver_s__rosidl_typesupport_introspection_c.cpython-310-x86_64-linux-gnu.so[0m
[2.987s] [ 72%] [32m[1mLinking C shared library rosidl_generator_py/hesai_ros_driver/hesai_ros_driver_s__rosidl_typesupport_c.cpython-310-x86_64-linux-gnu.so[0m
[3.033s] [ 72%] Built target hesai_ros_driver__rosidl_typesupport_introspection_c__pyext
[3.034s] [ 72%] Built target hesai_ros_driver__rosidl_typesupport_c__pyext
[3.034s] [ 72%] Built target hesai_ros_driver__rosidl_typesupport_fastrtps_c__pyext
[3.156s] [ 73%] [32m[1mLinking CXX shared library libplatutils_lib.so[0m
[3.227s] [ 73%] Built target platutils_lib
[3.277s] [ 74%] [32mBuilding CXX object src/driver/HesaiLidar_SDK_2.0/libhesai/CMakeFiles/udpParser_lib.dir/UdpParser/udp_parser.cc.o[0m
[3.287s] [ 75%] [32mBuilding CXX object src/driver/HesaiLidar_SDK_2.0/libhesai/CMakeFiles/source_lib.dir/Source/src/serial_source.cc.o[0m
[3.287s] [ 76%] [32mBuilding CXX object src/driver/HesaiLidar_SDK_2.0/libhesai/CMakeFiles/ptcClient_lib.dir/PtcClient/src/ptc_client.cc.o[0m
[3.288s] [ 77%] [32mBuilding CXX object src/driver/HesaiLidar_SDK_2.0/libhesai/CMakeFiles/source_lib.dir/Source/src/socket_source.cc.o[0m
[3.288s] [ 78%] [32mBuilding CXX object src/driver/HesaiLidar_SDK_2.0/libhesai/CMakeFiles/source_lib.dir/Source/src/source.cc.o[0m
[3.288s] [ 79%] [32mBuilding CXX object src/driver/HesaiLidar_SDK_2.0/libhesai/CMakeFiles/source_lib.dir/Source/src/pcap_source.cc.o[0m
[3.288s] [ 80%] [32mBuilding CXX object src/driver/HesaiLidar_SDK_2.0/libhesai/CMakeFiles/source_lib.dir/Source/src/pcap_saver.cc.o[0m
[3.288s] [ 81%] [32mBuilding CXX object src/driver/HesaiLidar_SDK_2.0/libhesai/CMakeFiles/ptcClient_lib.dir/PtcClient/src/tcp_client.cc.o[0m
[3.288s] [ 82%] [32mBuilding CXX object src/driver/HesaiLidar_SDK_2.0/libhesai/CMakeFiles/ptcClient_lib.dir/PtcParser/src/general_ptc_parser.cc.o[0m
[3.288s] [ 84%] [32mBuilding CXX object src/driver/HesaiLidar_SDK_2.0/libhesai/CMakeFiles/ptcClient_lib.dir/PtcParser/src/ptc_2_0_parser.cc.o[0m
[3.288s] [ 84%] [32mBuilding CXX object src/driver/HesaiLidar_SDK_2.0/libhesai/CMakeFiles/ptcClient_lib.dir/PtcParser/src/ptc_1_0_parser.cc.o[0m
[3.289s] [ 86%] [32mBuilding CXX object src/driver/HesaiLidar_SDK_2.0/libhesai/CMakeFiles/ptcClient_lib.dir/PtcParser/ptc_parser.cc.o[0m
[3.289s] [ 87%] [32mBuilding CXX object src/driver/HesaiLidar_SDK_2.0/libhesai/CMakeFiles/ptcClient_lib.dir/PtcClient/src/tcp_ssl_client.cc.o[0m
[4.312s] [ 88%] [32m[1mLinking CXX shared library libudpParser_lib.so[0m
[4.401s] [ 88%] Built target udpParser_lib
[4.460s] [ 89%] [32m[1mLinking CXX shared library libsource_lib.so[0m
[4.530s] [ 89%] Built target source_lib
[4.563s] [ 90%] [32mBuilding CXX object src/driver/HesaiLidar_SDK_2.0/libhesai/CMakeFiles/serialClient_lib.dir/SerialClient/src/serial_client.cc.o[0m
[5.023s] [ 91%] [32m[1mLinking CXX shared library libptcClient_lib.so[0m
[5.138s] [ 91%] Built target ptcClient_lib
[5.201s] [ 92%] [32m[1mLinking CXX shared library libserialClient_lib.so[0m
[5.265s] [ 92%] Built target serialClient_lib
[5.305s] [ 93%] [32mBuilding CXX object src/driver/HesaiLidar_SDK_2.0/libhesai/CMakeFiles/lidar_lib.dir/Lidar/lidar.cc.o[0m
[5.948s] [ 94%] [32m[1mLinking CXX shared library liblidar_lib.so[0m
[6.018s] [ 94%] Built target lidar_lib
[6.051s] [ 95%] [32mBuilding CXX object src/driver/HesaiLidar_SDK_2.0/CMakeFiles/hesai_sdk_lib.dir/driver/hesai_lidar_sdk.cc.o[0m
[6.699s] [ 96%] [32m[1mLinking CXX shared library libhesai_sdk_lib.so[0m
[6.769s] [ 96%] Built target hesai_sdk_lib
[6.820s] [ 97%] [32mBuilding CXX object CMakeFiles/hesai_ros_driver_node.dir/node/hesai_ros_driver_node.cc.o[0m
[6.820s] [ 98%] [32mBuilding CXX object CMakeFiles/hesai_ros_driver_node.dir/src/manager/node_manager.cc.o[0m
[29.897s] [100%] [32m[1mLinking CXX executable hesai_ros_driver_node[0m
[30.219s] [100%] Built target hesai_ros_driver_node
[30.233s] Invoked command in '/home/takuto/scout_ws/build/hesai_ros_driver' returned '0': CMAKE_PREFIX_PATH=/home/takuto/scout_ws/install/scout_gazebo:/home/takuto/scout_ws/install/roughness_cul:/home/takuto/scout_ws/install/hesai_ros_driver:/home/takuto/scout_ws/install/hesai_description:/home/takuto/mecanumrover_ws/install/vs_rover_options_description:/home/takuto/mecanumrover_ws/install/mecanumrover_gazebo:/home/takuto/mecanumrover_ws/install/mecanumrover3:/home/takuto/mecanumrover_ws/install/mecanumrover_description:/home/takuto/mecanumrover_ws/install/mecanumrover3_bringup:/home/takuto/uros_ws/install/micro_ros_setup:/home/takuto/uros_ws/install/micro_ros_agent:/home/takuto/uros_ws/install/micro_ros_msgs:/home/takuto/scout_ws/src/install/scout_gazebo:/home/takuto/scout_ws/src/install/hesai_ros_driver:/home/takuto/turtlebot3_ws/install/turtlebot3:/home/takuto/turtlebot3_ws/install/turtlebot3_simulations:/home/takuto/turtlebot3_ws/install/turtlebot3_bringup:/home/takuto/turtlebot3_ws/install/turtlebot3_node:/home/takuto/turtlebot3_ws/install/turtlebot3_navigation2:/home/takuto/turtlebot3_ws/install/turtlebot3_gazebo:/home/takuto/turtlebot3_ws/install/turtlebot3_fake_node:/home/takuto/turtlebot3_ws/install/turtlebot3_description:/home/takuto/turtlebot3_ws/install/turtlebot3_cartographer:/home/takuto/scout_ws/install/cmd_vel_joy:/home/takuto/scout_ws/src/install/cmd_vel_joy:/home/takuto/turtlebot3_ws/install/turtlebot3_teleop:/home/takuto/turtlebot3_ws/install/turtlebot3_example:/home/takuto/turtlebot3_ws/install/cmd_vel_joy:/opt/ros/humble:/home/takuto/turtlebot3_ws/install/realsense_gazebo_plugin:/home/takuto/turtlebot3_ws/install/realsense2_description:/home/takuto/turtlebot3_ws/install/realsense2_camera:/home/takuto/turtlebot3_ws/install/realsense2_camera_msgs:/home/takuto/turtlebot3_ws/install/dynamixel_sdk_examples:/home/takuto/turtlebot3_ws/install/dynamixel_sdk_custom_interfaces:/home/takuto/turtlebot3_ws/install/dynamixel_sdk /usr/bin/cmake --build /home/takuto/scout_ws/build/hesai_ros_driver -- -j16 -l16
[30.237s] Invoking command in '/home/takuto/scout_ws/build/hesai_ros_driver': CMAKE_PREFIX_PATH=/home/takuto/scout_ws/install/scout_gazebo:/home/takuto/scout_ws/install/roughness_cul:/home/takuto/scout_ws/install/hesai_ros_driver:/home/takuto/scout_ws/install/hesai_description:/home/takuto/mecanumrover_ws/install/vs_rover_options_description:/home/takuto/mecanumrover_ws/install/mecanumrover_gazebo:/home/takuto/mecanumrover_ws/install/mecanumrover3:/home/takuto/mecanumrover_ws/install/mecanumrover_description:/home/takuto/mecanumrover_ws/install/mecanumrover3_bringup:/home/takuto/uros_ws/install/micro_ros_setup:/home/takuto/uros_ws/install/micro_ros_agent:/home/takuto/uros_ws/install/micro_ros_msgs:/home/takuto/scout_ws/src/install/scout_gazebo:/home/takuto/scout_ws/src/install/hesai_ros_driver:/home/takuto/turtlebot3_ws/install/turtlebot3:/home/takuto/turtlebot3_ws/install/turtlebot3_simulations:/home/takuto/turtlebot3_ws/install/turtlebot3_bringup:/home/takuto/turtlebot3_ws/install/turtlebot3_node:/home/takuto/turtlebot3_ws/install/turtlebot3_navigation2:/home/takuto/turtlebot3_ws/install/turtlebot3_gazebo:/home/takuto/turtlebot3_ws/install/turtlebot3_fake_node:/home/takuto/turtlebot3_ws/install/turtlebot3_description:/home/takuto/turtlebot3_ws/install/turtlebot3_cartographer:/home/takuto/scout_ws/install/cmd_vel_joy:/home/takuto/scout_ws/src/install/cmd_vel_joy:/home/takuto/turtlebot3_ws/install/turtlebot3_teleop:/home/takuto/turtlebot3_ws/install/turtlebot3_example:/home/takuto/turtlebot3_ws/install/cmd_vel_joy:/opt/ros/humble:/home/takuto/turtlebot3_ws/install/realsense_gazebo_plugin:/home/takuto/turtlebot3_ws/install/realsense2_description:/home/takuto/turtlebot3_ws/install/realsense2_camera:/home/takuto/turtlebot3_ws/install/realsense2_camera_msgs:/home/takuto/turtlebot3_ws/install/dynamixel_sdk_examples:/home/takuto/turtlebot3_ws/install/dynamixel_sdk_custom_interfaces:/home/takuto/turtlebot3_ws/install/dynamixel_sdk /usr/bin/cmake --install /home/takuto/scout_ws/build/hesai_ros_driver
[30.246s] -- Install configuration: "Release"
[30.247s] -- Execute custom install script
[30.247s] -- Up-to-date symlink: /home/takuto/scout_ws/install/hesai_ros_driver/share/ament_index/resource_index/rosidl_interfaces/hesai_ros_driver
[30.248s] -- Up-to-date symlink: /home/takuto/scout_ws/install/hesai_ros_driver/include/hesai_ros_driver/hesai_ros_driver/msg/detail/firetime__functions.h
[30.248s] -- Up-to-date symlink: /home/takuto/scout_ws/install/hesai_ros_driver/include/hesai_ros_driver/hesai_ros_driver/msg/detail/firetime__struct.h
[30.248s] -- Up-to-date symlink: /home/takuto/scout_ws/install/hesai_ros_driver/include/hesai_ros_driver/hesai_ros_driver/msg/detail/firetime__type_support.h
[30.248s] -- Up-to-date symlink: /home/takuto/scout_ws/install/hesai_ros_driver/include/hesai_ros_driver/hesai_ros_driver/msg/detail/loss_packet__functions.h
[30.248s] -- Up-to-date symlink: /home/takuto/scout_ws/install/hesai_ros_driver/include/hesai_ros_driver/hesai_ros_driver/msg/detail/loss_packet__struct.h
[30.248s] -- Up-to-date symlink: /home/takuto/scout_ws/install/hesai_ros_driver/include/hesai_ros_driver/hesai_ros_driver/msg/detail/loss_packet__type_support.h
[30.248s] -- Up-to-date symlink: /home/takuto/scout_ws/install/hesai_ros_driver/include/hesai_ros_driver/hesai_ros_driver/msg/detail/ptp__functions.h
[30.249s] -- Up-to-date symlink: /home/takuto/scout_ws/install/hesai_ros_driver/include/hesai_ros_driver/hesai_ros_driver/msg/detail/ptp__struct.h
[30.249s] -- Up-to-date symlink: /home/takuto/scout_ws/install/hesai_ros_driver/include/hesai_ros_driver/hesai_ros_driver/msg/detail/ptp__type_support.h
[30.249s] -- Up-to-date symlink: /home/takuto/scout_ws/install/hesai_ros_driver/include/hesai_ros_driver/hesai_ros_driver/msg/detail/udp_frame__functions.h
[30.249s] -- Up-to-date symlink: /home/takuto/scout_ws/install/hesai_ros_driver/include/hesai_ros_driver/hesai_ros_driver/msg/detail/udp_frame__struct.h
[30.249s] -- Up-to-date symlink: /home/takuto/scout_ws/install/hesai_ros_driver/include/hesai_ros_driver/hesai_ros_driver/msg/detail/udp_frame__type_support.h
[30.249s] -- Up-to-date symlink: /home/takuto/scout_ws/install/hesai_ros_driver/include/hesai_ros_driver/hesai_ros_driver/msg/detail/udp_packet__functions.h
[30.249s] -- Up-to-date symlink: /home/takuto/scout_ws/install/hesai_ros_driver/include/hesai_ros_driver/hesai_ros_driver/msg/detail/udp_packet__struct.h
[30.249s] -- Up-to-date symlink: /home/takuto/scout_ws/install/hesai_ros_driver/include/hesai_ros_driver/hesai_ros_driver/msg/detail/udp_packet__type_support.h
[30.249s] -- Up-to-date symlink: /home/takuto/scout_ws/install/hesai_ros_driver/include/hesai_ros_driver/hesai_ros_driver/msg/firetime.h
[30.249s] -- Up-to-date symlink: /home/takuto/scout_ws/install/hesai_ros_driver/include/hesai_ros_driver/hesai_ros_driver/msg/loss_packet.h
[30.249s] -- Up-to-date symlink: /home/takuto/scout_ws/install/hesai_ros_driver/include/hesai_ros_driver/hesai_ros_driver/msg/ptp.h
[30.249s] -- Up-to-date symlink: /home/takuto/scout_ws/install/hesai_ros_driver/include/hesai_ros_driver/hesai_ros_driver/msg/rosidl_generator_c__visibility_control.h
[30.249s] -- Up-to-date symlink: /home/takuto/scout_ws/install/hesai_ros_driver/include/hesai_ros_driver/hesai_ros_driver/msg/udp_frame.h
[30.250s] -- Up-to-date symlink: /home/takuto/scout_ws/install/hesai_ros_driver/include/hesai_ros_driver/hesai_ros_driver/msg/udp_packet.h
[30.250s] -- Up-to-date symlink: /home/takuto/scout_ws/install/hesai_ros_driver/share/hesai_ros_driver/environment/library_path.sh
[30.250s] -- Up-to-date symlink: /home/takuto/scout_ws/install/hesai_ros_driver/share/hesai_ros_driver/environment/library_path.dsv
[30.250s] -- Up-to-date symlink: /home/takuto/scout_ws/install/hesai_ros_driver/include/hesai_ros_driver/hesai_ros_driver/msg/detail/firetime__rosidl_typesupport_fastrtps_c.h
[30.250s] -- Up-to-date symlink: /home/takuto/scout_ws/install/hesai_ros_driver/include/hesai_ros_driver/hesai_ros_driver/msg/detail/loss_packet__rosidl_typesupport_fastrtps_c.h
[30.250s] -- Up-to-date symlink: /home/takuto/scout_ws/install/hesai_ros_driver/include/hesai_ros_driver/hesai_ros_driver/msg/detail/ptp__rosidl_typesupport_fastrtps_c.h
[30.251s] -- Up-to-date symlink: /home/takuto/scout_ws/install/hesai_ros_driver/include/hesai_ros_driver/hesai_ros_driver/msg/detail/udp_frame__rosidl_typesupport_fastrtps_c.h
[30.251s] -- Up-to-date symlink: /home/takuto/scout_ws/install/hesai_ros_driver/include/hesai_ros_driver/hesai_ros_driver/msg/detail/udp_packet__rosidl_typesupport_fastrtps_c.h
[30.251s] -- Up-to-date symlink: /home/takuto/scout_ws/install/hesai_ros_driver/include/hesai_ros_driver/hesai_ros_driver/msg/rosidl_typesupport_fastrtps_c__visibility_control.h
[30.251s] -- Up-to-date symlink: /home/takuto/scout_ws/install/hesai_ros_driver/include/hesai_ros_driver/hesai_ros_driver/msg/detail/firetime__builder.hpp
[30.251s] -- Up-to-date symlink: /home/takuto/scout_ws/install/hesai_ros_driver/include/hesai_ros_driver/hesai_ros_driver/msg/detail/firetime__struct.hpp
[30.252s] -- Up-to-date symlink: /home/takuto/scout_ws/install/hesai_ros_driver/include/hesai_ros_driver/hesai_ros_driver/msg/detail/firetime__traits.hpp
[30.252s] -- Up-to-date symlink: /home/takuto/scout_ws/install/hesai_ros_driver/include/hesai_ros_driver/hesai_ros_driver/msg/detail/firetime__type_support.hpp
[30.252s] -- Up-to-date symlink: /home/takuto/scout_ws/install/hesai_ros_driver/include/hesai_ros_driver/hesai_ros_driver/msg/detail/loss_packet__builder.hpp
[30.252s] -- Up-to-date symlink: /home/takuto/scout_ws/install/hesai_ros_driver/include/hesai_ros_driver/hesai_ros_driver/msg/detail/loss_packet__struct.hpp
[30.252s] -- Up-to-date symlink: /home/takuto/scout_ws/install/hesai_ros_driver/include/hesai_ros_driver/hesai_ros_driver/msg/detail/loss_packet__traits.hpp
[30.252s] -- Up-to-date symlink: /home/takuto/scout_ws/install/hesai_ros_driver/include/hesai_ros_driver/hesai_ros_driver/msg/detail/loss_packet__type_support.hpp
[30.252s] -- Up-to-date symlink: /home/takuto/scout_ws/install/hesai_ros_driver/include/hesai_ros_driver/hesai_ros_driver/msg/detail/ptp__builder.hpp
[30.252s] -- Up-to-date symlink: /home/takuto/scout_ws/install/hesai_ros_driver/include/hesai_ros_driver/hesai_ros_driver/msg/detail/ptp__struct.hpp
[30.252s] -- Up-to-date symlink: /home/takuto/scout_ws/install/hesai_ros_driver/include/hesai_ros_driver/hesai_ros_driver/msg/detail/ptp__traits.hpp
[30.252s] -- Up-to-date symlink: /home/takuto/scout_ws/install/hesai_ros_driver/include/hesai_ros_driver/hesai_ros_driver/msg/detail/ptp__type_support.hpp
[30.253s] -- Up-to-date symlink: /home/takuto/scout_ws/install/hesai_ros_driver/include/hesai_ros_driver/hesai_ros_driver/msg/detail/udp_frame__builder.hpp
[30.253s] -- Up-to-date symlink: /home/takuto/scout_ws/install/hesai_ros_driver/include/hesai_ros_driver/hesai_ros_driver/msg/detail/udp_frame__struct.hpp
[30.253s] -- Up-to-date symlink: /home/takuto/scout_ws/install/hesai_ros_driver/include/hesai_ros_driver/hesai_ros_driver/msg/detail/udp_frame__traits.hpp
[30.253s] -- Up-to-date symlink: /home/takuto/scout_ws/install/hesai_ros_driver/include/hesai_ros_driver/hesai_ros_driver/msg/detail/udp_frame__type_support.hpp
[30.253s] -- Up-to-date symlink: /home/takuto/scout_ws/install/hesai_ros_driver/include/hesai_ros_driver/hesai_ros_driver/msg/detail/udp_packet__builder.hpp
[30.253s] -- Up-to-date symlink: /home/takuto/scout_ws/install/hesai_ros_driver/include/hesai_ros_driver/hesai_ros_driver/msg/detail/udp_packet__struct.hpp
[30.253s] -- Up-to-date symlink: /home/takuto/scout_ws/install/hesai_ros_driver/include/hesai_ros_driver/hesai_ros_driver/msg/detail/udp_packet__traits.hpp
[30.253s] -- Up-to-date symlink: /home/takuto/scout_ws/install/hesai_ros_driver/include/hesai_ros_driver/hesai_ros_driver/msg/detail/udp_packet__type_support.hpp
[30.253s] -- Up-to-date symlink: /home/takuto/scout_ws/install/hesai_ros_driver/include/hesai_ros_driver/hesai_ros_driver/msg/firetime.hpp
[30.254s] -- Up-to-date symlink: /home/takuto/scout_ws/install/hesai_ros_driver/include/hesai_ros_driver/hesai_ros_driver/msg/loss_packet.hpp
[30.254s] -- Up-to-date symlink: /home/takuto/scout_ws/install/hesai_ros_driver/include/hesai_ros_driver/hesai_ros_driver/msg/ptp.hpp
[30.254s] -- Up-to-date symlink: /home/takuto/scout_ws/install/hesai_ros_driver/include/hesai_ros_driver/hesai_ros_driver/msg/rosidl_generator_cpp__visibility_control.hpp
[30.254s] -- Up-to-date symlink: /home/takuto/scout_ws/install/hesai_ros_driver/include/hesai_ros_driver/hesai_ros_driver/msg/udp_frame.hpp
[30.254s] -- Up-to-date symlink: /home/takuto/scout_ws/install/hesai_ros_driver/include/hesai_ros_driver/hesai_ros_driver/msg/udp_packet.hpp
[30.254s] -- Up-to-date symlink: /home/takuto/scout_ws/install/hesai_ros_driver/include/hesai_ros_driver/hesai_ros_driver/msg/detail/firetime__rosidl_typesupport_fastrtps_cpp.hpp
[30.255s] -- Up-to-date symlink: /home/takuto/scout_ws/install/hesai_ros_driver/include/hesai_ros_driver/hesai_ros_driver/msg/detail/loss_packet__rosidl_typesupport_fastrtps_cpp.hpp
[30.255s] -- Up-to-date symlink: /home/takuto/scout_ws/install/hesai_ros_driver/include/hesai_ros_driver/hesai_ros_driver/msg/detail/ptp__rosidl_typesupport_fastrtps_cpp.hpp
[30.255s] -- Up-to-date symlink: /home/takuto/scout_ws/install/hesai_ros_driver/include/hesai_ros_driver/hesai_ros_driver/msg/detail/udp_frame__rosidl_typesupport_fastrtps_cpp.hpp
[30.255s] -- Up-to-date symlink: /home/takuto/scout_ws/install/hesai_ros_driver/include/hesai_ros_driver/hesai_ros_driver/msg/detail/udp_packet__rosidl_typesupport_fastrtps_cpp.hpp
[30.255s] -- Up-to-date symlink: /home/takuto/scout_ws/install/hesai_ros_driver/include/hesai_ros_driver/hesai_ros_driver/msg/rosidl_typesupport_fastrtps_cpp__visibility_control.h
[30.255s] -- Up-to-date symlink: /home/takuto/scout_ws/install/hesai_ros_driver/include/hesai_ros_driver/hesai_ros_driver/msg/detail/firetime__rosidl_typesupport_introspection_c.h
[30.255s] -- Up-to-date symlink: /home/takuto/scout_ws/install/hesai_ros_driver/include/hesai_ros_driver/hesai_ros_driver/msg/detail/loss_packet__rosidl_typesupport_introspection_c.h
[30.256s] -- Up-to-date symlink: /home/takuto/scout_ws/install/hesai_ros_driver/include/hesai_ros_driver/hesai_ros_driver/msg/detail/ptp__rosidl_typesupport_introspection_c.h
[30.256s] -- Up-to-date symlink: /home/takuto/scout_ws/install/hesai_ros_driver/include/hesai_ros_driver/hesai_ros_driver/msg/detail/udp_frame__rosidl_typesupport_introspection_c.h
[30.256s] -- Up-to-date symlink: /home/takuto/scout_ws/install/hesai_ros_driver/include/hesai_ros_driver/hesai_ros_driver/msg/detail/udp_packet__rosidl_typesupport_introspection_c.h
[30.256s] -- Up-to-date symlink: /home/takuto/scout_ws/install/hesai_ros_driver/include/hesai_ros_driver/hesai_ros_driver/msg/rosidl_typesupport_introspection_c__visibility_control.h
[30.256s] -- Up-to-date symlink: /home/takuto/scout_ws/install/hesai_ros_driver/include/hesai_ros_driver/hesai_ros_driver/msg/detail/firetime__rosidl_typesupport_introspection_cpp.hpp
[30.256s] -- Up-to-date symlink: /home/takuto/scout_ws/install/hesai_ros_driver/include/hesai_ros_driver/hesai_ros_driver/msg/detail/loss_packet__rosidl_typesupport_introspection_cpp.hpp
[30.256s] -- Up-to-date symlink: /home/takuto/scout_ws/install/hesai_ros_driver/include/hesai_ros_driver/hesai_ros_driver/msg/detail/ptp__rosidl_typesupport_introspection_cpp.hpp
[30.256s] -- Up-to-date symlink: /home/takuto/scout_ws/install/hesai_ros_driver/include/hesai_ros_driver/hesai_ros_driver/msg/detail/udp_frame__rosidl_typesupport_introspection_cpp.hpp
[30.257s] -- Up-to-date symlink: /home/takuto/scout_ws/install/hesai_ros_driver/include/hesai_ros_driver/hesai_ros_driver/msg/detail/udp_packet__rosidl_typesupport_introspection_cpp.hpp
[30.257s] -- Up-to-date symlink: /home/takuto/scout_ws/install/hesai_ros_driver/share/hesai_ros_driver/environment/pythonpath.sh
[30.257s] -- Up-to-date symlink: /home/takuto/scout_ws/install/hesai_ros_driver/share/hesai_ros_driver/environment/pythonpath.dsv
[30.257s] -- Up-to-date symlink: /home/takuto/scout_ws/install/hesai_ros_driver/local/lib/python3.10/dist-packages/hesai_ros_driver-1.5.0-py3.10.egg-info/PKG-INFO
[30.257s] -- Up-to-date symlink: /home/takuto/scout_ws/install/hesai_ros_driver/local/lib/python3.10/dist-packages/hesai_ros_driver-1.5.0-py3.10.egg-info/SOURCES.txt
[30.257s] -- Up-to-date symlink: /home/takuto/scout_ws/install/hesai_ros_driver/local/lib/python3.10/dist-packages/hesai_ros_driver-1.5.0-py3.10.egg-info/dependency_links.txt
[30.257s] -- Up-to-date symlink: /home/takuto/scout_ws/install/hesai_ros_driver/local/lib/python3.10/dist-packages/hesai_ros_driver-1.5.0-py3.10.egg-info/top_level.txt
[30.258s] -- Up-to-date symlink: /home/takuto/scout_ws/install/hesai_ros_driver/local/lib/python3.10/dist-packages/hesai_ros_driver/__init__.py
[30.258s] -- Up-to-date symlink: /home/takuto/scout_ws/install/hesai_ros_driver/local/lib/python3.10/dist-packages/hesai_ros_driver/_hesai_ros_driver_s.ep.rosidl_typesupport_c.c
[30.258s] -- Up-to-date symlink: /home/takuto/scout_ws/install/hesai_ros_driver/local/lib/python3.10/dist-packages/hesai_ros_driver/_hesai_ros_driver_s.ep.rosidl_typesupport_fastrtps_c.c
[30.258s] -- Up-to-date symlink: /home/takuto/scout_ws/install/hesai_ros_driver/local/lib/python3.10/dist-packages/hesai_ros_driver/_hesai_ros_driver_s.ep.rosidl_typesupport_introspection_c.c
[30.259s] -- Up-to-date symlink: /home/takuto/scout_ws/install/hesai_ros_driver/local/lib/python3.10/dist-packages/hesai_ros_driver/hesai_ros_driver_s__rosidl_typesupport_c.cpython-310-x86_64-linux-gnu.so
[30.259s] -- Up-to-date symlink: /home/takuto/scout_ws/install/hesai_ros_driver/local/lib/python3.10/dist-packages/hesai_ros_driver/hesai_ros_driver_s__rosidl_typesupport_fastrtps_c.cpython-310-x86_64-linux-gnu.so
[30.259s] -- Up-to-date symlink: /home/takuto/scout_ws/install/hesai_ros_driver/local/lib/python3.10/dist-packages/hesai_ros_driver/hesai_ros_driver_s__rosidl_typesupport_introspection_c.cpython-310-x86_64-linux-gnu.so
[30.259s] -- Up-to-date symlink: /home/takuto/scout_ws/install/hesai_ros_driver/local/lib/python3.10/dist-packages/hesai_ros_driver/libhesai_ros_driver__rosidl_generator_py.so
[30.259s] -- Up-to-date symlink: /home/takuto/scout_ws/install/hesai_ros_driver/local/lib/python3.10/dist-packages/hesai_ros_driver/msg/__init__.py
[30.259s] -- Up-to-date symlink: /home/takuto/scout_ws/install/hesai_ros_driver/local/lib/python3.10/dist-packages/hesai_ros_driver/msg/_firetime.py
[30.259s] -- Up-to-date symlink: /home/takuto/scout_ws/install/hesai_ros_driver/local/lib/python3.10/dist-packages/hesai_ros_driver/msg/_firetime_s.c
[30.259s] -- Up-to-date symlink: /home/takuto/scout_ws/install/hesai_ros_driver/local/lib/python3.10/dist-packages/hesai_ros_driver/msg/_loss_packet.py
[30.260s] -- Up-to-date symlink: /home/takuto/scout_ws/install/hesai_ros_driver/local/lib/python3.10/dist-packages/hesai_ros_driver/msg/_loss_packet_s.c
[30.260s] -- Up-to-date symlink: /home/takuto/scout_ws/install/hesai_ros_driver/local/lib/python3.10/dist-packages/hesai_ros_driver/msg/_ptp.py
[30.260s] -- Up-to-date symlink: /home/takuto/scout_ws/install/hesai_ros_driver/local/lib/python3.10/dist-packages/hesai_ros_driver/msg/_ptp_s.c
[30.260s] -- Up-to-date symlink: /home/takuto/scout_ws/install/hesai_ros_driver/local/lib/python3.10/dist-packages/hesai_ros_driver/msg/_udp_frame.py
[30.260s] -- Up-to-date symlink: /home/takuto/scout_ws/install/hesai_ros_driver/local/lib/python3.10/dist-packages/hesai_ros_driver/msg/_udp_frame_s.c
[30.260s] -- Up-to-date symlink: /home/takuto/scout_ws/install/hesai_ros_driver/local/lib/python3.10/dist-packages/hesai_ros_driver/msg/_udp_packet.py
[30.260s] -- Up-to-date symlink: /home/takuto/scout_ws/install/hesai_ros_driver/local/lib/python3.10/dist-packages/hesai_ros_driver/msg/_udp_packet_s.c
[30.262s] -- Up-to-date symlink: /home/takuto/scout_ws/install/hesai_ros_driver/local/lib/python3.10/dist-packages/hesai_ros_driver/hesai_ros_driver_s__rosidl_typesupport_fastrtps_c.cpython-310-x86_64-linux-gnu.so
[30.263s] -- Up-to-date symlink: /home/takuto/scout_ws/install/hesai_ros_driver/local/lib/python3.10/dist-packages/hesai_ros_driver/hesai_ros_driver_s__rosidl_typesupport_introspection_c.cpython-310-x86_64-linux-gnu.so
[30.263s] -- Up-to-date symlink: /home/takuto/scout_ws/install/hesai_ros_driver/local/lib/python3.10/dist-packages/hesai_ros_driver/hesai_ros_driver_s__rosidl_typesupport_c.cpython-310-x86_64-linux-gnu.so
[30.263s] -- Up-to-date symlink: /home/takuto/scout_ws/install/hesai_ros_driver/share/hesai_ros_driver/msg/UdpPacket.idl
[30.263s] -- Up-to-date symlink: /home/takuto/scout_ws/install/hesai_ros_driver/share/hesai_ros_driver/msg/UdpFrame.idl
[30.264s] -- Up-to-date symlink: /home/takuto/scout_ws/install/hesai_ros_driver/share/hesai_ros_driver/msg/Firetime.idl
[30.264s] -- Up-to-date symlink: /home/takuto/scout_ws/install/hesai_ros_driver/share/hesai_ros_driver/msg/Ptp.idl
[30.264s] -- Up-to-date symlink: /home/takuto/scout_ws/install/hesai_ros_driver/share/hesai_ros_driver/msg/LossPacket.idl
[30.264s] -- Up-to-date symlink: /home/takuto/scout_ws/install/hesai_ros_driver/share/hesai_ros_driver/msg_ros2/UdpPacket.msg
[30.264s] -- Up-to-date symlink: /home/takuto/scout_ws/install/hesai_ros_driver/share/hesai_ros_driver/msg_ros2/UdpFrame.msg
[30.264s] -- Up-to-date symlink: /home/takuto/scout_ws/install/hesai_ros_driver/share/hesai_ros_driver/msg_ros2/Firetime.msg
[30.264s] -- Up-to-date symlink: /home/takuto/scout_ws/install/hesai_ros_driver/share/hesai_ros_driver/msg_ros2/Ptp.msg
[30.264s] -- Up-to-date symlink: /home/takuto/scout_ws/install/hesai_ros_driver/share/hesai_ros_driver/msg_ros2/LossPacket.msg
[30.265s] -- Up-to-date symlink: /home/takuto/scout_ws/install/hesai_ros_driver/lib/hesai_ros_driver/hesai_ros_driver_node
[30.265s] -- Up-to-date symlink: /home/takuto/scout_ws/install/hesai_ros_driver/lib/libhesai_sdk_lib.so
[30.266s] -- Up-to-date symlink: /home/takuto/scout_ws/install/hesai_ros_driver/lib/liblog_lib.so
[30.266s] -- Up-to-date symlink: /home/takuto/scout_ws/install/hesai_ros_driver/lib/liblidar_lib.so
[30.266s] -- Up-to-date symlink: /home/takuto/scout_ws/install/hesai_ros_driver/share/hesai_ros_driver/launch/dashing_start.py
[30.266s] -- Up-to-date symlink: /home/takuto/scout_ws/install/hesai_ros_driver/share/hesai_ros_driver/launch/start.launch
[30.266s] -- Up-to-date symlink: /home/takuto/scout_ws/install/hesai_ros_driver/share/hesai_ros_driver/launch/start.py
[30.266s] -- Up-to-date symlink: /home/takuto/scout_ws/install/hesai_ros_driver/share/hesai_ros_driver/rviz/rviz.rviz
[30.266s] -- Up-to-date symlink: /home/takuto/scout_ws/install/hesai_ros_driver/share/hesai_ros_driver/rviz/rviz2.rviz
[30.267s] -- Up-to-date symlink: /home/takuto/scout_ws/install/hesai_ros_driver/share/ament_index/resource_index/package_run_dependencies/hesai_ros_driver
[30.267s] -- Up-to-date symlink: /home/takuto/scout_ws/install/hesai_ros_driver/share/ament_index/resource_index/parent_prefix_path/hesai_ros_driver
[30.267s] -- Up-to-date symlink: /home/takuto/scout_ws/install/hesai_ros_driver/share/hesai_ros_driver/environment/ament_prefix_path.sh
[30.267s] -- Up-to-date symlink: /home/takuto/scout_ws/install/hesai_ros_driver/share/hesai_ros_driver/environment/ament_prefix_path.dsv
[30.267s] -- Up-to-date symlink: /home/takuto/scout_ws/install/hesai_ros_driver/share/hesai_ros_driver/environment/path.sh
[30.267s] -- Up-to-date symlink: /home/takuto/scout_ws/install/hesai_ros_driver/share/hesai_ros_driver/environment/path.dsv
[30.267s] -- Up-to-date symlink: /home/takuto/scout_ws/install/hesai_ros_driver/share/hesai_ros_driver/local_setup.bash
[30.268s] -- Up-to-date symlink: /home/takuto/scout_ws/install/hesai_ros_driver/share/hesai_ros_driver/local_setup.sh
[30.268s] -- Up-to-date symlink: /home/takuto/scout_ws/install/hesai_ros_driver/share/hesai_ros_driver/local_setup.zsh
[30.268s] -- Up-to-date symlink: /home/takuto/scout_ws/install/hesai_ros_driver/share/hesai_ros_driver/local_setup.dsv
[30.268s] -- Symlinking: /home/takuto/scout_ws/install/hesai_ros_driver/share/hesai_ros_driver/package.dsv
[30.279s] -- Up-to-date symlink: /home/takuto/scout_ws/install/hesai_ros_driver/share/ament_index/resource_index/packages/hesai_ros_driver
[30.279s] -- Up-to-date symlink: /home/takuto/scout_ws/install/hesai_ros_driver/share/hesai_ros_driver/cmake/rosidl_cmake-extras.cmake
[30.279s] -- Up-to-date symlink: /home/takuto/scout_ws/install/hesai_ros_driver/share/hesai_ros_driver/cmake/ament_cmake_export_dependencies-extras.cmake
[30.279s] -- Up-to-date symlink: /home/takuto/scout_ws/install/hesai_ros_driver/share/hesai_ros_driver/cmake/ament_cmake_export_include_directories-extras.cmake
[30.280s] -- Up-to-date symlink: /home/takuto/scout_ws/install/hesai_ros_driver/share/hesai_ros_driver/cmake/ament_cmake_export_libraries-extras.cmake
[30.280s] -- Up-to-date symlink: /home/takuto/scout_ws/install/hesai_ros_driver/share/hesai_ros_driver/cmake/ament_cmake_export_targets-extras.cmake
[30.280s] -- Up-to-date symlink: /home/takuto/scout_ws/install/hesai_ros_driver/share/hesai_ros_driver/cmake/rosidl_cmake_export_typesupport_targets-extras.cmake
[30.280s] -- Up-to-date symlink: /home/takuto/scout_ws/install/hesai_ros_driver/share/hesai_ros_driver/cmake/rosidl_cmake_export_typesupport_libraries-extras.cmake
[30.280s] -- Up-to-date symlink: /home/takuto/scout_ws/install/hesai_ros_driver/share/hesai_ros_driver/cmake/hesai_ros_driverConfig.cmake
[30.280s] -- Up-to-date symlink: /home/takuto/scout_ws/install/hesai_ros_driver/share/hesai_ros_driver/cmake/hesai_ros_driverConfig-version.cmake
[30.280s] -- Up-to-date symlink: /home/takuto/scout_ws/install/hesai_ros_driver/share/hesai_ros_driver/package.xml
[30.281s] -- Up-to-date: /home/takuto/scout_ws/install/hesai_ros_driver/lib/libhesai_ros_driver__rosidl_generator_c.so
[30.281s] -- Installing: /home/takuto/scout_ws/install/hesai_ros_driver/lib/libhesai_ros_driver__rosidl_typesupport_fastrtps_c.so
[30.281s] -- Set runtime path of "/home/takuto/scout_ws/install/hesai_ros_driver/lib/libhesai_ros_driver__rosidl_typesupport_fastrtps_c.so" to ""
[30.282s] -- Installing: /home/takuto/scout_ws/install/hesai_ros_driver/lib/libhesai_ros_driver__rosidl_typesupport_fastrtps_cpp.so
[30.282s] -- Set runtime path of "/home/takuto/scout_ws/install/hesai_ros_driver/lib/libhesai_ros_driver__rosidl_typesupport_fastrtps_cpp.so" to ""
[30.282s] -- Up-to-date: /home/takuto/scout_ws/install/hesai_ros_driver/lib/libhesai_ros_driver__rosidl_typesupport_introspection_c.so
[30.283s] -- Up-to-date: /home/takuto/scout_ws/install/hesai_ros_driver/lib/libhesai_ros_driver__rosidl_typesupport_c.so
[30.283s] -- Installing: /home/takuto/scout_ws/install/hesai_ros_driver/lib/libhesai_ros_driver__rosidl_typesupport_introspection_cpp.so
[30.283s] -- Set runtime path of "/home/takuto/scout_ws/install/hesai_ros_driver/lib/libhesai_ros_driver__rosidl_typesupport_introspection_cpp.so" to ""
[30.283s] -- Installing: /home/takuto/scout_ws/install/hesai_ros_driver/lib/libhesai_ros_driver__rosidl_typesupport_cpp.so
[30.284s] -- Set runtime path of "/home/takuto/scout_ws/install/hesai_ros_driver/lib/libhesai_ros_driver__rosidl_typesupport_cpp.so" to ""
[30.318s] Listing '/home/takuto/scout_ws/install/hesai_ros_driver/local/lib/python3.10/dist-packages/hesai_ros_driver'...
[30.318s] Listing '/home/takuto/scout_ws/install/hesai_ros_driver/local/lib/python3.10/dist-packages/hesai_ros_driver/msg'...
[30.321s] -- Installing: /home/takuto/scout_ws/install/hesai_ros_driver/lib/libhesai_ros_driver__rosidl_generator_py.so
[30.322s] -- Set runtime path of "/home/takuto/scout_ws/install/hesai_ros_driver/lib/libhesai_ros_driver__rosidl_generator_py.so" to ""
[30.323s] -- Up-to-date: /home/takuto/scout_ws/install/hesai_ros_driver/share/hesai_ros_driver/cmake/export_hesai_ros_driver__rosidl_generator_cExport.cmake
[30.323s] -- Up-to-date: /home/takuto/scout_ws/install/hesai_ros_driver/share/hesai_ros_driver/cmake/export_hesai_ros_driver__rosidl_generator_cExport-release.cmake
[30.323s] -- Up-to-date: /home/takuto/scout_ws/install/hesai_ros_driver/share/hesai_ros_driver/cmake/export_hesai_ros_driver__rosidl_typesupport_fastrtps_cExport.cmake
[30.323s] -- Up-to-date: /home/takuto/scout_ws/install/hesai_ros_driver/share/hesai_ros_driver/cmake/export_hesai_ros_driver__rosidl_typesupport_fastrtps_cExport-release.cmake
[30.324s] -- Up-to-date: /home/takuto/scout_ws/install/hesai_ros_driver/share/hesai_ros_driver/cmake/export_hesai_ros_driver__rosidl_generator_cppExport.cmake
[30.324s] -- Up-to-date: /home/takuto/scout_ws/install/hesai_ros_driver/share/hesai_ros_driver/cmake/export_hesai_ros_driver__rosidl_typesupport_fastrtps_cppExport.cmake
[30.324s] -- Up-to-date: /home/takuto/scout_ws/install/hesai_ros_driver/share/hesai_ros_driver/cmake/export_hesai_ros_driver__rosidl_typesupport_fastrtps_cppExport-release.cmake
[30.325s] -- Up-to-date: /home/takuto/scout_ws/install/hesai_ros_driver/share/hesai_ros_driver/cmake/hesai_ros_driver__rosidl_typesupport_introspection_cExport.cmake
[30.325s] -- Up-to-date: /home/takuto/scout_ws/install/hesai_ros_driver/share/hesai_ros_driver/cmake/hesai_ros_driver__rosidl_typesupport_introspection_cExport-release.cmake
[30.325s] -- Up-to-date: /home/takuto/scout_ws/install/hesai_ros_driver/share/hesai_ros_driver/cmake/hesai_ros_driver__rosidl_typesupport_cExport.cmake
[30.325s] -- Up-to-date: /home/takuto/scout_ws/install/hesai_ros_driver/share/hesai_ros_driver/cmake/hesai_ros_driver__rosidl_typesupport_cExport-release.cmake
[30.325s] -- Up-to-date: /home/takuto/scout_ws/install/hesai_ros_driver/share/hesai_ros_driver/cmake/hesai_ros_driver__rosidl_typesupport_introspection_cppExport.cmake
[30.325s] -- Up-to-date: /home/takuto/scout_ws/install/hesai_ros_driver/share/hesai_ros_driver/cmake/hesai_ros_driver__rosidl_typesupport_introspection_cppExport-release.cmake
[30.326s] -- Up-to-date: /home/takuto/scout_ws/install/hesai_ros_driver/share/hesai_ros_driver/cmake/hesai_ros_driver__rosidl_typesupport_cppExport.cmake
[30.326s] -- Up-to-date: /home/takuto/scout_ws/install/hesai_ros_driver/share/hesai_ros_driver/cmake/hesai_ros_driver__rosidl_typesupport_cppExport-release.cmake
[30.326s] -- Up-to-date: /home/takuto/scout_ws/install/hesai_ros_driver/share/hesai_ros_driver/cmake/export_hesai_ros_driver__rosidl_generator_pyExport.cmake
[30.326s] -- Up-to-date: /home/takuto/scout_ws/install/hesai_ros_driver/share/hesai_ros_driver/cmake/export_hesai_ros_driver__rosidl_generator_pyExport-release.cmake
[30.330s] Invoked command in '/home/takuto/scout_ws/build/hesai_ros_driver' returned '0': CMAKE_PREFIX_PATH=/home/takuto/scout_ws/install/scout_gazebo:/home/takuto/scout_ws/install/roughness_cul:/home/takuto/scout_ws/install/hesai_ros_driver:/home/takuto/scout_ws/install/hesai_description:/home/takuto/mecanumrover_ws/install/vs_rover_options_description:/home/takuto/mecanumrover_ws/install/mecanumrover_gazebo:/home/takuto/mecanumrover_ws/install/mecanumrover3:/home/takuto/mecanumrover_ws/install/mecanumrover_description:/home/takuto/mecanumrover_ws/install/mecanumrover3_bringup:/home/takuto/uros_ws/install/micro_ros_setup:/home/takuto/uros_ws/install/micro_ros_agent:/home/takuto/uros_ws/install/micro_ros_msgs:/home/takuto/scout_ws/src/install/scout_gazebo:/home/takuto/scout_ws/src/install/hesai_ros_driver:/home/takuto/turtlebot3_ws/install/turtlebot3:/home/takuto/turtlebot3_ws/install/turtlebot3_simulations:/home/takuto/turtlebot3_ws/install/turtlebot3_bringup:/home/takuto/turtlebot3_ws/install/turtlebot3_node:/home/takuto/turtlebot3_ws/install/turtlebot3_navigation2:/home/takuto/turtlebot3_ws/install/turtlebot3_gazebo:/home/takuto/turtlebot3_ws/install/turtlebot3_fake_node:/home/takuto/turtlebot3_ws/install/turtlebot3_description:/home/takuto/turtlebot3_ws/install/turtlebot3_cartographer:/home/takuto/scout_ws/install/cmd_vel_joy:/home/takuto/scout_ws/src/install/cmd_vel_joy:/home/takuto/turtlebot3_ws/install/turtlebot3_teleop:/home/takuto/turtlebot3_ws/install/turtlebot3_example:/home/takuto/turtlebot3_ws/install/cmd_vel_joy:/opt/ros/humble:/home/takuto/turtlebot3_ws/install/realsense_gazebo_plugin:/home/takuto/turtlebot3_ws/install/realsense2_description:/home/takuto/turtlebot3_ws/install/realsense2_camera:/home/takuto/turtlebot3_ws/install/realsense2_camera_msgs:/home/takuto/turtlebot3_ws/install/dynamixel_sdk_examples:/home/takuto/turtlebot3_ws/install/dynamixel_sdk_custom_interfaces:/home/takuto/turtlebot3_ws/install/dynamixel_sdk /usr/bin/cmake --install /home/takuto/scout_ws/build/hesai_ros_driver
