[1.298s] Invoking command in '/home/takuto/scout_ws/src/build/cmd_vel_joy': PYTHONPATH=/home/takuto/scout_ws/src/build/cmd_vel_joy/prefix_override:/usr/lib/python3/dist-packages/colcon_core/task/python/colcon_distutils_commands:/home/takuto/scout_ws/src/install/cmd_vel_joy/lib/python3.10/site-packages:${PYTHONPATH} /usr/bin/python3 -W ignore:setup.py install is deprecated -W ignore:easy_install command is deprecated setup.py develop --editable --build-directory /home/takuto/scout_ws/src/build/cmd_vel_joy/build --no-deps symlink_data
[1.545s] running develop
[1.691s] running egg_info
[1.691s] creating cmd_vel_joy.egg-info
[1.691s] writing cmd_vel_joy.egg-info/PKG-INFO
[1.691s] writing dependency_links to cmd_vel_joy.egg-info/dependency_links.txt
[1.692s] writing entry points to cmd_vel_joy.egg-info/entry_points.txt
[1.692s] writing requirements to cmd_vel_joy.egg-info/requires.txt
[1.692s] writing top-level names to cmd_vel_joy.egg-info/top_level.txt
[1.692s] writing manifest file 'cmd_vel_joy.egg-info/SOURCES.txt'
[1.693s] reading manifest file 'cmd_vel_joy.egg-info/SOURCES.txt'
[1.694s] writing manifest file 'cmd_vel_joy.egg-info/SOURCES.txt'
[1.695s] running build_ext
[1.695s] Creating /home/takuto/scout_ws/src/install/cmd_vel_joy/lib/python3.10/site-packages/cmd-vel-joy.egg-link (link to .)
[1.696s] Installing joy_cmd script to /home/takuto/scout_ws/src/install/cmd_vel_joy/lib/cmd_vel_joy
[1.696s] 
[1.696s] Installed /home/takuto/scout_ws/src/build/cmd_vel_joy
[1.697s] running symlink_data
[1.697s] creating /home/takuto/scout_ws/src/install/cmd_vel_joy/share/ament_index
[1.697s] creating /home/takuto/scout_ws/src/install/cmd_vel_joy/share/ament_index/resource_index
[1.697s] creating /home/takuto/scout_ws/src/install/cmd_vel_joy/share/ament_index/resource_index/packages
[1.697s] symbolically linking /home/takuto/scout_ws/src/build/cmd_vel_joy/resource/cmd_vel_joy -> /home/takuto/scout_ws/src/install/cmd_vel_joy/share/ament_index/resource_index/packages
[1.697s] symbolically linking /home/takuto/scout_ws/src/build/cmd_vel_joy/package.xml -> /home/takuto/scout_ws/src/install/cmd_vel_joy/share/cmd_vel_joy
[1.732s] Invoked command in '/home/takuto/scout_ws/src/build/cmd_vel_joy' returned '0': PYTHONPATH=/home/takuto/scout_ws/src/build/cmd_vel_joy/prefix_override:/usr/lib/python3/dist-packages/colcon_core/task/python/colcon_distutils_commands:/home/takuto/scout_ws/src/install/cmd_vel_joy/lib/python3.10/site-packages:${PYTHONPATH} /usr/bin/python3 -W ignore:setup.py install is deprecated -W ignore:easy_install command is deprecated setup.py develop --editable --build-directory /home/takuto/scout_ws/src/build/cmd_vel_joy/build --no-deps symlink_data
