-- cuda not found!
[0m=============================================================[0m
[0m-- ROS_VERSION is 2[0m
[0m=============================================================[0m
-- Override CMake install command with custom implementation using symlinks instead of copying resources
-- Found rosidl_generator_c: 3.1.6 (/opt/ros/humble/share/rosidl_generator_c/cmake)
-- Found rosidl_adapter: 3.1.6 (/opt/ros/humble/share/rosidl_adapter/cmake)
-- Found rosidl_generator_cpp: 3.1.6 (/opt/ros/humble/share/rosidl_generator_cpp/cmake)
-- Using all available rosidl_typesupport_c: rosidl_typesupport_fastrtps_c;rosidl_typesupport_introspection_c
-- Using all available rosidl_typesupport_cpp: rosidl_typesupport_fastrtps_cpp;rosidl_typesupport_introspection_cpp
-- Found rmw_implementation_cmake: 6.1.2 (/opt/ros/humble/share/rmw_implementation_cmake/cmake)
-- Found rmw_fastrtps_cpp: 6.2.7 (/opt/ros/humble/share/rmw_fastrtps_cpp/cmake)
-- Using RMW implementation 'rmw_fastrtps_cpp' as default
[0m=============================================================[0m
[0m-- ROS2 Found. ROS2 Support is turned On.[0m
[0m=============================================================[0m
-- Found sensor_msgs: 4.8.0 (/opt/ros/humble/share/sensor_msgs/cmake)
-- Found rclcpp_action: 16.0.12 (/opt/ros/humble/share/rclcpp_action/cmake)
-- Found rosidl_default_generators: 1.2.0 (/opt/ros/humble/share/rosidl_default_generators/cmake)
-- Found ament_cmake_ros: 0.10.0 (/opt/ros/humble/share/ament_cmake_ros/cmake)
-- Using all available rosidl_typesupport_c: rosidl_typesupport_fastrtps_c;rosidl_typesupport_introspection_c
-- Using all available rosidl_typesupport_cpp: rosidl_typesupport_fastrtps_cpp;rosidl_typesupport_introspection_cpp
-- Found python_cmake_module: 0.10.0 (/opt/ros/humble/share/python_cmake_module/cmake)
-- Using PYTHON_EXECUTABLE: /usr/bin/python3
-- Using PYTHON_INCLUDE_DIRS: /usr/include/python3.10
-- Using PYTHON_LIBRARIES: /usr/lib/x86_64-linux-gnu/libpython3.10.so
-- Configuring done
-- Generating done
-- Build files have been written to: /home/takuto/scout_ws/build/hesai_ros_driver
[35m[1mConsolidate compiler generated dependencies of target log_lib[0m
[35m[1mConsolidate compiler generated dependencies of target hesai_ros_driver__rosidl_generator_c[0m
failed to create symbolic link '/home/takuto/scout_ws/build/hesai_ros_driver/ament_cmake_python/hesai_ros_driver/hesai_ros_driver' because existing path cannot be removed: Is a directory
gmake[2]: *** [CMakeFiles/ament_cmake_python_symlink_hesai_ros_driver.dir/build.make:70: CMakeFiles/ament_cmake_python_symlink_hesai_ros_driver] エラー 1
gmake[1]: *** [CMakeFiles/Makefile2:470: CMakeFiles/ament_cmake_python_symlink_hesai_ros_driver.dir/all] エラー 2
gmake[1]: *** 未完了のジョブを待っています....
[  1%] Built target hesai_ros_driver__cpp
[  3%] Built target log_lib
[ 10%] Built target hesai_ros_driver__rosidl_generator_c
gmake: *** [Makefile:146: all] エラー 2
