-- Install configuration: ""
-- Up-to-date: /home/takuto/scout_ws/install/scout_mini_ROS2/share/scout_mini_ROS2/meshes
-- Up-to-date: /home/takuto/scout_ws/install/scout_mini_ROS2/share/scout_mini_ROS2/meshes/wheel_type1.dae
-- Up-to-date: /home/takuto/scout_ws/install/scout_mini_ROS2/share/scout_mini_ROS2/meshes/1_Link.STL
-- Up-to-date: /home/takuto/scout_ws/install/scout_mini_ROS2/share/scout_mini_ROS2/meshes/scout_mini_base_link2.dae
-- Up-to-date: /home/takuto/scout_ws/install/scout_mini_ROS2/share/scout_mini_ROS2/meshes/base_link_full.dae
-- Up-to-date: /home/takuto/scout_ws/install/scout_mini_ROS2/share/scout_mini_ROS2/meshes/scout_mini_base_link2.stl
-- Up-to-date: /home/takuto/scout_ws/install/scout_mini_ROS2/share/scout_mini_ROS2/meshes/2_Link.STL
-- Up-to-date: /home/takuto/scout_ws/install/scout_mini_ROS2/share/scout_mini_ROS2/meshes/3_Link.STL
-- Up-to-date: /home/takuto/scout_ws/install/scout_mini_ROS2/share/scout_mini_ROS2/meshes/scout_mini_base_link.STL
-- Up-to-date: /home/takuto/scout_ws/install/scout_mini_ROS2/share/scout_mini_ROS2/meshes/scout_mini_base_link.dae
-- Up-to-date: /home/takuto/scout_ws/install/scout_mini_ROS2/share/scout_mini_ROS2/meshes/wheel_type2.dae
-- Up-to-date: /home/takuto/scout_ws/install/scout_mini_ROS2/share/scout_mini_ROS2/meshes/box_link.STL
-- Up-to-date: /home/takuto/scout_ws/install/scout_mini_ROS2/share/scout_mini_ROS2/meshes/wheel.dae
-- Up-to-date: /home/takuto/scout_ws/install/scout_mini_ROS2/share/scout_mini_ROS2/meshes/4_Link.STL
-- Up-to-date: /home/takuto/scout_ws/install/scout_mini_ROS2/share/scout_mini_ROS2/meshes/base_link.dae
-- Up-to-date: /home/takuto/scout_ws/install/scout_mini_ROS2/share/scout_mini_ROS2/urdf
-- Up-to-date: /home/takuto/scout_ws/install/scout_mini_ROS2/share/scout_mini_ROS2/urdf/scout.urdf
-- Up-to-date: /home/takuto/scout_ws/install/scout_mini_ROS2/share/scout_mini_ROS2/launch
-- Up-to-date: /home/takuto/scout_ws/install/scout_mini_ROS2/share/scout_mini_ROS2/launch/launch.py
-- Up-to-date: /home/takuto/scout_ws/install/scout_mini_ROS2/share/scout_mini_ROS2/launch/launch2.py
-- Up-to-date: /home/takuto/scout_ws/install/scout_mini_ROS2/share/scout_mini_ROS2/worlds
-- Up-to-date: /home/takuto/scout_ws/install/scout_mini_ROS2/share/scout_mini_ROS2/worlds/yosemite.world
-- Up-to-date: /home/takuto/scout_ws/install/scout_mini_ROS2/share/scout_mini_ROS2/worlds/field.world
-- Up-to-date: /home/takuto/scout_ws/install/scout_mini_ROS2/share/scout_mini_ROS2/worlds/inspection.world
-- Up-to-date: /home/takuto/scout_ws/install/scout_mini_ROS2/share/scout_mini_ROS2/worlds/slope.world
-- Up-to-date: /home/takuto/scout_ws/install/scout_mini_ROS2/share/scout_mini_ROS2/rviz
-- Up-to-date: /home/takuto/scout_ws/install/scout_mini_ROS2/share/scout_mini_ROS2/rviz/scout_gazebo.rviz
-- Up-to-date: /home/takuto/scout_ws/install/scout_mini_ROS2/share/ament_index/resource_index/package_run_dependencies/scout_mini_ROS2
-- Up-to-date: /home/takuto/scout_ws/install/scout_mini_ROS2/share/ament_index/resource_index/parent_prefix_path/scout_mini_ROS2
-- Up-to-date: /home/takuto/scout_ws/install/scout_mini_ROS2/share/scout_mini_ROS2/environment/ament_prefix_path.sh
-- Up-to-date: /home/takuto/scout_ws/install/scout_mini_ROS2/share/scout_mini_ROS2/environment/ament_prefix_path.dsv
-- Up-to-date: /home/takuto/scout_ws/install/scout_mini_ROS2/share/scout_mini_ROS2/environment/path.sh
-- Up-to-date: /home/takuto/scout_ws/install/scout_mini_ROS2/share/scout_mini_ROS2/environment/path.dsv
-- Up-to-date: /home/takuto/scout_ws/install/scout_mini_ROS2/share/scout_mini_ROS2/local_setup.bash
-- Up-to-date: /home/takuto/scout_ws/install/scout_mini_ROS2/share/scout_mini_ROS2/local_setup.sh
-- Up-to-date: /home/takuto/scout_ws/install/scout_mini_ROS2/share/scout_mini_ROS2/local_setup.zsh
-- Up-to-date: /home/takuto/scout_ws/install/scout_mini_ROS2/share/scout_mini_ROS2/local_setup.dsv
-- Up-to-date: /home/takuto/scout_ws/install/scout_mini_ROS2/share/scout_mini_ROS2/package.dsv
-- Up-to-date: /home/takuto/scout_ws/install/scout_mini_ROS2/share/ament_index/resource_index/packages/scout_mini_ROS2
-- Up-to-date: /home/takuto/scout_ws/install/scout_mini_ROS2/share/scout_mini_ROS2/cmake/scout_mini_ROS2Config.cmake
-- Up-to-date: /home/takuto/scout_ws/install/scout_mini_ROS2/share/scout_mini_ROS2/cmake/scout_mini_ROS2Config-version.cmake
-- Up-to-date: /home/takuto/scout_ws/install/scout_mini_ROS2/share/scout_mini_ROS2/package.xml
