[0.935s] Invoking command in '/home/takuto/scout_ws/src/roughness_cul': PYTHONPATH=/home/takuto/scout_ws/build/roughness_cul/prefix_override:/usr/lib/python3/dist-packages/colcon_core/task/python/colcon_distutils_commands:/home/takuto/scout_ws/install/roughness_cul/lib/python3.10/site-packages:${PYTHONPATH} /usr/bin/python3 -W ignore:setup.py install is deprecated -W ignore:easy_install command is deprecated setup.py egg_info --egg-base ../../build/roughness_cul build --build-base /home/takuto/scout_ws/build/roughness_cul/build install --record /home/takuto/scout_ws/build/roughness_cul/install.log --single-version-externally-managed install_data
[1.165s] running egg_info
[1.165s] writing ../../build/roughness_cul/roughness_cul.egg-info/PKG-INFO
[1.165s] writing dependency_links to ../../build/roughness_cul/roughness_cul.egg-info/dependency_links.txt
[1.166s] writing entry points to ../../build/roughness_cul/roughness_cul.egg-info/entry_points.txt
[1.166s] writing requirements to ../../build/roughness_cul/roughness_cul.egg-info/requires.txt
[1.166s] writing top-level names to ../../build/roughness_cul/roughness_cul.egg-info/top_level.txt
[1.168s] reading manifest file '../../build/roughness_cul/roughness_cul.egg-info/SOURCES.txt'
[1.170s] writing manifest file '../../build/roughness_cul/roughness_cul.egg-info/SOURCES.txt'
[1.170s] running build
[1.170s] running build_py
[1.170s] copying roughness_cul/slope_cul.py -> /home/takuto/scout_ws/build/roughness_cul/build/lib/roughness_cul
[1.170s] copying roughness_cul/__init__.py -> /home/takuto/scout_ws/build/roughness_cul/build/lib/roughness_cul
[1.170s] copying roughness_cul/cost_cul.py -> /home/takuto/scout_ws/build/roughness_cul/build/lib/roughness_cul
[1.170s] copying roughness_cul/roughness_cost.py -> /home/takuto/scout_ws/build/roughness_cul/build/lib/roughness_cul
[1.170s] copying roughness_cul/test.py -> /home/takuto/scout_ws/build/roughness_cul/build/lib/roughness_cul
[1.171s] running install
[1.171s] running install_lib
[1.172s] copying /home/takuto/scout_ws/build/roughness_cul/build/lib/roughness_cul/slope_cul.py -> /home/takuto/scout_ws/install/roughness_cul/lib/python3.10/site-packages/roughness_cul
[1.172s] copying /home/takuto/scout_ws/build/roughness_cul/build/lib/roughness_cul/__init__.py -> /home/takuto/scout_ws/install/roughness_cul/lib/python3.10/site-packages/roughness_cul
[1.172s] copying /home/takuto/scout_ws/build/roughness_cul/build/lib/roughness_cul/cost_cul.py -> /home/takuto/scout_ws/install/roughness_cul/lib/python3.10/site-packages/roughness_cul
[1.172s] copying /home/takuto/scout_ws/build/roughness_cul/build/lib/roughness_cul/roughness_cost.py -> /home/takuto/scout_ws/install/roughness_cul/lib/python3.10/site-packages/roughness_cul
[1.172s] copying /home/takuto/scout_ws/build/roughness_cul/build/lib/roughness_cul/test.py -> /home/takuto/scout_ws/install/roughness_cul/lib/python3.10/site-packages/roughness_cul
[1.173s] byte-compiling /home/takuto/scout_ws/install/roughness_cul/lib/python3.10/site-packages/roughness_cul/slope_cul.py to slope_cul.cpython-310.pyc
[1.174s] byte-compiling /home/takuto/scout_ws/install/roughness_cul/lib/python3.10/site-packages/roughness_cul/__init__.py to __init__.cpython-310.pyc
[1.174s] byte-compiling /home/takuto/scout_ws/install/roughness_cul/lib/python3.10/site-packages/roughness_cul/cost_cul.py to cost_cul.cpython-310.pyc
[1.176s] byte-compiling /home/takuto/scout_ws/install/roughness_cul/lib/python3.10/site-packages/roughness_cul/roughness_cost.py to roughness_cost.cpython-310.pyc
[1.177s] byte-compiling /home/takuto/scout_ws/install/roughness_cul/lib/python3.10/site-packages/roughness_cul/test.py to test.cpython-310.pyc
[1.177s] running install_data
[1.177s] copying resource/roughness_cul -> /home/takuto/scout_ws/install/roughness_cul/share/ament_index/resource_index/packages
[1.177s] copying package.xml -> /home/takuto/scout_ws/install/roughness_cul/share/roughness_cul
[1.178s] running install_egg_info
[1.179s] removing '/home/takuto/scout_ws/install/roughness_cul/lib/python3.10/site-packages/roughness_cul-0.0.0-py3.10.egg-info' (and everything under it)
[1.180s] Copying ../../build/roughness_cul/roughness_cul.egg-info to /home/takuto/scout_ws/install/roughness_cul/lib/python3.10/site-packages/roughness_cul-0.0.0-py3.10.egg-info
[1.182s] running install_scripts
[1.199s] Installing roughness_cul script to /home/takuto/scout_ws/install/roughness_cul/lib/roughness_cul
[1.200s] writing list of installed files to '/home/takuto/scout_ws/build/roughness_cul/install.log'
[1.220s] Invoked command in '/home/takuto/scout_ws/src/roughness_cul' returned '0': PYTHONPATH=/home/takuto/scout_ws/build/roughness_cul/prefix_override:/usr/lib/python3/dist-packages/colcon_core/task/python/colcon_distutils_commands:/home/takuto/scout_ws/install/roughness_cul/lib/python3.10/site-packages:${PYTHONPATH} /usr/bin/python3 -W ignore:setup.py install is deprecated -W ignore:easy_install command is deprecated setup.py egg_info --egg-base ../../build/roughness_cul build --build-base /home/takuto/scout_ws/build/roughness_cul/build install --record /home/takuto/scout_ws/build/roughness_cul/install.log --single-version-externally-managed install_data
