[1.049s] Invoking command in '/home/takuto/scout_ws/build/roughness_slope_astar': CMAKE_PREFIX_PATH=${CMAKE_PREFIX_PATH}:/home/takuto/scout_ws/install/cost_cul:/home/takuto/scout_ws/install/cmd_vel_joy:/opt/ros/humble /usr/bin/cmake --build /home/takuto/scout_ws/build/roughness_slope_astar -- -j16 -l16
[1.195s] [35m[1mConsolidate compiler generated dependencies of target roughness_slope_astar_node[0m
[1.277s] [ 20%] [32mBuilding CXX object CMakeFiles/roughness_slope_astar_node.dir/src/main.cpp.o[0m
[1.285s] [ 40%] [32mBuilding CXX object CMakeFiles/roughness_slope_astar_node.dir/src/RobotController/RobotController.cpp.o[0m
[1.287s] [ 60%] [32mBuilding CXX object CMakeFiles/roughness_slope_astar_node.dir/src/RoughnessSlopeAstar/RoughnessSlopeAstar.cpp.o[0m
[1.300s] [ 80%] [32mBuilding CXX object CMakeFiles/roughness_slope_astar_node.dir/src/AstarPlanner/AstarPlanner.cpp.o[0m
[19.807s] [100%] [32m[1mLinking CXX executable roughness_slope_astar_node[0m
[20.750s] [100%] Built target roughness_slope_astar_node
[20.771s] Invoked command in '/home/takuto/scout_ws/build/roughness_slope_astar' returned '0': CMAKE_PREFIX_PATH=${CMAKE_PREFIX_PATH}:/home/takuto/scout_ws/install/cost_cul:/home/takuto/scout_ws/install/cmd_vel_joy:/opt/ros/humble /usr/bin/cmake --build /home/takuto/scout_ws/build/roughness_slope_astar -- -j16 -l16
[20.773s] Invoking command in '/home/takuto/scout_ws/build/roughness_slope_astar': CMAKE_PREFIX_PATH=${CMAKE_PREFIX_PATH}:/home/takuto/scout_ws/install/cost_cul:/home/takuto/scout_ws/install/cmd_vel_joy:/opt/ros/humble /usr/bin/cmake --install /home/takuto/scout_ws/build/roughness_slope_astar
[20.786s] -- Install configuration: ""
[20.786s] -- Installing: /home/takuto/scout_ws/install/roughness_slope_astar/lib/roughness_slope_astar/roughness_slope_astar_node
[20.805s] -- Set runtime path of "/home/takuto/scout_ws/install/roughness_slope_astar/lib/roughness_slope_astar/roughness_slope_astar_node" to ""
[20.805s] -- Up-to-date: /home/takuto/scout_ws/install/roughness_slope_astar/share/ament_index/resource_index/package_run_dependencies/roughness_slope_astar
[20.805s] -- Up-to-date: /home/takuto/scout_ws/install/roughness_slope_astar/share/ament_index/resource_index/parent_prefix_path/roughness_slope_astar
[20.805s] -- Up-to-date: /home/takuto/scout_ws/install/roughness_slope_astar/share/roughness_slope_astar/environment/ament_prefix_path.sh
[20.806s] -- Up-to-date: /home/takuto/scout_ws/install/roughness_slope_astar/share/roughness_slope_astar/environment/ament_prefix_path.dsv
[20.806s] -- Up-to-date: /home/takuto/scout_ws/install/roughness_slope_astar/share/roughness_slope_astar/environment/path.sh
[20.806s] -- Up-to-date: /home/takuto/scout_ws/install/roughness_slope_astar/share/roughness_slope_astar/environment/path.dsv
[20.806s] -- Up-to-date: /home/takuto/scout_ws/install/roughness_slope_astar/share/roughness_slope_astar/local_setup.bash
[20.806s] -- Up-to-date: /home/takuto/scout_ws/install/roughness_slope_astar/share/roughness_slope_astar/local_setup.sh
[20.806s] -- Up-to-date: /home/takuto/scout_ws/install/roughness_slope_astar/share/roughness_slope_astar/local_setup.zsh
[20.806s] -- Up-to-date: /home/takuto/scout_ws/install/roughness_slope_astar/share/roughness_slope_astar/local_setup.dsv
[20.806s] -- Installing: /home/takuto/scout_ws/install/roughness_slope_astar/share/roughness_slope_astar/package.dsv
[20.806s] -- Up-to-date: /home/takuto/scout_ws/install/roughness_slope_astar/share/ament_index/resource_index/packages/roughness_slope_astar
[20.807s] -- Up-to-date: /home/takuto/scout_ws/install/roughness_slope_astar/share/roughness_slope_astar/cmake/roughness_slope_astarConfig.cmake
[20.807s] -- Up-to-date: /home/takuto/scout_ws/install/roughness_slope_astar/share/roughness_slope_astar/cmake/roughness_slope_astarConfig-version.cmake
[20.807s] -- Up-to-date: /home/takuto/scout_ws/install/roughness_slope_astar/share/roughness_slope_astar/package.xml
[20.810s] Invoked command in '/home/takuto/scout_ws/build/roughness_slope_astar' returned '0': CMAKE_PREFIX_PATH=${CMAKE_PREFIX_PATH}:/home/takuto/scout_ws/install/cost_cul:/home/takuto/scout_ws/install/cmd_vel_joy:/opt/ros/humble /usr/bin/cmake --install /home/takuto/scout_ws/build/roughness_slope_astar
