[ 40%] [32mBuilding CXX object CMakeFiles/roughness_cul.dir/src/roughness_cul_Node/roughness_cul.cpp.o[0m
[ 60%] Built target roughness_cul_subscriber
In file included from [01m[K/home/takuto/scout_ws/src/roughness_cul/src/roughness_cul_Node/roughness_cul.cpp:1[m[K:
[01m[K/home/takuto/scout_ws/src/roughness_cul/src/roughness_cul_Node/roughness_cul.hpp:6:31:[m[K [01;31m[Kerror: [m[Kvariable ‘[01m[Kroughness_cblic rclcpp::Node[m[K’ has initializer but incomplete type
    6 | class roughness_cblic rclcpp::[01;31m[KNode[m[K{
      |                               [01;31m[K^~~~[m[K
[01m[K/home/takuto/scout_ws/src/roughness_cul/src/roughness_cul_Node/roughness_cul.hpp:7:5:[m[K [01;31m[Kerror: [m[Kexpected primary-expression before ‘[01m[Kprivate[m[K’
    7 |     [01;31m[Kprivate[m[K:
      |     [01;31m[K^~~~~~~[m[K
[01m[K/home/takuto/scout_ws/src/roughness_cul/src/roughness_cul_Node/roughness_cul.hpp:7:5:[m[K [01;31m[Kerror: [m[Kexpected ‘[01m[K}[m[K’ before ‘[01m[Kprivate[m[K’
[01m[K/home/takuto/scout_ws/src/roughness_cul/src/roughness_cul_Node/roughness_cul.hpp:6:35:[m[K [01;36m[Knote: [m[Kto match this ‘[01m[K{[m[K’
    6 | class roughness_cblic rclcpp::Node[01;36m[K{[m[K
      |                                   [01;36m[K^[m[K
[01m[K/home/takuto/scout_ws/src/roughness_cul/src/roughness_cul_Node/roughness_cul.hpp:7:5:[m[K [01;31m[Kerror: [m[Kexpected ‘[01m[K,[m[K’ or ‘[01m[K;[m[K’ before ‘[01m[Kprivate[m[K’
    7 |     [01;31m[Kprivate[m[K:
      |     [01;31m[K^~~~~~~[m[K
[01m[K/home/takuto/scout_ws/src/roughness_cul/src/roughness_cul_Node/roughness_cul.hpp:18:5:[m[K [01;31m[Kerror: [m[Kexpected unqualified-id before ‘[01m[Kpublic[m[K’
   18 |     [01;31m[Kpublic[m[K:
      |     [01;31m[K^~~~~~[m[K
[01m[K/home/takuto/scout_ws/src/roughness_cul/src/roughness_cul_Node/roughness_cul.hpp:20:1:[m[K [01;31m[Kerror: [m[Kexpected declaration before ‘[01m[K}[m[K’ token
   20 | [01;31m[K}[m[K;
      | [01;31m[K^[m[K
[01m[K/home/takuto/scout_ws/src/roughness_cul/src/roughness_cul_Node/roughness_cul.cpp:3:6:[m[K [01;31m[Kerror: [m[K‘[01m[Kroughness_cul[m[K’ has not been declared
    3 | void [01;31m[Kroughness_cul[m[K::roughness_cul() : public Node("roughness_cul"){
      |      [01;31m[K^~~~~~~~~~~~~[m[K
[01m[K/home/takuto/scout_ws/src/roughness_cul/src/roughness_cul_Node/roughness_cul.cpp:[m[K In function ‘[01m[Kvoid roughness_cul()[m[K’:
[01m[K/home/takuto/scout_ws/src/roughness_cul/src/roughness_cul_Node/roughness_cul.cpp:3:39:[m[K [01;31m[Kerror: [m[Konly constructors take member initializers
    3 | void roughness_cul::roughness_cul() : [01;31m[Kpublic[m[K Node("roughness_cul"){
      |                                       [01;31m[K^~~~~~[m[K
[01m[K/home/takuto/scout_ws/src/roughness_cul/src/roughness_cul_Node/roughness_cul.cpp:3:39:[m[K [01;31m[Kerror: [m[Kexpected identifier before ‘[01m[Kpublic[m[K’
[01m[K/home/takuto/scout_ws/src/roughness_cul/src/roughness_cul_Node/roughness_cul.cpp:3:39:[m[K [01;31m[Kerror: [m[Kexpected ‘[01m[K{[m[K’ before ‘[01m[Kpublic[m[K’
[01m[K/home/takuto/scout_ws/src/roughness_cul/src/roughness_cul_Node/roughness_cul.cpp:[m[K At global scope:
[01m[K/home/takuto/scout_ws/src/roughness_cul/src/roughness_cul_Node/roughness_cul.cpp:3:39:[m[K [01;31m[Kerror: [m[Kexpected unqualified-id before ‘[01m[Kpublic[m[K’
[01m[K/home/takuto/scout_ws/src/roughness_cul/src/roughness_cul_Node/roughness_cul.cpp:7:6:[m[K [01;31m[Kerror: [m[K‘[01m[Kroughness_cul[m[K’ is not a class, namespace, or enumeration
    7 | void [01;31m[Kroughness_cul[m[K::pcl_sub_callback(const sensor_msgs::msg::PointCloud2::SharedPtr msg){
      |      [01;31m[K^~~~~~~~~~~~~[m[K
[01m[K/home/takuto/scout_ws/src/roughness_cul/src/roughness_cul_Node/roughness_cul.cpp:[m[K In function ‘[01m[Kvoid pcl_sub_callback(sensor_msgs::msg::PointCloud2_<std::allocator<void> >::SharedPtr)[m[K’:
[01m[K/home/takuto/scout_ws/src/roughness_cul/src/roughness_cul_Node/roughness_cul.cpp:7:85:[m[K [01;35m[Kwarning: [m[Kunused parameter ‘[01m[Kmsg[m[K’ [[01;35m[K]8;;https://gcc.gnu.org/onlinedocs/gcc/Warning-Options.html#index-Wunused-parameter-Wunused-parameter]8;;[m[K]
    7 | ::pcl_sub_callback([01;35m[Kconst sensor_msgs::msg::PointCloud2::SharedPtr msg[m[K){
      |                    [01;35m[K~~~~~~~~~~~~~~~~~~~~~~~~~~~~~~~~~~~~~~~~~~~~~~~^~~[m[K

[01m[K/home/takuto/scout_ws/src/roughness_cul/src/roughness_cul_Node/roughness_cul.cpp:[m[K At global scope:
[01m[K/home/takuto/scout_ws/src/roughness_cul/src/roughness_cul_Node/roughness_cul.cpp:11:6:[m[K [01;31m[Kerror: [m[K‘[01m[Kroughness_cul[m[K’ is not a class, namespace, or enumeration
   11 | void [01;31m[Kroughness_cul[m[K::odom_sub_callback(const nav_msgs::msg::Odometry::SharedPtr msg){
      |      [01;31m[K^~~~~~~~~~~~~[m[K
[01m[K/home/takuto/scout_ws/src/roughness_cul/src/roughness_cul_Node/roughness_cul.cpp:[m[K In function ‘[01m[Kvoid odom_sub_callback(nav_msgs::msg::Odometry_<std::allocator<void> >::SharedPtr)[m[K’:
[01m[K/home/takuto/scout_ws/src/roughness_cul/src/roughness_cul_Node/roughness_cul.cpp:12:5:[m[K [01;31m[Kerror: [m[K‘[01m[Krobot[m[K’ was not declared in this scope; did you mean ‘[01m[KRobot[m[K’?
   12 |     [01;31m[Krobot[m[K.pose_set(msg.Pose.x, msg.Pose.y, msg.Pose.z);
      |     [01;31m[K^~~~~[m[K
      |     [32m[KRobot[m[K
[01m[K/home/takuto/scout_ws/src/roughness_cul/src/roughness_cul_Node/roughness_cul.cpp:12:24:[m[K [01;31m[Kerror: [m[K‘[01m[Kconst SharedPtr[m[K’ {aka ‘[01m[Kconst class std::shared_ptr<nav_msgs::msg::Odometry_<std::allocator<void> > >[m[K’} has no member named ‘[01m[KPose[m[K’
   12 |     robot.pose_set(msg.[01;31m[KPose[m[K.x, msg.Pose.y, msg.Pose.z);
      |                        [01;31m[K^~~~[m[K
[01m[K/home/takuto/scout_ws/src/roughness_cul/src/roughness_cul_Node/roughness_cul.cpp:12:36:[m[K [01;31m[Kerror: [m[K‘[01m[Kconst SharedPtr[m[K’ {aka ‘[01m[Kconst class std::shared_ptr<nav_msgs::msg::Odometry_<std::allocator<void> > >[m[K’} has no member named ‘[01m[KPose[m[K’
   12 |     robot.pose_set(msg.Pose.x, msg.[01;31m[KPose[m[K.y, msg.Pose.z);
      |                                    [01;31m[K^~~~[m[K
[01m[K/home/takuto/scout_ws/src/roughness_cul/src/roughness_cul_Node/roughness_cul.cpp:12:48:[m[K [01;31m[Kerror: [m[K‘[01m[Kconst SharedPtr[m[K’ {aka ‘[01m[Kconst class std::shared_ptr<nav_msgs::msg::Odometry_<std::allocator<void> > >[m[K’} has no member named ‘[01m[KPose[m[K’
   12 |     robot.pose_set(msg.Pose.x, msg.Pose.y, msg.[01;31m[KPose[m[K.z);
      |                                                [01;31m[K^~~~[m[K
gmake[2]: *** [CMakeFiles/roughness_cul.dir/build.make:76: CMakeFiles/roughness_cul.dir/src/roughness_cul_Node/roughness_cul.cpp.o] エラー 1
gmake[1]: *** [CMakeFiles/Makefile2:139: CMakeFiles/roughness_cul.dir/all] エラー 2
gmake: *** [Makefile:146: all] エラー 2
