[0.888s] Invoking command in '/home/takuto/scout_ws/build/hesai_description': CMAKE_PREFIX_PATH=${CMAKE_PREFIX_PATH}:/home/takuto/scout_ws/install/cost_cul:/home/takuto/scout_ws/install/cmd_vel_joy:/opt/ros/humble /usr/bin/cmake --build /home/takuto/scout_ws/build/hesai_description -- -j16 -l16
[0.954s] Invoked command in '/home/takuto/scout_ws/build/hesai_description' returned '0': CMAKE_PREFIX_PATH=${CMAKE_PREFIX_PATH}:/home/takuto/scout_ws/install/cost_cul:/home/takuto/scout_ws/install/cmd_vel_joy:/opt/ros/humble /usr/bin/cmake --build /home/takuto/scout_ws/build/hesai_description -- -j16 -l16
[0.979s] Invoking command in '/home/takuto/scout_ws/build/hesai_description': CMAKE_PREFIX_PATH=${CMAKE_PREFIX_PATH}:/home/takuto/scout_ws/install/cost_cul:/home/takuto/scout_ws/install/cmd_vel_joy:/opt/ros/humble /usr/bin/cmake --install /home/takuto/scout_ws/build/hesai_description
[0.991s] -- Install configuration: ""
[0.992s] -- Execute custom install script
[0.993s] -- Up-to-date symlink: /home/takuto/scout_ws/install/hesai_description/share/hesai_description//launch/description.launch.py
[0.994s] -- Up-to-date symlink: /home/takuto/scout_ws/install/hesai_description/share/hesai_description//launch/visualize.launch.py
[0.998s] -- Up-to-date symlink: /home/takuto/scout_ws/install/hesai_description/share/hesai_description//meshes/visual/qt64.dae
[0.999s] -- Up-to-date symlink: /home/takuto/scout_ws/install/hesai_description/share/hesai_description//meshes/visual/xt32.dae
[0.999s] -- Up-to-date symlink: /home/takuto/scout_ws/install/hesai_description/share/hesai_description//rviz/model.rviz
[1.001s] -- Up-to-date symlink: /home/takuto/scout_ws/install/hesai_description/share/hesai_description//urdf/gazebo.urdf.xacro
[1.001s] -- Up-to-date symlink: /home/takuto/scout_ws/install/hesai_description/share/hesai_description//urdf/hesai_qt64.urdf.xacro
[1.001s] -- Up-to-date symlink: /home/takuto/scout_ws/install/hesai_description/share/hesai_description//urdf/hesai_qt64_standalone.urdf.xacro
[1.002s] -- Up-to-date symlink: /home/takuto/scout_ws/install/hesai_description/share/hesai_description//urdf/hesai_xt32.urdf.xacro
[1.002s] -- Up-to-date symlink: /home/takuto/scout_ws/install/hesai_description/share/hesai_description//urdf/hesai_xt32_standalone.urdf.xacro
[1.002s] -- Up-to-date symlink: /home/takuto/scout_ws/install/hesai_description/share/ament_index/resource_index/package_run_dependencies/hesai_description
[1.002s] -- Up-to-date symlink: /home/takuto/scout_ws/install/hesai_description/share/ament_index/resource_index/parent_prefix_path/hesai_description
[1.003s] -- Up-to-date symlink: /home/takuto/scout_ws/install/hesai_description/share/hesai_description/environment/ament_prefix_path.sh
[1.003s] -- Up-to-date symlink: /home/takuto/scout_ws/install/hesai_description/share/hesai_description/environment/ament_prefix_path.dsv
[1.005s] -- Up-to-date symlink: /home/takuto/scout_ws/install/hesai_description/share/hesai_description/environment/path.sh
[1.006s] -- Up-to-date symlink: /home/takuto/scout_ws/install/hesai_description/share/hesai_description/environment/path.dsv
[1.006s] -- Up-to-date symlink: /home/takuto/scout_ws/install/hesai_description/share/hesai_description/local_setup.bash
[1.011s] -- Up-to-date symlink: /home/takuto/scout_ws/install/hesai_description/share/hesai_description/local_setup.sh
[1.013s] -- Up-to-date symlink: /home/takuto/scout_ws/install/hesai_description/share/hesai_description/local_setup.zsh
[1.013s] -- Up-to-date symlink: /home/takuto/scout_ws/install/hesai_description/share/hesai_description/local_setup.dsv
[1.013s] -- Symlinking: /home/takuto/scout_ws/install/hesai_description/share/hesai_description/package.dsv
[1.035s] -- Up-to-date symlink: /home/takuto/scout_ws/install/hesai_description/share/ament_index/resource_index/packages/hesai_description
[1.036s] -- Up-to-date symlink: /home/takuto/scout_ws/install/hesai_description/share/hesai_description/cmake/hesai_descriptionConfig.cmake
[1.037s] -- Up-to-date symlink: /home/takuto/scout_ws/install/hesai_description/share/hesai_description/cmake/hesai_descriptionConfig-version.cmake
[1.038s] -- Up-to-date symlink: /home/takuto/scout_ws/install/hesai_description/share/hesai_description/package.xml
[1.050s] Invoked command in '/home/takuto/scout_ws/build/hesai_description' returned '0': CMAKE_PREFIX_PATH=${CMAKE_PREFIX_PATH}:/home/takuto/scout_ws/install/cost_cul:/home/takuto/scout_ws/install/cmd_vel_joy:/opt/ros/humble /usr/bin/cmake --install /home/takuto/scout_ws/build/hesai_description
