[  1%] Built target hesai_ros_driver__cpp
[  3%] Built target log_lib
[ 10%] Built target hesai_ros_driver__rosidl_generator_c
[ 10%] Built target ament_cmake_python_copy_hesai_ros_driver
[ 18%] Built target hesai_ros_driver__rosidl_typesupport_introspection_cpp
[ 25%] Built target hesai_ros_driver__rosidl_typesupport_fastrtps_c
[ 33%] Built target hesai_ros_driver__rosidl_typesupport_cpp
[ 47%] Built target platutils_lib
[ 48%] Built target hesai_ros_driver__rosidl_typesupport_fastrtps_cpp
[ 51%] Built target hesai_ros_driver__rosidl_typesupport_introspection_c
[ 59%] Built target hesai_ros_driver__rosidl_typesupport_c
[ 59%] Built target hesai_ros_driver
[ 61%] Built target udpParser_lib
[ 69%] Built target ptcClient_lib
[ 76%] Built target source_lib
[ 77%] Built target hesai_ros_driver__py
[ 79%] Built target serialClient_lib
[ 86%] Built target hesai_ros_driver__rosidl_generator_py
[ 88%] Built target lidar_lib
[ 94%] Built target hesai_ros_driver__rosidl_typesupport_fastrtps_c__pyext
[ 94%] Built target hesai_ros_driver__rosidl_typesupport_c__pyext
[ 94%] Built target hesai_ros_driver__rosidl_typesupport_introspection_c__pyext
[ 96%] Built target hesai_sdk_lib
[100%] Built target hesai_ros_driver_node
running egg_info
writing hesai_ros_driver.egg-info/PKG-INFO
writing dependency_links to hesai_ros_driver.egg-info/dependency_links.txt
writing top-level names to hesai_ros_driver.egg-info/top_level.txt
reading manifest file 'hesai_ros_driver.egg-info/SOURCES.txt'
writing manifest file 'hesai_ros_driver.egg-info/SOURCES.txt'
[100%] Built target ament_cmake_python_build_hesai_ros_driver_egg
