[1.330s] Invoking command in '/home/takuto/scout_ws/src/cost_cul': PYTHONPATH=/home/takuto/scout_ws/build/cost_cul/prefix_override:/usr/lib/python3/dist-packages/colcon_core/task/python/colcon_distutils_commands:/home/takuto/scout_ws/install/cost_cul/lib/python3.10/site-packages:${PYTHONPATH} /usr/bin/python3 -W ignore:setup.py install is deprecated -W ignore:easy_install command is deprecated setup.py egg_info --egg-base ../../build/cost_cul build --build-base /home/takuto/scout_ws/build/cost_cul/build install --record /home/takuto/scout_ws/build/cost_cul/install.log --single-version-externally-managed install_data
[1.685s] running egg_info
[1.686s] writing ../../build/cost_cul/cost_cul.egg-info/PKG-INFO
[1.686s] writing dependency_links to ../../build/cost_cul/cost_cul.egg-info/dependency_links.txt
[1.686s] writing entry points to ../../build/cost_cul/cost_cul.egg-info/entry_points.txt
[1.687s] writing requirements to ../../build/cost_cul/cost_cul.egg-info/requires.txt
[1.687s] writing top-level names to ../../build/cost_cul/cost_cul.egg-info/top_level.txt
[1.689s] reading manifest file '../../build/cost_cul/cost_cul.egg-info/SOURCES.txt'
[1.690s] writing manifest file '../../build/cost_cul/cost_cul.egg-info/SOURCES.txt'
[1.690s] running build
[1.690s] running build_py
[1.691s] copying cost_cul/cost_cul_main.py -> /home/takuto/scout_ws/build/cost_cul/build/lib/cost_cul
[1.691s] running install
[1.691s] running install_lib
[1.693s] copying /home/takuto/scout_ws/build/cost_cul/build/lib/cost_cul/cost_cul_main.py -> /home/takuto/scout_ws/install/cost_cul/lib/python3.10/site-packages/cost_cul
[1.693s] byte-compiling /home/takuto/scout_ws/install/cost_cul/lib/python3.10/site-packages/cost_cul/cost_cul_main.py to cost_cul_main.cpython-310.pyc
[1.696s] running install_data
[1.696s] running install_egg_info
[1.698s] removing '/home/takuto/scout_ws/install/cost_cul/lib/python3.10/site-packages/cost_cul-0.0.0-py3.10.egg-info' (and everything under it)
[1.699s] Copying ../../build/cost_cul/cost_cul.egg-info to /home/takuto/scout_ws/install/cost_cul/lib/python3.10/site-packages/cost_cul-0.0.0-py3.10.egg-info
[1.700s] running install_scripts
[1.727s] Installing cost_cul_node script to /home/takuto/scout_ws/install/cost_cul/lib/cost_cul
[1.728s] writing list of installed files to '/home/takuto/scout_ws/build/cost_cul/install.log'
[1.773s] Invoked command in '/home/takuto/scout_ws/src/cost_cul' returned '0': PYTHONPATH=/home/takuto/scout_ws/build/cost_cul/prefix_override:/usr/lib/python3/dist-packages/colcon_core/task/python/colcon_distutils_commands:/home/takuto/scout_ws/install/cost_cul/lib/python3.10/site-packages:${PYTHONPATH} /usr/bin/python3 -W ignore:setup.py install is deprecated -W ignore:easy_install command is deprecated setup.py egg_info --egg-base ../../build/cost_cul build --build-base /home/takuto/scout_ws/build/cost_cul/build install --record /home/takuto/scout_ws/build/cost_cul/install.log --single-version-externally-managed install_data
