-- Found ament_cmake_auto: 1.3.11 (/opt/ros/humble/share/ament_cmake_auto/cmake)
-- Found rosidl_generator_c: 3.1.6 (/opt/ros/humble/share/rosidl_generator_c/cmake)
-- Found rosidl_adapter: 3.1.6 (/opt/ros/humble/share/rosidl_adapter/cmake)
-- Found rosidl_generator_cpp: 3.1.6 (/opt/ros/humble/share/rosidl_generator_cpp/cmake)
-- Using all available rosidl_typesupport_c: rosidl_typesupport_fastrtps_c;rosidl_typesupport_introspection_c
-- Using all available rosidl_typesupport_cpp: rosidl_typesupport_fastrtps_cpp;rosidl_typesupport_introspection_cpp
-- Found rmw_implementation_cmake: 6.1.2 (/opt/ros/humble/share/rmw_implementation_cmake/cmake)
-- Found rmw_fastrtps_cpp: 6.2.7 (/opt/ros/humble/share/rmw_fastrtps_cpp/cmake)
-- Using RMW implementation 'rmw_fastrtps_cpp' as default
-- Configuring done
[31mCMake Error at /opt/ros/humble/share/rclcpp_components/cmake/rclcpp_components_register_node.cmake:70 (file):
  Error evaluating generator expression:

    $<TARGET_FILE_NAME:roughness_cul_lib>

  No target "roughness_cul_lib"
Call Stack (most recent call first):
  CMakeLists.txt:19 (rclcpp_components_register_node)

[0m
[31mCMake Error at /opt/ros/humble/share/rclcpp_components/cmake/rclcpp_components_register_node.cmake:70 (file):
  Error evaluating generator expression:

    $<TARGET_FILE_NAME:roughness_cul_lib>

  No target "roughness_cul_lib"
Call Stack (most recent call first):
  CMakeLists.txt:19 (rclcpp_components_register_node)

[0m
[31mCMake Error at /opt/ros/humble/share/ament_cmake_core/cmake/index/ament_index_register_resource.cmake:93 (file):
  Error evaluating generator expression:

    $<TARGET_FILE_NAME:roughness_cul_lib>

  No target "roughness_cul_lib"
Call Stack (most recent call first):
  /opt/ros/humble/share/rclcpp_components/cmake/rclcpp_components_package_hook.cmake:18 (ament_index_register_resource)
  /opt/ros/humble/share/ament_cmake_core/cmake/core/ament_execute_extensions.cmake:48 (include)
  /opt/ros/humble/share/ament_cmake_core/cmake/core/ament_package.cmake:66 (ament_execute_extensions)
  /opt/ros/humble/share/ament_cmake_auto/cmake/ament_auto_package.cmake:102 (ament_package)
  CMakeLists.txt:29 (ament_auto_package)

[0m
[31mCMake Error at /opt/ros/humble/share/ament_cmake_core/cmake/index/ament_index_register_resource.cmake:93 (file):
  Error evaluating generator expression:

    $<TARGET_FILE_NAME:roughness_cul_lib>

  No target "roughness_cul_lib"
Call Stack (most recent call first):
  /opt/ros/humble/share/rclcpp_components/cmake/rclcpp_components_package_hook.cmake:18 (ament_index_register_resource)
  /opt/ros/humble/share/ament_cmake_core/cmake/core/ament_execute_extensions.cmake:48 (include)
  /opt/ros/humble/share/ament_cmake_core/cmake/core/ament_package.cmake:66 (ament_execute_extensions)
  /opt/ros/humble/share/ament_cmake_auto/cmake/ament_auto_package.cmake:102 (ament_package)
  CMakeLists.txt:29 (ament_auto_package)

[0m
-- Generating done
[0mCMake Generate step failed.  Build files cannot be regenerated correctly.[0m
gmake: *** [Makefile:321: cmake_check_build_system] エラー 1
