[0.014s] Invoking command in '/home/takuto/scout_ws/src/roughness_cul/build/roughness_cul': CMAKE_PREFIX_PATH=/home/takuto/scout_ws/src/roughness_cul/install/roughness_cul:/home/takuto/turtlebot3_ws/install/turtlebot3:/home/takuto/turtlebot3_ws/install/turtlebot3_simulations:/home/takuto/turtlebot3_ws/install/turtlebot3_bringup:/home/takuto/turtlebot3_ws/install/turtlebot3_node:/home/takuto/turtlebot3_ws/install/turtlebot3_navigation2:/home/takuto/turtlebot3_ws/install/turtlebot3_gazebo:/home/takuto/turtlebot3_ws/install/turtlebot3_fake_node:/home/takuto/turtlebot3_ws/install/turtlebot3_description:/home/takuto/turtlebot3_ws/install/turtlebot3_cartographer:/home/takuto/turtlebot3_ws/install/turtlebot3_teleop:/home/takuto/turtlebot3_ws/install/turtlebot3_example:/home/takuto/turtlebot3_ws/install/cmd_vel_joy:/home/takuto/scout_ws/install/cmd_vel_joy:/home/takuto/scout_ws/src/install/cmd_vel_joy:/opt/ros/humble:/home/takuto/turtlebot3_ws/install/realsense_gazebo_plugin:/home/takuto/turtlebot3_ws/install/realsense2_description:/home/takuto/turtlebot3_ws/install/realsense2_camera:/home/takuto/turtlebot3_ws/install/realsense2_camera_msgs:/home/takuto/turtlebot3_ws/install/dynamixel_sdk_examples:/home/takuto/turtlebot3_ws/install/dynamixel_sdk_custom_interfaces:/home/takuto/turtlebot3_ws/install/dynamixel_sdk:/home/takuto/mecanumrover_ws/install/vs_rover_options_description:/home/takuto/mecanumrover_ws/install/mecanumrover_gazebo:/home/takuto/mecanumrover_ws/install/mecanumrover3:/home/takuto/mecanumrover_ws/install/mecanumrover_description:/home/takuto/mecanumrover_ws/install/mecanumrover3_bringup:/home/takuto/uros_ws/install/micro_ros_setup:/home/takuto/uros_ws/install/micro_ros_agent:/home/takuto/uros_ws/install/micro_ros_msgs:/home/takuto/scout_ws/install/scout_gazebo:/home/takuto/scout_ws/install/hesai_ros_driver:/home/takuto/scout_ws/install/hesai_description:/home/takuto/scout_ws/src/install/scout_gazebo:/home/takuto/scout_ws/src/install/hesai_ros_driver /usr/bin/cmake --build /home/takuto/scout_ws/src/roughness_cul/build/roughness_cul -- -j16 -l16
[0.061s] [35m[1mConsolidate compiler generated dependencies of target roughness_cul[0m
[0.076s] [ 40%] Built target roughness_cul_subscriber
[0.083s] [ 60%] [32mBuilding CXX object CMakeFiles/roughness_cul.dir/src/roughness_cul_Node/roughness_cul.cpp.o[0m
[2.009s] [01m[K/home/takuto/scout_ws/src/roughness_cul/src/roughness_cul_Node/roughness_cul.cpp:[m[K In constructor ‘[01m[Kroughness_cul::roughness_cul()[m[K’:
[2.009s] [01m[K/home/takuto/scout_ws/src/roughness_cul/src/roughness_cul_Node/roughness_cul.cpp:4:146:[m[K [01;31m[Kerror: [m[K‘[01m[K_1[m[K’ was not declared in this scope; did you mean ‘[01m[Kstd::placeholders::_1[m[K’?
[2.009s]     4 | R_Data_out", 10, std::bind(&roughness_cul::pcl_sub_callback, this, [01;31m[K_1[m[K))
[2.009s]       |                                                                    [01;31m[K^~[m[K
[2.009s]       |                                                                    [32m[Kstd::placeholders::_1[m[K
[2.009s] In file included from [01m[K/usr/include/c++/11/pstl/glue_algorithm_defs.h:13[m[K,
[2.009s]                  from [01m[K/usr/include/c++/11/algorithm:74[m[K,
[2.009s]                  from [01m[K/opt/ros/humble/include/rclcpp/rclcpp/executor.hpp:18[m[K,
[2.009s]                  from [01m[K/opt/ros/humble/include/rclcpp/rclcpp/executors/multi_threaded_executor.hpp:25[m[K,
[2.009s]                  from [01m[K/opt/ros/humble/include/rclcpp/rclcpp/executors.hpp:21[m[K,
[2.009s]                  from [01m[K/opt/ros/humble/include/rclcpp/rclcpp/rclcpp.hpp:155[m[K,
[2.010s]                  from [01m[K/home/takuto/scout_ws/src/roughness_cul/src/roughness_cul_Node/roughness_cul.hpp:1[m[K,
[2.010s]                  from [01m[K/home/takuto/scout_ws/src/roughness_cul/src/roughness_cul_Node/roughness_cul.cpp:1[m[K:
[2.010s] [01m[K/usr/include/c++/11/functional:225:34:[m[K [01;36m[Knote: [m[K‘[01m[Kstd::placeholders::_1[m[K’ declared here
[2.010s]   225 |     extern const _Placeholder<1> [01;36m[K_1[m[K;
[2.010s]       |                                  [01;36m[K^~[m[K
[2.385s] gmake[2]: *** [CMakeFiles/roughness_cul.dir/build.make:76: CMakeFiles/roughness_cul.dir/src/roughness_cul_Node/roughness_cul.cpp.o] エラー 1
[2.385s] gmake[1]: *** [CMakeFiles/Makefile2:139: CMakeFiles/roughness_cul.dir/all] エラー 2
[2.386s] gmake: *** [Makefile:146: all] エラー 2
[2.388s] Invoked command in '/home/takuto/scout_ws/src/roughness_cul/build/roughness_cul' returned '2': CMAKE_PREFIX_PATH=/home/takuto/scout_ws/src/roughness_cul/install/roughness_cul:/home/takuto/turtlebot3_ws/install/turtlebot3:/home/takuto/turtlebot3_ws/install/turtlebot3_simulations:/home/takuto/turtlebot3_ws/install/turtlebot3_bringup:/home/takuto/turtlebot3_ws/install/turtlebot3_node:/home/takuto/turtlebot3_ws/install/turtlebot3_navigation2:/home/takuto/turtlebot3_ws/install/turtlebot3_gazebo:/home/takuto/turtlebot3_ws/install/turtlebot3_fake_node:/home/takuto/turtlebot3_ws/install/turtlebot3_description:/home/takuto/turtlebot3_ws/install/turtlebot3_cartographer:/home/takuto/turtlebot3_ws/install/turtlebot3_teleop:/home/takuto/turtlebot3_ws/install/turtlebot3_example:/home/takuto/turtlebot3_ws/install/cmd_vel_joy:/home/takuto/scout_ws/install/cmd_vel_joy:/home/takuto/scout_ws/src/install/cmd_vel_joy:/opt/ros/humble:/home/takuto/turtlebot3_ws/install/realsense_gazebo_plugin:/home/takuto/turtlebot3_ws/install/realsense2_description:/home/takuto/turtlebot3_ws/install/realsense2_camera:/home/takuto/turtlebot3_ws/install/realsense2_camera_msgs:/home/takuto/turtlebot3_ws/install/dynamixel_sdk_examples:/home/takuto/turtlebot3_ws/install/dynamixel_sdk_custom_interfaces:/home/takuto/turtlebot3_ws/install/dynamixel_sdk:/home/takuto/mecanumrover_ws/install/vs_rover_options_description:/home/takuto/mecanumrover_ws/install/mecanumrover_gazebo:/home/takuto/mecanumrover_ws/install/mecanumrover3:/home/takuto/mecanumrover_ws/install/mecanumrover_description:/home/takuto/mecanumrover_ws/install/mecanumrover3_bringup:/home/takuto/uros_ws/install/micro_ros_setup:/home/takuto/uros_ws/install/micro_ros_agent:/home/takuto/uros_ws/install/micro_ros_msgs:/home/takuto/scout_ws/install/scout_gazebo:/home/takuto/scout_ws/install/hesai_ros_driver:/home/takuto/scout_ws/install/hesai_description:/home/takuto/scout_ws/src/install/scout_gazebo:/home/takuto/scout_ws/src/install/hesai_ros_driver /usr/bin/cmake --build /home/takuto/scout_ws/src/roughness_cul/build/roughness_cul -- -j16 -l16
