[0.149s] DEBUG:colcon:Command line arguments: ['/usr/bin/colcon', 'list', '-p', '--base-paths', '/home/takuto/scout_ws']
[0.149s] DEBUG:colcon:Parsed command line arguments: Namespace(log_base=None, log_level=None, verb_name='list', build_base='build', ignore_user_meta=False, metas=['./colcon.meta'], base_paths=['/home/takuto/scout_ws'], packages_ignore=None, packages_ignore_regex=None, paths=None, packages_up_to=None, packages_up_to_regex=None, packages_above=None, packages_above_and_dependencies=None, packages_above_depth=None, packages_select_by_dep=None, packages_skip_by_dep=None, packages_skip_up_to=None, packages_select_build_failed=False, packages_skip_build_finished=False, packages_select_test_failures=False, packages_skip_test_passed=False, packages_select=None, packages_skip=None, packages_select_regex=None, packages_skip_regex=None, packages_start=None, packages_end=None, allow_overriding=[], topological_order=False, names_only=False, paths_only=True, topological_graph=False, topological_graph_dot=False, topological_graph_density=False, topological_graph_legend=False, topological_graph_dot_cluster=False, topological_graph_dot_include_skipped=False, verb_parser=<colcon_defaults.argument_parser.defaults.DefaultArgumentsDecorator object at 0x7a2b7538d990>, verb_extension=<colcon_package_information.verb.list.ListVerb object at 0x7a2b7538c9a0>, main=<bound method ListVerb.main of <colcon_package_information.verb.list.ListVerb object at 0x7a2b7538c9a0>>)
[0.441s] Level 1:colcon.colcon_core.package_discovery:discover_packages(colcon_meta) check parameters
[0.441s] Level 1:colcon.colcon_core.package_discovery:discover_packages(recursive) check parameters
[0.441s] Level 1:colcon.colcon_core.package_discovery:discover_packages(ignore) check parameters
[0.441s] Level 1:colcon.colcon_core.package_discovery:discover_packages(path) check parameters
[0.442s] Level 1:colcon.colcon_core.package_discovery:discover_packages(recursive) discover
[0.442s] INFO:colcon.colcon_core.package_discovery:Crawling recursively for packages in '/home/takuto/scout_ws'
[0.442s] Level 1:colcon.colcon_core.package_identification:_identify(/home/takuto/scout_ws) by extensions ['ignore', 'ignore_ament_install']
[0.442s] Level 1:colcon.colcon_core.package_identification:_identify(/home/takuto/scout_ws) by extension 'ignore'
[0.442s] Level 1:colcon.colcon_core.package_identification:_identify(/home/takuto/scout_ws) by extension 'ignore_ament_install'
[0.442s] Level 1:colcon.colcon_core.package_identification:_identify(/home/takuto/scout_ws) by extensions ['colcon_pkg']
[0.442s] Level 1:colcon.colcon_core.package_identification:_identify(/home/takuto/scout_ws) by extension 'colcon_pkg'
[0.442s] Level 1:colcon.colcon_core.package_identification:_identify(/home/takuto/scout_ws) by extensions ['colcon_meta']
[0.442s] Level 1:colcon.colcon_core.package_identification:_identify(/home/takuto/scout_ws) by extension 'colcon_meta'
[0.442s] Level 1:colcon.colcon_core.package_identification:_identify(/home/takuto/scout_ws) by extensions ['ament_gradle']
[0.442s] Level 1:colcon.colcon_core.package_identification:_identify(/home/takuto/scout_ws) by extension 'ament_gradle'
[0.442s] Level 1:colcon.colcon_core.package_identification:_identify(/home/takuto/scout_ws) by extensions ['ros']
[0.442s] Level 1:colcon.colcon_core.package_identification:_identify(/home/takuto/scout_ws) by extension 'ros'
[0.458s] Level 1:colcon.colcon_core.package_identification:_identify(/home/takuto/scout_ws) by extensions ['cmake', 'gradle', 'python']
[0.458s] Level 1:colcon.colcon_core.package_identification:_identify(/home/takuto/scout_ws) by extension 'cmake'
[0.458s] Level 1:colcon.colcon_core.package_identification:_identify(/home/takuto/scout_ws) by extension 'gradle'
[0.458s] Level 1:colcon.colcon_core.package_identification:_identify(/home/takuto/scout_ws) by extension 'python'
[0.459s] Level 1:colcon.colcon_core.package_identification:_identify(/home/takuto/scout_ws) by extensions ['python_setup_py']
[0.459s] Level 1:colcon.colcon_core.package_identification:_identify(/home/takuto/scout_ws) by extension 'python_setup_py'
[0.459s] Level 1:colcon.colcon_core.package_identification:_identify(/home/takuto/scout_ws/build) by extensions ['ignore', 'ignore_ament_install']
[0.459s] Level 1:colcon.colcon_core.package_identification:_identify(/home/takuto/scout_ws/build) by extension 'ignore'
[0.459s] Level 1:colcon.colcon_core.package_identification:_identify(/home/takuto/scout_ws/build) ignored
[0.459s] Level 1:colcon.colcon_core.package_identification:_identify(/home/takuto/scout_ws/install) by extensions ['ignore', 'ignore_ament_install']
[0.459s] Level 1:colcon.colcon_core.package_identification:_identify(/home/takuto/scout_ws/install) by extension 'ignore'
[0.459s] Level 1:colcon.colcon_core.package_identification:_identify(/home/takuto/scout_ws/install) ignored
[0.460s] Level 1:colcon.colcon_core.package_identification:_identify(/home/takuto/scout_ws/log) by extensions ['ignore', 'ignore_ament_install']
[0.460s] Level 1:colcon.colcon_core.package_identification:_identify(/home/takuto/scout_ws/log) by extension 'ignore'
[0.460s] Level 1:colcon.colcon_core.package_identification:_identify(/home/takuto/scout_ws/log) ignored
[0.460s] Level 1:colcon.colcon_core.package_identification:_identify(/home/takuto/scout_ws/models) by extensions ['ignore', 'ignore_ament_install']
[0.460s] Level 1:colcon.colcon_core.package_identification:_identify(/home/takuto/scout_ws/models) by extension 'ignore'
[0.460s] Level 1:colcon.colcon_core.package_identification:_identify(/home/takuto/scout_ws/models) by extension 'ignore_ament_install'
[0.460s] Level 1:colcon.colcon_core.package_identification:_identify(/home/takuto/scout_ws/models) by extensions ['colcon_pkg']
[0.461s] Level 1:colcon.colcon_core.package_identification:_identify(/home/takuto/scout_ws/models) by extension 'colcon_pkg'
[0.461s] Level 1:colcon.colcon_core.package_identification:_identify(/home/takuto/scout_ws/models) by extensions ['colcon_meta']
[0.461s] Level 1:colcon.colcon_core.package_identification:_identify(/home/takuto/scout_ws/models) by extension 'colcon_meta'
[0.461s] Level 1:colcon.colcon_core.package_identification:_identify(/home/takuto/scout_ws/models) by extensions ['ament_gradle']
[0.461s] Level 1:colcon.colcon_core.package_identification:_identify(/home/takuto/scout_ws/models) by extension 'ament_gradle'
[0.461s] Level 1:colcon.colcon_core.package_identification:_identify(/home/takuto/scout_ws/models) by extensions ['ros']
[0.461s] Level 1:colcon.colcon_core.package_identification:_identify(/home/takuto/scout_ws/models) by extension 'ros'
[0.461s] Level 1:colcon.colcon_core.package_identification:_identify(/home/takuto/scout_ws/models) by extensions ['cmake', 'gradle', 'python']
[0.461s] Level 1:colcon.colcon_core.package_identification:_identify(/home/takuto/scout_ws/models) by extension 'cmake'
[0.461s] Level 1:colcon.colcon_core.package_identification:_identify(/home/takuto/scout_ws/models) by extension 'gradle'
[0.461s] Level 1:colcon.colcon_core.package_identification:_identify(/home/takuto/scout_ws/models) by extension 'python'
[0.461s] Level 1:colcon.colcon_core.package_identification:_identify(/home/takuto/scout_ws/models) by extensions ['python_setup_py']
[0.461s] Level 1:colcon.colcon_core.package_identification:_identify(/home/takuto/scout_ws/models) by extension 'python_setup_py'
[0.462s] Level 1:colcon.colcon_core.package_identification:_identify(/home/takuto/scout_ws/models/nhk2026) by extensions ['ignore', 'ignore_ament_install']
[0.462s] Level 1:colcon.colcon_core.package_identification:_identify(/home/takuto/scout_ws/models/nhk2026) by extension 'ignore'
[0.462s] Level 1:colcon.colcon_core.package_identification:_identify(/home/takuto/scout_ws/models/nhk2026) by extension 'ignore_ament_install'
[0.462s] Level 1:colcon.colcon_core.package_identification:_identify(/home/takuto/scout_ws/models/nhk2026) by extensions ['colcon_pkg']
[0.462s] Level 1:colcon.colcon_core.package_identification:_identify(/home/takuto/scout_ws/models/nhk2026) by extension 'colcon_pkg'
[0.462s] Level 1:colcon.colcon_core.package_identification:_identify(/home/takuto/scout_ws/models/nhk2026) by extensions ['colcon_meta']
[0.462s] Level 1:colcon.colcon_core.package_identification:_identify(/home/takuto/scout_ws/models/nhk2026) by extension 'colcon_meta'
[0.462s] Level 1:colcon.colcon_core.package_identification:_identify(/home/takuto/scout_ws/models/nhk2026) by extensions ['ament_gradle']
[0.462s] Level 1:colcon.colcon_core.package_identification:_identify(/home/takuto/scout_ws/models/nhk2026) by extension 'ament_gradle'
[0.462s] Level 1:colcon.colcon_core.package_identification:_identify(/home/takuto/scout_ws/models/nhk2026) by extensions ['ros']
[0.462s] Level 1:colcon.colcon_core.package_identification:_identify(/home/takuto/scout_ws/models/nhk2026) by extension 'ros'
[0.463s] Level 1:colcon.colcon_core.package_identification:_identify(/home/takuto/scout_ws/models/nhk2026) by extensions ['cmake', 'gradle', 'python']
[0.463s] Level 1:colcon.colcon_core.package_identification:_identify(/home/takuto/scout_ws/models/nhk2026) by extension 'cmake'
[0.463s] Level 1:colcon.colcon_core.package_identification:_identify(/home/takuto/scout_ws/models/nhk2026) by extension 'gradle'
[0.463s] Level 1:colcon.colcon_core.package_identification:_identify(/home/takuto/scout_ws/models/nhk2026) by extension 'python'
[0.463s] Level 1:colcon.colcon_core.package_identification:_identify(/home/takuto/scout_ws/models/nhk2026) by extensions ['python_setup_py']
[0.463s] Level 1:colcon.colcon_core.package_identification:_identify(/home/takuto/scout_ws/models/nhk2026) by extension 'python_setup_py'
[0.463s] Level 1:colcon.colcon_core.package_identification:_identify(/home/takuto/scout_ws/models/nhk2026/meshes) by extensions ['ignore', 'ignore_ament_install']
[0.463s] Level 1:colcon.colcon_core.package_identification:_identify(/home/takuto/scout_ws/models/nhk2026/meshes) by extension 'ignore'
[0.463s] Level 1:colcon.colcon_core.package_identification:_identify(/home/takuto/scout_ws/models/nhk2026/meshes) by extension 'ignore_ament_install'
[0.463s] Level 1:colcon.colcon_core.package_identification:_identify(/home/takuto/scout_ws/models/nhk2026/meshes) by extensions ['colcon_pkg']
[0.463s] Level 1:colcon.colcon_core.package_identification:_identify(/home/takuto/scout_ws/models/nhk2026/meshes) by extension 'colcon_pkg'
[0.464s] Level 1:colcon.colcon_core.package_identification:_identify(/home/takuto/scout_ws/models/nhk2026/meshes) by extensions ['colcon_meta']
[0.464s] Level 1:colcon.colcon_core.package_identification:_identify(/home/takuto/scout_ws/models/nhk2026/meshes) by extension 'colcon_meta'
[0.464s] Level 1:colcon.colcon_core.package_identification:_identify(/home/takuto/scout_ws/models/nhk2026/meshes) by extensions ['ament_gradle']
[0.464s] Level 1:colcon.colcon_core.package_identification:_identify(/home/takuto/scout_ws/models/nhk2026/meshes) by extension 'ament_gradle'
[0.464s] Level 1:colcon.colcon_core.package_identification:_identify(/home/takuto/scout_ws/models/nhk2026/meshes) by extensions ['ros']
[0.464s] Level 1:colcon.colcon_core.package_identification:_identify(/home/takuto/scout_ws/models/nhk2026/meshes) by extension 'ros'
[0.464s] Level 1:colcon.colcon_core.package_identification:_identify(/home/takuto/scout_ws/models/nhk2026/meshes) by extensions ['cmake', 'gradle', 'python']
[0.464s] Level 1:colcon.colcon_core.package_identification:_identify(/home/takuto/scout_ws/models/nhk2026/meshes) by extension 'cmake'
[0.464s] Level 1:colcon.colcon_core.package_identification:_identify(/home/takuto/scout_ws/models/nhk2026/meshes) by extension 'gradle'
[0.464s] Level 1:colcon.colcon_core.package_identification:_identify(/home/takuto/scout_ws/models/nhk2026/meshes) by extension 'python'
[0.464s] Level 1:colcon.colcon_core.package_identification:_identify(/home/takuto/scout_ws/models/nhk2026/meshes) by extensions ['python_setup_py']
[0.464s] Level 1:colcon.colcon_core.package_identification:_identify(/home/takuto/scout_ws/models/nhk2026/meshes) by extension 'python_setup_py'
[0.464s] Level 1:colcon.colcon_core.package_identification:_identify(/home/takuto/scout_ws/models/slope) by extensions ['ignore', 'ignore_ament_install']
[0.464s] Level 1:colcon.colcon_core.package_identification:_identify(/home/takuto/scout_ws/models/slope) by extension 'ignore'
[0.464s] Level 1:colcon.colcon_core.package_identification:_identify(/home/takuto/scout_ws/models/slope) by extension 'ignore_ament_install'
[0.464s] Level 1:colcon.colcon_core.package_identification:_identify(/home/takuto/scout_ws/models/slope) by extensions ['colcon_pkg']
[0.465s] Level 1:colcon.colcon_core.package_identification:_identify(/home/takuto/scout_ws/models/slope) by extension 'colcon_pkg'
[0.465s] Level 1:colcon.colcon_core.package_identification:_identify(/home/takuto/scout_ws/models/slope) by extensions ['colcon_meta']
[0.465s] Level 1:colcon.colcon_core.package_identification:_identify(/home/takuto/scout_ws/models/slope) by extension 'colcon_meta'
[0.465s] Level 1:colcon.colcon_core.package_identification:_identify(/home/takuto/scout_ws/models/slope) by extensions ['ament_gradle']
[0.465s] Level 1:colcon.colcon_core.package_identification:_identify(/home/takuto/scout_ws/models/slope) by extension 'ament_gradle'
[0.465s] Level 1:colcon.colcon_core.package_identification:_identify(/home/takuto/scout_ws/models/slope) by extensions ['ros']
[0.465s] Level 1:colcon.colcon_core.package_identification:_identify(/home/takuto/scout_ws/models/slope) by extension 'ros'
[0.465s] Level 1:colcon.colcon_core.package_identification:_identify(/home/takuto/scout_ws/models/slope) by extensions ['cmake', 'gradle', 'python']
[0.465s] Level 1:colcon.colcon_core.package_identification:_identify(/home/takuto/scout_ws/models/slope) by extension 'cmake'
[0.465s] Level 1:colcon.colcon_core.package_identification:_identify(/home/takuto/scout_ws/models/slope) by extension 'gradle'
[0.465s] Level 1:colcon.colcon_core.package_identification:_identify(/home/takuto/scout_ws/models/slope) by extension 'python'
[0.465s] Level 1:colcon.colcon_core.package_identification:_identify(/home/takuto/scout_ws/models/slope) by extensions ['python_setup_py']
[0.465s] Level 1:colcon.colcon_core.package_identification:_identify(/home/takuto/scout_ws/models/slope) by extension 'python_setup_py'
[0.465s] Level 1:colcon.colcon_core.package_identification:_identify(/home/takuto/scout_ws/models/slope/meshes) by extensions ['ignore', 'ignore_ament_install']
[0.465s] Level 1:colcon.colcon_core.package_identification:_identify(/home/takuto/scout_ws/models/slope/meshes) by extension 'ignore'
[0.465s] Level 1:colcon.colcon_core.package_identification:_identify(/home/takuto/scout_ws/models/slope/meshes) by extension 'ignore_ament_install'
[0.466s] Level 1:colcon.colcon_core.package_identification:_identify(/home/takuto/scout_ws/models/slope/meshes) by extensions ['colcon_pkg']
[0.466s] Level 1:colcon.colcon_core.package_identification:_identify(/home/takuto/scout_ws/models/slope/meshes) by extension 'colcon_pkg'
[0.466s] Level 1:colcon.colcon_core.package_identification:_identify(/home/takuto/scout_ws/models/slope/meshes) by extensions ['colcon_meta']
[0.466s] Level 1:colcon.colcon_core.package_identification:_identify(/home/takuto/scout_ws/models/slope/meshes) by extension 'colcon_meta'
[0.466s] Level 1:colcon.colcon_core.package_identification:_identify(/home/takuto/scout_ws/models/slope/meshes) by extensions ['ament_gradle']
[0.466s] Level 1:colcon.colcon_core.package_identification:_identify(/home/takuto/scout_ws/models/slope/meshes) by extension 'ament_gradle'
[0.466s] Level 1:colcon.colcon_core.package_identification:_identify(/home/takuto/scout_ws/models/slope/meshes) by extensions ['ros']
[0.466s] Level 1:colcon.colcon_core.package_identification:_identify(/home/takuto/scout_ws/models/slope/meshes) by extension 'ros'
[0.466s] Level 1:colcon.colcon_core.package_identification:_identify(/home/takuto/scout_ws/models/slope/meshes) by extensions ['cmake', 'gradle', 'python']
[0.466s] Level 1:colcon.colcon_core.package_identification:_identify(/home/takuto/scout_ws/models/slope/meshes) by extension 'cmake'
[0.466s] Level 1:colcon.colcon_core.package_identification:_identify(/home/takuto/scout_ws/models/slope/meshes) by extension 'gradle'
[0.466s] Level 1:colcon.colcon_core.package_identification:_identify(/home/takuto/scout_ws/models/slope/meshes) by extension 'python'
[0.466s] Level 1:colcon.colcon_core.package_identification:_identify(/home/takuto/scout_ws/models/slope/meshes) by extensions ['python_setup_py']
[0.466s] Level 1:colcon.colcon_core.package_identification:_identify(/home/takuto/scout_ws/models/slope/meshes) by extension 'python_setup_py'
[0.467s] Level 1:colcon.colcon_core.package_identification:_identify(/home/takuto/scout_ws/src) by extensions ['ignore', 'ignore_ament_install']
[0.467s] Level 1:colcon.colcon_core.package_identification:_identify(/home/takuto/scout_ws/src) by extension 'ignore'
[0.467s] Level 1:colcon.colcon_core.package_identification:_identify(/home/takuto/scout_ws/src) by extension 'ignore_ament_install'
[0.467s] Level 1:colcon.colcon_core.package_identification:_identify(/home/takuto/scout_ws/src) by extensions ['colcon_pkg']
[0.467s] Level 1:colcon.colcon_core.package_identification:_identify(/home/takuto/scout_ws/src) by extension 'colcon_pkg'
[0.467s] Level 1:colcon.colcon_core.package_identification:_identify(/home/takuto/scout_ws/src) by extensions ['colcon_meta']
[0.467s] Level 1:colcon.colcon_core.package_identification:_identify(/home/takuto/scout_ws/src) by extension 'colcon_meta'
[0.467s] Level 1:colcon.colcon_core.package_identification:_identify(/home/takuto/scout_ws/src) by extensions ['ament_gradle']
[0.467s] Level 1:colcon.colcon_core.package_identification:_identify(/home/takuto/scout_ws/src) by extension 'ament_gradle'
[0.467s] Level 1:colcon.colcon_core.package_identification:_identify(/home/takuto/scout_ws/src) by extensions ['ros']
[0.467s] Level 1:colcon.colcon_core.package_identification:_identify(/home/takuto/scout_ws/src) by extension 'ros'
[0.467s] Level 1:colcon.colcon_core.package_identification:_identify(/home/takuto/scout_ws/src) by extensions ['cmake', 'gradle', 'python']
[0.467s] Level 1:colcon.colcon_core.package_identification:_identify(/home/takuto/scout_ws/src) by extension 'cmake'
[0.467s] Level 1:colcon.colcon_core.package_identification:_identify(/home/takuto/scout_ws/src) by extension 'gradle'
[0.467s] Level 1:colcon.colcon_core.package_identification:_identify(/home/takuto/scout_ws/src) by extension 'python'
[0.467s] Level 1:colcon.colcon_core.package_identification:_identify(/home/takuto/scout_ws/src) by extensions ['python_setup_py']
[0.468s] Level 1:colcon.colcon_core.package_identification:_identify(/home/takuto/scout_ws/src) by extension 'python_setup_py'
[0.468s] Level 1:colcon.colcon_core.package_identification:_identify(/home/takuto/scout_ws/src/HesaiLidar_ROS_2.0) by extensions ['ignore', 'ignore_ament_install']
[0.468s] Level 1:colcon.colcon_core.package_identification:_identify(/home/takuto/scout_ws/src/HesaiLidar_ROS_2.0) by extension 'ignore'
[0.468s] Level 1:colcon.colcon_core.package_identification:_identify(/home/takuto/scout_ws/src/HesaiLidar_ROS_2.0) by extension 'ignore_ament_install'
[0.468s] Level 1:colcon.colcon_core.package_identification:_identify(/home/takuto/scout_ws/src/HesaiLidar_ROS_2.0) by extensions ['colcon_pkg']
[0.468s] Level 1:colcon.colcon_core.package_identification:_identify(/home/takuto/scout_ws/src/HesaiLidar_ROS_2.0) by extension 'colcon_pkg'
[0.468s] Level 1:colcon.colcon_core.package_identification:_identify(/home/takuto/scout_ws/src/HesaiLidar_ROS_2.0) by extensions ['colcon_meta']
[0.468s] Level 1:colcon.colcon_core.package_identification:_identify(/home/takuto/scout_ws/src/HesaiLidar_ROS_2.0) by extension 'colcon_meta'
[0.468s] Level 1:colcon.colcon_core.package_identification:_identify(/home/takuto/scout_ws/src/HesaiLidar_ROS_2.0) by extensions ['ament_gradle']
[0.468s] Level 1:colcon.colcon_core.package_identification:_identify(/home/takuto/scout_ws/src/HesaiLidar_ROS_2.0) by extension 'ament_gradle'
[0.468s] Level 1:colcon.colcon_core.package_identification:_identify(/home/takuto/scout_ws/src/HesaiLidar_ROS_2.0) by extensions ['ros']
[0.469s] Level 1:colcon.colcon_core.package_identification:_identify(/home/takuto/scout_ws/src/HesaiLidar_ROS_2.0) by extension 'ros'
[0.506s] DEBUG:colcon.colcon_core.package_identification:Package '/home/takuto/scout_ws/src/HesaiLidar_ROS_2.0' with type 'ros.ament_cmake' and name 'hesai_ros_driver'
[0.506s] Level 1:colcon.colcon_core.package_identification:_identify(/home/takuto/scout_ws/src/build) by extensions ['ignore', 'ignore_ament_install']
[0.506s] Level 1:colcon.colcon_core.package_identification:_identify(/home/takuto/scout_ws/src/build) by extension 'ignore'
[0.506s] Level 1:colcon.colcon_core.package_identification:_identify(/home/takuto/scout_ws/src/build) ignored
[0.506s] Level 1:colcon.colcon_core.package_identification:_identify(/home/takuto/scout_ws/src/cmd_vel_joy) by extensions ['ignore', 'ignore_ament_install']
[0.507s] Level 1:colcon.colcon_core.package_identification:_identify(/home/takuto/scout_ws/src/cmd_vel_joy) by extension 'ignore'
[0.507s] Level 1:colcon.colcon_core.package_identification:_identify(/home/takuto/scout_ws/src/cmd_vel_joy) by extension 'ignore_ament_install'
[0.507s] Level 1:colcon.colcon_core.package_identification:_identify(/home/takuto/scout_ws/src/cmd_vel_joy) by extensions ['colcon_pkg']
[0.507s] Level 1:colcon.colcon_core.package_identification:_identify(/home/takuto/scout_ws/src/cmd_vel_joy) by extension 'colcon_pkg'
[0.507s] Level 1:colcon.colcon_core.package_identification:_identify(/home/takuto/scout_ws/src/cmd_vel_joy) by extensions ['colcon_meta']
[0.507s] Level 1:colcon.colcon_core.package_identification:_identify(/home/takuto/scout_ws/src/cmd_vel_joy) by extension 'colcon_meta'
[0.507s] Level 1:colcon.colcon_core.package_identification:_identify(/home/takuto/scout_ws/src/cmd_vel_joy) by extensions ['ament_gradle']
[0.507s] Level 1:colcon.colcon_core.package_identification:_identify(/home/takuto/scout_ws/src/cmd_vel_joy) by extension 'ament_gradle'
[0.507s] Level 1:colcon.colcon_core.package_identification:_identify(/home/takuto/scout_ws/src/cmd_vel_joy) by extensions ['ros']
[0.507s] Level 1:colcon.colcon_core.package_identification:_identify(/home/takuto/scout_ws/src/cmd_vel_joy) by extension 'ros'
[0.509s] DEBUG:colcon.colcon_core.package_identification:Package '/home/takuto/scout_ws/src/cmd_vel_joy' with type 'ros.ament_python' and name 'cmd_vel_joy'
[0.509s] Level 1:colcon.colcon_core.package_identification:_identify(/home/takuto/scout_ws/src/cost_cul) by extensions ['ignore', 'ignore_ament_install']
[0.509s] Level 1:colcon.colcon_core.package_identification:_identify(/home/takuto/scout_ws/src/cost_cul) by extension 'ignore'
[0.509s] Level 1:colcon.colcon_core.package_identification:_identify(/home/takuto/scout_ws/src/cost_cul) by extension 'ignore_ament_install'
[0.509s] Level 1:colcon.colcon_core.package_identification:_identify(/home/takuto/scout_ws/src/cost_cul) by extensions ['colcon_pkg']
[0.509s] Level 1:colcon.colcon_core.package_identification:_identify(/home/takuto/scout_ws/src/cost_cul) by extension 'colcon_pkg'
[0.509s] Level 1:colcon.colcon_core.package_identification:_identify(/home/takuto/scout_ws/src/cost_cul) by extensions ['colcon_meta']
[0.509s] Level 1:colcon.colcon_core.package_identification:_identify(/home/takuto/scout_ws/src/cost_cul) by extension 'colcon_meta'
[0.509s] Level 1:colcon.colcon_core.package_identification:_identify(/home/takuto/scout_ws/src/cost_cul) by extensions ['ament_gradle']
[0.509s] Level 1:colcon.colcon_core.package_identification:_identify(/home/takuto/scout_ws/src/cost_cul) by extension 'ament_gradle'
[0.509s] Level 1:colcon.colcon_core.package_identification:_identify(/home/takuto/scout_ws/src/cost_cul) by extensions ['ros']
[0.510s] Level 1:colcon.colcon_core.package_identification:_identify(/home/takuto/scout_ws/src/cost_cul) by extension 'ros'
[0.510s] DEBUG:colcon.colcon_core.package_identification:Package '/home/takuto/scout_ws/src/cost_cul' with type 'ros.ament_python' and name 'cost_cul'
[0.511s] Level 1:colcon.colcon_core.package_identification:_identify(/home/takuto/scout_ws/src/hesai_description) by extensions ['ignore', 'ignore_ament_install']
[0.511s] Level 1:colcon.colcon_core.package_identification:_identify(/home/takuto/scout_ws/src/hesai_description) by extension 'ignore'
[0.511s] Level 1:colcon.colcon_core.package_identification:_identify(/home/takuto/scout_ws/src/hesai_description) by extension 'ignore_ament_install'
[0.511s] Level 1:colcon.colcon_core.package_identification:_identify(/home/takuto/scout_ws/src/hesai_description) by extensions ['colcon_pkg']
[0.511s] Level 1:colcon.colcon_core.package_identification:_identify(/home/takuto/scout_ws/src/hesai_description) by extension 'colcon_pkg'
[0.511s] Level 1:colcon.colcon_core.package_identification:_identify(/home/takuto/scout_ws/src/hesai_description) by extensions ['colcon_meta']
[0.511s] Level 1:colcon.colcon_core.package_identification:_identify(/home/takuto/scout_ws/src/hesai_description) by extension 'colcon_meta'
[0.511s] Level 1:colcon.colcon_core.package_identification:_identify(/home/takuto/scout_ws/src/hesai_description) by extensions ['ament_gradle']
[0.511s] Level 1:colcon.colcon_core.package_identification:_identify(/home/takuto/scout_ws/src/hesai_description) by extension 'ament_gradle'
[0.511s] Level 1:colcon.colcon_core.package_identification:_identify(/home/takuto/scout_ws/src/hesai_description) by extensions ['ros']
[0.511s] Level 1:colcon.colcon_core.package_identification:_identify(/home/takuto/scout_ws/src/hesai_description) by extension 'ros'
[0.512s] DEBUG:colcon.colcon_core.package_identification:Package '/home/takuto/scout_ws/src/hesai_description' with type 'ros.ament_cmake' and name 'hesai_description'
[0.513s] Level 1:colcon.colcon_core.package_identification:_identify(/home/takuto/scout_ws/src/install) by extensions ['ignore', 'ignore_ament_install']
[0.513s] Level 1:colcon.colcon_core.package_identification:_identify(/home/takuto/scout_ws/src/install) by extension 'ignore'
[0.513s] Level 1:colcon.colcon_core.package_identification:_identify(/home/takuto/scout_ws/src/install) ignored
[0.513s] Level 1:colcon.colcon_core.package_identification:_identify(/home/takuto/scout_ws/src/log) by extensions ['ignore', 'ignore_ament_install']
[0.513s] Level 1:colcon.colcon_core.package_identification:_identify(/home/takuto/scout_ws/src/log) by extension 'ignore'
[0.513s] Level 1:colcon.colcon_core.package_identification:_identify(/home/takuto/scout_ws/src/log) ignored
[0.513s] Level 1:colcon.colcon_core.package_identification:_identify(/home/takuto/scout_ws/src/scout_gazebo) by extensions ['ignore', 'ignore_ament_install']
[0.514s] Level 1:colcon.colcon_core.package_identification:_identify(/home/takuto/scout_ws/src/scout_gazebo) by extension 'ignore'
[0.514s] Level 1:colcon.colcon_core.package_identification:_identify(/home/takuto/scout_ws/src/scout_gazebo) by extension 'ignore_ament_install'
[0.514s] Level 1:colcon.colcon_core.package_identification:_identify(/home/takuto/scout_ws/src/scout_gazebo) by extensions ['colcon_pkg']
[0.514s] Level 1:colcon.colcon_core.package_identification:_identify(/home/takuto/scout_ws/src/scout_gazebo) by extension 'colcon_pkg'
[0.514s] Level 1:colcon.colcon_core.package_identification:_identify(/home/takuto/scout_ws/src/scout_gazebo) by extensions ['colcon_meta']
[0.514s] Level 1:colcon.colcon_core.package_identification:_identify(/home/takuto/scout_ws/src/scout_gazebo) by extension 'colcon_meta'
[0.514s] Level 1:colcon.colcon_core.package_identification:_identify(/home/takuto/scout_ws/src/scout_gazebo) by extensions ['ament_gradle']
[0.514s] Level 1:colcon.colcon_core.package_identification:_identify(/home/takuto/scout_ws/src/scout_gazebo) by extension 'ament_gradle'
[0.514s] Level 1:colcon.colcon_core.package_identification:_identify(/home/takuto/scout_ws/src/scout_gazebo) by extensions ['ros']
[0.514s] Level 1:colcon.colcon_core.package_identification:_identify(/home/takuto/scout_ws/src/scout_gazebo) by extension 'ros'
[0.515s] DEBUG:colcon.colcon_core.package_identification:Package '/home/takuto/scout_ws/src/scout_gazebo' with type 'ros.ament_cmake' and name 'scout_gazebo'
[0.516s] Level 1:colcon.colcon_core.package_identification:_identify(/home/takuto/scout_ws/src/scout_mini_control) by extensions ['ignore', 'ignore_ament_install']
[0.516s] Level 1:colcon.colcon_core.package_identification:_identify(/home/takuto/scout_ws/src/scout_mini_control) by extension 'ignore'
[0.516s] Level 1:colcon.colcon_core.package_identification:_identify(/home/takuto/scout_ws/src/scout_mini_control) by extension 'ignore_ament_install'
[0.516s] Level 1:colcon.colcon_core.package_identification:_identify(/home/takuto/scout_ws/src/scout_mini_control) by extensions ['colcon_pkg']
[0.516s] Level 1:colcon.colcon_core.package_identification:_identify(/home/takuto/scout_ws/src/scout_mini_control) by extension 'colcon_pkg'
[0.516s] Level 1:colcon.colcon_core.package_identification:_identify(/home/takuto/scout_ws/src/scout_mini_control) by extensions ['colcon_meta']
[0.516s] Level 1:colcon.colcon_core.package_identification:_identify(/home/takuto/scout_ws/src/scout_mini_control) by extension 'colcon_meta'
[0.516s] Level 1:colcon.colcon_core.package_identification:_identify(/home/takuto/scout_ws/src/scout_mini_control) by extensions ['ament_gradle']
[0.516s] Level 1:colcon.colcon_core.package_identification:_identify(/home/takuto/scout_ws/src/scout_mini_control) by extension 'ament_gradle'
[0.516s] Level 1:colcon.colcon_core.package_identification:_identify(/home/takuto/scout_ws/src/scout_mini_control) by extensions ['ros']
[0.516s] Level 1:colcon.colcon_core.package_identification:_identify(/home/takuto/scout_ws/src/scout_mini_control) by extension 'ros'
[0.517s] DEBUG:colcon.colcon_core.package_identification:Package '/home/takuto/scout_ws/src/scout_mini_control' with type 'ros.ament_cmake' and name 'scout_mini_control'
[0.518s] Level 1:colcon.colcon_core.package_identification:_identify(/home/takuto/scout_ws/src/scout_mini_description) by extensions ['ignore', 'ignore_ament_install']
[0.518s] Level 1:colcon.colcon_core.package_identification:_identify(/home/takuto/scout_ws/src/scout_mini_description) by extension 'ignore'
[0.518s] Level 1:colcon.colcon_core.package_identification:_identify(/home/takuto/scout_ws/src/scout_mini_description) by extension 'ignore_ament_install'
[0.518s] Level 1:colcon.colcon_core.package_identification:_identify(/home/takuto/scout_ws/src/scout_mini_description) by extensions ['colcon_pkg']
[0.518s] Level 1:colcon.colcon_core.package_identification:_identify(/home/takuto/scout_ws/src/scout_mini_description) by extension 'colcon_pkg'
[0.518s] Level 1:colcon.colcon_core.package_identification:_identify(/home/takuto/scout_ws/src/scout_mini_description) by extensions ['colcon_meta']
[0.518s] Level 1:colcon.colcon_core.package_identification:_identify(/home/takuto/scout_ws/src/scout_mini_description) by extension 'colcon_meta'
[0.518s] Level 1:colcon.colcon_core.package_identification:_identify(/home/takuto/scout_ws/src/scout_mini_description) by extensions ['ament_gradle']
[0.518s] Level 1:colcon.colcon_core.package_identification:_identify(/home/takuto/scout_ws/src/scout_mini_description) by extension 'ament_gradle'
[0.518s] Level 1:colcon.colcon_core.package_identification:_identify(/home/takuto/scout_ws/src/scout_mini_description) by extensions ['ros']
[0.518s] Level 1:colcon.colcon_core.package_identification:_identify(/home/takuto/scout_ws/src/scout_mini_description) by extension 'ros'
[0.520s] DEBUG:colcon.colcon_core.package_identification:Package '/home/takuto/scout_ws/src/scout_mini_description' with type 'ros.ament_cmake' and name 'scout_mini_description'
[0.520s] Level 1:colcon.colcon_core.package_identification:_identify(/home/takuto/scout_ws/src/scout_mini_gazebo_sim) by extensions ['ignore', 'ignore_ament_install']
[0.520s] Level 1:colcon.colcon_core.package_identification:_identify(/home/takuto/scout_ws/src/scout_mini_gazebo_sim) by extension 'ignore'
[0.520s] Level 1:colcon.colcon_core.package_identification:_identify(/home/takuto/scout_ws/src/scout_mini_gazebo_sim) by extension 'ignore_ament_install'
[0.520s] Level 1:colcon.colcon_core.package_identification:_identify(/home/takuto/scout_ws/src/scout_mini_gazebo_sim) by extensions ['colcon_pkg']
[0.520s] Level 1:colcon.colcon_core.package_identification:_identify(/home/takuto/scout_ws/src/scout_mini_gazebo_sim) by extension 'colcon_pkg'
[0.520s] Level 1:colcon.colcon_core.package_identification:_identify(/home/takuto/scout_ws/src/scout_mini_gazebo_sim) by extensions ['colcon_meta']
[0.521s] Level 1:colcon.colcon_core.package_identification:_identify(/home/takuto/scout_ws/src/scout_mini_gazebo_sim) by extension 'colcon_meta'
[0.521s] Level 1:colcon.colcon_core.package_identification:_identify(/home/takuto/scout_ws/src/scout_mini_gazebo_sim) by extensions ['ament_gradle']
[0.521s] Level 1:colcon.colcon_core.package_identification:_identify(/home/takuto/scout_ws/src/scout_mini_gazebo_sim) by extension 'ament_gradle'
[0.521s] Level 1:colcon.colcon_core.package_identification:_identify(/home/takuto/scout_ws/src/scout_mini_gazebo_sim) by extensions ['ros']
[0.521s] Level 1:colcon.colcon_core.package_identification:_identify(/home/takuto/scout_ws/src/scout_mini_gazebo_sim) by extension 'ros'
[0.522s] DEBUG:colcon.colcon_core.package_identification:Package '/home/takuto/scout_ws/src/scout_mini_gazebo_sim' with type 'ros.ament_cmake' and name 'scout_mini_gazebo_sim'
[0.522s] Level 1:colcon.colcon_core.package_discovery:discover_packages(recursive) using defaults
