[1.060s] Invoking command in '/home/takuto/scout_ws/build/hesai_ros_driver': CMAKE_PREFIX_PATH=${CMAKE_PREFIX_PATH}:/home/takuto/scout_ws/install/cost_cul:/home/takuto/scout_ws/install/cmd_vel_joy:/opt/ros/humble /usr/bin/cmake --build /home/takuto/scout_ws/build/hesai_ros_driver -- -j16 -l16
[1.177s] [  1%] Built target hesai_ros_driver__cpp
[1.178s] [  5%] Built target log_lib
[1.179s] [ 10%] Built target hesai_ros_driver__rosidl_generator_c
[1.211s] [ 10%] Built target ament_cmake_python_symlink_hesai_ros_driver
[1.260s] [ 13%] Built target platutils_lib
[1.260s] [ 21%] Built target hesai_ros_driver__rosidl_typesupport_c
[1.261s] [ 29%] Built target hesai_ros_driver__rosidl_typesupport_fastrtps_cpp
[1.265s] [ 36%] Built target hesai_ros_driver__rosidl_typesupport_fastrtps_c
[1.270s] [ 44%] Built target hesai_ros_driver__rosidl_typesupport_introspection_c
[1.273s] [ 51%] Built target hesai_ros_driver__rosidl_typesupport_cpp
[1.285s] [ 59%] Built target hesai_ros_driver__rosidl_typesupport_introspection_cpp
[1.351s] [ 61%] Built target udpParser_lib
[1.352s] [ 67%] Built target source_lib
[1.370s] [ 67%] Built target hesai_ros_driver
[1.370s] [ 76%] Built target ptcClient_lib
[1.431s] [ 78%] Built target serialClient_lib
[1.435s] [ 79%] Built target hesai_ros_driver__py
[1.496s] [ 86%] Built target hesai_ros_driver__rosidl_generator_py
[1.497s] [ 88%] Built target lidar_lib
[1.575s] [ 90%] Built target hesai_ros_driver__rosidl_typesupport_c__pyext
[1.577s] [ 92%] Built target hesai_sdk_lib
[1.580s] [ 94%] Built target hesai_ros_driver__rosidl_typesupport_fastrtps_c__pyext
[1.584s] [ 96%] Built target hesai_ros_driver__rosidl_typesupport_introspection_c__pyext
[1.675s] [100%] Built target hesai_ros_driver_node
[2.071s] running egg_info
[2.075s] writing hesai_ros_driver.egg-info/PKG-INFO
[2.076s] writing dependency_links to hesai_ros_driver.egg-info/dependency_links.txt
[2.076s] writing top-level names to hesai_ros_driver.egg-info/top_level.txt
[2.083s] reading manifest file 'hesai_ros_driver.egg-info/SOURCES.txt'
[2.085s] writing manifest file 'hesai_ros_driver.egg-info/SOURCES.txt'
[2.181s] [100%] Built target ament_cmake_python_build_hesai_ros_driver_egg
[2.217s] Invoked command in '/home/takuto/scout_ws/build/hesai_ros_driver' returned '0': CMAKE_PREFIX_PATH=${CMAKE_PREFIX_PATH}:/home/takuto/scout_ws/install/cost_cul:/home/takuto/scout_ws/install/cmd_vel_joy:/opt/ros/humble /usr/bin/cmake --build /home/takuto/scout_ws/build/hesai_ros_driver -- -j16 -l16
[2.221s] Invoking command in '/home/takuto/scout_ws/build/hesai_ros_driver': CMAKE_PREFIX_PATH=${CMAKE_PREFIX_PATH}:/home/takuto/scout_ws/install/cost_cul:/home/takuto/scout_ws/install/cmd_vel_joy:/opt/ros/humble /usr/bin/cmake --install /home/takuto/scout_ws/build/hesai_ros_driver
[2.242s] -- Install configuration: "Release"
[2.243s] -- Execute custom install script
[2.244s] -- Up-to-date symlink: /home/takuto/scout_ws/install/hesai_ros_driver/share/ament_index/resource_index/rosidl_interfaces/hesai_ros_driver
[2.245s] -- Up-to-date symlink: /home/takuto/scout_ws/install/hesai_ros_driver/include/hesai_ros_driver/hesai_ros_driver/msg/detail/firetime__functions.h
[2.245s] -- Up-to-date symlink: /home/takuto/scout_ws/install/hesai_ros_driver/include/hesai_ros_driver/hesai_ros_driver/msg/detail/firetime__struct.h
[2.246s] -- Up-to-date symlink: /home/takuto/scout_ws/install/hesai_ros_driver/include/hesai_ros_driver/hesai_ros_driver/msg/detail/firetime__type_support.h
[2.246s] -- Up-to-date symlink: /home/takuto/scout_ws/install/hesai_ros_driver/include/hesai_ros_driver/hesai_ros_driver/msg/detail/loss_packet__functions.h
[2.246s] -- Up-to-date symlink: /home/takuto/scout_ws/install/hesai_ros_driver/include/hesai_ros_driver/hesai_ros_driver/msg/detail/loss_packet__struct.h
[2.247s] -- Up-to-date symlink: /home/takuto/scout_ws/install/hesai_ros_driver/include/hesai_ros_driver/hesai_ros_driver/msg/detail/loss_packet__type_support.h
[2.247s] -- Up-to-date symlink: /home/takuto/scout_ws/install/hesai_ros_driver/include/hesai_ros_driver/hesai_ros_driver/msg/detail/ptp__functions.h
[2.248s] -- Up-to-date symlink: /home/takuto/scout_ws/install/hesai_ros_driver/include/hesai_ros_driver/hesai_ros_driver/msg/detail/ptp__struct.h
[2.248s] -- Up-to-date symlink: /home/takuto/scout_ws/install/hesai_ros_driver/include/hesai_ros_driver/hesai_ros_driver/msg/detail/ptp__type_support.h
[2.248s] -- Up-to-date symlink: /home/takuto/scout_ws/install/hesai_ros_driver/include/hesai_ros_driver/hesai_ros_driver/msg/detail/udp_frame__functions.h
[2.248s] -- Up-to-date symlink: /home/takuto/scout_ws/install/hesai_ros_driver/include/hesai_ros_driver/hesai_ros_driver/msg/detail/udp_frame__struct.h
[2.249s] -- Up-to-date symlink: /home/takuto/scout_ws/install/hesai_ros_driver/include/hesai_ros_driver/hesai_ros_driver/msg/detail/udp_frame__type_support.h
[2.249s] -- Up-to-date symlink: /home/takuto/scout_ws/install/hesai_ros_driver/include/hesai_ros_driver/hesai_ros_driver/msg/detail/udp_packet__functions.h
[2.249s] -- Up-to-date symlink: /home/takuto/scout_ws/install/hesai_ros_driver/include/hesai_ros_driver/hesai_ros_driver/msg/detail/udp_packet__struct.h
[2.250s] -- Up-to-date symlink: /home/takuto/scout_ws/install/hesai_ros_driver/include/hesai_ros_driver/hesai_ros_driver/msg/detail/udp_packet__type_support.h
[2.250s] -- Up-to-date symlink: /home/takuto/scout_ws/install/hesai_ros_driver/include/hesai_ros_driver/hesai_ros_driver/msg/firetime.h
[2.250s] -- Up-to-date symlink: /home/takuto/scout_ws/install/hesai_ros_driver/include/hesai_ros_driver/hesai_ros_driver/msg/loss_packet.h
[2.251s] -- Up-to-date symlink: /home/takuto/scout_ws/install/hesai_ros_driver/include/hesai_ros_driver/hesai_ros_driver/msg/ptp.h
[2.251s] -- Up-to-date symlink: /home/takuto/scout_ws/install/hesai_ros_driver/include/hesai_ros_driver/hesai_ros_driver/msg/rosidl_generator_c__visibility_control.h
[2.251s] -- Up-to-date symlink: /home/takuto/scout_ws/install/hesai_ros_driver/include/hesai_ros_driver/hesai_ros_driver/msg/udp_frame.h
[2.252s] -- Up-to-date symlink: /home/takuto/scout_ws/install/hesai_ros_driver/include/hesai_ros_driver/hesai_ros_driver/msg/udp_packet.h
[2.252s] -- Up-to-date symlink: /home/takuto/scout_ws/install/hesai_ros_driver/share/hesai_ros_driver/environment/library_path.sh
[2.252s] -- Up-to-date symlink: /home/takuto/scout_ws/install/hesai_ros_driver/share/hesai_ros_driver/environment/library_path.dsv
[2.252s] -- Up-to-date symlink: /home/takuto/scout_ws/install/hesai_ros_driver/include/hesai_ros_driver/hesai_ros_driver/msg/detail/firetime__rosidl_typesupport_fastrtps_c.h
[2.253s] -- Up-to-date symlink: /home/takuto/scout_ws/install/hesai_ros_driver/include/hesai_ros_driver/hesai_ros_driver/msg/detail/loss_packet__rosidl_typesupport_fastrtps_c.h
[2.253s] -- Up-to-date symlink: /home/takuto/scout_ws/install/hesai_ros_driver/include/hesai_ros_driver/hesai_ros_driver/msg/detail/ptp__rosidl_typesupport_fastrtps_c.h
[2.253s] -- Up-to-date symlink: /home/takuto/scout_ws/install/hesai_ros_driver/include/hesai_ros_driver/hesai_ros_driver/msg/detail/udp_frame__rosidl_typesupport_fastrtps_c.h
[2.254s] -- Up-to-date symlink: /home/takuto/scout_ws/install/hesai_ros_driver/include/hesai_ros_driver/hesai_ros_driver/msg/detail/udp_packet__rosidl_typesupport_fastrtps_c.h
[2.254s] -- Up-to-date symlink: /home/takuto/scout_ws/install/hesai_ros_driver/include/hesai_ros_driver/hesai_ros_driver/msg/rosidl_typesupport_fastrtps_c__visibility_control.h
[2.255s] -- Up-to-date symlink: /home/takuto/scout_ws/install/hesai_ros_driver/include/hesai_ros_driver/hesai_ros_driver/msg/detail/firetime__builder.hpp
[2.255s] -- Up-to-date symlink: /home/takuto/scout_ws/install/hesai_ros_driver/include/hesai_ros_driver/hesai_ros_driver/msg/detail/firetime__struct.hpp
[2.256s] -- Up-to-date symlink: /home/takuto/scout_ws/install/hesai_ros_driver/include/hesai_ros_driver/hesai_ros_driver/msg/detail/firetime__traits.hpp
[2.256s] -- Up-to-date symlink: /home/takuto/scout_ws/install/hesai_ros_driver/include/hesai_ros_driver/hesai_ros_driver/msg/detail/firetime__type_support.hpp
[2.256s] -- Up-to-date symlink: /home/takuto/scout_ws/install/hesai_ros_driver/include/hesai_ros_driver/hesai_ros_driver/msg/detail/loss_packet__builder.hpp
[2.257s] -- Up-to-date symlink: /home/takuto/scout_ws/install/hesai_ros_driver/include/hesai_ros_driver/hesai_ros_driver/msg/detail/loss_packet__struct.hpp
[2.258s] -- Up-to-date symlink: /home/takuto/scout_ws/install/hesai_ros_driver/include/hesai_ros_driver/hesai_ros_driver/msg/detail/loss_packet__traits.hpp
[2.259s] -- Up-to-date symlink: /home/takuto/scout_ws/install/hesai_ros_driver/include/hesai_ros_driver/hesai_ros_driver/msg/detail/loss_packet__type_support.hpp
[2.259s] -- Up-to-date symlink: /home/takuto/scout_ws/install/hesai_ros_driver/include/hesai_ros_driver/hesai_ros_driver/msg/detail/ptp__builder.hpp
[2.259s] -- Up-to-date symlink: /home/takuto/scout_ws/install/hesai_ros_driver/include/hesai_ros_driver/hesai_ros_driver/msg/detail/ptp__struct.hpp
[2.260s] -- Up-to-date symlink: /home/takuto/scout_ws/install/hesai_ros_driver/include/hesai_ros_driver/hesai_ros_driver/msg/detail/ptp__traits.hpp
[2.260s] -- Up-to-date symlink: /home/takuto/scout_ws/install/hesai_ros_driver/include/hesai_ros_driver/hesai_ros_driver/msg/detail/ptp__type_support.hpp
[2.261s] -- Up-to-date symlink: /home/takuto/scout_ws/install/hesai_ros_driver/include/hesai_ros_driver/hesai_ros_driver/msg/detail/udp_frame__builder.hpp
[2.261s] -- Up-to-date symlink: /home/takuto/scout_ws/install/hesai_ros_driver/include/hesai_ros_driver/hesai_ros_driver/msg/detail/udp_frame__struct.hpp
[2.262s] -- Up-to-date symlink: /home/takuto/scout_ws/install/hesai_ros_driver/include/hesai_ros_driver/hesai_ros_driver/msg/detail/udp_frame__traits.hpp
[2.262s] -- Up-to-date symlink: /home/takuto/scout_ws/install/hesai_ros_driver/include/hesai_ros_driver/hesai_ros_driver/msg/detail/udp_frame__type_support.hpp
[2.262s] -- Up-to-date symlink: /home/takuto/scout_ws/install/hesai_ros_driver/include/hesai_ros_driver/hesai_ros_driver/msg/detail/udp_packet__builder.hpp
[2.263s] -- Up-to-date symlink: /home/takuto/scout_ws/install/hesai_ros_driver/include/hesai_ros_driver/hesai_ros_driver/msg/detail/udp_packet__struct.hpp
[2.263s] -- Up-to-date symlink: /home/takuto/scout_ws/install/hesai_ros_driver/include/hesai_ros_driver/hesai_ros_driver/msg/detail/udp_packet__traits.hpp
[2.263s] -- Up-to-date symlink: /home/takuto/scout_ws/install/hesai_ros_driver/include/hesai_ros_driver/hesai_ros_driver/msg/detail/udp_packet__type_support.hpp
[2.264s] -- Up-to-date symlink: /home/takuto/scout_ws/install/hesai_ros_driver/include/hesai_ros_driver/hesai_ros_driver/msg/firetime.hpp
[2.264s] -- Up-to-date symlink: /home/takuto/scout_ws/install/hesai_ros_driver/include/hesai_ros_driver/hesai_ros_driver/msg/loss_packet.hpp
[2.264s] -- Up-to-date symlink: /home/takuto/scout_ws/install/hesai_ros_driver/include/hesai_ros_driver/hesai_ros_driver/msg/ptp.hpp
[2.265s] -- Up-to-date symlink: /home/takuto/scout_ws/install/hesai_ros_driver/include/hesai_ros_driver/hesai_ros_driver/msg/rosidl_generator_cpp__visibility_control.hpp
[2.265s] -- Up-to-date symlink: /home/takuto/scout_ws/install/hesai_ros_driver/include/hesai_ros_driver/hesai_ros_driver/msg/udp_frame.hpp
[2.265s] -- Up-to-date symlink: /home/takuto/scout_ws/install/hesai_ros_driver/include/hesai_ros_driver/hesai_ros_driver/msg/udp_packet.hpp
[2.266s] -- Up-to-date symlink: /home/takuto/scout_ws/install/hesai_ros_driver/include/hesai_ros_driver/hesai_ros_driver/msg/detail/firetime__rosidl_typesupport_fastrtps_cpp.hpp
[2.266s] -- Up-to-date symlink: /home/takuto/scout_ws/install/hesai_ros_driver/include/hesai_ros_driver/hesai_ros_driver/msg/detail/loss_packet__rosidl_typesupport_fastrtps_cpp.hpp
[2.267s] -- Up-to-date symlink: /home/takuto/scout_ws/install/hesai_ros_driver/include/hesai_ros_driver/hesai_ros_driver/msg/detail/ptp__rosidl_typesupport_fastrtps_cpp.hpp
[2.267s] -- Up-to-date symlink: /home/takuto/scout_ws/install/hesai_ros_driver/include/hesai_ros_driver/hesai_ros_driver/msg/detail/udp_frame__rosidl_typesupport_fastrtps_cpp.hpp
[2.267s] -- Up-to-date symlink: /home/takuto/scout_ws/install/hesai_ros_driver/include/hesai_ros_driver/hesai_ros_driver/msg/detail/udp_packet__rosidl_typesupport_fastrtps_cpp.hpp
[2.268s] -- Up-to-date symlink: /home/takuto/scout_ws/install/hesai_ros_driver/include/hesai_ros_driver/hesai_ros_driver/msg/rosidl_typesupport_fastrtps_cpp__visibility_control.h
[2.268s] -- Up-to-date symlink: /home/takuto/scout_ws/install/hesai_ros_driver/include/hesai_ros_driver/hesai_ros_driver/msg/detail/firetime__rosidl_typesupport_introspection_c.h
[2.268s] -- Up-to-date symlink: /home/takuto/scout_ws/install/hesai_ros_driver/include/hesai_ros_driver/hesai_ros_driver/msg/detail/loss_packet__rosidl_typesupport_introspection_c.h
[2.269s] -- Up-to-date symlink: /home/takuto/scout_ws/install/hesai_ros_driver/include/hesai_ros_driver/hesai_ros_driver/msg/detail/ptp__rosidl_typesupport_introspection_c.h
[2.269s] -- Up-to-date symlink: /home/takuto/scout_ws/install/hesai_ros_driver/include/hesai_ros_driver/hesai_ros_driver/msg/detail/udp_frame__rosidl_typesupport_introspection_c.h
[2.269s] -- Up-to-date symlink: /home/takuto/scout_ws/install/hesai_ros_driver/include/hesai_ros_driver/hesai_ros_driver/msg/detail/udp_packet__rosidl_typesupport_introspection_c.h
[2.270s] -- Up-to-date symlink: /home/takuto/scout_ws/install/hesai_ros_driver/include/hesai_ros_driver/hesai_ros_driver/msg/rosidl_typesupport_introspection_c__visibility_control.h
[2.270s] -- Up-to-date symlink: /home/takuto/scout_ws/install/hesai_ros_driver/include/hesai_ros_driver/hesai_ros_driver/msg/detail/firetime__rosidl_typesupport_introspection_cpp.hpp
[2.270s] -- Up-to-date symlink: /home/takuto/scout_ws/install/hesai_ros_driver/include/hesai_ros_driver/hesai_ros_driver/msg/detail/loss_packet__rosidl_typesupport_introspection_cpp.hpp
[2.271s] -- Up-to-date symlink: /home/takuto/scout_ws/install/hesai_ros_driver/include/hesai_ros_driver/hesai_ros_driver/msg/detail/ptp__rosidl_typesupport_introspection_cpp.hpp
[2.271s] -- Up-to-date symlink: /home/takuto/scout_ws/install/hesai_ros_driver/include/hesai_ros_driver/hesai_ros_driver/msg/detail/udp_frame__rosidl_typesupport_introspection_cpp.hpp
[2.271s] -- Up-to-date symlink: /home/takuto/scout_ws/install/hesai_ros_driver/include/hesai_ros_driver/hesai_ros_driver/msg/detail/udp_packet__rosidl_typesupport_introspection_cpp.hpp
[2.272s] -- Up-to-date symlink: /home/takuto/scout_ws/install/hesai_ros_driver/share/hesai_ros_driver/environment/pythonpath.sh
[2.272s] -- Up-to-date symlink: /home/takuto/scout_ws/install/hesai_ros_driver/share/hesai_ros_driver/environment/pythonpath.dsv
[2.273s] -- Up-to-date symlink: /home/takuto/scout_ws/install/hesai_ros_driver/local/lib/python3.10/dist-packages/hesai_ros_driver-1.5.0-py3.10.egg-info/PKG-INFO
[2.273s] -- Up-to-date symlink: /home/takuto/scout_ws/install/hesai_ros_driver/local/lib/python3.10/dist-packages/hesai_ros_driver-1.5.0-py3.10.egg-info/SOURCES.txt
[2.274s] -- Up-to-date symlink: /home/takuto/scout_ws/install/hesai_ros_driver/local/lib/python3.10/dist-packages/hesai_ros_driver-1.5.0-py3.10.egg-info/dependency_links.txt
[2.274s] -- Up-to-date symlink: /home/takuto/scout_ws/install/hesai_ros_driver/local/lib/python3.10/dist-packages/hesai_ros_driver-1.5.0-py3.10.egg-info/top_level.txt
[2.275s] -- Up-to-date symlink: /home/takuto/scout_ws/install/hesai_ros_driver/local/lib/python3.10/dist-packages/hesai_ros_driver/__init__.py
[2.276s] -- Up-to-date symlink: /home/takuto/scout_ws/install/hesai_ros_driver/local/lib/python3.10/dist-packages/hesai_ros_driver/_hesai_ros_driver_s.ep.rosidl_typesupport_c.c
[2.276s] -- Up-to-date symlink: /home/takuto/scout_ws/install/hesai_ros_driver/local/lib/python3.10/dist-packages/hesai_ros_driver/_hesai_ros_driver_s.ep.rosidl_typesupport_fastrtps_c.c
[2.277s] -- Up-to-date symlink: /home/takuto/scout_ws/install/hesai_ros_driver/local/lib/python3.10/dist-packages/hesai_ros_driver/_hesai_ros_driver_s.ep.rosidl_typesupport_introspection_c.c
[2.277s] -- Up-to-date symlink: /home/takuto/scout_ws/install/hesai_ros_driver/local/lib/python3.10/dist-packages/hesai_ros_driver/hesai_ros_driver_s__rosidl_typesupport_c.cpython-310-x86_64-linux-gnu.so
[2.277s] -- Up-to-date symlink: /home/takuto/scout_ws/install/hesai_ros_driver/local/lib/python3.10/dist-packages/hesai_ros_driver/hesai_ros_driver_s__rosidl_typesupport_fastrtps_c.cpython-310-x86_64-linux-gnu.so
[2.278s] -- Up-to-date symlink: /home/takuto/scout_ws/install/hesai_ros_driver/local/lib/python3.10/dist-packages/hesai_ros_driver/hesai_ros_driver_s__rosidl_typesupport_introspection_c.cpython-310-x86_64-linux-gnu.so
[2.278s] -- Up-to-date symlink: /home/takuto/scout_ws/install/hesai_ros_driver/local/lib/python3.10/dist-packages/hesai_ros_driver/libhesai_ros_driver__rosidl_generator_py.so
[2.278s] -- Up-to-date symlink: /home/takuto/scout_ws/install/hesai_ros_driver/local/lib/python3.10/dist-packages/hesai_ros_driver/msg/__init__.py
[2.279s] -- Up-to-date symlink: /home/takuto/scout_ws/install/hesai_ros_driver/local/lib/python3.10/dist-packages/hesai_ros_driver/msg/_firetime.py
[2.279s] -- Up-to-date symlink: /home/takuto/scout_ws/install/hesai_ros_driver/local/lib/python3.10/dist-packages/hesai_ros_driver/msg/_firetime_s.c
[2.279s] -- Up-to-date symlink: /home/takuto/scout_ws/install/hesai_ros_driver/local/lib/python3.10/dist-packages/hesai_ros_driver/msg/_loss_packet.py
[2.280s] -- Up-to-date symlink: /home/takuto/scout_ws/install/hesai_ros_driver/local/lib/python3.10/dist-packages/hesai_ros_driver/msg/_loss_packet_s.c
[2.280s] -- Up-to-date symlink: /home/takuto/scout_ws/install/hesai_ros_driver/local/lib/python3.10/dist-packages/hesai_ros_driver/msg/_ptp.py
[2.280s] -- Up-to-date symlink: /home/takuto/scout_ws/install/hesai_ros_driver/local/lib/python3.10/dist-packages/hesai_ros_driver/msg/_ptp_s.c
[2.281s] -- Up-to-date symlink: /home/takuto/scout_ws/install/hesai_ros_driver/local/lib/python3.10/dist-packages/hesai_ros_driver/msg/_udp_frame.py
[2.281s] -- Up-to-date symlink: /home/takuto/scout_ws/install/hesai_ros_driver/local/lib/python3.10/dist-packages/hesai_ros_driver/msg/_udp_frame_s.c
[2.281s] -- Up-to-date symlink: /home/takuto/scout_ws/install/hesai_ros_driver/local/lib/python3.10/dist-packages/hesai_ros_driver/msg/_udp_packet.py
[2.281s] -- Up-to-date symlink: /home/takuto/scout_ws/install/hesai_ros_driver/local/lib/python3.10/dist-packages/hesai_ros_driver/msg/_udp_packet_s.c
[2.282s] -- Up-to-date symlink: /home/takuto/scout_ws/install/hesai_ros_driver/local/lib/python3.10/dist-packages/hesai_ros_driver/hesai_ros_driver_s__rosidl_typesupport_fastrtps_c.cpython-310-x86_64-linux-gnu.so
[2.283s] -- Up-to-date symlink: /home/takuto/scout_ws/install/hesai_ros_driver/local/lib/python3.10/dist-packages/hesai_ros_driver/hesai_ros_driver_s__rosidl_typesupport_introspection_c.cpython-310-x86_64-linux-gnu.so
[2.283s] -- Up-to-date symlink: /home/takuto/scout_ws/install/hesai_ros_driver/local/lib/python3.10/dist-packages/hesai_ros_driver/hesai_ros_driver_s__rosidl_typesupport_c.cpython-310-x86_64-linux-gnu.so
[2.284s] -- Up-to-date symlink: /home/takuto/scout_ws/install/hesai_ros_driver/share/hesai_ros_driver/msg/UdpPacket.idl
[2.284s] -- Up-to-date symlink: /home/takuto/scout_ws/install/hesai_ros_driver/share/hesai_ros_driver/msg/UdpFrame.idl
[2.285s] -- Up-to-date symlink: /home/takuto/scout_ws/install/hesai_ros_driver/share/hesai_ros_driver/msg/Firetime.idl
[2.285s] -- Up-to-date symlink: /home/takuto/scout_ws/install/hesai_ros_driver/share/hesai_ros_driver/msg/Ptp.idl
[2.285s] -- Up-to-date symlink: /home/takuto/scout_ws/install/hesai_ros_driver/share/hesai_ros_driver/msg/LossPacket.idl
[2.286s] -- Up-to-date symlink: /home/takuto/scout_ws/install/hesai_ros_driver/share/hesai_ros_driver/msg_ros2/UdpPacket.msg
[2.286s] -- Up-to-date symlink: /home/takuto/scout_ws/install/hesai_ros_driver/share/hesai_ros_driver/msg_ros2/UdpFrame.msg
[2.286s] -- Up-to-date symlink: /home/takuto/scout_ws/install/hesai_ros_driver/share/hesai_ros_driver/msg_ros2/Firetime.msg
[2.287s] -- Up-to-date symlink: /home/takuto/scout_ws/install/hesai_ros_driver/share/hesai_ros_driver/msg_ros2/Ptp.msg
[2.287s] -- Up-to-date symlink: /home/takuto/scout_ws/install/hesai_ros_driver/share/hesai_ros_driver/msg_ros2/LossPacket.msg
[2.288s] -- Up-to-date symlink: /home/takuto/scout_ws/install/hesai_ros_driver/lib/hesai_ros_driver/hesai_ros_driver_node
[2.288s] -- Up-to-date symlink: /home/takuto/scout_ws/install/hesai_ros_driver/lib/libhesai_sdk_lib.so
[2.289s] -- Up-to-date symlink: /home/takuto/scout_ws/install/hesai_ros_driver/lib/liblog_lib.so
[2.290s] -- Up-to-date symlink: /home/takuto/scout_ws/install/hesai_ros_driver/lib/liblidar_lib.so
[2.291s] -- Up-to-date symlink: /home/takuto/scout_ws/install/hesai_ros_driver/share/hesai_ros_driver/launch/dashing_start.py
[2.291s] -- Up-to-date symlink: /home/takuto/scout_ws/install/hesai_ros_driver/share/hesai_ros_driver/launch/start.launch
[2.291s] -- Up-to-date symlink: /home/takuto/scout_ws/install/hesai_ros_driver/share/hesai_ros_driver/launch/start.py
[2.292s] -- Up-to-date symlink: /home/takuto/scout_ws/install/hesai_ros_driver/share/hesai_ros_driver/rviz/rviz.rviz
[2.293s] -- Up-to-date symlink: /home/takuto/scout_ws/install/hesai_ros_driver/share/hesai_ros_driver/rviz/rviz2.rviz
[2.293s] -- Up-to-date symlink: /home/takuto/scout_ws/install/hesai_ros_driver/share/ament_index/resource_index/package_run_dependencies/hesai_ros_driver
[2.293s] -- Up-to-date symlink: /home/takuto/scout_ws/install/hesai_ros_driver/share/ament_index/resource_index/parent_prefix_path/hesai_ros_driver
[2.294s] -- Up-to-date symlink: /home/takuto/scout_ws/install/hesai_ros_driver/share/hesai_ros_driver/environment/ament_prefix_path.sh
[2.294s] -- Up-to-date symlink: /home/takuto/scout_ws/install/hesai_ros_driver/share/hesai_ros_driver/environment/ament_prefix_path.dsv
[2.295s] -- Up-to-date symlink: /home/takuto/scout_ws/install/hesai_ros_driver/share/hesai_ros_driver/environment/path.sh
[2.295s] -- Up-to-date symlink: /home/takuto/scout_ws/install/hesai_ros_driver/share/hesai_ros_driver/environment/path.dsv
[2.296s] -- Up-to-date symlink: /home/takuto/scout_ws/install/hesai_ros_driver/share/hesai_ros_driver/local_setup.bash
[2.296s] -- Up-to-date symlink: /home/takuto/scout_ws/install/hesai_ros_driver/share/hesai_ros_driver/local_setup.sh
[2.296s] -- Up-to-date symlink: /home/takuto/scout_ws/install/hesai_ros_driver/share/hesai_ros_driver/local_setup.zsh
[2.297s] -- Up-to-date symlink: /home/takuto/scout_ws/install/hesai_ros_driver/share/hesai_ros_driver/local_setup.dsv
[2.297s] -- Symlinking: /home/takuto/scout_ws/install/hesai_ros_driver/share/hesai_ros_driver/package.dsv
[2.322s] -- Up-to-date symlink: /home/takuto/scout_ws/install/hesai_ros_driver/share/ament_index/resource_index/packages/hesai_ros_driver
[2.322s] -- Up-to-date symlink: /home/takuto/scout_ws/install/hesai_ros_driver/share/hesai_ros_driver/cmake/rosidl_cmake-extras.cmake
[2.323s] -- Up-to-date symlink: /home/takuto/scout_ws/install/hesai_ros_driver/share/hesai_ros_driver/cmake/ament_cmake_export_dependencies-extras.cmake
[2.324s] -- Up-to-date symlink: /home/takuto/scout_ws/install/hesai_ros_driver/share/hesai_ros_driver/cmake/ament_cmake_export_include_directories-extras.cmake
[2.324s] -- Up-to-date symlink: /home/takuto/scout_ws/install/hesai_ros_driver/share/hesai_ros_driver/cmake/ament_cmake_export_libraries-extras.cmake
[2.325s] -- Up-to-date symlink: /home/takuto/scout_ws/install/hesai_ros_driver/share/hesai_ros_driver/cmake/ament_cmake_export_targets-extras.cmake
[2.325s] -- Up-to-date symlink: /home/takuto/scout_ws/install/hesai_ros_driver/share/hesai_ros_driver/cmake/rosidl_cmake_export_typesupport_targets-extras.cmake
[2.326s] -- Up-to-date symlink: /home/takuto/scout_ws/install/hesai_ros_driver/share/hesai_ros_driver/cmake/rosidl_cmake_export_typesupport_libraries-extras.cmake
[2.326s] -- Up-to-date symlink: /home/takuto/scout_ws/install/hesai_ros_driver/share/hesai_ros_driver/cmake/hesai_ros_driverConfig.cmake
[2.327s] -- Up-to-date symlink: /home/takuto/scout_ws/install/hesai_ros_driver/share/hesai_ros_driver/cmake/hesai_ros_driverConfig-version.cmake
[2.327s] -- Up-to-date symlink: /home/takuto/scout_ws/install/hesai_ros_driver/share/hesai_ros_driver/package.xml
[2.328s] -- Up-to-date: /home/takuto/scout_ws/install/hesai_ros_driver/lib/libhesai_ros_driver__rosidl_generator_c.so
[2.330s] -- Up-to-date: /home/takuto/scout_ws/install/hesai_ros_driver/lib/libhesai_ros_driver__rosidl_typesupport_fastrtps_c.so
[2.331s] -- Up-to-date: /home/takuto/scout_ws/install/hesai_ros_driver/lib/libhesai_ros_driver__rosidl_typesupport_fastrtps_cpp.so
[2.332s] -- Up-to-date: /home/takuto/scout_ws/install/hesai_ros_driver/lib/libhesai_ros_driver__rosidl_typesupport_introspection_c.so
[2.333s] -- Up-to-date: /home/takuto/scout_ws/install/hesai_ros_driver/lib/libhesai_ros_driver__rosidl_typesupport_c.so
[2.334s] -- Up-to-date: /home/takuto/scout_ws/install/hesai_ros_driver/lib/libhesai_ros_driver__rosidl_typesupport_introspection_cpp.so
[2.335s] -- Up-to-date: /home/takuto/scout_ws/install/hesai_ros_driver/lib/libhesai_ros_driver__rosidl_typesupport_cpp.so
[2.421s] Listing '/home/takuto/scout_ws/install/hesai_ros_driver/local/lib/python3.10/dist-packages/hesai_ros_driver'...
[2.421s] Listing '/home/takuto/scout_ws/install/hesai_ros_driver/local/lib/python3.10/dist-packages/hesai_ros_driver/msg'...
[2.435s] -- Up-to-date: /home/takuto/scout_ws/install/hesai_ros_driver/lib/libhesai_ros_driver__rosidl_generator_py.so
[2.435s] -- Up-to-date: /home/takuto/scout_ws/install/hesai_ros_driver/share/hesai_ros_driver/cmake/export_hesai_ros_driver__rosidl_generator_cExport.cmake
[2.436s] -- Up-to-date: /home/takuto/scout_ws/install/hesai_ros_driver/share/hesai_ros_driver/cmake/export_hesai_ros_driver__rosidl_generator_cExport-release.cmake
[2.436s] -- Up-to-date: /home/takuto/scout_ws/install/hesai_ros_driver/share/hesai_ros_driver/cmake/export_hesai_ros_driver__rosidl_typesupport_fastrtps_cExport.cmake
[2.436s] -- Up-to-date: /home/takuto/scout_ws/install/hesai_ros_driver/share/hesai_ros_driver/cmake/export_hesai_ros_driver__rosidl_typesupport_fastrtps_cExport-release.cmake
[2.437s] -- Up-to-date: /home/takuto/scout_ws/install/hesai_ros_driver/share/hesai_ros_driver/cmake/export_hesai_ros_driver__rosidl_generator_cppExport.cmake
[2.437s] -- Up-to-date: /home/takuto/scout_ws/install/hesai_ros_driver/share/hesai_ros_driver/cmake/export_hesai_ros_driver__rosidl_typesupport_fastrtps_cppExport.cmake
[2.438s] -- Up-to-date: /home/takuto/scout_ws/install/hesai_ros_driver/share/hesai_ros_driver/cmake/export_hesai_ros_driver__rosidl_typesupport_fastrtps_cppExport-release.cmake
[2.438s] -- Up-to-date: /home/takuto/scout_ws/install/hesai_ros_driver/share/hesai_ros_driver/cmake/hesai_ros_driver__rosidl_typesupport_introspection_cExport.cmake
[2.438s] -- Up-to-date: /home/takuto/scout_ws/install/hesai_ros_driver/share/hesai_ros_driver/cmake/hesai_ros_driver__rosidl_typesupport_introspection_cExport-release.cmake
[2.439s] -- Up-to-date: /home/takuto/scout_ws/install/hesai_ros_driver/share/hesai_ros_driver/cmake/hesai_ros_driver__rosidl_typesupport_cExport.cmake
[2.439s] -- Up-to-date: /home/takuto/scout_ws/install/hesai_ros_driver/share/hesai_ros_driver/cmake/hesai_ros_driver__rosidl_typesupport_cExport-release.cmake
[2.439s] -- Up-to-date: /home/takuto/scout_ws/install/hesai_ros_driver/share/hesai_ros_driver/cmake/hesai_ros_driver__rosidl_typesupport_introspection_cppExport.cmake
[2.439s] -- Up-to-date: /home/takuto/scout_ws/install/hesai_ros_driver/share/hesai_ros_driver/cmake/hesai_ros_driver__rosidl_typesupport_introspection_cppExport-release.cmake
[2.440s] -- Up-to-date: /home/takuto/scout_ws/install/hesai_ros_driver/share/hesai_ros_driver/cmake/hesai_ros_driver__rosidl_typesupport_cppExport.cmake
[2.440s] -- Up-to-date: /home/takuto/scout_ws/install/hesai_ros_driver/share/hesai_ros_driver/cmake/hesai_ros_driver__rosidl_typesupport_cppExport-release.cmake
[2.440s] -- Up-to-date: /home/takuto/scout_ws/install/hesai_ros_driver/share/hesai_ros_driver/cmake/export_hesai_ros_driver__rosidl_generator_pyExport.cmake
[2.440s] -- Up-to-date: /home/takuto/scout_ws/install/hesai_ros_driver/share/hesai_ros_driver/cmake/export_hesai_ros_driver__rosidl_generator_pyExport-release.cmake
[2.445s] Invoked command in '/home/takuto/scout_ws/build/hesai_ros_driver' returned '0': CMAKE_PREFIX_PATH=${CMAKE_PREFIX_PATH}:/home/takuto/scout_ws/install/cost_cul:/home/takuto/scout_ws/install/cmd_vel_joy:/opt/ros/humble /usr/bin/cmake --install /home/takuto/scout_ws/build/hesai_ros_driver
