[0.988s] Invoking command in '/home/takuto/scout_ws/build/hesai_description': CMAKE_PREFIX_PATH=${CMAKE_PREFIX_PATH}:/home/takuto/scout_ws/install/cost_cul:/home/takuto/scout_ws/install/cmd_vel_joy:/opt/ros/humble /usr/bin/cmake --build /home/takuto/scout_ws/build/hesai_description -- -j16 -l16
[1.072s] Invoked command in '/home/takuto/scout_ws/build/hesai_description' returned '0': CMAKE_PREFIX_PATH=${CMAKE_PREFIX_PATH}:/home/takuto/scout_ws/install/cost_cul:/home/takuto/scout_ws/install/cmd_vel_joy:/opt/ros/humble /usr/bin/cmake --build /home/takuto/scout_ws/build/hesai_description -- -j16 -l16
[1.097s] Invoking command in '/home/takuto/scout_ws/build/hesai_description': CMAKE_PREFIX_PATH=${CMAKE_PREFIX_PATH}:/home/takuto/scout_ws/install/cost_cul:/home/takuto/scout_ws/install/cmd_vel_joy:/opt/ros/humble /usr/bin/cmake --install /home/takuto/scout_ws/build/hesai_description
[1.116s] -- Install configuration: ""
[1.117s] -- Execute custom install script
[1.119s] -- Up-to-date symlink: /home/takuto/scout_ws/install/hesai_description/share/hesai_description//launch/description.launch.py
[1.119s] -- Up-to-date symlink: /home/takuto/scout_ws/install/hesai_description/share/hesai_description//launch/visualize.launch.py
[1.120s] -- Up-to-date symlink: /home/takuto/scout_ws/install/hesai_description/share/hesai_description//meshes/visual/qt64.dae
[1.120s] -- Up-to-date symlink: /home/takuto/scout_ws/install/hesai_description/share/hesai_description//meshes/visual/xt32.dae
[1.121s] -- Up-to-date symlink: /home/takuto/scout_ws/install/hesai_description/share/hesai_description//rviz/model.rviz
[1.122s] -- Up-to-date symlink: /home/takuto/scout_ws/install/hesai_description/share/hesai_description//urdf/gazebo.urdf.xacro
[1.123s] -- Up-to-date symlink: /home/takuto/scout_ws/install/hesai_description/share/hesai_description//urdf/hesai_qt64.urdf.xacro
[1.123s] -- Up-to-date symlink: /home/takuto/scout_ws/install/hesai_description/share/hesai_description//urdf/hesai_qt64_standalone.urdf.xacro
[1.124s] -- Up-to-date symlink: /home/takuto/scout_ws/install/hesai_description/share/hesai_description//urdf/hesai_xt32.urdf.xacro
[1.124s] -- Up-to-date symlink: /home/takuto/scout_ws/install/hesai_description/share/hesai_description//urdf/hesai_xt32_standalone.urdf.xacro
[1.125s] -- Up-to-date symlink: /home/takuto/scout_ws/install/hesai_description/share/ament_index/resource_index/package_run_dependencies/hesai_description
[1.125s] -- Up-to-date symlink: /home/takuto/scout_ws/install/hesai_description/share/ament_index/resource_index/parent_prefix_path/hesai_description
[1.126s] -- Up-to-date symlink: /home/takuto/scout_ws/install/hesai_description/share/hesai_description/environment/ament_prefix_path.sh
[1.127s] -- Up-to-date symlink: /home/takuto/scout_ws/install/hesai_description/share/hesai_description/environment/ament_prefix_path.dsv
[1.128s] -- Up-to-date symlink: /home/takuto/scout_ws/install/hesai_description/share/hesai_description/environment/path.sh
[1.128s] -- Up-to-date symlink: /home/takuto/scout_ws/install/hesai_description/share/hesai_description/environment/path.dsv
[1.129s] -- Up-to-date symlink: /home/takuto/scout_ws/install/hesai_description/share/hesai_description/local_setup.bash
[1.130s] -- Up-to-date symlink: /home/takuto/scout_ws/install/hesai_description/share/hesai_description/local_setup.sh
[1.130s] -- Up-to-date symlink: /home/takuto/scout_ws/install/hesai_description/share/hesai_description/local_setup.zsh
[1.133s] -- Up-to-date symlink: /home/takuto/scout_ws/install/hesai_description/share/hesai_description/local_setup.dsv
[1.133s] -- Symlinking: /home/takuto/scout_ws/install/hesai_description/share/hesai_description/package.dsv
[1.174s] -- Up-to-date symlink: /home/takuto/scout_ws/install/hesai_description/share/ament_index/resource_index/packages/hesai_description
[1.176s] -- Up-to-date symlink: /home/takuto/scout_ws/install/hesai_description/share/hesai_description/cmake/hesai_descriptionConfig.cmake
[1.176s] -- Up-to-date symlink: /home/takuto/scout_ws/install/hesai_description/share/hesai_description/cmake/hesai_descriptionConfig-version.cmake
[1.177s] -- Up-to-date symlink: /home/takuto/scout_ws/install/hesai_description/share/hesai_description/package.xml
[1.184s] Invoked command in '/home/takuto/scout_ws/build/hesai_description' returned '0': CMAKE_PREFIX_PATH=${CMAKE_PREFIX_PATH}:/home/takuto/scout_ws/install/cost_cul:/home/takuto/scout_ws/install/cmd_vel_joy:/opt/ros/humble /usr/bin/cmake --install /home/takuto/scout_ws/build/hesai_description
