-- Install configuration: ""
-- Up-to-date: /home/takuto/scout_ws/install/scout_mini_gazebo_sim/share/scout_mini_gazebo_sim/launch
-- Installing: /home/takuto/scout_ws/install/scout_mini_gazebo_sim/share/scout_mini_gazebo_sim/launch/sim.launch.py
-- Up-to-date: /home/takuto/scout_ws/install/scout_mini_gazebo_sim/share/scout_mini_gazebo_sim/worlds
-- Up-to-date: /home/takuto/scout_ws/install/scout_mini_gazebo_sim/share/scout_mini_gazebo_sim/worlds/testworld.world
-- Up-to-date: /home/takuto/scout_ws/install/scout_mini_gazebo_sim/share/scout_mini_gazebo_sim/models
-- Up-to-date: /home/takuto/scout_ws/install/scout_mini_gazebo_sim/share/scout_mini_gazebo_sim/models/testworld
-- Up-to-date: /home/takuto/scout_ws/install/scout_mini_gazebo_sim/share/scout_mini_gazebo_sim/models/testworld/model.sdf
-- Up-to-date: /home/takuto/scout_ws/install/scout_mini_gazebo_sim/share/scout_mini_gazebo_sim/models/testworld/model.config
-- Up-to-date: /home/takuto/scout_ws/install/scout_mini_gazebo_sim/share/scout_mini_gazebo_sim/models/testworld/meshes
-- Up-to-date: /home/takuto/scout_ws/install/scout_mini_gazebo_sim/share/scout_mini_gazebo_sim/models/testworld/meshes/world.stl
-- Up-to-date: /home/takuto/scout_ws/install/scout_mini_gazebo_sim/share/scout_mini_gazebo_sim/models/testworld/meshes/world.dae
-- Up-to-date: /home/takuto/scout_ws/install/scout_mini_gazebo_sim/share/ament_index/resource_index/package_run_dependencies/scout_mini_gazebo_sim
-- Up-to-date: /home/takuto/scout_ws/install/scout_mini_gazebo_sim/share/ament_index/resource_index/parent_prefix_path/scout_mini_gazebo_sim
-- Up-to-date: /home/takuto/scout_ws/install/scout_mini_gazebo_sim/share/scout_mini_gazebo_sim/environment/ament_prefix_path.sh
-- Up-to-date: /home/takuto/scout_ws/install/scout_mini_gazebo_sim/share/scout_mini_gazebo_sim/environment/ament_prefix_path.dsv
-- Up-to-date: /home/takuto/scout_ws/install/scout_mini_gazebo_sim/share/scout_mini_gazebo_sim/environment/path.sh
-- Up-to-date: /home/takuto/scout_ws/install/scout_mini_gazebo_sim/share/scout_mini_gazebo_sim/environment/path.dsv
-- Up-to-date: /home/takuto/scout_ws/install/scout_mini_gazebo_sim/share/scout_mini_gazebo_sim/local_setup.bash
-- Up-to-date: /home/takuto/scout_ws/install/scout_mini_gazebo_sim/share/scout_mini_gazebo_sim/local_setup.sh
-- Up-to-date: /home/takuto/scout_ws/install/scout_mini_gazebo_sim/share/scout_mini_gazebo_sim/local_setup.zsh
-- Up-to-date: /home/takuto/scout_ws/install/scout_mini_gazebo_sim/share/scout_mini_gazebo_sim/local_setup.dsv
-- Up-to-date: /home/takuto/scout_ws/install/scout_mini_gazebo_sim/share/scout_mini_gazebo_sim/package.dsv
-- Up-to-date: /home/takuto/scout_ws/install/scout_mini_gazebo_sim/share/ament_index/resource_index/packages/scout_mini_gazebo_sim
-- Up-to-date: /home/takuto/scout_ws/install/scout_mini_gazebo_sim/share/scout_mini_gazebo_sim/cmake/scout_mini_gazebo_simConfig.cmake
-- Up-to-date: /home/takuto/scout_ws/install/scout_mini_gazebo_sim/share/scout_mini_gazebo_sim/cmake/scout_mini_gazebo_simConfig-version.cmake
-- Up-to-date: /home/takuto/scout_ws/install/scout_mini_gazebo_sim/share/scout_mini_gazebo_sim/package.xml
