[1.640s] Invoking command in '/home/takuto/scout_ws/src/cmd_vel_joy': PYTHONPATH=/home/takuto/scout_ws/build/cmd_vel_joy/prefix_override:/usr/lib/python3/dist-packages/colcon_core/task/python/colcon_distutils_commands:/home/takuto/scout_ws/install/cmd_vel_joy/lib/python3.10/site-packages:${PYTHONPATH} /usr/bin/python3 -W ignore:setup.py install is deprecated -W ignore:easy_install command is deprecated setup.py egg_info --egg-base ../../build/cmd_vel_joy build --build-base /home/takuto/scout_ws/build/cmd_vel_joy/build install --record /home/takuto/scout_ws/build/cmd_vel_joy/install.log --single-version-externally-managed install_data
[2.110s] running egg_info
[2.111s] writing ../../build/cmd_vel_joy/cmd_vel_joy.egg-info/PKG-INFO
[2.112s] writing dependency_links to ../../build/cmd_vel_joy/cmd_vel_joy.egg-info/dependency_links.txt
[2.112s] writing entry points to ../../build/cmd_vel_joy/cmd_vel_joy.egg-info/entry_points.txt
[2.112s] writing requirements to ../../build/cmd_vel_joy/cmd_vel_joy.egg-info/requires.txt
[2.113s] writing top-level names to ../../build/cmd_vel_joy/cmd_vel_joy.egg-info/top_level.txt
[2.116s] reading manifest file '../../build/cmd_vel_joy/cmd_vel_joy.egg-info/SOURCES.txt'
[2.117s] writing manifest file '../../build/cmd_vel_joy/cmd_vel_joy.egg-info/SOURCES.txt'
[2.117s] running build
[2.118s] running build_py
[2.118s] running install
[2.118s] running install_lib
[2.121s] running install_data
[2.121s] running install_egg_info
[2.125s] removing '/home/takuto/scout_ws/install/cmd_vel_joy/lib/python3.10/site-packages/cmd_vel_joy-0.0.0-py3.10.egg-info' (and everything under it)
[2.125s] Copying ../../build/cmd_vel_joy/cmd_vel_joy.egg-info to /home/takuto/scout_ws/install/cmd_vel_joy/lib/python3.10/site-packages/cmd_vel_joy-0.0.0-py3.10.egg-info
[2.127s] running install_scripts
[2.165s] Installing joy_cmd script to /home/takuto/scout_ws/install/cmd_vel_joy/lib/cmd_vel_joy
[2.166s] writing list of installed files to '/home/takuto/scout_ws/build/cmd_vel_joy/install.log'
[2.220s] Invoked command in '/home/takuto/scout_ws/src/cmd_vel_joy' returned '0': PYTHONPATH=/home/takuto/scout_ws/build/cmd_vel_joy/prefix_override:/usr/lib/python3/dist-packages/colcon_core/task/python/colcon_distutils_commands:/home/takuto/scout_ws/install/cmd_vel_joy/lib/python3.10/site-packages:${PYTHONPATH} /usr/bin/python3 -W ignore:setup.py install is deprecated -W ignore:easy_install command is deprecated setup.py egg_info --egg-base ../../build/cmd_vel_joy build --build-base /home/takuto/scout_ws/build/cmd_vel_joy/build install --record /home/takuto/scout_ws/build/cmd_vel_joy/install.log --single-version-externally-managed install_data
