/home/takuto/scout_ws/install/roughness_cul/lib/python3.10/site-packages/roughness_cul/grid_manage.py
/home/takuto/scout_ws/install/roughness_cul/lib/python3.10/site-packages/roughness_cul/slope_cul.py
/home/takuto/scout_ws/install/roughness_cul/lib/python3.10/site-packages/roughness_cul/__init__.py
/home/takuto/scout_ws/install/roughness_cul/lib/python3.10/site-packages/roughness_cul/cost_cul.py
/home/takuto/scout_ws/install/roughness_cul/lib/python3.10/site-packages/roughness_cul/roughness_cost.py
/home/takuto/scout_ws/install/roughness_cul/lib/python3.10/site-packages/roughness_cul/test.py
/home/takuto/scout_ws/install/roughness_cul/lib/python3.10/site-packages/roughness_cul/__pycache__/grid_manage.cpython-310.pyc
/home/takuto/scout_ws/install/roughness_cul/lib/python3.10/site-packages/roughness_cul/__pycache__/slope_cul.cpython-310.pyc
/home/takuto/scout_ws/install/roughness_cul/lib/python3.10/site-packages/roughness_cul/__pycache__/__init__.cpython-310.pyc
/home/takuto/scout_ws/install/roughness_cul/lib/python3.10/site-packages/roughness_cul/__pycache__/cost_cul.cpython-310.pyc
/home/takuto/scout_ws/install/roughness_cul/lib/python3.10/site-packages/roughness_cul/__pycache__/roughness_cost.cpython-310.pyc
/home/takuto/scout_ws/install/roughness_cul/lib/python3.10/site-packages/roughness_cul/__pycache__/test.cpython-310.pyc
/home/takuto/scout_ws/install/roughness_cul/share/ament_index/resource_index/packages/roughness_cul
/home/takuto/scout_ws/install/roughness_cul/share/roughness_cul/package.xml
/home/takuto/scout_ws/install/roughness_cul/lib/python3.10/site-packages/roughness_cul-0.0.0-py3.10.egg-info/top_level.txt
/home/takuto/scout_ws/install/roughness_cul/lib/python3.10/site-packages/roughness_cul-0.0.0-py3.10.egg-info/requires.txt
/home/takuto/scout_ws/install/roughness_cul/lib/python3.10/site-packages/roughness_cul-0.0.0-py3.10.egg-info/entry_points.txt
/home/takuto/scout_ws/install/roughness_cul/lib/python3.10/site-packages/roughness_cul-0.0.0-py3.10.egg-info/zip-safe
/home/takuto/scout_ws/install/roughness_cul/lib/python3.10/site-packages/roughness_cul-0.0.0-py3.10.egg-info/PKG-INFO
/home/takuto/scout_ws/install/roughness_cul/lib/python3.10/site-packages/roughness_cul-0.0.0-py3.10.egg-info/dependency_links.txt
/home/takuto/scout_ws/install/roughness_cul/lib/python3.10/site-packages/roughness_cul-0.0.0-py3.10.egg-info/SOURCES.txt
/home/takuto/scout_ws/install/roughness_cul/lib/roughness_cul/roughness_cul
