[1.027s] Invoking command in '/home/takuto/scout_ws/src/roughness_cul': PYTHONPATH=/home/takuto/scout_ws/build/roughness_cul/prefix_override:/usr/lib/python3/dist-packages/colcon_core/task/python/colcon_distutils_commands:/home/takuto/scout_ws/install/roughness_cul/lib/python3.10/site-packages:${PYTHONPATH} /usr/bin/python3 -W ignore:setup.py install is deprecated -W ignore:easy_install command is deprecated setup.py egg_info --egg-base ../../build/roughness_cul build --build-base /home/takuto/scout_ws/build/roughness_cul/build install --record /home/takuto/scout_ws/build/roughness_cul/install.log --single-version-externally-managed install_data
[1.279s] running egg_info
[1.280s] writing ../../build/roughness_cul/roughness_cul.egg-info/PKG-INFO
[1.280s] writing dependency_links to ../../build/roughness_cul/roughness_cul.egg-info/dependency_links.txt
[1.280s] writing entry points to ../../build/roughness_cul/roughness_cul.egg-info/entry_points.txt
[1.280s] writing requirements to ../../build/roughness_cul/roughness_cul.egg-info/requires.txt
[1.281s] writing top-level names to ../../build/roughness_cul/roughness_cul.egg-info/top_level.txt
[1.282s] reading manifest file '../../build/roughness_cul/roughness_cul.egg-info/SOURCES.txt'
[1.284s] writing manifest file '../../build/roughness_cul/roughness_cul.egg-info/SOURCES.txt'
[1.284s] running build
[1.284s] running build_py
[1.284s] running install
[1.284s] running install_lib
[1.286s] running install_data
[1.286s] running install_egg_info
[1.288s] removing '/home/takuto/scout_ws/install/roughness_cul/lib/python3.10/site-packages/roughness_cul-0.0.0-py3.10.egg-info' (and everything under it)
[1.288s] Copying ../../build/roughness_cul/roughness_cul.egg-info to /home/takuto/scout_ws/install/roughness_cul/lib/python3.10/site-packages/roughness_cul-0.0.0-py3.10.egg-info
[1.290s] running install_scripts
[1.311s] Installing roughness_cul script to /home/takuto/scout_ws/install/roughness_cul/lib/roughness_cul
[1.311s] writing list of installed files to '/home/takuto/scout_ws/build/roughness_cul/install.log'
[1.338s] Invoked command in '/home/takuto/scout_ws/src/roughness_cul' returned '0': PYTHONPATH=/home/takuto/scout_ws/build/roughness_cul/prefix_override:/usr/lib/python3/dist-packages/colcon_core/task/python/colcon_distutils_commands:/home/takuto/scout_ws/install/roughness_cul/lib/python3.10/site-packages:${PYTHONPATH} /usr/bin/python3 -W ignore:setup.py install is deprecated -W ignore:easy_install command is deprecated setup.py egg_info --egg-base ../../build/roughness_cul build --build-base /home/takuto/scout_ws/build/roughness_cul/build install --record /home/takuto/scout_ws/build/roughness_cul/install.log --single-version-externally-managed install_data
