[1.389s] Invoking command in '/home/takuto/scout_ws/build/cost_cul': PYTHONPATH=/home/takuto/scout_ws/build/cost_cul/prefix_override:/usr/lib/python3/dist-packages/colcon_core/task/python/colcon_distutils_commands:/home/takuto/scout_ws/install/cost_cul/lib/python3.10/site-packages:${PYTHONPATH} /usr/bin/python3 -W ignore:setup.py install is deprecated -W ignore:easy_install command is deprecated setup.py develop --uninstall --editable --build-directory /home/takuto/scout_ws/build/cost_cul/build
[1.775s] running develop
[2.042s] Removing /home/takuto/scout_ws/install/cost_cul/lib/python3.10/site-packages/cost-cul.egg-link (link to .)
[2.100s] Invoked command in '/home/takuto/scout_ws/build/cost_cul' returned '0': PYTHONPATH=/home/takuto/scout_ws/build/cost_cul/prefix_override:/usr/lib/python3/dist-packages/colcon_core/task/python/colcon_distutils_commands:/home/takuto/scout_ws/install/cost_cul/lib/python3.10/site-packages:${PYTHONPATH} /usr/bin/python3 -W ignore:setup.py install is deprecated -W ignore:easy_install command is deprecated setup.py develop --uninstall --editable --build-directory /home/takuto/scout_ws/build/cost_cul/build
[2.102s] Invoking command in '/home/takuto/scout_ws/src/cost_cul': PYTHONPATH=/home/takuto/scout_ws/build/cost_cul/prefix_override:/usr/lib/python3/dist-packages/colcon_core/task/python/colcon_distutils_commands:/home/takuto/scout_ws/install/cost_cul/lib/python3.10/site-packages:${PYTHONPATH} /usr/bin/python3 -W ignore:setup.py install is deprecated -W ignore:easy_install command is deprecated setup.py egg_info --egg-base ../../build/cost_cul build --build-base /home/takuto/scout_ws/build/cost_cul/build install --record /home/takuto/scout_ws/build/cost_cul/install.log --single-version-externally-managed install_data --force
[2.438s] running egg_info
[2.439s] writing ../../build/cost_cul/cost_cul.egg-info/PKG-INFO
[2.439s] writing dependency_links to ../../build/cost_cul/cost_cul.egg-info/dependency_links.txt
[2.439s] writing entry points to ../../build/cost_cul/cost_cul.egg-info/entry_points.txt
[2.440s] writing requirements to ../../build/cost_cul/cost_cul.egg-info/requires.txt
[2.440s] writing top-level names to ../../build/cost_cul/cost_cul.egg-info/top_level.txt
[2.442s] reading manifest file '../../build/cost_cul/cost_cul.egg-info/SOURCES.txt'
[2.443s] writing manifest file '../../build/cost_cul/cost_cul.egg-info/SOURCES.txt'
[2.443s] running build
[2.443s] running build_py
[2.444s] running install
[2.444s] running install_lib
[2.445s] creating /home/takuto/scout_ws/install/cost_cul/lib/python3.10/site-packages/cost_cul
[2.445s] copying /home/takuto/scout_ws/build/cost_cul/build/lib/cost_cul/parameter.py -> /home/takuto/scout_ws/install/cost_cul/lib/python3.10/site-packages/cost_cul
[2.445s] copying /home/takuto/scout_ws/build/cost_cul/build/lib/cost_cul/grid_manage.py -> /home/takuto/scout_ws/install/cost_cul/lib/python3.10/site-packages/cost_cul
[2.445s] copying /home/takuto/scout_ws/build/cost_cul/build/lib/cost_cul/slope_cul.py -> /home/takuto/scout_ws/install/cost_cul/lib/python3.10/site-packages/cost_cul
[2.445s] copying /home/takuto/scout_ws/build/cost_cul/build/lib/cost_cul/cost_cul_main.py -> /home/takuto/scout_ws/install/cost_cul/lib/python3.10/site-packages/cost_cul
[2.445s] copying /home/takuto/scout_ws/build/cost_cul/build/lib/cost_cul/__init__.py -> /home/takuto/scout_ws/install/cost_cul/lib/python3.10/site-packages/cost_cul
[2.446s] copying /home/takuto/scout_ws/build/cost_cul/build/lib/cost_cul/roughness_cost.py -> /home/takuto/scout_ws/install/cost_cul/lib/python3.10/site-packages/cost_cul
[2.446s] copying /home/takuto/scout_ws/build/cost_cul/build/lib/cost_cul/test.py -> /home/takuto/scout_ws/install/cost_cul/lib/python3.10/site-packages/cost_cul
[2.447s] byte-compiling /home/takuto/scout_ws/install/cost_cul/lib/python3.10/site-packages/cost_cul/parameter.py to parameter.cpython-310.pyc
[2.447s] byte-compiling /home/takuto/scout_ws/install/cost_cul/lib/python3.10/site-packages/cost_cul/grid_manage.py to grid_manage.cpython-310.pyc
[2.448s] byte-compiling /home/takuto/scout_ws/install/cost_cul/lib/python3.10/site-packages/cost_cul/slope_cul.py to slope_cul.cpython-310.pyc
[2.449s] byte-compiling /home/takuto/scout_ws/install/cost_cul/lib/python3.10/site-packages/cost_cul/cost_cul_main.py to cost_cul_main.cpython-310.pyc
[2.451s] byte-compiling /home/takuto/scout_ws/install/cost_cul/lib/python3.10/site-packages/cost_cul/__init__.py to __init__.cpython-310.pyc
[2.452s] byte-compiling /home/takuto/scout_ws/install/cost_cul/lib/python3.10/site-packages/cost_cul/roughness_cost.py to roughness_cost.cpython-310.pyc
[2.452s] byte-compiling /home/takuto/scout_ws/install/cost_cul/lib/python3.10/site-packages/cost_cul/test.py to test.cpython-310.pyc
[2.453s] running install_data
[2.453s] copying resource/cost_cul -> /home/takuto/scout_ws/install/cost_cul/share/ament_index/resource_index/packages
[2.453s] copying package.xml -> /home/takuto/scout_ws/install/cost_cul/share/cost_cul
[2.453s] copying launch/launch.py -> /home/takuto/scout_ws/install/cost_cul/share/cost_cul/launch
[2.453s] running install_egg_info
[2.456s] Copying ../../build/cost_cul/cost_cul.egg-info to /home/takuto/scout_ws/install/cost_cul/lib/python3.10/site-packages/cost_cul-0.0.0-py3.10.egg-info
[2.457s] running install_scripts
[2.484s] Installing cost_cul_node script to /home/takuto/scout_ws/install/cost_cul/lib/cost_cul
[2.485s] writing list of installed files to '/home/takuto/scout_ws/build/cost_cul/install.log'
[2.524s] Invoked command in '/home/takuto/scout_ws/src/cost_cul' returned '0': PYTHONPATH=/home/takuto/scout_ws/build/cost_cul/prefix_override:/usr/lib/python3/dist-packages/colcon_core/task/python/colcon_distutils_commands:/home/takuto/scout_ws/install/cost_cul/lib/python3.10/site-packages:${PYTHONPATH} /usr/bin/python3 -W ignore:setup.py install is deprecated -W ignore:easy_install command is deprecated setup.py egg_info --egg-base ../../build/cost_cul build --build-base /home/takuto/scout_ws/build/cost_cul/build install --record /home/takuto/scout_ws/build/cost_cul/install.log --single-version-externally-managed install_data --force
