[1.770s] Invoking command in '/home/takuto/scout_ws/src/cost_cul': PYTHONPATH=/home/takuto/scout_ws/build/cost_cul/prefix_override:/usr/lib/python3/dist-packages/colcon_core/task/python/colcon_distutils_commands:/home/takuto/scout_ws/install/cost_cul/lib/python3.10/site-packages:${PYTHONPATH} /usr/bin/python3 -W ignore:setup.py install is deprecated -W ignore:easy_install command is deprecated setup.py egg_info --egg-base ../../build/cost_cul build --build-base /home/takuto/scout_ws/build/cost_cul/build install --record /home/takuto/scout_ws/build/cost_cul/install.log --single-version-externally-managed install_data
[2.283s] running egg_info
[2.285s] writing ../../build/cost_cul/cost_cul.egg-info/PKG-INFO
[2.285s] writing dependency_links to ../../build/cost_cul/cost_cul.egg-info/dependency_links.txt
[2.286s] writing entry points to ../../build/cost_cul/cost_cul.egg-info/entry_points.txt
[2.286s] writing requirements to ../../build/cost_cul/cost_cul.egg-info/requires.txt
[2.286s] writing top-level names to ../../build/cost_cul/cost_cul.egg-info/top_level.txt
[2.290s] reading manifest file '../../build/cost_cul/cost_cul.egg-info/SOURCES.txt'
[2.292s] writing manifest file '../../build/cost_cul/cost_cul.egg-info/SOURCES.txt'
[2.292s] running build
[2.292s] running build_py
[2.293s] running install
[2.294s] running install_lib
[2.297s] running install_data
[2.298s] running install_egg_info
[2.302s] removing '/home/takuto/scout_ws/install/cost_cul/lib/python3.10/site-packages/cost_cul-0.0.0-py3.10.egg-info' (and everything under it)
[2.303s] Copying ../../build/cost_cul/cost_cul.egg-info to /home/takuto/scout_ws/install/cost_cul/lib/python3.10/site-packages/cost_cul-0.0.0-py3.10.egg-info
[2.305s] running install_scripts
[2.349s] Installing cost_cul_node script to /home/takuto/scout_ws/install/cost_cul/lib/cost_cul
[2.350s] writing list of installed files to '/home/takuto/scout_ws/build/cost_cul/install.log'
[2.407s] Invoked command in '/home/takuto/scout_ws/src/cost_cul' returned '0': PYTHONPATH=/home/takuto/scout_ws/build/cost_cul/prefix_override:/usr/lib/python3/dist-packages/colcon_core/task/python/colcon_distutils_commands:/home/takuto/scout_ws/install/cost_cul/lib/python3.10/site-packages:${PYTHONPATH} /usr/bin/python3 -W ignore:setup.py install is deprecated -W ignore:easy_install command is deprecated setup.py egg_info --egg-base ../../build/cost_cul build --build-base /home/takuto/scout_ws/build/cost_cul/build install --record /home/takuto/scout_ws/build/cost_cul/install.log --single-version-externally-managed install_data
