[0.689s] Invoking command in '/home/takuto/scout_ws/build/hesai_ros_driver': CMAKE_PREFIX_PATH=/home/takuto/scout_ws/install/scout_gazebo:/home/takuto/scout_ws/install/scout_mini_ROS2:/home/takuto/scout_ws/install/hesai_ros_driver:/home/takuto/scout_ws/install/hesai_description:/home/takuto/mecanumrover_ws/install/vs_rover_options_description:/home/takuto/mecanumrover_ws/install/mecanumrover_gazebo:/home/takuto/mecanumrover_ws/install/mecanumrover3:/home/takuto/mecanumrover_ws/install/mecanumrover_description:/home/takuto/mecanumrover_ws/install/mecanumrover3_bringup:/home/takuto/uros_ws/install/micro_ros_setup:/home/takuto/uros_ws/install/micro_ros_agent:/home/takuto/uros_ws/install/micro_ros_msgs:/home/takuto/scout_ws/src/install/scout_gazebo:/home/takuto/scout_ws/src/install/hesai_ros_driver:/home/takuto/turtlebot3_ws/install/turtlebot3:/home/takuto/turtlebot3_ws/install/turtlebot3_simulations:/home/takuto/turtlebot3_ws/install/turtlebot3_bringup:/home/takuto/turtlebot3_ws/install/turtlebot3_node:/home/takuto/turtlebot3_ws/install/turtlebot3_navigation2:/home/takuto/turtlebot3_ws/install/turtlebot3_gazebo:/home/takuto/turtlebot3_ws/install/turtlebot3_fake_node:/home/takuto/turtlebot3_ws/install/turtlebot3_description:/home/takuto/turtlebot3_ws/install/turtlebot3_cartographer:/home/takuto/scout_ws/install/cost_cul:/home/takuto/scout_ws/install/cmd_vel_joy:/home/takuto/scout_ws/src/install/cmd_vel_joy:/home/takuto/turtlebot3_ws/install/turtlebot3_teleop:/home/takuto/turtlebot3_ws/install/turtlebot3_example:/home/takuto/turtlebot3_ws/install/cmd_vel_joy:/opt/ros/humble:/home/takuto/turtlebot3_ws/install/realsense_gazebo_plugin:/home/takuto/turtlebot3_ws/install/realsense2_description:/home/takuto/turtlebot3_ws/install/realsense2_camera:/home/takuto/turtlebot3_ws/install/realsense2_camera_msgs:/home/takuto/turtlebot3_ws/install/dynamixel_sdk_examples:/home/takuto/turtlebot3_ws/install/dynamixel_sdk_custom_interfaces:/home/takuto/turtlebot3_ws/install/dynamixel_sdk /usr/bin/cmake --build /home/takuto/scout_ws/build/hesai_ros_driver -- -j16 -l16
[0.780s] [  1%] Built target hesai_ros_driver__cpp
[0.781s] [  8%] Built target hesai_ros_driver__rosidl_generator_c
[0.783s] [ 10%] Built target log_lib
[0.823s] [ 10%] Built target ament_cmake_python_copy_hesai_ros_driver
[0.839s] [ 13%] Built target platutils_lib
[0.839s] [ 29%] Built target hesai_ros_driver__rosidl_typesupport_introspection_c
[0.840s] [ 29%] Built target hesai_ros_driver__rosidl_typesupport_c
[0.844s] [ 46%] Built target hesai_ros_driver__rosidl_typesupport_fastrtps_cpp
[0.844s] [ 46%] Built target hesai_ros_driver__rosidl_typesupport_cpp
[0.845s] [ 51%] Built target hesai_ros_driver__rosidl_typesupport_introspection_cpp
[0.847s] [ 59%] Built target hesai_ros_driver__rosidl_typesupport_fastrtps_c
[0.891s] [ 59%] Built target hesai_ros_driver
[0.897s] [ 73%] Built target source_lib
[0.897s] [ 74%] Built target ptcClient_lib
[0.901s] [ 76%] Built target udpParser_lib
[0.936s] [ 77%] Built target hesai_ros_driver__py
[0.945s] [ 79%] Built target serialClient_lib
[0.985s] [ 86%] Built target hesai_ros_driver__rosidl_generator_py
[0.994s] [ 88%] Built target lidar_lib
[1.030s] [ 92%] Built target hesai_ros_driver__rosidl_typesupport_c__pyext
[1.030s] [ 92%] Built target hesai_ros_driver__rosidl_typesupport_fastrtps_c__pyext
[1.030s] [ 94%] Built target hesai_ros_driver__rosidl_typesupport_introspection_c__pyext
[1.041s] [ 96%] Built target hesai_sdk_lib
[1.107s] [100%] Built target hesai_ros_driver_node
[1.239s] running egg_info
[1.240s] writing hesai_ros_driver.egg-info/PKG-INFO
[1.241s] writing dependency_links to hesai_ros_driver.egg-info/dependency_links.txt
[1.241s] writing top-level names to hesai_ros_driver.egg-info/top_level.txt
[1.245s] reading manifest file 'hesai_ros_driver.egg-info/SOURCES.txt'
[1.246s] writing manifest file 'hesai_ros_driver.egg-info/SOURCES.txt'
[1.305s] [100%] Built target ament_cmake_python_build_hesai_ros_driver_egg
[1.327s] Invoked command in '/home/takuto/scout_ws/build/hesai_ros_driver' returned '0': CMAKE_PREFIX_PATH=/home/takuto/scout_ws/install/scout_gazebo:/home/takuto/scout_ws/install/scout_mini_ROS2:/home/takuto/scout_ws/install/hesai_ros_driver:/home/takuto/scout_ws/install/hesai_description:/home/takuto/mecanumrover_ws/install/vs_rover_options_description:/home/takuto/mecanumrover_ws/install/mecanumrover_gazebo:/home/takuto/mecanumrover_ws/install/mecanumrover3:/home/takuto/mecanumrover_ws/install/mecanumrover_description:/home/takuto/mecanumrover_ws/install/mecanumrover3_bringup:/home/takuto/uros_ws/install/micro_ros_setup:/home/takuto/uros_ws/install/micro_ros_agent:/home/takuto/uros_ws/install/micro_ros_msgs:/home/takuto/scout_ws/src/install/scout_gazebo:/home/takuto/scout_ws/src/install/hesai_ros_driver:/home/takuto/turtlebot3_ws/install/turtlebot3:/home/takuto/turtlebot3_ws/install/turtlebot3_simulations:/home/takuto/turtlebot3_ws/install/turtlebot3_bringup:/home/takuto/turtlebot3_ws/install/turtlebot3_node:/home/takuto/turtlebot3_ws/install/turtlebot3_navigation2:/home/takuto/turtlebot3_ws/install/turtlebot3_gazebo:/home/takuto/turtlebot3_ws/install/turtlebot3_fake_node:/home/takuto/turtlebot3_ws/install/turtlebot3_description:/home/takuto/turtlebot3_ws/install/turtlebot3_cartographer:/home/takuto/scout_ws/install/cost_cul:/home/takuto/scout_ws/install/cmd_vel_joy:/home/takuto/scout_ws/src/install/cmd_vel_joy:/home/takuto/turtlebot3_ws/install/turtlebot3_teleop:/home/takuto/turtlebot3_ws/install/turtlebot3_example:/home/takuto/turtlebot3_ws/install/cmd_vel_joy:/opt/ros/humble:/home/takuto/turtlebot3_ws/install/realsense_gazebo_plugin:/home/takuto/turtlebot3_ws/install/realsense2_description:/home/takuto/turtlebot3_ws/install/realsense2_camera:/home/takuto/turtlebot3_ws/install/realsense2_camera_msgs:/home/takuto/turtlebot3_ws/install/dynamixel_sdk_examples:/home/takuto/turtlebot3_ws/install/dynamixel_sdk_custom_interfaces:/home/takuto/turtlebot3_ws/install/dynamixel_sdk /usr/bin/cmake --build /home/takuto/scout_ws/build/hesai_ros_driver -- -j16 -l16
[1.330s] Invoking command in '/home/takuto/scout_ws/build/hesai_ros_driver': CMAKE_PREFIX_PATH=/home/takuto/scout_ws/install/scout_gazebo:/home/takuto/scout_ws/install/scout_mini_ROS2:/home/takuto/scout_ws/install/hesai_ros_driver:/home/takuto/scout_ws/install/hesai_description:/home/takuto/mecanumrover_ws/install/vs_rover_options_description:/home/takuto/mecanumrover_ws/install/mecanumrover_gazebo:/home/takuto/mecanumrover_ws/install/mecanumrover3:/home/takuto/mecanumrover_ws/install/mecanumrover_description:/home/takuto/mecanumrover_ws/install/mecanumrover3_bringup:/home/takuto/uros_ws/install/micro_ros_setup:/home/takuto/uros_ws/install/micro_ros_agent:/home/takuto/uros_ws/install/micro_ros_msgs:/home/takuto/scout_ws/src/install/scout_gazebo:/home/takuto/scout_ws/src/install/hesai_ros_driver:/home/takuto/turtlebot3_ws/install/turtlebot3:/home/takuto/turtlebot3_ws/install/turtlebot3_simulations:/home/takuto/turtlebot3_ws/install/turtlebot3_bringup:/home/takuto/turtlebot3_ws/install/turtlebot3_node:/home/takuto/turtlebot3_ws/install/turtlebot3_navigation2:/home/takuto/turtlebot3_ws/install/turtlebot3_gazebo:/home/takuto/turtlebot3_ws/install/turtlebot3_fake_node:/home/takuto/turtlebot3_ws/install/turtlebot3_description:/home/takuto/turtlebot3_ws/install/turtlebot3_cartographer:/home/takuto/scout_ws/install/cost_cul:/home/takuto/scout_ws/install/cmd_vel_joy:/home/takuto/scout_ws/src/install/cmd_vel_joy:/home/takuto/turtlebot3_ws/install/turtlebot3_teleop:/home/takuto/turtlebot3_ws/install/turtlebot3_example:/home/takuto/turtlebot3_ws/install/cmd_vel_joy:/opt/ros/humble:/home/takuto/turtlebot3_ws/install/realsense_gazebo_plugin:/home/takuto/turtlebot3_ws/install/realsense2_description:/home/takuto/turtlebot3_ws/install/realsense2_camera:/home/takuto/turtlebot3_ws/install/realsense2_camera_msgs:/home/takuto/turtlebot3_ws/install/dynamixel_sdk_examples:/home/takuto/turtlebot3_ws/install/dynamixel_sdk_custom_interfaces:/home/takuto/turtlebot3_ws/install/dynamixel_sdk /usr/bin/cmake --install /home/takuto/scout_ws/build/hesai_ros_driver
[1.343s] -- Install configuration: "Release"
[1.343s] -- Up-to-date: /home/takuto/scout_ws/install/hesai_ros_driver/share/ament_index/resource_index/rosidl_interfaces/hesai_ros_driver
[1.344s] -- Up-to-date: /home/takuto/scout_ws/install/hesai_ros_driver/include/hesai_ros_driver/hesai_ros_driver
[1.344s] -- Up-to-date: /home/takuto/scout_ws/install/hesai_ros_driver/include/hesai_ros_driver/hesai_ros_driver/msg
[1.344s] -- Up-to-date: /home/takuto/scout_ws/install/hesai_ros_driver/include/hesai_ros_driver/hesai_ros_driver/msg/detail
[1.344s] -- Up-to-date: /home/takuto/scout_ws/install/hesai_ros_driver/include/hesai_ros_driver/hesai_ros_driver/msg/detail/firetime__type_support.h
[1.344s] -- Up-to-date: /home/takuto/scout_ws/install/hesai_ros_driver/include/hesai_ros_driver/hesai_ros_driver/msg/detail/ptp__functions.c
[1.344s] -- Up-to-date: /home/takuto/scout_ws/install/hesai_ros_driver/include/hesai_ros_driver/hesai_ros_driver/msg/detail/ptp__functions.h
[1.344s] -- Up-to-date: /home/takuto/scout_ws/install/hesai_ros_driver/include/hesai_ros_driver/hesai_ros_driver/msg/detail/loss_packet__type_support.h
[1.344s] -- Up-to-date: /home/takuto/scout_ws/install/hesai_ros_driver/include/hesai_ros_driver/hesai_ros_driver/msg/detail/loss_packet__functions.h
[1.344s] -- Up-to-date: /home/takuto/scout_ws/install/hesai_ros_driver/include/hesai_ros_driver/hesai_ros_driver/msg/detail/udp_packet__type_support.h
[1.344s] -- Up-to-date: /home/takuto/scout_ws/install/hesai_ros_driver/include/hesai_ros_driver/hesai_ros_driver/msg/detail/loss_packet__struct.h
[1.344s] -- Up-to-date: /home/takuto/scout_ws/install/hesai_ros_driver/include/hesai_ros_driver/hesai_ros_driver/msg/detail/firetime__struct.h
[1.344s] -- Up-to-date: /home/takuto/scout_ws/install/hesai_ros_driver/include/hesai_ros_driver/hesai_ros_driver/msg/detail/udp_frame__struct.h
[1.345s] -- Up-to-date: /home/takuto/scout_ws/install/hesai_ros_driver/include/hesai_ros_driver/hesai_ros_driver/msg/detail/firetime__functions.h
[1.345s] -- Up-to-date: /home/takuto/scout_ws/install/hesai_ros_driver/include/hesai_ros_driver/hesai_ros_driver/msg/detail/firetime__functions.c
[1.345s] -- Up-to-date: /home/takuto/scout_ws/install/hesai_ros_driver/include/hesai_ros_driver/hesai_ros_driver/msg/detail/udp_frame__functions.h
[1.345s] -- Up-to-date: /home/takuto/scout_ws/install/hesai_ros_driver/include/hesai_ros_driver/hesai_ros_driver/msg/detail/ptp__struct.h
[1.345s] -- Up-to-date: /home/takuto/scout_ws/install/hesai_ros_driver/include/hesai_ros_driver/hesai_ros_driver/msg/detail/udp_frame__functions.c
[1.345s] -- Up-to-date: /home/takuto/scout_ws/install/hesai_ros_driver/include/hesai_ros_driver/hesai_ros_driver/msg/detail/udp_frame__type_support.h
[1.345s] -- Up-to-date: /home/takuto/scout_ws/install/hesai_ros_driver/include/hesai_ros_driver/hesai_ros_driver/msg/detail/ptp__type_support.h
[1.345s] -- Up-to-date: /home/takuto/scout_ws/install/hesai_ros_driver/include/hesai_ros_driver/hesai_ros_driver/msg/detail/loss_packet__functions.c
[1.345s] -- Up-to-date: /home/takuto/scout_ws/install/hesai_ros_driver/include/hesai_ros_driver/hesai_ros_driver/msg/detail/udp_packet__struct.h
[1.345s] -- Up-to-date: /home/takuto/scout_ws/install/hesai_ros_driver/include/hesai_ros_driver/hesai_ros_driver/msg/detail/udp_packet__functions.c
[1.345s] -- Up-to-date: /home/takuto/scout_ws/install/hesai_ros_driver/include/hesai_ros_driver/hesai_ros_driver/msg/detail/udp_packet__functions.h
[1.345s] -- Up-to-date: /home/takuto/scout_ws/install/hesai_ros_driver/include/hesai_ros_driver/hesai_ros_driver/msg/firetime.h
[1.346s] -- Up-to-date: /home/takuto/scout_ws/install/hesai_ros_driver/include/hesai_ros_driver/hesai_ros_driver/msg/udp_frame.h
[1.346s] -- Up-to-date: /home/takuto/scout_ws/install/hesai_ros_driver/include/hesai_ros_driver/hesai_ros_driver/msg/loss_packet.h
[1.346s] -- Up-to-date: /home/takuto/scout_ws/install/hesai_ros_driver/include/hesai_ros_driver/hesai_ros_driver/msg/rosidl_generator_c__visibility_control.h
[1.346s] -- Up-to-date: /home/takuto/scout_ws/install/hesai_ros_driver/include/hesai_ros_driver/hesai_ros_driver/msg/udp_packet.h
[1.346s] -- Up-to-date: /home/takuto/scout_ws/install/hesai_ros_driver/include/hesai_ros_driver/hesai_ros_driver/msg/ptp.h
[1.346s] -- Up-to-date: /home/takuto/scout_ws/install/hesai_ros_driver/share/hesai_ros_driver/environment/library_path.sh
[1.346s] -- Up-to-date: /home/takuto/scout_ws/install/hesai_ros_driver/share/hesai_ros_driver/environment/library_path.dsv
[1.346s] -- Up-to-date: /home/takuto/scout_ws/install/hesai_ros_driver/lib/libhesai_ros_driver__rosidl_generator_c.so
[1.346s] -- Up-to-date: /home/takuto/scout_ws/install/hesai_ros_driver/include/hesai_ros_driver/hesai_ros_driver
[1.346s] -- Up-to-date: /home/takuto/scout_ws/install/hesai_ros_driver/include/hesai_ros_driver/hesai_ros_driver/msg
[1.346s] -- Up-to-date: /home/takuto/scout_ws/install/hesai_ros_driver/include/hesai_ros_driver/hesai_ros_driver/msg/detail
[1.347s] -- Up-to-date: /home/takuto/scout_ws/install/hesai_ros_driver/include/hesai_ros_driver/hesai_ros_driver/msg/detail/udp_packet__rosidl_typesupport_fastrtps_c.h
[1.347s] -- Up-to-date: /home/takuto/scout_ws/install/hesai_ros_driver/include/hesai_ros_driver/hesai_ros_driver/msg/detail/ptp__rosidl_typesupport_fastrtps_c.h
[1.347s] -- Up-to-date: /home/takuto/scout_ws/install/hesai_ros_driver/include/hesai_ros_driver/hesai_ros_driver/msg/detail/firetime__rosidl_typesupport_fastrtps_c.h
[1.347s] -- Up-to-date: /home/takuto/scout_ws/install/hesai_ros_driver/include/hesai_ros_driver/hesai_ros_driver/msg/detail/loss_packet__rosidl_typesupport_fastrtps_c.h
[1.347s] -- Up-to-date: /home/takuto/scout_ws/install/hesai_ros_driver/include/hesai_ros_driver/hesai_ros_driver/msg/detail/udp_frame__rosidl_typesupport_fastrtps_c.h
[1.347s] -- Up-to-date: /home/takuto/scout_ws/install/hesai_ros_driver/include/hesai_ros_driver/hesai_ros_driver/msg/rosidl_typesupport_fastrtps_c__visibility_control.h
[1.347s] -- Up-to-date: /home/takuto/scout_ws/install/hesai_ros_driver/lib/libhesai_ros_driver__rosidl_typesupport_fastrtps_c.so
[1.347s] -- Up-to-date: /home/takuto/scout_ws/install/hesai_ros_driver/include/hesai_ros_driver/hesai_ros_driver
[1.347s] -- Up-to-date: /home/takuto/scout_ws/install/hesai_ros_driver/include/hesai_ros_driver/hesai_ros_driver/msg
[1.347s] -- Up-to-date: /home/takuto/scout_ws/install/hesai_ros_driver/include/hesai_ros_driver/hesai_ros_driver/msg/udp_packet.hpp
[1.347s] -- Up-to-date: /home/takuto/scout_ws/install/hesai_ros_driver/include/hesai_ros_driver/hesai_ros_driver/msg/firetime.hpp
[1.348s] -- Up-to-date: /home/takuto/scout_ws/install/hesai_ros_driver/include/hesai_ros_driver/hesai_ros_driver/msg/detail
[1.348s] -- Up-to-date: /home/takuto/scout_ws/install/hesai_ros_driver/include/hesai_ros_driver/hesai_ros_driver/msg/detail/udp_frame__struct.hpp
[1.348s] -- Up-to-date: /home/takuto/scout_ws/install/hesai_ros_driver/include/hesai_ros_driver/hesai_ros_driver/msg/detail/firetime__type_support.hpp
[1.348s] -- Up-to-date: /home/takuto/scout_ws/install/hesai_ros_driver/include/hesai_ros_driver/hesai_ros_driver/msg/detail/ptp__type_support.hpp
[1.348s] -- Up-to-date: /home/takuto/scout_ws/install/hesai_ros_driver/include/hesai_ros_driver/hesai_ros_driver/msg/detail/udp_packet__builder.hpp
[1.348s] -- Up-to-date: /home/takuto/scout_ws/install/hesai_ros_driver/include/hesai_ros_driver/hesai_ros_driver/msg/detail/udp_packet__struct.hpp
[1.348s] -- Up-to-date: /home/takuto/scout_ws/install/hesai_ros_driver/include/hesai_ros_driver/hesai_ros_driver/msg/detail/loss_packet__builder.hpp
[1.348s] -- Up-to-date: /home/takuto/scout_ws/install/hesai_ros_driver/include/hesai_ros_driver/hesai_ros_driver/msg/detail/udp_packet__traits.hpp
[1.348s] -- Up-to-date: /home/takuto/scout_ws/install/hesai_ros_driver/include/hesai_ros_driver/hesai_ros_driver/msg/detail/ptp__builder.hpp
[1.348s] -- Up-to-date: /home/takuto/scout_ws/install/hesai_ros_driver/include/hesai_ros_driver/hesai_ros_driver/msg/detail/loss_packet__type_support.hpp
[1.348s] -- Up-to-date: /home/takuto/scout_ws/install/hesai_ros_driver/include/hesai_ros_driver/hesai_ros_driver/msg/detail/udp_frame__type_support.hpp
[1.349s] -- Up-to-date: /home/takuto/scout_ws/install/hesai_ros_driver/include/hesai_ros_driver/hesai_ros_driver/msg/detail/loss_packet__traits.hpp
[1.349s] -- Up-to-date: /home/takuto/scout_ws/install/hesai_ros_driver/include/hesai_ros_driver/hesai_ros_driver/msg/detail/udp_packet__type_support.hpp
[1.349s] -- Up-to-date: /home/takuto/scout_ws/install/hesai_ros_driver/include/hesai_ros_driver/hesai_ros_driver/msg/detail/ptp__struct.hpp
[1.349s] -- Up-to-date: /home/takuto/scout_ws/install/hesai_ros_driver/include/hesai_ros_driver/hesai_ros_driver/msg/detail/loss_packet__struct.hpp
[1.349s] -- Up-to-date: /home/takuto/scout_ws/install/hesai_ros_driver/include/hesai_ros_driver/hesai_ros_driver/msg/detail/udp_frame__traits.hpp
[1.349s] -- Up-to-date: /home/takuto/scout_ws/install/hesai_ros_driver/include/hesai_ros_driver/hesai_ros_driver/msg/detail/firetime__builder.hpp
[1.349s] -- Up-to-date: /home/takuto/scout_ws/install/hesai_ros_driver/include/hesai_ros_driver/hesai_ros_driver/msg/detail/firetime__struct.hpp
[1.349s] -- Up-to-date: /home/takuto/scout_ws/install/hesai_ros_driver/include/hesai_ros_driver/hesai_ros_driver/msg/detail/udp_frame__builder.hpp
[1.349s] -- Up-to-date: /home/takuto/scout_ws/install/hesai_ros_driver/include/hesai_ros_driver/hesai_ros_driver/msg/detail/ptp__traits.hpp
[1.349s] -- Up-to-date: /home/takuto/scout_ws/install/hesai_ros_driver/include/hesai_ros_driver/hesai_ros_driver/msg/detail/firetime__traits.hpp
[1.349s] -- Up-to-date: /home/takuto/scout_ws/install/hesai_ros_driver/include/hesai_ros_driver/hesai_ros_driver/msg/loss_packet.hpp
[1.349s] -- Up-to-date: /home/takuto/scout_ws/install/hesai_ros_driver/include/hesai_ros_driver/hesai_ros_driver/msg/rosidl_generator_cpp__visibility_control.hpp
[1.350s] -- Up-to-date: /home/takuto/scout_ws/install/hesai_ros_driver/include/hesai_ros_driver/hesai_ros_driver/msg/ptp.hpp
[1.350s] -- Up-to-date: /home/takuto/scout_ws/install/hesai_ros_driver/include/hesai_ros_driver/hesai_ros_driver/msg/udp_frame.hpp
[1.350s] -- Up-to-date: /home/takuto/scout_ws/install/hesai_ros_driver/include/hesai_ros_driver/hesai_ros_driver
[1.350s] -- Up-to-date: /home/takuto/scout_ws/install/hesai_ros_driver/include/hesai_ros_driver/hesai_ros_driver/msg
[1.350s] -- Up-to-date: /home/takuto/scout_ws/install/hesai_ros_driver/include/hesai_ros_driver/hesai_ros_driver/msg/detail
[1.350s] -- Up-to-date: /home/takuto/scout_ws/install/hesai_ros_driver/include/hesai_ros_driver/hesai_ros_driver/msg/detail/udp_frame__rosidl_typesupport_fastrtps_cpp.hpp
[1.350s] -- Up-to-date: /home/takuto/scout_ws/install/hesai_ros_driver/include/hesai_ros_driver/hesai_ros_driver/msg/detail/ptp__rosidl_typesupport_fastrtps_cpp.hpp
[1.350s] -- Up-to-date: /home/takuto/scout_ws/install/hesai_ros_driver/include/hesai_ros_driver/hesai_ros_driver/msg/detail/firetime__rosidl_typesupport_fastrtps_cpp.hpp
[1.350s] -- Up-to-date: /home/takuto/scout_ws/install/hesai_ros_driver/include/hesai_ros_driver/hesai_ros_driver/msg/detail/loss_packet__rosidl_typesupport_fastrtps_cpp.hpp
[1.350s] -- Up-to-date: /home/takuto/scout_ws/install/hesai_ros_driver/include/hesai_ros_driver/hesai_ros_driver/msg/detail/udp_packet__rosidl_typesupport_fastrtps_cpp.hpp
[1.350s] -- Up-to-date: /home/takuto/scout_ws/install/hesai_ros_driver/include/hesai_ros_driver/hesai_ros_driver/msg/detail/dds_fastrtps
[1.351s] -- Up-to-date: /home/takuto/scout_ws/install/hesai_ros_driver/include/hesai_ros_driver/hesai_ros_driver/msg/rosidl_typesupport_fastrtps_cpp__visibility_control.h
[1.351s] -- Up-to-date: /home/takuto/scout_ws/install/hesai_ros_driver/lib/libhesai_ros_driver__rosidl_typesupport_fastrtps_cpp.so
[1.351s] -- Up-to-date: /home/takuto/scout_ws/install/hesai_ros_driver/include/hesai_ros_driver/hesai_ros_driver
[1.351s] -- Up-to-date: /home/takuto/scout_ws/install/hesai_ros_driver/include/hesai_ros_driver/hesai_ros_driver/msg
[1.351s] -- Up-to-date: /home/takuto/scout_ws/install/hesai_ros_driver/include/hesai_ros_driver/hesai_ros_driver/msg/detail
[1.351s] -- Up-to-date: /home/takuto/scout_ws/install/hesai_ros_driver/include/hesai_ros_driver/hesai_ros_driver/msg/detail/loss_packet__rosidl_typesupport_introspection_c.h
[1.351s] -- Up-to-date: /home/takuto/scout_ws/install/hesai_ros_driver/include/hesai_ros_driver/hesai_ros_driver/msg/detail/firetime__rosidl_typesupport_introspection_c.h
[1.351s] -- Up-to-date: /home/takuto/scout_ws/install/hesai_ros_driver/include/hesai_ros_driver/hesai_ros_driver/msg/detail/ptp__type_support.c
[1.351s] -- Up-to-date: /home/takuto/scout_ws/install/hesai_ros_driver/include/hesai_ros_driver/hesai_ros_driver/msg/detail/udp_packet__type_support.c
[1.351s] -- Up-to-date: /home/takuto/scout_ws/install/hesai_ros_driver/include/hesai_ros_driver/hesai_ros_driver/msg/detail/ptp__rosidl_typesupport_introspection_c.h
[1.351s] -- Up-to-date: /home/takuto/scout_ws/install/hesai_ros_driver/include/hesai_ros_driver/hesai_ros_driver/msg/detail/firetime__type_support.c
[1.351s] -- Up-to-date: /home/takuto/scout_ws/install/hesai_ros_driver/include/hesai_ros_driver/hesai_ros_driver/msg/detail/udp_frame__rosidl_typesupport_introspection_c.h
[1.352s] -- Up-to-date: /home/takuto/scout_ws/install/hesai_ros_driver/include/hesai_ros_driver/hesai_ros_driver/msg/detail/udp_packet__rosidl_typesupport_introspection_c.h
[1.352s] -- Up-to-date: /home/takuto/scout_ws/install/hesai_ros_driver/include/hesai_ros_driver/hesai_ros_driver/msg/detail/loss_packet__type_support.c
[1.352s] -- Up-to-date: /home/takuto/scout_ws/install/hesai_ros_driver/include/hesai_ros_driver/hesai_ros_driver/msg/detail/udp_frame__type_support.c
[1.352s] -- Up-to-date: /home/takuto/scout_ws/install/hesai_ros_driver/include/hesai_ros_driver/hesai_ros_driver/msg/rosidl_typesupport_introspection_c__visibility_control.h
[1.352s] -- Up-to-date: /home/takuto/scout_ws/install/hesai_ros_driver/lib/libhesai_ros_driver__rosidl_typesupport_introspection_c.so
[1.352s] -- Up-to-date: /home/takuto/scout_ws/install/hesai_ros_driver/lib/libhesai_ros_driver__rosidl_typesupport_c.so
[1.352s] -- Up-to-date: /home/takuto/scout_ws/install/hesai_ros_driver/include/hesai_ros_driver/hesai_ros_driver
[1.352s] -- Up-to-date: /home/takuto/scout_ws/install/hesai_ros_driver/include/hesai_ros_driver/hesai_ros_driver/msg
[1.352s] -- Up-to-date: /home/takuto/scout_ws/install/hesai_ros_driver/include/hesai_ros_driver/hesai_ros_driver/msg/detail
[1.352s] -- Up-to-date: /home/takuto/scout_ws/install/hesai_ros_driver/include/hesai_ros_driver/hesai_ros_driver/msg/detail/udp_frame__type_support.cpp
[1.352s] -- Up-to-date: /home/takuto/scout_ws/install/hesai_ros_driver/include/hesai_ros_driver/hesai_ros_driver/msg/detail/udp_packet__type_support.cpp
[1.352s] -- Up-to-date: /home/takuto/scout_ws/install/hesai_ros_driver/include/hesai_ros_driver/hesai_ros_driver/msg/detail/udp_frame__rosidl_typesupport_introspection_cpp.hpp
[1.352s] -- Up-to-date: /home/takuto/scout_ws/install/hesai_ros_driver/include/hesai_ros_driver/hesai_ros_driver/msg/detail/udp_packet__rosidl_typesupport_introspection_cpp.hpp
[1.353s] -- Up-to-date: /home/takuto/scout_ws/install/hesai_ros_driver/include/hesai_ros_driver/hesai_ros_driver/msg/detail/firetime__type_support.cpp
[1.353s] -- Up-to-date: /home/takuto/scout_ws/install/hesai_ros_driver/include/hesai_ros_driver/hesai_ros_driver/msg/detail/loss_packet__type_support.cpp
[1.353s] -- Up-to-date: /home/takuto/scout_ws/install/hesai_ros_driver/include/hesai_ros_driver/hesai_ros_driver/msg/detail/loss_packet__rosidl_typesupport_introspection_cpp.hpp
[1.353s] -- Up-to-date: /home/takuto/scout_ws/install/hesai_ros_driver/include/hesai_ros_driver/hesai_ros_driver/msg/detail/ptp__type_support.cpp
[1.353s] -- Up-to-date: /home/takuto/scout_ws/install/hesai_ros_driver/include/hesai_ros_driver/hesai_ros_driver/msg/detail/ptp__rosidl_typesupport_introspection_cpp.hpp
[1.353s] -- Up-to-date: /home/takuto/scout_ws/install/hesai_ros_driver/include/hesai_ros_driver/hesai_ros_driver/msg/detail/firetime__rosidl_typesupport_introspection_cpp.hpp
[1.353s] -- Up-to-date: /home/takuto/scout_ws/install/hesai_ros_driver/lib/libhesai_ros_driver__rosidl_typesupport_introspection_cpp.so
[1.353s] -- Up-to-date: /home/takuto/scout_ws/install/hesai_ros_driver/lib/libhesai_ros_driver__rosidl_typesupport_cpp.so
[1.353s] -- Up-to-date: /home/takuto/scout_ws/install/hesai_ros_driver/share/hesai_ros_driver/environment/pythonpath.sh
[1.353s] -- Up-to-date: /home/takuto/scout_ws/install/hesai_ros_driver/share/hesai_ros_driver/environment/pythonpath.dsv
[1.353s] -- Up-to-date: /home/takuto/scout_ws/install/hesai_ros_driver/local/lib/python3.10/dist-packages/hesai_ros_driver-1.5.0-py3.10.egg-info
[1.353s] -- Installing: /home/takuto/scout_ws/install/hesai_ros_driver/local/lib/python3.10/dist-packages/hesai_ros_driver-1.5.0-py3.10.egg-info/top_level.txt
[1.353s] -- Installing: /home/takuto/scout_ws/install/hesai_ros_driver/local/lib/python3.10/dist-packages/hesai_ros_driver-1.5.0-py3.10.egg-info/PKG-INFO
[1.353s] -- Installing: /home/takuto/scout_ws/install/hesai_ros_driver/local/lib/python3.10/dist-packages/hesai_ros_driver-1.5.0-py3.10.egg-info/dependency_links.txt
[1.354s] -- Installing: /home/takuto/scout_ws/install/hesai_ros_driver/local/lib/python3.10/dist-packages/hesai_ros_driver-1.5.0-py3.10.egg-info/SOURCES.txt
[1.354s] -- Up-to-date: /home/takuto/scout_ws/install/hesai_ros_driver/local/lib/python3.10/dist-packages/hesai_ros_driver
[1.354s] -- Up-to-date: /home/takuto/scout_ws/install/hesai_ros_driver/local/lib/python3.10/dist-packages/hesai_ros_driver/hesai_ros_driver_s__rosidl_typesupport_c.cpython-310-x86_64-linux-gnu.so
[1.354s] -- Up-to-date: /home/takuto/scout_ws/install/hesai_ros_driver/local/lib/python3.10/dist-packages/hesai_ros_driver/msg
[1.354s] -- Up-to-date: /home/takuto/scout_ws/install/hesai_ros_driver/local/lib/python3.10/dist-packages/hesai_ros_driver/msg/_firetime.py
[1.354s] -- Up-to-date: /home/takuto/scout_ws/install/hesai_ros_driver/local/lib/python3.10/dist-packages/hesai_ros_driver/msg/_udp_frame.py
[1.354s] -- Up-to-date: /home/takuto/scout_ws/install/hesai_ros_driver/local/lib/python3.10/dist-packages/hesai_ros_driver/msg/_ptp_s.c
[1.354s] -- Up-to-date: /home/takuto/scout_ws/install/hesai_ros_driver/local/lib/python3.10/dist-packages/hesai_ros_driver/msg/_firetime_s.c
[1.354s] -- Up-to-date: /home/takuto/scout_ws/install/hesai_ros_driver/local/lib/python3.10/dist-packages/hesai_ros_driver/msg/_udp_frame_s.c
[1.354s] -- Up-to-date: /home/takuto/scout_ws/install/hesai_ros_driver/local/lib/python3.10/dist-packages/hesai_ros_driver/msg/__init__.py
[1.354s] -- Up-to-date: /home/takuto/scout_ws/install/hesai_ros_driver/local/lib/python3.10/dist-packages/hesai_ros_driver/msg/_loss_packet.py
[1.354s] -- Up-to-date: /home/takuto/scout_ws/install/hesai_ros_driver/local/lib/python3.10/dist-packages/hesai_ros_driver/msg/_ptp.py
[1.354s] -- Up-to-date: /home/takuto/scout_ws/install/hesai_ros_driver/local/lib/python3.10/dist-packages/hesai_ros_driver/msg/_udp_packet_s.c
[1.354s] -- Up-to-date: /home/takuto/scout_ws/install/hesai_ros_driver/local/lib/python3.10/dist-packages/hesai_ros_driver/msg/_loss_packet_s.c
[1.354s] -- Up-to-date: /home/takuto/scout_ws/install/hesai_ros_driver/local/lib/python3.10/dist-packages/hesai_ros_driver/msg/_udp_packet.py
[1.355s] -- Up-to-date: /home/takuto/scout_ws/install/hesai_ros_driver/local/lib/python3.10/dist-packages/hesai_ros_driver/_hesai_ros_driver_s.ep.rosidl_typesupport_introspection_c.c
[1.355s] -- Up-to-date: /home/takuto/scout_ws/install/hesai_ros_driver/local/lib/python3.10/dist-packages/hesai_ros_driver/_hesai_ros_driver_s.ep.rosidl_typesupport_c.c
[1.355s] -- Up-to-date: /home/takuto/scout_ws/install/hesai_ros_driver/local/lib/python3.10/dist-packages/hesai_ros_driver/_hesai_ros_driver_s.ep.rosidl_typesupport_fastrtps_c.c
[1.355s] -- Up-to-date: /home/takuto/scout_ws/install/hesai_ros_driver/local/lib/python3.10/dist-packages/hesai_ros_driver/__init__.py
[1.355s] -- Up-to-date: /home/takuto/scout_ws/install/hesai_ros_driver/local/lib/python3.10/dist-packages/hesai_ros_driver/libhesai_ros_driver__rosidl_generator_py.so
[1.355s] -- Up-to-date: /home/takuto/scout_ws/install/hesai_ros_driver/local/lib/python3.10/dist-packages/hesai_ros_driver/hesai_ros_driver_s__rosidl_typesupport_introspection_c.cpython-310-x86_64-linux-gnu.so
[1.355s] -- Up-to-date: /home/takuto/scout_ws/install/hesai_ros_driver/local/lib/python3.10/dist-packages/hesai_ros_driver/hesai_ros_driver_s__rosidl_typesupport_fastrtps_c.cpython-310-x86_64-linux-gnu.so
[1.406s] Listing '/home/takuto/scout_ws/install/hesai_ros_driver/local/lib/python3.10/dist-packages/hesai_ros_driver'...
[1.406s] Listing '/home/takuto/scout_ws/install/hesai_ros_driver/local/lib/python3.10/dist-packages/hesai_ros_driver/msg'...
[1.413s] -- Up-to-date: /home/takuto/scout_ws/install/hesai_ros_driver/local/lib/python3.10/dist-packages/hesai_ros_driver/hesai_ros_driver_s__rosidl_typesupport_fastrtps_c.cpython-310-x86_64-linux-gnu.so
[1.413s] -- Up-to-date: /home/takuto/scout_ws/install/hesai_ros_driver/local/lib/python3.10/dist-packages/hesai_ros_driver/hesai_ros_driver_s__rosidl_typesupport_introspection_c.cpython-310-x86_64-linux-gnu.so
[1.413s] -- Up-to-date: /home/takuto/scout_ws/install/hesai_ros_driver/local/lib/python3.10/dist-packages/hesai_ros_driver/hesai_ros_driver_s__rosidl_typesupport_c.cpython-310-x86_64-linux-gnu.so
[1.414s] -- Up-to-date: /home/takuto/scout_ws/install/hesai_ros_driver/lib/libhesai_ros_driver__rosidl_generator_py.so
[1.414s] -- Up-to-date: /home/takuto/scout_ws/install/hesai_ros_driver/share/hesai_ros_driver/msg/UdpPacket.idl
[1.414s] -- Up-to-date: /home/takuto/scout_ws/install/hesai_ros_driver/share/hesai_ros_driver/msg/UdpFrame.idl
[1.414s] -- Up-to-date: /home/takuto/scout_ws/install/hesai_ros_driver/share/hesai_ros_driver/msg/Firetime.idl
[1.414s] -- Up-to-date: /home/takuto/scout_ws/install/hesai_ros_driver/share/hesai_ros_driver/msg/Ptp.idl
[1.415s] -- Up-to-date: /home/takuto/scout_ws/install/hesai_ros_driver/share/hesai_ros_driver/msg/LossPacket.idl
[1.415s] -- Up-to-date: /home/takuto/scout_ws/install/hesai_ros_driver/share/hesai_ros_driver/msg_ros2/UdpPacket.msg
[1.415s] -- Up-to-date: /home/takuto/scout_ws/install/hesai_ros_driver/share/hesai_ros_driver/msg_ros2/UdpFrame.msg
[1.415s] -- Up-to-date: /home/takuto/scout_ws/install/hesai_ros_driver/share/hesai_ros_driver/msg_ros2/Firetime.msg
[1.415s] -- Up-to-date: /home/takuto/scout_ws/install/hesai_ros_driver/share/hesai_ros_driver/msg_ros2/Ptp.msg
[1.415s] -- Up-to-date: /home/takuto/scout_ws/install/hesai_ros_driver/share/hesai_ros_driver/msg_ros2/LossPacket.msg
[1.415s] -- Up-to-date: /home/takuto/scout_ws/install/hesai_ros_driver/lib/hesai_ros_driver/hesai_ros_driver_node
[1.415s] -- Up-to-date: /home/takuto/scout_ws/install/hesai_ros_driver/lib/libhesai_sdk_lib.so
[1.416s] -- Up-to-date: /home/takuto/scout_ws/install/hesai_ros_driver/lib/liblog_lib.so
[1.416s] -- Up-to-date: /home/takuto/scout_ws/install/hesai_ros_driver/lib/liblidar_lib.so
[1.416s] -- Up-to-date: /home/takuto/scout_ws/install/hesai_ros_driver/share/hesai_ros_driver/launch
[1.416s] -- Up-to-date: /home/takuto/scout_ws/install/hesai_ros_driver/share/hesai_ros_driver/launch/dashing_start.py
[1.417s] -- Up-to-date: /home/takuto/scout_ws/install/hesai_ros_driver/share/hesai_ros_driver/launch/start.launch
[1.417s] -- Up-to-date: /home/takuto/scout_ws/install/hesai_ros_driver/share/hesai_ros_driver/launch/start.py
[1.417s] -- Up-to-date: /home/takuto/scout_ws/install/hesai_ros_driver/share/hesai_ros_driver/rviz
[1.417s] -- Up-to-date: /home/takuto/scout_ws/install/hesai_ros_driver/share/hesai_ros_driver/rviz/rviz2.rviz
[1.417s] -- Up-to-date: /home/takuto/scout_ws/install/hesai_ros_driver/share/hesai_ros_driver/rviz/rviz.rviz
[1.418s] -- Up-to-date: /home/takuto/scout_ws/install/hesai_ros_driver/share/ament_index/resource_index/package_run_dependencies/hesai_ros_driver
[1.418s] -- Up-to-date: /home/takuto/scout_ws/install/hesai_ros_driver/share/ament_index/resource_index/parent_prefix_path/hesai_ros_driver
[1.418s] -- Up-to-date: /home/takuto/scout_ws/install/hesai_ros_driver/share/hesai_ros_driver/environment/ament_prefix_path.sh
[1.419s] -- Up-to-date: /home/takuto/scout_ws/install/hesai_ros_driver/share/hesai_ros_driver/environment/ament_prefix_path.dsv
[1.419s] -- Up-to-date: /home/takuto/scout_ws/install/hesai_ros_driver/share/hesai_ros_driver/environment/path.sh
[1.419s] -- Up-to-date: /home/takuto/scout_ws/install/hesai_ros_driver/share/hesai_ros_driver/environment/path.dsv
[1.419s] -- Up-to-date: /home/takuto/scout_ws/install/hesai_ros_driver/share/hesai_ros_driver/local_setup.bash
[1.419s] -- Up-to-date: /home/takuto/scout_ws/install/hesai_ros_driver/share/hesai_ros_driver/local_setup.sh
[1.419s] -- Up-to-date: /home/takuto/scout_ws/install/hesai_ros_driver/share/hesai_ros_driver/local_setup.zsh
[1.420s] -- Up-to-date: /home/takuto/scout_ws/install/hesai_ros_driver/share/hesai_ros_driver/local_setup.dsv
[1.420s] -- Installing: /home/takuto/scout_ws/install/hesai_ros_driver/share/hesai_ros_driver/package.dsv
[1.420s] -- Up-to-date: /home/takuto/scout_ws/install/hesai_ros_driver/share/ament_index/resource_index/packages/hesai_ros_driver
[1.420s] -- Up-to-date: /home/takuto/scout_ws/install/hesai_ros_driver/share/hesai_ros_driver/cmake/export_hesai_ros_driver__rosidl_generator_cExport.cmake
[1.420s] -- Up-to-date: /home/takuto/scout_ws/install/hesai_ros_driver/share/hesai_ros_driver/cmake/export_hesai_ros_driver__rosidl_generator_cExport-release.cmake
[1.420s] -- Up-to-date: /home/takuto/scout_ws/install/hesai_ros_driver/share/hesai_ros_driver/cmake/export_hesai_ros_driver__rosidl_typesupport_fastrtps_cExport.cmake
[1.420s] -- Up-to-date: /home/takuto/scout_ws/install/hesai_ros_driver/share/hesai_ros_driver/cmake/export_hesai_ros_driver__rosidl_typesupport_fastrtps_cExport-release.cmake
[1.420s] -- Up-to-date: /home/takuto/scout_ws/install/hesai_ros_driver/share/hesai_ros_driver/cmake/export_hesai_ros_driver__rosidl_generator_cppExport.cmake
[1.420s] -- Up-to-date: /home/takuto/scout_ws/install/hesai_ros_driver/share/hesai_ros_driver/cmake/export_hesai_ros_driver__rosidl_typesupport_fastrtps_cppExport.cmake
[1.420s] -- Up-to-date: /home/takuto/scout_ws/install/hesai_ros_driver/share/hesai_ros_driver/cmake/export_hesai_ros_driver__rosidl_typesupport_fastrtps_cppExport-release.cmake
[1.421s] -- Up-to-date: /home/takuto/scout_ws/install/hesai_ros_driver/share/hesai_ros_driver/cmake/hesai_ros_driver__rosidl_typesupport_introspection_cExport.cmake
[1.421s] -- Up-to-date: /home/takuto/scout_ws/install/hesai_ros_driver/share/hesai_ros_driver/cmake/hesai_ros_driver__rosidl_typesupport_introspection_cExport-release.cmake
[1.421s] -- Up-to-date: /home/takuto/scout_ws/install/hesai_ros_driver/share/hesai_ros_driver/cmake/hesai_ros_driver__rosidl_typesupport_cExport.cmake
[1.421s] -- Up-to-date: /home/takuto/scout_ws/install/hesai_ros_driver/share/hesai_ros_driver/cmake/hesai_ros_driver__rosidl_typesupport_cExport-release.cmake
[1.421s] -- Up-to-date: /home/takuto/scout_ws/install/hesai_ros_driver/share/hesai_ros_driver/cmake/hesai_ros_driver__rosidl_typesupport_introspection_cppExport.cmake
[1.421s] -- Up-to-date: /home/takuto/scout_ws/install/hesai_ros_driver/share/hesai_ros_driver/cmake/hesai_ros_driver__rosidl_typesupport_introspection_cppExport-release.cmake
[1.421s] -- Up-to-date: /home/takuto/scout_ws/install/hesai_ros_driver/share/hesai_ros_driver/cmake/hesai_ros_driver__rosidl_typesupport_cppExport.cmake
[1.421s] -- Up-to-date: /home/takuto/scout_ws/install/hesai_ros_driver/share/hesai_ros_driver/cmake/hesai_ros_driver__rosidl_typesupport_cppExport-release.cmake
[1.421s] -- Up-to-date: /home/takuto/scout_ws/install/hesai_ros_driver/share/hesai_ros_driver/cmake/export_hesai_ros_driver__rosidl_generator_pyExport.cmake
[1.421s] -- Up-to-date: /home/takuto/scout_ws/install/hesai_ros_driver/share/hesai_ros_driver/cmake/export_hesai_ros_driver__rosidl_generator_pyExport-release.cmake
[1.421s] -- Up-to-date: /home/takuto/scout_ws/install/hesai_ros_driver/share/hesai_ros_driver/cmake/rosidl_cmake-extras.cmake
[1.421s] -- Up-to-date: /home/takuto/scout_ws/install/hesai_ros_driver/share/hesai_ros_driver/cmake/ament_cmake_export_dependencies-extras.cmake
[1.421s] -- Up-to-date: /home/takuto/scout_ws/install/hesai_ros_driver/share/hesai_ros_driver/cmake/ament_cmake_export_include_directories-extras.cmake
[1.422s] -- Up-to-date: /home/takuto/scout_ws/install/hesai_ros_driver/share/hesai_ros_driver/cmake/ament_cmake_export_libraries-extras.cmake
[1.422s] -- Up-to-date: /home/takuto/scout_ws/install/hesai_ros_driver/share/hesai_ros_driver/cmake/ament_cmake_export_targets-extras.cmake
[1.422s] -- Up-to-date: /home/takuto/scout_ws/install/hesai_ros_driver/share/hesai_ros_driver/cmake/rosidl_cmake_export_typesupport_targets-extras.cmake
[1.422s] -- Up-to-date: /home/takuto/scout_ws/install/hesai_ros_driver/share/hesai_ros_driver/cmake/rosidl_cmake_export_typesupport_libraries-extras.cmake
[1.422s] -- Up-to-date: /home/takuto/scout_ws/install/hesai_ros_driver/share/hesai_ros_driver/cmake/hesai_ros_driverConfig.cmake
[1.422s] -- Up-to-date: /home/takuto/scout_ws/install/hesai_ros_driver/share/hesai_ros_driver/cmake/hesai_ros_driverConfig-version.cmake
[1.422s] -- Up-to-date: /home/takuto/scout_ws/install/hesai_ros_driver/share/hesai_ros_driver/package.xml
[1.427s] Invoked command in '/home/takuto/scout_ws/build/hesai_ros_driver' returned '0': CMAKE_PREFIX_PATH=/home/takuto/scout_ws/install/scout_gazebo:/home/takuto/scout_ws/install/scout_mini_ROS2:/home/takuto/scout_ws/install/hesai_ros_driver:/home/takuto/scout_ws/install/hesai_description:/home/takuto/mecanumrover_ws/install/vs_rover_options_description:/home/takuto/mecanumrover_ws/install/mecanumrover_gazebo:/home/takuto/mecanumrover_ws/install/mecanumrover3:/home/takuto/mecanumrover_ws/install/mecanumrover_description:/home/takuto/mecanumrover_ws/install/mecanumrover3_bringup:/home/takuto/uros_ws/install/micro_ros_setup:/home/takuto/uros_ws/install/micro_ros_agent:/home/takuto/uros_ws/install/micro_ros_msgs:/home/takuto/scout_ws/src/install/scout_gazebo:/home/takuto/scout_ws/src/install/hesai_ros_driver:/home/takuto/turtlebot3_ws/install/turtlebot3:/home/takuto/turtlebot3_ws/install/turtlebot3_simulations:/home/takuto/turtlebot3_ws/install/turtlebot3_bringup:/home/takuto/turtlebot3_ws/install/turtlebot3_node:/home/takuto/turtlebot3_ws/install/turtlebot3_navigation2:/home/takuto/turtlebot3_ws/install/turtlebot3_gazebo:/home/takuto/turtlebot3_ws/install/turtlebot3_fake_node:/home/takuto/turtlebot3_ws/install/turtlebot3_description:/home/takuto/turtlebot3_ws/install/turtlebot3_cartographer:/home/takuto/scout_ws/install/cost_cul:/home/takuto/scout_ws/install/cmd_vel_joy:/home/takuto/scout_ws/src/install/cmd_vel_joy:/home/takuto/turtlebot3_ws/install/turtlebot3_teleop:/home/takuto/turtlebot3_ws/install/turtlebot3_example:/home/takuto/turtlebot3_ws/install/cmd_vel_joy:/opt/ros/humble:/home/takuto/turtlebot3_ws/install/realsense_gazebo_plugin:/home/takuto/turtlebot3_ws/install/realsense2_description:/home/takuto/turtlebot3_ws/install/realsense2_camera:/home/takuto/turtlebot3_ws/install/realsense2_camera_msgs:/home/takuto/turtlebot3_ws/install/dynamixel_sdk_examples:/home/takuto/turtlebot3_ws/install/dynamixel_sdk_custom_interfaces:/home/takuto/turtlebot3_ws/install/dynamixel_sdk /usr/bin/cmake --install /home/takuto/scout_ws/build/hesai_ros_driver
