[1.534s] Invoking command in '/home/takuto/scout_ws/src/cost_cul': PYTHONPATH=/home/takuto/scout_ws/build/cost_cul/prefix_override:/usr/lib/python3/dist-packages/colcon_core/task/python/colcon_distutils_commands:/home/takuto/scout_ws/install/cost_cul/lib/python3.10/site-packages:${PYTHONPATH} /usr/bin/python3 -W ignore:setup.py install is deprecated -W ignore:easy_install command is deprecated setup.py egg_info --egg-base ../../build/cost_cul build --build-base /home/takuto/scout_ws/build/cost_cul/build install --record /home/takuto/scout_ws/build/cost_cul/install.log --single-version-externally-managed install_data
[1.918s] running egg_info
[1.919s] writing ../../build/cost_cul/cost_cul.egg-info/PKG-INFO
[1.920s] writing dependency_links to ../../build/cost_cul/cost_cul.egg-info/dependency_links.txt
[1.920s] writing entry points to ../../build/cost_cul/cost_cul.egg-info/entry_points.txt
[1.920s] writing requirements to ../../build/cost_cul/cost_cul.egg-info/requires.txt
[1.920s] writing top-level names to ../../build/cost_cul/cost_cul.egg-info/top_level.txt
[1.923s] reading manifest file '../../build/cost_cul/cost_cul.egg-info/SOURCES.txt'
[1.924s] writing manifest file '../../build/cost_cul/cost_cul.egg-info/SOURCES.txt'
[1.924s] running build
[1.925s] running build_py
[1.925s] copying cost_cul/grid_manage.py -> /home/takuto/scout_ws/build/cost_cul/build/lib/cost_cul
[1.925s] copying cost_cul/cost_cul_main.py -> /home/takuto/scout_ws/build/cost_cul/build/lib/cost_cul
[1.925s] running install
[1.926s] running install_lib
[1.927s] copying /home/takuto/scout_ws/build/cost_cul/build/lib/cost_cul/grid_manage.py -> /home/takuto/scout_ws/install/cost_cul/lib/python3.10/site-packages/cost_cul
[1.928s] copying /home/takuto/scout_ws/build/cost_cul/build/lib/cost_cul/cost_cul_main.py -> /home/takuto/scout_ws/install/cost_cul/lib/python3.10/site-packages/cost_cul
[1.929s] byte-compiling /home/takuto/scout_ws/install/cost_cul/lib/python3.10/site-packages/cost_cul/grid_manage.py to grid_manage.cpython-310.pyc
[1.931s] byte-compiling /home/takuto/scout_ws/install/cost_cul/lib/python3.10/site-packages/cost_cul/cost_cul_main.py to cost_cul_main.cpython-310.pyc
[1.933s] running install_data
[1.933s] running install_egg_info
[1.936s] removing '/home/takuto/scout_ws/install/cost_cul/lib/python3.10/site-packages/cost_cul-0.0.0-py3.10.egg-info' (and everything under it)
[1.937s] Copying ../../build/cost_cul/cost_cul.egg-info to /home/takuto/scout_ws/install/cost_cul/lib/python3.10/site-packages/cost_cul-0.0.0-py3.10.egg-info
[1.938s] running install_scripts
[1.968s] Installing cost_cul_node script to /home/takuto/scout_ws/install/cost_cul/lib/cost_cul
[1.969s] writing list of installed files to '/home/takuto/scout_ws/build/cost_cul/install.log'
[2.018s] Invoked command in '/home/takuto/scout_ws/src/cost_cul' returned '0': PYTHONPATH=/home/takuto/scout_ws/build/cost_cul/prefix_override:/usr/lib/python3/dist-packages/colcon_core/task/python/colcon_distutils_commands:/home/takuto/scout_ws/install/cost_cul/lib/python3.10/site-packages:${PYTHONPATH} /usr/bin/python3 -W ignore:setup.py install is deprecated -W ignore:easy_install command is deprecated setup.py egg_info --egg-base ../../build/cost_cul build --build-base /home/takuto/scout_ws/build/cost_cul/build install --record /home/takuto/scout_ws/build/cost_cul/install.log --single-version-externally-managed install_data
