[0.630s] Invoking command in '/home/takuto/turtlebot3_ws/src/cmd_vel_joy': PYTHONPATH=/home/takuto/turtlebot3_ws/src/cmd_vel_joy/build/cmd_vel_joy/prefix_override:/usr/lib/python3/dist-packages/colcon_core/task/python/colcon_distutils_commands:/home/takuto/turtlebot3_ws/src/cmd_vel_joy/install/cmd_vel_joy/lib/python3.10/site-packages:${PYTHONPATH} /usr/bin/python3 -W ignore:setup.py install is deprecated -W ignore:easy_install command is deprecated setup.py egg_info --egg-base build/cmd_vel_joy build --build-base /home/takuto/turtlebot3_ws/src/cmd_vel_joy/build/cmd_vel_joy/build install --record /home/takuto/turtlebot3_ws/src/cmd_vel_joy/build/cmd_vel_joy/install.log --single-version-externally-managed install_data
[0.798s] running egg_info
[0.798s] creating build/cmd_vel_joy/cmd_vel_joy.egg-info
[0.798s] writing build/cmd_vel_joy/cmd_vel_joy.egg-info/PKG-INFO
[0.799s] writing dependency_links to build/cmd_vel_joy/cmd_vel_joy.egg-info/dependency_links.txt
[0.799s] writing entry points to build/cmd_vel_joy/cmd_vel_joy.egg-info/entry_points.txt
[0.799s] writing requirements to build/cmd_vel_joy/cmd_vel_joy.egg-info/requires.txt
[0.799s] writing top-level names to build/cmd_vel_joy/cmd_vel_joy.egg-info/top_level.txt
[0.799s] writing manifest file 'build/cmd_vel_joy/cmd_vel_joy.egg-info/SOURCES.txt'
[0.800s] reading manifest file 'build/cmd_vel_joy/cmd_vel_joy.egg-info/SOURCES.txt'
[0.800s] writing manifest file 'build/cmd_vel_joy/cmd_vel_joy.egg-info/SOURCES.txt'
[0.801s] running build
[0.801s] running build_py
[0.801s] creating /home/takuto/turtlebot3_ws/src/cmd_vel_joy/build/cmd_vel_joy/build
[0.801s] creating /home/takuto/turtlebot3_ws/src/cmd_vel_joy/build/cmd_vel_joy/build/lib
[0.801s] creating /home/takuto/turtlebot3_ws/src/cmd_vel_joy/build/cmd_vel_joy/build/lib/cmd_vel_joy
[0.801s] copying cmd_vel_joy/__init__.py -> /home/takuto/turtlebot3_ws/src/cmd_vel_joy/build/cmd_vel_joy/build/lib/cmd_vel_joy
[0.801s] copying cmd_vel_joy/joy_cmd.py -> /home/takuto/turtlebot3_ws/src/cmd_vel_joy/build/cmd_vel_joy/build/lib/cmd_vel_joy
[0.801s] running install
[0.801s] running install_lib
[0.802s] creating /home/takuto/turtlebot3_ws/src/cmd_vel_joy/install/cmd_vel_joy/lib/python3.10/site-packages/cmd_vel_joy
[0.802s] copying /home/takuto/turtlebot3_ws/src/cmd_vel_joy/build/cmd_vel_joy/build/lib/cmd_vel_joy/__init__.py -> /home/takuto/turtlebot3_ws/src/cmd_vel_joy/install/cmd_vel_joy/lib/python3.10/site-packages/cmd_vel_joy
[0.802s] copying /home/takuto/turtlebot3_ws/src/cmd_vel_joy/build/cmd_vel_joy/build/lib/cmd_vel_joy/joy_cmd.py -> /home/takuto/turtlebot3_ws/src/cmd_vel_joy/install/cmd_vel_joy/lib/python3.10/site-packages/cmd_vel_joy
[0.802s] byte-compiling /home/takuto/turtlebot3_ws/src/cmd_vel_joy/install/cmd_vel_joy/lib/python3.10/site-packages/cmd_vel_joy/__init__.py to __init__.cpython-310.pyc
[0.802s] byte-compiling /home/takuto/turtlebot3_ws/src/cmd_vel_joy/install/cmd_vel_joy/lib/python3.10/site-packages/cmd_vel_joy/joy_cmd.py to joy_cmd.cpython-310.pyc
[0.803s] running install_data
[0.803s] creating /home/takuto/turtlebot3_ws/src/cmd_vel_joy/install/cmd_vel_joy/share/ament_index
[0.803s] creating /home/takuto/turtlebot3_ws/src/cmd_vel_joy/install/cmd_vel_joy/share/ament_index/resource_index
[0.803s] creating /home/takuto/turtlebot3_ws/src/cmd_vel_joy/install/cmd_vel_joy/share/ament_index/resource_index/packages
[0.803s] copying resource/cmd_vel_joy -> /home/takuto/turtlebot3_ws/src/cmd_vel_joy/install/cmd_vel_joy/share/ament_index/resource_index/packages
[0.803s] copying package.xml -> /home/takuto/turtlebot3_ws/src/cmd_vel_joy/install/cmd_vel_joy/share/cmd_vel_joy
[0.803s] running install_egg_info
[0.804s] Copying build/cmd_vel_joy/cmd_vel_joy.egg-info to /home/takuto/turtlebot3_ws/src/cmd_vel_joy/install/cmd_vel_joy/lib/python3.10/site-packages/cmd_vel_joy-0.0.0-py3.10.egg-info
[0.805s] running install_scripts
[0.819s] Installing joy_cmd script to /home/takuto/turtlebot3_ws/src/cmd_vel_joy/install/cmd_vel_joy/lib/cmd_vel_joy
[0.819s] writing list of installed files to '/home/takuto/turtlebot3_ws/src/cmd_vel_joy/build/cmd_vel_joy/install.log'
[0.845s] Invoked command in '/home/takuto/turtlebot3_ws/src/cmd_vel_joy' returned '0': PYTHONPATH=/home/takuto/turtlebot3_ws/src/cmd_vel_joy/build/cmd_vel_joy/prefix_override:/usr/lib/python3/dist-packages/colcon_core/task/python/colcon_distutils_commands:/home/takuto/turtlebot3_ws/src/cmd_vel_joy/install/cmd_vel_joy/lib/python3.10/site-packages:${PYTHONPATH} /usr/bin/python3 -W ignore:setup.py install is deprecated -W ignore:easy_install command is deprecated setup.py egg_info --egg-base build/cmd_vel_joy build --build-base /home/takuto/turtlebot3_ws/src/cmd_vel_joy/build/cmd_vel_joy/build install --record /home/takuto/turtlebot3_ws/src/cmd_vel_joy/build/cmd_vel_joy/install.log --single-version-externally-managed install_data
