[0.628s] Invoking command in '/home/takuto/scout_ws/build/scout_mini_ROS2': CMAKE_PREFIX_PATH=/home/takuto/scout_ws/install/scout_mini_ROS2:/home/takuto/scout_ws/install/hesai_ros_driver:/home/takuto/scout_ws/install/hesai_description:/home/takuto/mecanumrover_ws/install/vs_rover_options_description:/home/takuto/mecanumrover_ws/install/mecanumrover_gazebo:/home/takuto/mecanumrover_ws/install/mecanumrover3:/home/takuto/mecanumrover_ws/install/mecanumrover_description:/home/takuto/mecanumrover_ws/install/mecanumrover3_bringup:/home/takuto/uros_ws/install/micro_ros_setup:/home/takuto/uros_ws/install/micro_ros_agent:/home/takuto/uros_ws/install/micro_ros_msgs:/home/takuto/scout_ws/src/install/scout_gazebo:/home/takuto/scout_ws/src/install/hesai_ros_driver:/home/takuto/turtlebot3_ws/install/turtlebot3:/home/takuto/turtlebot3_ws/install/turtlebot3_simulations:/home/takuto/turtlebot3_ws/install/turtlebot3_bringup:/home/takuto/turtlebot3_ws/install/turtlebot3_node:/home/takuto/turtlebot3_ws/install/turtlebot3_navigation2:/home/takuto/turtlebot3_ws/install/turtlebot3_gazebo:/home/takuto/turtlebot3_ws/install/turtlebot3_fake_node:/home/takuto/turtlebot3_ws/install/turtlebot3_description:/home/takuto/turtlebot3_ws/install/turtlebot3_cartographer:/home/takuto/scout_ws/install/cost_cul:/home/takuto/scout_ws/install/cmd_vel_joy:/home/takuto/scout_ws/src/install/cmd_vel_joy:/home/takuto/turtlebot3_ws/install/turtlebot3_teleop:/home/takuto/turtlebot3_ws/install/turtlebot3_example:/home/takuto/turtlebot3_ws/install/cmd_vel_joy:/opt/ros/humble:/home/takuto/turtlebot3_ws/install/realsense_gazebo_plugin:/home/takuto/turtlebot3_ws/install/realsense2_description:/home/takuto/turtlebot3_ws/install/realsense2_camera:/home/takuto/turtlebot3_ws/install/realsense2_camera_msgs:/home/takuto/turtlebot3_ws/install/dynamixel_sdk_examples:/home/takuto/turtlebot3_ws/install/dynamixel_sdk_custom_interfaces:/home/takuto/turtlebot3_ws/install/dynamixel_sdk /usr/bin/cmake /home/takuto/scout_ws/src/scout_mini_ROS2 -DCMAKE_INSTALL_PREFIX=/home/takuto/scout_ws/install/scout_mini_ROS2
[0.856s] -- The C compiler identification is GNU 11.4.0
[0.995s] -- The CXX compiler identification is GNU 11.4.0
[1.016s] -- Detecting C compiler ABI info
[1.136s] -- Detecting C compiler ABI info - done
[1.142s] -- Check for working C compiler: /usr/bin/cc - skipped
[1.143s] -- Detecting C compile features
[1.143s] -- Detecting C compile features - done
[1.151s] -- Detecting CXX compiler ABI info
[1.399s] -- Detecting CXX compiler ABI info - done
[1.413s] -- Check for working CXX compiler: /usr/bin/c++ - skipped
[1.413s] -- Detecting CXX compile features
[1.414s] -- Detecting CXX compile features - done
[1.481s] -- Found ament_cmake: 1.3.11 (/opt/ros/humble/share/ament_cmake/cmake)
[1.719s] -- Found Python3: /usr/bin/python3 (found version "3.10.12") found components: Interpreter 
[1.935s] -- Found ament_lint_auto: 0.12.12 (/opt/ros/humble/share/ament_lint_auto/cmake)
[1.995s] WARNING: Package name "scout_mini_ROS2" does not follow the naming conventions. It should start with a lower case letter and only contain lower case letters, digits, underscores, and dashes.
[2.081s] -- Added test 'cppcheck' to perform static code analysis on C / C++ code
[2.082s] -- Configured cppcheck include dirs: 
[2.082s] -- Configured cppcheck exclude dirs and/or files: 
[2.086s] -- Added test 'flake8' to check Python code syntax and style conventions
[2.093s] -- Added test 'lint_cmake' to check CMake code style
[2.098s] -- Added test 'pep257' to check Python code against some of the docstring style conventions in PEP 257
[2.121s] -- Added test 'uncrustify' to check C / C++ code style
[2.121s] -- Configured uncrustify additional arguments: 
[2.125s] -- Added test 'xmllint' to check XML markup files
[2.128s] -- Configuring done
[2.132s] -- Generating done
[2.134s] -- Build files have been written to: /home/takuto/scout_ws/build/scout_mini_ROS2
[2.142s] Invoked command in '/home/takuto/scout_ws/build/scout_mini_ROS2' returned '0': CMAKE_PREFIX_PATH=/home/takuto/scout_ws/install/scout_mini_ROS2:/home/takuto/scout_ws/install/hesai_ros_driver:/home/takuto/scout_ws/install/hesai_description:/home/takuto/mecanumrover_ws/install/vs_rover_options_description:/home/takuto/mecanumrover_ws/install/mecanumrover_gazebo:/home/takuto/mecanumrover_ws/install/mecanumrover3:/home/takuto/mecanumrover_ws/install/mecanumrover_description:/home/takuto/mecanumrover_ws/install/mecanumrover3_bringup:/home/takuto/uros_ws/install/micro_ros_setup:/home/takuto/uros_ws/install/micro_ros_agent:/home/takuto/uros_ws/install/micro_ros_msgs:/home/takuto/scout_ws/src/install/scout_gazebo:/home/takuto/scout_ws/src/install/hesai_ros_driver:/home/takuto/turtlebot3_ws/install/turtlebot3:/home/takuto/turtlebot3_ws/install/turtlebot3_simulations:/home/takuto/turtlebot3_ws/install/turtlebot3_bringup:/home/takuto/turtlebot3_ws/install/turtlebot3_node:/home/takuto/turtlebot3_ws/install/turtlebot3_navigation2:/home/takuto/turtlebot3_ws/install/turtlebot3_gazebo:/home/takuto/turtlebot3_ws/install/turtlebot3_fake_node:/home/takuto/turtlebot3_ws/install/turtlebot3_description:/home/takuto/turtlebot3_ws/install/turtlebot3_cartographer:/home/takuto/scout_ws/install/cost_cul:/home/takuto/scout_ws/install/cmd_vel_joy:/home/takuto/scout_ws/src/install/cmd_vel_joy:/home/takuto/turtlebot3_ws/install/turtlebot3_teleop:/home/takuto/turtlebot3_ws/install/turtlebot3_example:/home/takuto/turtlebot3_ws/install/cmd_vel_joy:/opt/ros/humble:/home/takuto/turtlebot3_ws/install/realsense_gazebo_plugin:/home/takuto/turtlebot3_ws/install/realsense2_description:/home/takuto/turtlebot3_ws/install/realsense2_camera:/home/takuto/turtlebot3_ws/install/realsense2_camera_msgs:/home/takuto/turtlebot3_ws/install/dynamixel_sdk_examples:/home/takuto/turtlebot3_ws/install/dynamixel_sdk_custom_interfaces:/home/takuto/turtlebot3_ws/install/dynamixel_sdk /usr/bin/cmake /home/takuto/scout_ws/src/scout_mini_ROS2 -DCMAKE_INSTALL_PREFIX=/home/takuto/scout_ws/install/scout_mini_ROS2
[2.143s] Invoking command in '/home/takuto/scout_ws/build/scout_mini_ROS2': CMAKE_PREFIX_PATH=/home/takuto/scout_ws/install/scout_mini_ROS2:/home/takuto/scout_ws/install/hesai_ros_driver:/home/takuto/scout_ws/install/hesai_description:/home/takuto/mecanumrover_ws/install/vs_rover_options_description:/home/takuto/mecanumrover_ws/install/mecanumrover_gazebo:/home/takuto/mecanumrover_ws/install/mecanumrover3:/home/takuto/mecanumrover_ws/install/mecanumrover_description:/home/takuto/mecanumrover_ws/install/mecanumrover3_bringup:/home/takuto/uros_ws/install/micro_ros_setup:/home/takuto/uros_ws/install/micro_ros_agent:/home/takuto/uros_ws/install/micro_ros_msgs:/home/takuto/scout_ws/src/install/scout_gazebo:/home/takuto/scout_ws/src/install/hesai_ros_driver:/home/takuto/turtlebot3_ws/install/turtlebot3:/home/takuto/turtlebot3_ws/install/turtlebot3_simulations:/home/takuto/turtlebot3_ws/install/turtlebot3_bringup:/home/takuto/turtlebot3_ws/install/turtlebot3_node:/home/takuto/turtlebot3_ws/install/turtlebot3_navigation2:/home/takuto/turtlebot3_ws/install/turtlebot3_gazebo:/home/takuto/turtlebot3_ws/install/turtlebot3_fake_node:/home/takuto/turtlebot3_ws/install/turtlebot3_description:/home/takuto/turtlebot3_ws/install/turtlebot3_cartographer:/home/takuto/scout_ws/install/cost_cul:/home/takuto/scout_ws/install/cmd_vel_joy:/home/takuto/scout_ws/src/install/cmd_vel_joy:/home/takuto/turtlebot3_ws/install/turtlebot3_teleop:/home/takuto/turtlebot3_ws/install/turtlebot3_example:/home/takuto/turtlebot3_ws/install/cmd_vel_joy:/opt/ros/humble:/home/takuto/turtlebot3_ws/install/realsense_gazebo_plugin:/home/takuto/turtlebot3_ws/install/realsense2_description:/home/takuto/turtlebot3_ws/install/realsense2_camera:/home/takuto/turtlebot3_ws/install/realsense2_camera_msgs:/home/takuto/turtlebot3_ws/install/dynamixel_sdk_examples:/home/takuto/turtlebot3_ws/install/dynamixel_sdk_custom_interfaces:/home/takuto/turtlebot3_ws/install/dynamixel_sdk /usr/bin/cmake --build /home/takuto/scout_ws/build/scout_mini_ROS2 -- -j16 -l16
[2.194s] Invoked command in '/home/takuto/scout_ws/build/scout_mini_ROS2' returned '0': CMAKE_PREFIX_PATH=/home/takuto/scout_ws/install/scout_mini_ROS2:/home/takuto/scout_ws/install/hesai_ros_driver:/home/takuto/scout_ws/install/hesai_description:/home/takuto/mecanumrover_ws/install/vs_rover_options_description:/home/takuto/mecanumrover_ws/install/mecanumrover_gazebo:/home/takuto/mecanumrover_ws/install/mecanumrover3:/home/takuto/mecanumrover_ws/install/mecanumrover_description:/home/takuto/mecanumrover_ws/install/mecanumrover3_bringup:/home/takuto/uros_ws/install/micro_ros_setup:/home/takuto/uros_ws/install/micro_ros_agent:/home/takuto/uros_ws/install/micro_ros_msgs:/home/takuto/scout_ws/src/install/scout_gazebo:/home/takuto/scout_ws/src/install/hesai_ros_driver:/home/takuto/turtlebot3_ws/install/turtlebot3:/home/takuto/turtlebot3_ws/install/turtlebot3_simulations:/home/takuto/turtlebot3_ws/install/turtlebot3_bringup:/home/takuto/turtlebot3_ws/install/turtlebot3_node:/home/takuto/turtlebot3_ws/install/turtlebot3_navigation2:/home/takuto/turtlebot3_ws/install/turtlebot3_gazebo:/home/takuto/turtlebot3_ws/install/turtlebot3_fake_node:/home/takuto/turtlebot3_ws/install/turtlebot3_description:/home/takuto/turtlebot3_ws/install/turtlebot3_cartographer:/home/takuto/scout_ws/install/cost_cul:/home/takuto/scout_ws/install/cmd_vel_joy:/home/takuto/scout_ws/src/install/cmd_vel_joy:/home/takuto/turtlebot3_ws/install/turtlebot3_teleop:/home/takuto/turtlebot3_ws/install/turtlebot3_example:/home/takuto/turtlebot3_ws/install/cmd_vel_joy:/opt/ros/humble:/home/takuto/turtlebot3_ws/install/realsense_gazebo_plugin:/home/takuto/turtlebot3_ws/install/realsense2_description:/home/takuto/turtlebot3_ws/install/realsense2_camera:/home/takuto/turtlebot3_ws/install/realsense2_camera_msgs:/home/takuto/turtlebot3_ws/install/dynamixel_sdk_examples:/home/takuto/turtlebot3_ws/install/dynamixel_sdk_custom_interfaces:/home/takuto/turtlebot3_ws/install/dynamixel_sdk /usr/bin/cmake --build /home/takuto/scout_ws/build/scout_mini_ROS2 -- -j16 -l16
[2.196s] Invoking command in '/home/takuto/scout_ws/build/scout_mini_ROS2': CMAKE_PREFIX_PATH=/home/takuto/scout_ws/install/scout_mini_ROS2:/home/takuto/scout_ws/install/hesai_ros_driver:/home/takuto/scout_ws/install/hesai_description:/home/takuto/mecanumrover_ws/install/vs_rover_options_description:/home/takuto/mecanumrover_ws/install/mecanumrover_gazebo:/home/takuto/mecanumrover_ws/install/mecanumrover3:/home/takuto/mecanumrover_ws/install/mecanumrover_description:/home/takuto/mecanumrover_ws/install/mecanumrover3_bringup:/home/takuto/uros_ws/install/micro_ros_setup:/home/takuto/uros_ws/install/micro_ros_agent:/home/takuto/uros_ws/install/micro_ros_msgs:/home/takuto/scout_ws/src/install/scout_gazebo:/home/takuto/scout_ws/src/install/hesai_ros_driver:/home/takuto/turtlebot3_ws/install/turtlebot3:/home/takuto/turtlebot3_ws/install/turtlebot3_simulations:/home/takuto/turtlebot3_ws/install/turtlebot3_bringup:/home/takuto/turtlebot3_ws/install/turtlebot3_node:/home/takuto/turtlebot3_ws/install/turtlebot3_navigation2:/home/takuto/turtlebot3_ws/install/turtlebot3_gazebo:/home/takuto/turtlebot3_ws/install/turtlebot3_fake_node:/home/takuto/turtlebot3_ws/install/turtlebot3_description:/home/takuto/turtlebot3_ws/install/turtlebot3_cartographer:/home/takuto/scout_ws/install/cost_cul:/home/takuto/scout_ws/install/cmd_vel_joy:/home/takuto/scout_ws/src/install/cmd_vel_joy:/home/takuto/turtlebot3_ws/install/turtlebot3_teleop:/home/takuto/turtlebot3_ws/install/turtlebot3_example:/home/takuto/turtlebot3_ws/install/cmd_vel_joy:/opt/ros/humble:/home/takuto/turtlebot3_ws/install/realsense_gazebo_plugin:/home/takuto/turtlebot3_ws/install/realsense2_description:/home/takuto/turtlebot3_ws/install/realsense2_camera:/home/takuto/turtlebot3_ws/install/realsense2_camera_msgs:/home/takuto/turtlebot3_ws/install/dynamixel_sdk_examples:/home/takuto/turtlebot3_ws/install/dynamixel_sdk_custom_interfaces:/home/takuto/turtlebot3_ws/install/dynamixel_sdk /usr/bin/cmake --install /home/takuto/scout_ws/build/scout_mini_ROS2
[2.205s] -- Install configuration: ""
[2.205s] -- Installing: /home/takuto/scout_ws/install/scout_mini_ROS2/share/scout_mini_ROS2/meshes
[2.205s] -- Installing: /home/takuto/scout_ws/install/scout_mini_ROS2/share/scout_mini_ROS2/meshes/wheel_type1.dae
[2.230s] -- Installing: /home/takuto/scout_ws/install/scout_mini_ROS2/share/scout_mini_ROS2/meshes/1_Link.STL
[2.263s] -- Installing: /home/takuto/scout_ws/install/scout_mini_ROS2/share/scout_mini_ROS2/meshes/scout_mini_base_link2.dae
[2.381s] -- Installing: /home/takuto/scout_ws/install/scout_mini_ROS2/share/scout_mini_ROS2/meshes/base_link_full.dae
[2.381s] -- Installing: /home/takuto/scout_ws/install/scout_mini_ROS2/share/scout_mini_ROS2/meshes/scout_mini_base_link2.stl
[2.448s] -- Installing: /home/takuto/scout_ws/install/scout_mini_ROS2/share/scout_mini_ROS2/meshes/2_Link.STL
[2.477s] -- Installing: /home/takuto/scout_ws/install/scout_mini_ROS2/share/scout_mini_ROS2/meshes/3_Link.STL
[2.503s] -- Installing: /home/takuto/scout_ws/install/scout_mini_ROS2/share/scout_mini_ROS2/meshes/scout_mini_base_link.STL
[2.572s] -- Installing: /home/takuto/scout_ws/install/scout_mini_ROS2/share/scout_mini_ROS2/meshes/scout_mini_base_link.dae
[2.639s] -- Installing: /home/takuto/scout_ws/install/scout_mini_ROS2/share/scout_mini_ROS2/meshes/wheel_type2.dae
[2.683s] -- Installing: /home/takuto/scout_ws/install/scout_mini_ROS2/share/scout_mini_ROS2/meshes/box_link.STL
[2.767s] -- Installing: /home/takuto/scout_ws/install/scout_mini_ROS2/share/scout_mini_ROS2/meshes/wheel.dae
[2.791s] -- Installing: /home/takuto/scout_ws/install/scout_mini_ROS2/share/scout_mini_ROS2/meshes/4_Link.STL
[2.815s] -- Installing: /home/takuto/scout_ws/install/scout_mini_ROS2/share/scout_mini_ROS2/meshes/base_link.dae
[2.916s] -- Installing: /home/takuto/scout_ws/install/scout_mini_ROS2/share/scout_mini_ROS2/urdf
[2.916s] -- Installing: /home/takuto/scout_ws/install/scout_mini_ROS2/share/scout_mini_ROS2/urdf/scout.urdf
[2.917s] -- Installing: /home/takuto/scout_ws/install/scout_mini_ROS2/share/scout_mini_ROS2/launch
[2.917s] -- Installing: /home/takuto/scout_ws/install/scout_mini_ROS2/share/scout_mini_ROS2/launch/launch.py
[2.917s] -- Installing: /home/takuto/scout_ws/install/scout_mini_ROS2/share/scout_mini_ROS2/launch/launch2.py
[2.917s] -- Installing: /home/takuto/scout_ws/install/scout_mini_ROS2/share/scout_mini_ROS2/worlds
[2.918s] -- Installing: /home/takuto/scout_ws/install/scout_mini_ROS2/share/scout_mini_ROS2/worlds/yosemite.world
[2.919s] -- Installing: /home/takuto/scout_ws/install/scout_mini_ROS2/share/scout_mini_ROS2/worlds/field.world
[2.920s] -- Installing: /home/takuto/scout_ws/install/scout_mini_ROS2/share/scout_mini_ROS2/worlds/inspection.world
[2.922s] -- Installing: /home/takuto/scout_ws/install/scout_mini_ROS2/share/scout_mini_ROS2/worlds/slope.world
[2.924s] -- Installing: /home/takuto/scout_ws/install/scout_mini_ROS2/share/scout_mini_ROS2/rviz
[2.924s] -- Installing: /home/takuto/scout_ws/install/scout_mini_ROS2/share/scout_mini_ROS2/rviz/scout_gazebo.rviz
[2.925s] -- Installing: /home/takuto/scout_ws/install/scout_mini_ROS2/share/ament_index/resource_index/package_run_dependencies/scout_mini_ROS2
[2.925s] -- Installing: /home/takuto/scout_ws/install/scout_mini_ROS2/share/ament_index/resource_index/parent_prefix_path/scout_mini_ROS2
[2.925s] -- Installing: /home/takuto/scout_ws/install/scout_mini_ROS2/share/scout_mini_ROS2/environment/ament_prefix_path.sh
[2.925s] -- Installing: /home/takuto/scout_ws/install/scout_mini_ROS2/share/scout_mini_ROS2/environment/ament_prefix_path.dsv
[2.925s] -- Installing: /home/takuto/scout_ws/install/scout_mini_ROS2/share/scout_mini_ROS2/environment/path.sh
[2.926s] -- Installing: /home/takuto/scout_ws/install/scout_mini_ROS2/share/scout_mini_ROS2/environment/path.dsv
[2.926s] -- Installing: /home/takuto/scout_ws/install/scout_mini_ROS2/share/scout_mini_ROS2/local_setup.bash
[2.926s] -- Installing: /home/takuto/scout_ws/install/scout_mini_ROS2/share/scout_mini_ROS2/local_setup.sh
[2.926s] -- Installing: /home/takuto/scout_ws/install/scout_mini_ROS2/share/scout_mini_ROS2/local_setup.zsh
[2.926s] -- Installing: /home/takuto/scout_ws/install/scout_mini_ROS2/share/scout_mini_ROS2/local_setup.dsv
[2.926s] -- Installing: /home/takuto/scout_ws/install/scout_mini_ROS2/share/scout_mini_ROS2/package.dsv
[2.927s] -- Installing: /home/takuto/scout_ws/install/scout_mini_ROS2/share/ament_index/resource_index/packages/scout_mini_ROS2
[2.927s] -- Installing: /home/takuto/scout_ws/install/scout_mini_ROS2/share/scout_mini_ROS2/cmake/scout_mini_ROS2Config.cmake
[2.927s] -- Installing: /home/takuto/scout_ws/install/scout_mini_ROS2/share/scout_mini_ROS2/cmake/scout_mini_ROS2Config-version.cmake
[2.927s] -- Installing: /home/takuto/scout_ws/install/scout_mini_ROS2/share/scout_mini_ROS2/package.xml
[2.930s] Invoked command in '/home/takuto/scout_ws/build/scout_mini_ROS2' returned '0': CMAKE_PREFIX_PATH=/home/takuto/scout_ws/install/scout_mini_ROS2:/home/takuto/scout_ws/install/hesai_ros_driver:/home/takuto/scout_ws/install/hesai_description:/home/takuto/mecanumrover_ws/install/vs_rover_options_description:/home/takuto/mecanumrover_ws/install/mecanumrover_gazebo:/home/takuto/mecanumrover_ws/install/mecanumrover3:/home/takuto/mecanumrover_ws/install/mecanumrover_description:/home/takuto/mecanumrover_ws/install/mecanumrover3_bringup:/home/takuto/uros_ws/install/micro_ros_setup:/home/takuto/uros_ws/install/micro_ros_agent:/home/takuto/uros_ws/install/micro_ros_msgs:/home/takuto/scout_ws/src/install/scout_gazebo:/home/takuto/scout_ws/src/install/hesai_ros_driver:/home/takuto/turtlebot3_ws/install/turtlebot3:/home/takuto/turtlebot3_ws/install/turtlebot3_simulations:/home/takuto/turtlebot3_ws/install/turtlebot3_bringup:/home/takuto/turtlebot3_ws/install/turtlebot3_node:/home/takuto/turtlebot3_ws/install/turtlebot3_navigation2:/home/takuto/turtlebot3_ws/install/turtlebot3_gazebo:/home/takuto/turtlebot3_ws/install/turtlebot3_fake_node:/home/takuto/turtlebot3_ws/install/turtlebot3_description:/home/takuto/turtlebot3_ws/install/turtlebot3_cartographer:/home/takuto/scout_ws/install/cost_cul:/home/takuto/scout_ws/install/cmd_vel_joy:/home/takuto/scout_ws/src/install/cmd_vel_joy:/home/takuto/turtlebot3_ws/install/turtlebot3_teleop:/home/takuto/turtlebot3_ws/install/turtlebot3_example:/home/takuto/turtlebot3_ws/install/cmd_vel_joy:/opt/ros/humble:/home/takuto/turtlebot3_ws/install/realsense_gazebo_plugin:/home/takuto/turtlebot3_ws/install/realsense2_description:/home/takuto/turtlebot3_ws/install/realsense2_camera:/home/takuto/turtlebot3_ws/install/realsense2_camera_msgs:/home/takuto/turtlebot3_ws/install/dynamixel_sdk_examples:/home/takuto/turtlebot3_ws/install/dynamixel_sdk_custom_interfaces:/home/takuto/turtlebot3_ws/install/dynamixel_sdk /usr/bin/cmake --install /home/takuto/scout_ws/build/scout_mini_ROS2
