[0.537s] Invoking command in '/home/takuto/scout_ws/src/cmd_vel_joy': PYTHONPATH=/home/takuto/scout_ws/src/cmd_vel_joy/build/cmd_vel_joy/prefix_override:/usr/lib/python3/dist-packages/colcon_core/task/python/colcon_distutils_commands:/home/takuto/scout_ws/src/cmd_vel_joy/install/cmd_vel_joy/lib/python3.10/site-packages:${PYTHONPATH} /usr/bin/python3 -W ignore:setup.py install is deprecated -W ignore:easy_install command is deprecated setup.py egg_info --egg-base build/cmd_vel_joy build --build-base /home/takuto/scout_ws/src/cmd_vel_joy/build/cmd_vel_joy/build install --record /home/takuto/scout_ws/src/cmd_vel_joy/build/cmd_vel_joy/install.log --single-version-externally-managed install_data
[0.735s] running egg_info
[0.735s] writing build/cmd_vel_joy/cmd_vel_joy.egg-info/PKG-INFO
[0.735s] writing dependency_links to build/cmd_vel_joy/cmd_vel_joy.egg-info/dependency_links.txt
[0.735s] writing entry points to build/cmd_vel_joy/cmd_vel_joy.egg-info/entry_points.txt
[0.736s] writing requirements to build/cmd_vel_joy/cmd_vel_joy.egg-info/requires.txt
[0.736s] writing top-level names to build/cmd_vel_joy/cmd_vel_joy.egg-info/top_level.txt
[0.737s] reading manifest file 'build/cmd_vel_joy/cmd_vel_joy.egg-info/SOURCES.txt'
[0.740s] writing manifest file 'build/cmd_vel_joy/cmd_vel_joy.egg-info/SOURCES.txt'
[0.740s] running build
[0.740s] running build_py
[0.740s] running install
[0.741s] running install_lib
[0.742s] running install_data
[0.742s] running install_egg_info
[0.744s] removing '/home/takuto/scout_ws/src/cmd_vel_joy/install/cmd_vel_joy/lib/python3.10/site-packages/cmd_vel_joy-0.0.0-py3.10.egg-info' (and everything under it)
[0.744s] Copying build/cmd_vel_joy/cmd_vel_joy.egg-info to /home/takuto/scout_ws/src/cmd_vel_joy/install/cmd_vel_joy/lib/python3.10/site-packages/cmd_vel_joy-0.0.0-py3.10.egg-info
[0.746s] running install_scripts
[0.762s] Installing joy_cmd script to /home/takuto/scout_ws/src/cmd_vel_joy/install/cmd_vel_joy/lib/cmd_vel_joy
[0.762s] writing list of installed files to '/home/takuto/scout_ws/src/cmd_vel_joy/build/cmd_vel_joy/install.log'
[0.785s] Invoked command in '/home/takuto/scout_ws/src/cmd_vel_joy' returned '0': PYTHONPATH=/home/takuto/scout_ws/src/cmd_vel_joy/build/cmd_vel_joy/prefix_override:/usr/lib/python3/dist-packages/colcon_core/task/python/colcon_distutils_commands:/home/takuto/scout_ws/src/cmd_vel_joy/install/cmd_vel_joy/lib/python3.10/site-packages:${PYTHONPATH} /usr/bin/python3 -W ignore:setup.py install is deprecated -W ignore:easy_install command is deprecated setup.py egg_info --egg-base build/cmd_vel_joy build --build-base /home/takuto/scout_ws/src/cmd_vel_joy/build/cmd_vel_joy/build install --record /home/takuto/scout_ws/src/cmd_vel_joy/build/cmd_vel_joy/install.log --single-version-externally-managed install_data
