[0.788s] Invoking command in '/home/takuto/scout_ws/src/cmd_vel_joy': PYTHONPATH=/home/takuto/scout_ws/build/cmd_vel_joy/prefix_override:/usr/lib/python3/dist-packages/colcon_core/task/python/colcon_distutils_commands:/home/takuto/scout_ws/install/cmd_vel_joy/lib/python3.10/site-packages:${PYTHONPATH} /usr/bin/python3 -W ignore:setup.py install is deprecated -W ignore:easy_install command is deprecated setup.py egg_info --egg-base ../../build/cmd_vel_joy build --build-base /home/takuto/scout_ws/build/cmd_vel_joy/build install --record /home/takuto/scout_ws/build/cmd_vel_joy/install.log --single-version-externally-managed install_data
[1.104s] running egg_info
[1.105s] writing ../../build/cmd_vel_joy/cmd_vel_joy.egg-info/PKG-INFO
[1.105s] writing dependency_links to ../../build/cmd_vel_joy/cmd_vel_joy.egg-info/dependency_links.txt
[1.105s] writing entry points to ../../build/cmd_vel_joy/cmd_vel_joy.egg-info/entry_points.txt
[1.105s] writing requirements to ../../build/cmd_vel_joy/cmd_vel_joy.egg-info/requires.txt
[1.106s] writing top-level names to ../../build/cmd_vel_joy/cmd_vel_joy.egg-info/top_level.txt
[1.108s] reading manifest file '../../build/cmd_vel_joy/cmd_vel_joy.egg-info/SOURCES.txt'
[1.110s] writing manifest file '../../build/cmd_vel_joy/cmd_vel_joy.egg-info/SOURCES.txt'
[1.110s] running build
[1.110s] running build_py
[1.110s] running install
[1.111s] running install_lib
[1.113s] running install_data
[1.113s] running install_egg_info
[1.115s] removing '/home/takuto/scout_ws/install/cmd_vel_joy/lib/python3.10/site-packages/cmd_vel_joy-0.0.0-py3.10.egg-info' (and everything under it)
[1.116s] Copying ../../build/cmd_vel_joy/cmd_vel_joy.egg-info to /home/takuto/scout_ws/install/cmd_vel_joy/lib/python3.10/site-packages/cmd_vel_joy-0.0.0-py3.10.egg-info
[1.117s] running install_scripts
[1.144s] Installing joy_cmd script to /home/takuto/scout_ws/install/cmd_vel_joy/lib/cmd_vel_joy
[1.145s] writing list of installed files to '/home/takuto/scout_ws/build/cmd_vel_joy/install.log'
[1.176s] Invoked command in '/home/takuto/scout_ws/src/cmd_vel_joy' returned '0': PYTHONPATH=/home/takuto/scout_ws/build/cmd_vel_joy/prefix_override:/usr/lib/python3/dist-packages/colcon_core/task/python/colcon_distutils_commands:/home/takuto/scout_ws/install/cmd_vel_joy/lib/python3.10/site-packages:${PYTHONPATH} /usr/bin/python3 -W ignore:setup.py install is deprecated -W ignore:easy_install command is deprecated setup.py egg_info --egg-base ../../build/cmd_vel_joy build --build-base /home/takuto/scout_ws/build/cmd_vel_joy/build install --record /home/takuto/scout_ws/build/cmd_vel_joy/install.log --single-version-externally-managed install_data
