[0.777s] Invoking command in '/home/takuto/scout_ws/build/scout_gazebo': CMAKE_PREFIX_PATH=/home/takuto/scout_ws/install/scout_gazebo:/home/takuto/scout_ws/install/scout_mini_ROS2:/home/takuto/scout_ws/install/hesai_ros_driver:/home/takuto/scout_ws/install/hesai_description:/home/takuto/mecanumrover_ws/install/vs_rover_options_description:/home/takuto/mecanumrover_ws/install/mecanumrover_gazebo:/home/takuto/mecanumrover_ws/install/mecanumrover3:/home/takuto/mecanumrover_ws/install/mecanumrover_description:/home/takuto/mecanumrover_ws/install/mecanumrover3_bringup:/home/takuto/uros_ws/install/micro_ros_setup:/home/takuto/uros_ws/install/micro_ros_agent:/home/takuto/uros_ws/install/micro_ros_msgs:/home/takuto/scout_ws/src/install/scout_gazebo:/home/takuto/scout_ws/src/install/hesai_ros_driver:/home/takuto/turtlebot3_ws/install/turtlebot3:/home/takuto/turtlebot3_ws/install/turtlebot3_simulations:/home/takuto/turtlebot3_ws/install/turtlebot3_bringup:/home/takuto/turtlebot3_ws/install/turtlebot3_node:/home/takuto/turtlebot3_ws/install/turtlebot3_navigation2:/home/takuto/turtlebot3_ws/install/turtlebot3_gazebo:/home/takuto/turtlebot3_ws/install/turtlebot3_fake_node:/home/takuto/turtlebot3_ws/install/turtlebot3_description:/home/takuto/turtlebot3_ws/install/turtlebot3_cartographer:/home/takuto/scout_ws/install/cost_cul:/home/takuto/scout_ws/install/cmd_vel_joy:/home/takuto/scout_ws/src/install/cmd_vel_joy:/home/takuto/turtlebot3_ws/install/turtlebot3_teleop:/home/takuto/turtlebot3_ws/install/turtlebot3_example:/home/takuto/turtlebot3_ws/install/cmd_vel_joy:/opt/ros/humble:/home/takuto/turtlebot3_ws/install/realsense_gazebo_plugin:/home/takuto/turtlebot3_ws/install/realsense2_description:/home/takuto/turtlebot3_ws/install/realsense2_camera:/home/takuto/turtlebot3_ws/install/realsense2_camera_msgs:/home/takuto/turtlebot3_ws/install/dynamixel_sdk_examples:/home/takuto/turtlebot3_ws/install/dynamixel_sdk_custom_interfaces:/home/takuto/turtlebot3_ws/install/dynamixel_sdk /usr/bin/cmake --build /home/takuto/scout_ws/build/scout_gazebo -- -j16 -l16
[0.867s] Invoked command in '/home/takuto/scout_ws/build/scout_gazebo' returned '0': CMAKE_PREFIX_PATH=/home/takuto/scout_ws/install/scout_gazebo:/home/takuto/scout_ws/install/scout_mini_ROS2:/home/takuto/scout_ws/install/hesai_ros_driver:/home/takuto/scout_ws/install/hesai_description:/home/takuto/mecanumrover_ws/install/vs_rover_options_description:/home/takuto/mecanumrover_ws/install/mecanumrover_gazebo:/home/takuto/mecanumrover_ws/install/mecanumrover3:/home/takuto/mecanumrover_ws/install/mecanumrover_description:/home/takuto/mecanumrover_ws/install/mecanumrover3_bringup:/home/takuto/uros_ws/install/micro_ros_setup:/home/takuto/uros_ws/install/micro_ros_agent:/home/takuto/uros_ws/install/micro_ros_msgs:/home/takuto/scout_ws/src/install/scout_gazebo:/home/takuto/scout_ws/src/install/hesai_ros_driver:/home/takuto/turtlebot3_ws/install/turtlebot3:/home/takuto/turtlebot3_ws/install/turtlebot3_simulations:/home/takuto/turtlebot3_ws/install/turtlebot3_bringup:/home/takuto/turtlebot3_ws/install/turtlebot3_node:/home/takuto/turtlebot3_ws/install/turtlebot3_navigation2:/home/takuto/turtlebot3_ws/install/turtlebot3_gazebo:/home/takuto/turtlebot3_ws/install/turtlebot3_fake_node:/home/takuto/turtlebot3_ws/install/turtlebot3_description:/home/takuto/turtlebot3_ws/install/turtlebot3_cartographer:/home/takuto/scout_ws/install/cost_cul:/home/takuto/scout_ws/install/cmd_vel_joy:/home/takuto/scout_ws/src/install/cmd_vel_joy:/home/takuto/turtlebot3_ws/install/turtlebot3_teleop:/home/takuto/turtlebot3_ws/install/turtlebot3_example:/home/takuto/turtlebot3_ws/install/cmd_vel_joy:/opt/ros/humble:/home/takuto/turtlebot3_ws/install/realsense_gazebo_plugin:/home/takuto/turtlebot3_ws/install/realsense2_description:/home/takuto/turtlebot3_ws/install/realsense2_camera:/home/takuto/turtlebot3_ws/install/realsense2_camera_msgs:/home/takuto/turtlebot3_ws/install/dynamixel_sdk_examples:/home/takuto/turtlebot3_ws/install/dynamixel_sdk_custom_interfaces:/home/takuto/turtlebot3_ws/install/dynamixel_sdk /usr/bin/cmake --build /home/takuto/scout_ws/build/scout_gazebo -- -j16 -l16
[0.870s] Invoking command in '/home/takuto/scout_ws/build/scout_gazebo': CMAKE_PREFIX_PATH=/home/takuto/scout_ws/install/scout_gazebo:/home/takuto/scout_ws/install/scout_mini_ROS2:/home/takuto/scout_ws/install/hesai_ros_driver:/home/takuto/scout_ws/install/hesai_description:/home/takuto/mecanumrover_ws/install/vs_rover_options_description:/home/takuto/mecanumrover_ws/install/mecanumrover_gazebo:/home/takuto/mecanumrover_ws/install/mecanumrover3:/home/takuto/mecanumrover_ws/install/mecanumrover_description:/home/takuto/mecanumrover_ws/install/mecanumrover3_bringup:/home/takuto/uros_ws/install/micro_ros_setup:/home/takuto/uros_ws/install/micro_ros_agent:/home/takuto/uros_ws/install/micro_ros_msgs:/home/takuto/scout_ws/src/install/scout_gazebo:/home/takuto/scout_ws/src/install/hesai_ros_driver:/home/takuto/turtlebot3_ws/install/turtlebot3:/home/takuto/turtlebot3_ws/install/turtlebot3_simulations:/home/takuto/turtlebot3_ws/install/turtlebot3_bringup:/home/takuto/turtlebot3_ws/install/turtlebot3_node:/home/takuto/turtlebot3_ws/install/turtlebot3_navigation2:/home/takuto/turtlebot3_ws/install/turtlebot3_gazebo:/home/takuto/turtlebot3_ws/install/turtlebot3_fake_node:/home/takuto/turtlebot3_ws/install/turtlebot3_description:/home/takuto/turtlebot3_ws/install/turtlebot3_cartographer:/home/takuto/scout_ws/install/cost_cul:/home/takuto/scout_ws/install/cmd_vel_joy:/home/takuto/scout_ws/src/install/cmd_vel_joy:/home/takuto/turtlebot3_ws/install/turtlebot3_teleop:/home/takuto/turtlebot3_ws/install/turtlebot3_example:/home/takuto/turtlebot3_ws/install/cmd_vel_joy:/opt/ros/humble:/home/takuto/turtlebot3_ws/install/realsense_gazebo_plugin:/home/takuto/turtlebot3_ws/install/realsense2_description:/home/takuto/turtlebot3_ws/install/realsense2_camera:/home/takuto/turtlebot3_ws/install/realsense2_camera_msgs:/home/takuto/turtlebot3_ws/install/dynamixel_sdk_examples:/home/takuto/turtlebot3_ws/install/dynamixel_sdk_custom_interfaces:/home/takuto/turtlebot3_ws/install/dynamixel_sdk /usr/bin/cmake --install /home/takuto/scout_ws/build/scout_gazebo
[0.891s] -- Install configuration: ""
[0.891s] -- Up-to-date: /home/takuto/scout_ws/install/scout_gazebo/share/scout_gazebo/meshes
[0.892s] -- Up-to-date: /home/takuto/scout_ws/install/scout_gazebo/share/scout_gazebo/meshes/wheel_type1.dae
[0.893s] -- Up-to-date: /home/takuto/scout_ws/install/scout_gazebo/share/scout_gazebo/meshes/1_Link.STL
[0.893s] -- Up-to-date: /home/takuto/scout_ws/install/scout_gazebo/share/scout_gazebo/meshes/scout_mini_base_link2.dae
[0.894s] -- Up-to-date: /home/takuto/scout_ws/install/scout_gazebo/share/scout_gazebo/meshes/base_link_full.dae
[0.894s] -- Up-to-date: /home/takuto/scout_ws/install/scout_gazebo/share/scout_gazebo/meshes/scout_mini_base_link2.stl
[0.894s] -- Up-to-date: /home/takuto/scout_ws/install/scout_gazebo/share/scout_gazebo/meshes/2_Link.STL
[0.894s] -- Up-to-date: /home/takuto/scout_ws/install/scout_gazebo/share/scout_gazebo/meshes/3_Link.STL
[0.894s] -- Up-to-date: /home/takuto/scout_ws/install/scout_gazebo/share/scout_gazebo/meshes/scout_mini_base_link.STL
[0.895s] -- Up-to-date: /home/takuto/scout_ws/install/scout_gazebo/share/scout_gazebo/meshes/scout_mini_base_link.dae
[0.895s] -- Up-to-date: /home/takuto/scout_ws/install/scout_gazebo/share/scout_gazebo/meshes/wheel_type2.dae
[0.895s] -- Up-to-date: /home/takuto/scout_ws/install/scout_gazebo/share/scout_gazebo/meshes/box_link.STL
[0.895s] -- Up-to-date: /home/takuto/scout_ws/install/scout_gazebo/share/scout_gazebo/meshes/wheel.dae
[0.895s] -- Up-to-date: /home/takuto/scout_ws/install/scout_gazebo/share/scout_gazebo/meshes/4_Link.STL
[0.896s] -- Up-to-date: /home/takuto/scout_ws/install/scout_gazebo/share/scout_gazebo/meshes/base_link.dae
[0.896s] -- Up-to-date: /home/takuto/scout_ws/install/scout_gazebo/share/scout_gazebo/urdf
[0.896s] -- Up-to-date: /home/takuto/scout_ws/install/scout_gazebo/share/scout_gazebo/urdf/scout.urdf
[0.897s] -- Up-to-date: /home/takuto/scout_ws/install/scout_gazebo/share/scout_gazebo/launch
[0.898s] -- Up-to-date: /home/takuto/scout_ws/install/scout_gazebo/share/scout_gazebo/launch/launch.py
[0.898s] -- Up-to-date: /home/takuto/scout_ws/install/scout_gazebo/share/scout_gazebo/launch/launch2.py
[0.898s] -- Up-to-date: /home/takuto/scout_ws/install/scout_gazebo/share/scout_gazebo/worlds
[0.898s] -- Up-to-date: /home/takuto/scout_ws/install/scout_gazebo/share/scout_gazebo/worlds/yosemite.world
[0.899s] -- Up-to-date: /home/takuto/scout_ws/install/scout_gazebo/share/scout_gazebo/worlds/field.world
[0.899s] -- Up-to-date: /home/takuto/scout_ws/install/scout_gazebo/share/scout_gazebo/worlds/inspection.world
[0.899s] -- Up-to-date: /home/takuto/scout_ws/install/scout_gazebo/share/scout_gazebo/worlds/slope.world
[0.899s] -- Up-to-date: /home/takuto/scout_ws/install/scout_gazebo/share/scout_gazebo/rviz
[0.900s] -- Up-to-date: /home/takuto/scout_ws/install/scout_gazebo/share/scout_gazebo/rviz/scout_gazebo.rviz
[0.900s] -- Up-to-date: /home/takuto/scout_ws/install/scout_gazebo/share/ament_index/resource_index/package_run_dependencies/scout_gazebo
[0.900s] -- Up-to-date: /home/takuto/scout_ws/install/scout_gazebo/share/ament_index/resource_index/parent_prefix_path/scout_gazebo
[0.900s] -- Up-to-date: /home/takuto/scout_ws/install/scout_gazebo/share/scout_gazebo/environment/ament_prefix_path.sh
[0.900s] -- Up-to-date: /home/takuto/scout_ws/install/scout_gazebo/share/scout_gazebo/environment/ament_prefix_path.dsv
[0.900s] -- Up-to-date: /home/takuto/scout_ws/install/scout_gazebo/share/scout_gazebo/environment/path.sh
[0.901s] -- Up-to-date: /home/takuto/scout_ws/install/scout_gazebo/share/scout_gazebo/environment/path.dsv
[0.901s] -- Up-to-date: /home/takuto/scout_ws/install/scout_gazebo/share/scout_gazebo/local_setup.bash
[0.901s] -- Up-to-date: /home/takuto/scout_ws/install/scout_gazebo/share/scout_gazebo/local_setup.sh
[0.901s] -- Up-to-date: /home/takuto/scout_ws/install/scout_gazebo/share/scout_gazebo/local_setup.zsh
[0.901s] -- Up-to-date: /home/takuto/scout_ws/install/scout_gazebo/share/scout_gazebo/local_setup.dsv
[0.901s] -- Installing: /home/takuto/scout_ws/install/scout_gazebo/share/scout_gazebo/package.dsv
[0.902s] -- Up-to-date: /home/takuto/scout_ws/install/scout_gazebo/share/ament_index/resource_index/packages/scout_gazebo
[0.902s] -- Up-to-date: /home/takuto/scout_ws/install/scout_gazebo/share/scout_gazebo/cmake/scout_gazeboConfig.cmake
[0.902s] -- Up-to-date: /home/takuto/scout_ws/install/scout_gazebo/share/scout_gazebo/cmake/scout_gazeboConfig-version.cmake
[0.902s] -- Up-to-date: /home/takuto/scout_ws/install/scout_gazebo/share/scout_gazebo/package.xml
[0.937s] Invoked command in '/home/takuto/scout_ws/build/scout_gazebo' returned '0': CMAKE_PREFIX_PATH=/home/takuto/scout_ws/install/scout_gazebo:/home/takuto/scout_ws/install/scout_mini_ROS2:/home/takuto/scout_ws/install/hesai_ros_driver:/home/takuto/scout_ws/install/hesai_description:/home/takuto/mecanumrover_ws/install/vs_rover_options_description:/home/takuto/mecanumrover_ws/install/mecanumrover_gazebo:/home/takuto/mecanumrover_ws/install/mecanumrover3:/home/takuto/mecanumrover_ws/install/mecanumrover_description:/home/takuto/mecanumrover_ws/install/mecanumrover3_bringup:/home/takuto/uros_ws/install/micro_ros_setup:/home/takuto/uros_ws/install/micro_ros_agent:/home/takuto/uros_ws/install/micro_ros_msgs:/home/takuto/scout_ws/src/install/scout_gazebo:/home/takuto/scout_ws/src/install/hesai_ros_driver:/home/takuto/turtlebot3_ws/install/turtlebot3:/home/takuto/turtlebot3_ws/install/turtlebot3_simulations:/home/takuto/turtlebot3_ws/install/turtlebot3_bringup:/home/takuto/turtlebot3_ws/install/turtlebot3_node:/home/takuto/turtlebot3_ws/install/turtlebot3_navigation2:/home/takuto/turtlebot3_ws/install/turtlebot3_gazebo:/home/takuto/turtlebot3_ws/install/turtlebot3_fake_node:/home/takuto/turtlebot3_ws/install/turtlebot3_description:/home/takuto/turtlebot3_ws/install/turtlebot3_cartographer:/home/takuto/scout_ws/install/cost_cul:/home/takuto/scout_ws/install/cmd_vel_joy:/home/takuto/scout_ws/src/install/cmd_vel_joy:/home/takuto/turtlebot3_ws/install/turtlebot3_teleop:/home/takuto/turtlebot3_ws/install/turtlebot3_example:/home/takuto/turtlebot3_ws/install/cmd_vel_joy:/opt/ros/humble:/home/takuto/turtlebot3_ws/install/realsense_gazebo_plugin:/home/takuto/turtlebot3_ws/install/realsense2_description:/home/takuto/turtlebot3_ws/install/realsense2_camera:/home/takuto/turtlebot3_ws/install/realsense2_camera_msgs:/home/takuto/turtlebot3_ws/install/dynamixel_sdk_examples:/home/takuto/turtlebot3_ws/install/dynamixel_sdk_custom_interfaces:/home/takuto/turtlebot3_ws/install/dynamixel_sdk /usr/bin/cmake --install /home/takuto/scout_ws/build/scout_gazebo
