[3.211s] Invoking command in '/home/takuto/scout_ws/src/cmd_vel_joy': PYTHONPATH=/home/takuto/scout_ws/build/cmd_vel_joy/prefix_override:/usr/lib/python3/dist-packages/colcon_core/task/python/colcon_distutils_commands:/home/takuto/scout_ws/install/cmd_vel_joy/lib/python3.10/site-packages:${PYTHONPATH} /usr/bin/python3 -W ignore:setup.py install is deprecated -W ignore:easy_install command is deprecated setup.py egg_info --egg-base ../../build/cmd_vel_joy build --build-base /home/takuto/scout_ws/build/cmd_vel_joy/build install --record /home/takuto/scout_ws/build/cmd_vel_joy/install.log --single-version-externally-managed install_data
[3.751s] running egg_info
[3.752s] writing ../../build/cmd_vel_joy/cmd_vel_joy.egg-info/PKG-INFO
[3.753s] writing dependency_links to ../../build/cmd_vel_joy/cmd_vel_joy.egg-info/dependency_links.txt
[3.753s] writing entry points to ../../build/cmd_vel_joy/cmd_vel_joy.egg-info/entry_points.txt
[3.754s] writing requirements to ../../build/cmd_vel_joy/cmd_vel_joy.egg-info/requires.txt
[3.754s] writing top-level names to ../../build/cmd_vel_joy/cmd_vel_joy.egg-info/top_level.txt
[3.759s] reading manifest file '../../build/cmd_vel_joy/cmd_vel_joy.egg-info/SOURCES.txt'
[3.761s] writing manifest file '../../build/cmd_vel_joy/cmd_vel_joy.egg-info/SOURCES.txt'
[3.762s] running build
[3.762s] running build_py
[3.763s] running install
[3.763s] running install_lib
[3.766s] running install_data
[3.766s] running install_egg_info
[3.770s] removing '/home/takuto/scout_ws/install/cmd_vel_joy/lib/python3.10/site-packages/cmd_vel_joy-0.0.0-py3.10.egg-info' (and everything under it)
[3.771s] Copying ../../build/cmd_vel_joy/cmd_vel_joy.egg-info to /home/takuto/scout_ws/install/cmd_vel_joy/lib/python3.10/site-packages/cmd_vel_joy-0.0.0-py3.10.egg-info
[3.773s] running install_scripts
[3.816s] Installing joy_cmd script to /home/takuto/scout_ws/install/cmd_vel_joy/lib/cmd_vel_joy
[3.817s] writing list of installed files to '/home/takuto/scout_ws/build/cmd_vel_joy/install.log'
[3.899s] Invoked command in '/home/takuto/scout_ws/src/cmd_vel_joy' returned '0': PYTHONPATH=/home/takuto/scout_ws/build/cmd_vel_joy/prefix_override:/usr/lib/python3/dist-packages/colcon_core/task/python/colcon_distutils_commands:/home/takuto/scout_ws/install/cmd_vel_joy/lib/python3.10/site-packages:${PYTHONPATH} /usr/bin/python3 -W ignore:setup.py install is deprecated -W ignore:easy_install command is deprecated setup.py egg_info --egg-base ../../build/cmd_vel_joy build --build-base /home/takuto/scout_ws/build/cmd_vel_joy/build install --record /home/takuto/scout_ws/build/cmd_vel_joy/install.log --single-version-externally-managed install_data
